#
# There is insufficient memory for the Java Runtime Environment to continue.
# Native memory allocation (malloc) failed to allocate 32744 bytes. Error detail: ChunkPool::allocate
# Possible reasons:
#   The system is out of physical RAM or swap space
#   This process is running with CompressedOops enabled, and the Java Heap may be blocking the growth of the native heap
# Possible solutions:
#   Reduce memory load on the system
#   Increase physical memory or swap space
#   Check if swap backing store is full
#   Decrease Java heap size (-Xmx/-Xms)
#   Decrease number of Java threads
#   Decrease Java thread stack sizes (-Xss)
#   Set larger code cache with -XX:ReservedCodeCacheSize=
#   JVM is running with Zero Based Compressed Oops mode in which the Java heap is
#     placed in the first 32GB address space. The Java Heap base address is the
#     maximum limit for the native heap growth. Please use -XX:HeapBaseMinAddress
#     to set the Java Heap base and to place the Java Heap above 32GB virtual address.
# This output file may be truncated or incomplete.
#
#  Out of Memory Error (arena.cpp:79), pid=1028, tid=11068
#
# JRE version: OpenJDK Runtime Environment Temurin-17.0.19+10 (17.0.19+10) (build 17.0.19+10)
# Java VM: OpenJDK 64-Bit Server VM Temurin-17.0.19+10 (17.0.19+10, mixed mode, sharing, tiered, compressed oops, compressed class ptrs, g1 gc, windows-amd64)
# No core dump will be written. Minidumps are not enabled by default on client versions of Windows
#

---------------  S U M M A R Y ------------

Command Line: java-geometry-service/target/java-geometry-service-0.1.0-SNAPSHOT.jar

Host: Intel(R) Core(TM) i7-8700 CPU @ 3.20GHz, 12 cores, 15G,  Windows 10 , 64 bit Build 19041 (10.0.19041.1202)
Time: Sun Aug  2 21:17:10 2026 Arabic Standard Time elapsed time: 80827.492303 seconds (0d 22h 27m 7s)

---------------  T H R E A D  ---------------

Current thread (0x000002947b102e80):  JavaThread "C2 CompilerThread0" daemon [_thread_in_native, id=11068, stack(0x000000b720b00000,0x000000b720c00000)]


Current CompileTask:
C2:80827492 1755       4       java.lang.AbstractStringBuilder::append (77 bytes)

Stack: [0x000000b720b00000,0x000000b720c00000]
Native frames: (J=compiled Java code, j=interpreted, Vv=VM code, C=native code)
V  [jvm.dll+0x684b29]
V  [jvm.dll+0x83a2d5]
V  [jvm.dll+0x83bd4e]
V  [jvm.dll+0x83c3d3]
V  [jvm.dll+0x24905f]
V  [jvm.dll+0xad73e]
V  [jvm.dll+0xadbdc]
V  [jvm.dll+0xad644]
V  [jvm.dll+0x6aa204]
V  [jvm.dll+0x1a8d73]
V  [jvm.dll+0x6a86f9]
V  [jvm.dll+0x222f28]
V  [jvm.dll+0x2233dd]
V  [jvm.dll+0x21c08b]
V  [jvm.dll+0x2191a2]
V  [jvm.dll+0x1a49f0]
V  [jvm.dll+0x2299fa]
V  [jvm.dll+0x227bab]
V  [jvm.dll+0x7f0a88]
V  [jvm.dll+0x7eaf1c]
V  [jvm.dll+0x6839f7]
C  [ucrtbase.dll+0x21bb2]
C  [KERNEL32.DLL+0x17034]
C  [ntdll.dll+0x52651]


---------------  P R O C E S S  ---------------

Threads class SMR info:
_java_thread_list=0x000002947bf77ca0, length=13, elements={
0x0000029476fa57e0, 0x0000029476fa6660, 0x0000029476fbb860, 0x0000029476fbc420,
0x000002947b100080, 0x000002947b100a40, 0x000002947b102e80, 0x000002947b10df00,
0x000002947b110d20, 0x000002947b23de20, 0x000002947b23ff80, 0x0000029453b16f10,
0x000002947bf770d0
}

Java Threads: ( => current thread )
  0x0000029476fa57e0 JavaThread "Reference Handler" daemon [_thread_blocked, id=13488, stack(0x000000b720500000,0x000000b720600000)]
  0x0000029476fa6660 JavaThread "Finalizer" daemon [_thread_blocked, id=13120, stack(0x000000b720600000,0x000000b720700000)]
  0x0000029476fbb860 JavaThread "Signal Dispatcher" daemon [_thread_blocked, id=12892, stack(0x000000b720700000,0x000000b720800000)]
  0x0000029476fbc420 JavaThread "Attach Listener" daemon [_thread_blocked, id=5244, stack(0x000000b720800000,0x000000b720900000)]
  0x000002947b100080 JavaThread "Service Thread" daemon [_thread_blocked, id=12192, stack(0x000000b720900000,0x000000b720a00000)]
  0x000002947b100a40 JavaThread "Monitor Deflation Thread" daemon [_thread_blocked, id=13964, stack(0x000000b720a00000,0x000000b720b00000)]
=>0x000002947b102e80 JavaThread "C2 CompilerThread0" daemon [_thread_in_native, id=11068, stack(0x000000b720b00000,0x000000b720c00000)]
  0x000002947b10df00 JavaThread "C1 CompilerThread0" daemon [_thread_blocked, id=4056, stack(0x000000b720c00000,0x000000b720d00000)]
  0x000002947b110d20 JavaThread "Sweeper thread" daemon [_thread_blocked, id=11800, stack(0x000000b720d00000,0x000000b720e00000)]
  0x000002947b23de20 JavaThread "Notification Thread" daemon [_thread_blocked, id=3168, stack(0x000000b720e00000,0x000000b720f00000)]
  0x000002947b23ff80 JavaThread "Common-Cleaner" daemon [_thread_blocked, id=13048, stack(0x000000b721000000,0x000000b721100000)]
  0x0000029453b16f10 JavaThread "DestroyJavaVM" [_thread_blocked, id=1108, stack(0x000000b71fe00000,0x000000b71ff00000)]
  0x000002947bf770d0 JavaThread "Logging-Cleaner" [_thread_new, id=5948, stack(0x0000000000000000,0x0000000000000000)]

Other Threads:
  0x0000029476fa1140 VMThread "VM Thread" [stack: 0x000000b720400000,0x000000b720500000] [id=12388]
  0x000002947b23eb20 WatcherThread [stack: 0x000000b720f00000,0x000000b721000000] [id=11848]
  0x0000029453b83500 GCTaskThread "GC Thread#0" [stack: 0x000000b71ff00000,0x000000b720000000] [id=7972]
  0x000002947bd89440 GCTaskThread "GC Thread#1" [stack: 0x000000b721200000,0x000000b721300000] [id=8924]
  0x000002947bd89700 GCTaskThread "GC Thread#2" [stack: 0x000000b721300000,0x000000b721400000] [id=14228]
  0x000002947bd899c0 GCTaskThread "GC Thread#3" [stack: 0x000000b721400000,0x000000b721500000] [id=9492]
  0x000002947bd89c80 GCTaskThread "GC Thread#4" [stack: 0x000000b721500000,0x000000b721600000] [id=6700]
  0x000002947bd89f40 GCTaskThread "GC Thread#5" [stack: 0x000000b721600000,0x000000b721700000] [id=5700]
  0x000002947bda80c0 GCTaskThread "GC Thread#6" [stack: 0x000000b721700000,0x000000b721800000] [id=11344]
  0x000002947bda8380 GCTaskThread "GC Thread#7" [stack: 0x000000b721800000,0x000000b721900000] [id=11404]
  0x000002947bda8a50 GCTaskThread "GC Thread#8" [stack: 0x000000b721900000,0x000000b721a00000] [id=11160]
  0x0000029453b94260 ConcurrentGCThread "G1 Main Marker" [stack: 0x000000b720000000,0x000000b720100000] [id=12168]
  0x0000029453b95420 ConcurrentGCThread "G1 Conc#0" [stack: 0x000000b720100000,0x000000b720200000] [id=10004]
  0x0000029453bde070 ConcurrentGCThread "G1 Refine#0" [stack: 0x000000b720200000,0x000000b720300000] [id=9436]
  0x0000029453bdeaa0 ConcurrentGCThread "G1 Service" [stack: 0x000000b720300000,0x000000b720400000] [id=10932]

Threads with active compile tasks:
C2 CompilerThread0  80827512 1755       4       java.lang.AbstractStringBuilder::append (77 bytes)

VM state: not at safepoint (normal execution)

VM Mutex/Monitor currently owned by a thread: None

Heap address: 0x0000000701e00000, size: 4066 MB, Compressed Oops mode: Zero based, Oop shift amount: 3

CDS archive(s) mapped at: [0x0000029400000000-0x0000029400bb0000-0x0000029400bb0000), size 12255232, SharedBaseAddress: 0x0000029400000000, ArchiveRelocationMode: 1.
Compressed class space mapped at: 0x0000029401000000-0x0000029441000000, reserved size: 1073741824
Narrow klass base: 0x0000029400000000, Narrow klass shift: 0, Narrow klass range: 0x100000000

GC Precious Log:
 CPUs: 12 total, 12 available
 Memory: 16262M
 Large Page Support: Disabled
 NUMA Support: Disabled
 Compressed Oops: Enabled (Zero based)
 Heap Region Size: 2M
 Heap Min Capacity: 8M
 Heap Initial Capacity: 256M
 Heap Max Capacity: 4066M
 Pre-touch: Disabled
 Parallel Workers: 10
 Concurrent Workers: 3
 Concurrent Refinement Workers: 10
 Periodic GC: Disabled

Heap:
 garbage-first heap   total 262144K, used 22016K [0x0000000701e00000, 0x0000000800000000)
  region size 2048K, 10 young (20480K), 2 survivors (4096K)
 Metaspace       used 13668K, committed 13952K, reserved 1114112K
  class space    used 1533K, committed 1664K, reserved 1048576K

Heap Regions: E=young(eden), S=young(survivor), O=old, HS=humongous(starts), HC=humongous(continues), CS=collection set, F=free, OA=open archive, CA=closed archive, TAMS=top-at-mark-start (previous, next)
|   0|0x0000000701e00000, 0x0000000702000000, 0x0000000702000000|100%|HS|  |TAMS 0x0000000701e00000, 0x0000000701e00000| Complete 
|   1|0x0000000702000000, 0x0000000702200000, 0x0000000702200000|100%|HC|  |TAMS 0x0000000702000000, 0x0000000702000000| Complete 
|   2|0x0000000702200000, 0x0000000702200000, 0x0000000702400000|  0%| F|  |TAMS 0x0000000702200000, 0x0000000702200000| Untracked 
|   3|0x0000000702400000, 0x0000000702400000, 0x0000000702600000|  0%| F|  |TAMS 0x0000000702400000, 0x0000000702400000| Untracked 
|   4|0x0000000702600000, 0x0000000702600000, 0x0000000702800000|  0%| F|  |TAMS 0x0000000702600000, 0x0000000702600000| Untracked 
|   5|0x0000000702800000, 0x0000000702800000, 0x0000000702a00000|  0%| F|  |TAMS 0x0000000702800000, 0x0000000702800000| Untracked 
|   6|0x0000000702a00000, 0x0000000702a00000, 0x0000000702c00000|  0%| F|  |TAMS 0x0000000702a00000, 0x0000000702a00000| Untracked 
|   7|0x0000000702c00000, 0x0000000702c00000, 0x0000000702e00000|  0%| F|  |TAMS 0x0000000702c00000, 0x0000000702c00000| Untracked 
|   8|0x0000000702e00000, 0x0000000702e00000, 0x0000000703000000|  0%| F|  |TAMS 0x0000000702e00000, 0x0000000702e00000| Untracked 
|   9|0x0000000703000000, 0x0000000703000000, 0x0000000703200000|  0%| F|  |TAMS 0x0000000703000000, 0x0000000703000000| Untracked 
|  10|0x0000000703200000, 0x0000000703200000, 0x0000000703400000|  0%| F|  |TAMS 0x0000000703200000, 0x0000000703200000| Untracked 
|  11|0x0000000703400000, 0x0000000703400000, 0x0000000703600000|  0%| F|  |TAMS 0x0000000703400000, 0x0000000703400000| Untracked 
|  12|0x0000000703600000, 0x0000000703600000, 0x0000000703800000|  0%| F|  |TAMS 0x0000000703600000, 0x0000000703600000| Untracked 
|  13|0x0000000703800000, 0x0000000703800000, 0x0000000703a00000|  0%| F|  |TAMS 0x0000000703800000, 0x0000000703800000| Untracked 
|  14|0x0000000703a00000, 0x0000000703a00000, 0x0000000703c00000|  0%| F|  |TAMS 0x0000000703a00000, 0x0000000703a00000| Untracked 
|  15|0x0000000703c00000, 0x0000000703c00000, 0x0000000703e00000|  0%| F|  |TAMS 0x0000000703c00000, 0x0000000703c00000| Untracked 
|  16|0x0000000703e00000, 0x0000000703e00000, 0x0000000704000000|  0%| F|  |TAMS 0x0000000703e00000, 0x0000000703e00000| Untracked 
|  17|0x0000000704000000, 0x0000000704000000, 0x0000000704200000|  0%| F|  |TAMS 0x0000000704000000, 0x0000000704000000| Untracked 
|  18|0x0000000704200000, 0x0000000704200000, 0x0000000704400000|  0%| F|  |TAMS 0x0000000704200000, 0x0000000704200000| Untracked 
|  19|0x0000000704400000, 0x0000000704400000, 0x0000000704600000|  0%| F|  |TAMS 0x0000000704400000, 0x0000000704400000| Untracked 
|  20|0x0000000704600000, 0x0000000704600000, 0x0000000704800000|  0%| F|  |TAMS 0x0000000704600000, 0x0000000704600000| Untracked 
|  21|0x0000000704800000, 0x0000000704800000, 0x0000000704a00000|  0%| F|  |TAMS 0x0000000704800000, 0x0000000704800000| Untracked 
|  22|0x0000000704a00000, 0x0000000704a00000, 0x0000000704c00000|  0%| F|  |TAMS 0x0000000704a00000, 0x0000000704a00000| Untracked 
|  23|0x0000000704c00000, 0x0000000704c00000, 0x0000000704e00000|  0%| F|  |TAMS 0x0000000704c00000, 0x0000000704c00000| Untracked 
|  24|0x0000000704e00000, 0x0000000704e00000, 0x0000000705000000|  0%| F|  |TAMS 0x0000000704e00000, 0x0000000704e00000| Untracked 
|  25|0x0000000705000000, 0x0000000705000000, 0x0000000705200000|  0%| F|  |TAMS 0x0000000705000000, 0x0000000705000000| Untracked 
|  26|0x0000000705200000, 0x0000000705200000, 0x0000000705400000|  0%| F|  |TAMS 0x0000000705200000, 0x0000000705200000| Untracked 
|  27|0x0000000705400000, 0x0000000705400000, 0x0000000705600000|  0%| F|  |TAMS 0x0000000705400000, 0x0000000705400000| Untracked 
|  28|0x0000000705600000, 0x0000000705600000, 0x0000000705800000|  0%| F|  |TAMS 0x0000000705600000, 0x0000000705600000| Untracked 
|  29|0x0000000705800000, 0x0000000705800000, 0x0000000705a00000|  0%| F|  |TAMS 0x0000000705800000, 0x0000000705800000| Untracked 
|  30|0x0000000705a00000, 0x0000000705a00000, 0x0000000705c00000|  0%| F|  |TAMS 0x0000000705a00000, 0x0000000705a00000| Untracked 
|  31|0x0000000705c00000, 0x0000000705c00000, 0x0000000705e00000|  0%| F|  |TAMS 0x0000000705c00000, 0x0000000705c00000| Untracked 
|  32|0x0000000705e00000, 0x0000000705e00000, 0x0000000706000000|  0%| F|  |TAMS 0x0000000705e00000, 0x0000000705e00000| Untracked 
|  33|0x0000000706000000, 0x0000000706000000, 0x0000000706200000|  0%| F|  |TAMS 0x0000000706000000, 0x0000000706000000| Untracked 
|  34|0x0000000706200000, 0x0000000706200000, 0x0000000706400000|  0%| F|  |TAMS 0x0000000706200000, 0x0000000706200000| Untracked 
|  35|0x0000000706400000, 0x0000000706400000, 0x0000000706600000|  0%| F|  |TAMS 0x0000000706400000, 0x0000000706400000| Untracked 
|  36|0x0000000706600000, 0x0000000706600000, 0x0000000706800000|  0%| F|  |TAMS 0x0000000706600000, 0x0000000706600000| Untracked 
|  37|0x0000000706800000, 0x0000000706800000, 0x0000000706a00000|  0%| F|  |TAMS 0x0000000706800000, 0x0000000706800000| Untracked 
|  38|0x0000000706a00000, 0x0000000706a00000, 0x0000000706c00000|  0%| F|  |TAMS 0x0000000706a00000, 0x0000000706a00000| Untracked 
|  39|0x0000000706c00000, 0x0000000706c00000, 0x0000000706e00000|  0%| F|  |TAMS 0x0000000706c00000, 0x0000000706c00000| Untracked 
|  40|0x0000000706e00000, 0x0000000706e00000, 0x0000000707000000|  0%| F|  |TAMS 0x0000000706e00000, 0x0000000706e00000| Untracked 
|  41|0x0000000707000000, 0x0000000707000000, 0x0000000707200000|  0%| F|  |TAMS 0x0000000707000000, 0x0000000707000000| Untracked 
|  42|0x0000000707200000, 0x0000000707200000, 0x0000000707400000|  0%| F|  |TAMS 0x0000000707200000, 0x0000000707200000| Untracked 
|  43|0x0000000707400000, 0x0000000707400000, 0x0000000707600000|  0%| F|  |TAMS 0x0000000707400000, 0x0000000707400000| Untracked 
|  44|0x0000000707600000, 0x0000000707600000, 0x0000000707800000|  0%| F|  |TAMS 0x0000000707600000, 0x0000000707600000| Untracked 
|  45|0x0000000707800000, 0x0000000707800000, 0x0000000707a00000|  0%| F|  |TAMS 0x0000000707800000, 0x0000000707800000| Untracked 
|  46|0x0000000707a00000, 0x0000000707a00000, 0x0000000707c00000|  0%| F|  |TAMS 0x0000000707a00000, 0x0000000707a00000| Untracked 
|  47|0x0000000707c00000, 0x0000000707c00000, 0x0000000707e00000|  0%| F|  |TAMS 0x0000000707c00000, 0x0000000707c00000| Untracked 
|  48|0x0000000707e00000, 0x0000000707e00000, 0x0000000708000000|  0%| F|  |TAMS 0x0000000707e00000, 0x0000000707e00000| Untracked 
|  49|0x0000000708000000, 0x0000000708000000, 0x0000000708200000|  0%| F|  |TAMS 0x0000000708000000, 0x0000000708000000| Untracked 
|  50|0x0000000708200000, 0x0000000708200000, 0x0000000708400000|  0%| F|  |TAMS 0x0000000708200000, 0x0000000708200000| Untracked 
|  51|0x0000000708400000, 0x0000000708400000, 0x0000000708600000|  0%| F|  |TAMS 0x0000000708400000, 0x0000000708400000| Untracked 
|  52|0x0000000708600000, 0x0000000708600000, 0x0000000708800000|  0%| F|  |TAMS 0x0000000708600000, 0x0000000708600000| Untracked 
|  53|0x0000000708800000, 0x0000000708800000, 0x0000000708a00000|  0%| F|  |TAMS 0x0000000708800000, 0x0000000708800000| Untracked 
|  54|0x0000000708a00000, 0x0000000708a00000, 0x0000000708c00000|  0%| F|  |TAMS 0x0000000708a00000, 0x0000000708a00000| Untracked 
|  55|0x0000000708c00000, 0x0000000708c00000, 0x0000000708e00000|  0%| F|  |TAMS 0x0000000708c00000, 0x0000000708c00000| Untracked 
|  56|0x0000000708e00000, 0x0000000708e00000, 0x0000000709000000|  0%| F|  |TAMS 0x0000000708e00000, 0x0000000708e00000| Untracked 
|  57|0x0000000709000000, 0x0000000709000000, 0x0000000709200000|  0%| F|  |TAMS 0x0000000709000000, 0x0000000709000000| Untracked 
|  58|0x0000000709200000, 0x0000000709200000, 0x0000000709400000|  0%| F|  |TAMS 0x0000000709200000, 0x0000000709200000| Untracked 
|  59|0x0000000709400000, 0x0000000709400000, 0x0000000709600000|  0%| F|  |TAMS 0x0000000709400000, 0x0000000709400000| Untracked 
|  60|0x0000000709600000, 0x0000000709600000, 0x0000000709800000|  0%| F|  |TAMS 0x0000000709600000, 0x0000000709600000| Untracked 
|  61|0x0000000709800000, 0x0000000709800000, 0x0000000709a00000|  0%| F|  |TAMS 0x0000000709800000, 0x0000000709800000| Untracked 
|  62|0x0000000709a00000, 0x0000000709a00000, 0x0000000709c00000|  0%| F|  |TAMS 0x0000000709a00000, 0x0000000709a00000| Untracked 
|  63|0x0000000709c00000, 0x0000000709c00000, 0x0000000709e00000|  0%| F|  |TAMS 0x0000000709c00000, 0x0000000709c00000| Untracked 
|  64|0x0000000709e00000, 0x0000000709e00000, 0x000000070a000000|  0%| F|  |TAMS 0x0000000709e00000, 0x0000000709e00000| Untracked 
|  65|0x000000070a000000, 0x000000070a000000, 0x000000070a200000|  0%| F|  |TAMS 0x000000070a000000, 0x000000070a000000| Untracked 
|  66|0x000000070a200000, 0x000000070a200000, 0x000000070a400000|  0%| F|  |TAMS 0x000000070a200000, 0x000000070a200000| Untracked 
|  67|0x000000070a400000, 0x000000070a400000, 0x000000070a600000|  0%| F|  |TAMS 0x000000070a400000, 0x000000070a400000| Untracked 
|  68|0x000000070a600000, 0x000000070a600000, 0x000000070a800000|  0%| F|  |TAMS 0x000000070a600000, 0x000000070a600000| Untracked 
|  69|0x000000070a800000, 0x000000070a800000, 0x000000070aa00000|  0%| F|  |TAMS 0x000000070a800000, 0x000000070a800000| Untracked 
|  70|0x000000070aa00000, 0x000000070aa00000, 0x000000070ac00000|  0%| F|  |TAMS 0x000000070aa00000, 0x000000070aa00000| Untracked 
|  71|0x000000070ac00000, 0x000000070ac00000, 0x000000070ae00000|  0%| F|  |TAMS 0x000000070ac00000, 0x000000070ac00000| Untracked 
|  72|0x000000070ae00000, 0x000000070ae00000, 0x000000070b000000|  0%| F|  |TAMS 0x000000070ae00000, 0x000000070ae00000| Untracked 
|  73|0x000000070b000000, 0x000000070b000000, 0x000000070b200000|  0%| F|  |TAMS 0x000000070b000000, 0x000000070b000000| Untracked 
|  74|0x000000070b200000, 0x000000070b200000, 0x000000070b400000|  0%| F|  |TAMS 0x000000070b200000, 0x000000070b200000| Untracked 
|  75|0x000000070b400000, 0x000000070b400000, 0x000000070b600000|  0%| F|  |TAMS 0x000000070b400000, 0x000000070b400000| Untracked 
|  76|0x000000070b600000, 0x000000070b600000, 0x000000070b800000|  0%| F|  |TAMS 0x000000070b600000, 0x000000070b600000| Untracked 
|  77|0x000000070b800000, 0x000000070b800000, 0x000000070ba00000|  0%| F|  |TAMS 0x000000070b800000, 0x000000070b800000| Untracked 
|  78|0x000000070ba00000, 0x000000070ba00000, 0x000000070bc00000|  0%| F|  |TAMS 0x000000070ba00000, 0x000000070ba00000| Untracked 
|  79|0x000000070bc00000, 0x000000070bc00000, 0x000000070be00000|  0%| F|  |TAMS 0x000000070bc00000, 0x000000070bc00000| Untracked 
|  80|0x000000070be00000, 0x000000070be00000, 0x000000070c000000|  0%| F|  |TAMS 0x000000070be00000, 0x000000070be00000| Untracked 
|  81|0x000000070c000000, 0x000000070c000000, 0x000000070c200000|  0%| F|  |TAMS 0x000000070c000000, 0x000000070c000000| Untracked 
|  82|0x000000070c200000, 0x000000070c200000, 0x000000070c400000|  0%| F|  |TAMS 0x000000070c200000, 0x000000070c200000| Untracked 
|  83|0x000000070c400000, 0x000000070c400000, 0x000000070c600000|  0%| F|  |TAMS 0x000000070c400000, 0x000000070c400000| Untracked 
|  84|0x000000070c600000, 0x000000070c600000, 0x000000070c800000|  0%| F|  |TAMS 0x000000070c600000, 0x000000070c600000| Untracked 
|  85|0x000000070c800000, 0x000000070c800000, 0x000000070ca00000|  0%| F|  |TAMS 0x000000070c800000, 0x000000070c800000| Untracked 
|  86|0x000000070ca00000, 0x000000070ca00000, 0x000000070cc00000|  0%| F|  |TAMS 0x000000070ca00000, 0x000000070ca00000| Untracked 
|  87|0x000000070cc00000, 0x000000070cc00000, 0x000000070ce00000|  0%| F|  |TAMS 0x000000070cc00000, 0x000000070cc00000| Untracked 
|  88|0x000000070ce00000, 0x000000070ce00000, 0x000000070d000000|  0%| F|  |TAMS 0x000000070ce00000, 0x000000070ce00000| Untracked 
|  89|0x000000070d000000, 0x000000070d000000, 0x000000070d200000|  0%| F|  |TAMS 0x000000070d000000, 0x000000070d000000| Untracked 
|  90|0x000000070d200000, 0x000000070d200000, 0x000000070d400000|  0%| F|  |TAMS 0x000000070d200000, 0x000000070d200000| Untracked 
|  91|0x000000070d400000, 0x000000070d400000, 0x000000070d600000|  0%| F|  |TAMS 0x000000070d400000, 0x000000070d400000| Untracked 
|  92|0x000000070d600000, 0x000000070d600000, 0x000000070d800000|  0%| F|  |TAMS 0x000000070d600000, 0x000000070d600000| Untracked 
|  93|0x000000070d800000, 0x000000070d800000, 0x000000070da00000|  0%| F|  |TAMS 0x000000070d800000, 0x000000070d800000| Untracked 
|  94|0x000000070da00000, 0x000000070da00000, 0x000000070dc00000|  0%| F|  |TAMS 0x000000070da00000, 0x000000070da00000| Untracked 
|  95|0x000000070dc00000, 0x000000070dc00000, 0x000000070de00000|  0%| F|  |TAMS 0x000000070dc00000, 0x000000070dc00000| Untracked 
|  96|0x000000070de00000, 0x000000070de00000, 0x000000070e000000|  0%| F|  |TAMS 0x000000070de00000, 0x000000070de00000| Untracked 
|  97|0x000000070e000000, 0x000000070e000000, 0x000000070e200000|  0%| F|  |TAMS 0x000000070e000000, 0x000000070e000000| Untracked 
|  98|0x000000070e200000, 0x000000070e200000, 0x000000070e400000|  0%| F|  |TAMS 0x000000070e200000, 0x000000070e200000| Untracked 
|  99|0x000000070e400000, 0x000000070e400000, 0x000000070e600000|  0%| F|  |TAMS 0x000000070e400000, 0x000000070e400000| Untracked 
| 100|0x000000070e600000, 0x000000070e600000, 0x000000070e800000|  0%| F|  |TAMS 0x000000070e600000, 0x000000070e600000| Untracked 
| 101|0x000000070e800000, 0x000000070e800000, 0x000000070ea00000|  0%| F|  |TAMS 0x000000070e800000, 0x000000070e800000| Untracked 
| 102|0x000000070ea00000, 0x000000070ea00000, 0x000000070ec00000|  0%| F|  |TAMS 0x000000070ea00000, 0x000000070ea00000| Untracked 
| 103|0x000000070ec00000, 0x000000070ec00000, 0x000000070ee00000|  0%| F|  |TAMS 0x000000070ec00000, 0x000000070ec00000| Untracked 
| 104|0x000000070ee00000, 0x000000070ee00000, 0x000000070f000000|  0%| F|  |TAMS 0x000000070ee00000, 0x000000070ee00000| Untracked 
| 105|0x000000070f000000, 0x000000070f000000, 0x000000070f200000|  0%| F|  |TAMS 0x000000070f000000, 0x000000070f000000| Untracked 
| 106|0x000000070f200000, 0x000000070f200000, 0x000000070f400000|  0%| F|  |TAMS 0x000000070f200000, 0x000000070f200000| Untracked 
| 107|0x000000070f400000, 0x000000070f400000, 0x000000070f600000|  0%| F|  |TAMS 0x000000070f400000, 0x000000070f400000| Untracked 
| 108|0x000000070f600000, 0x000000070f600000, 0x000000070f800000|  0%| F|  |TAMS 0x000000070f600000, 0x000000070f600000| Untracked 
| 109|0x000000070f800000, 0x000000070f800000, 0x000000070fa00000|  0%| F|  |TAMS 0x000000070f800000, 0x000000070f800000| Untracked 
| 110|0x000000070fa00000, 0x000000070fa00000, 0x000000070fc00000|  0%| F|  |TAMS 0x000000070fa00000, 0x000000070fa00000| Untracked 
| 111|0x000000070fc00000, 0x000000070fc00000, 0x000000070fe00000|  0%| F|  |TAMS 0x000000070fc00000, 0x000000070fc00000| Untracked 
| 112|0x000000070fe00000, 0x000000070fe00000, 0x0000000710000000|  0%| F|  |TAMS 0x000000070fe00000, 0x000000070fe00000| Untracked 
| 113|0x0000000710000000, 0x0000000710000000, 0x0000000710200000|  0%| F|  |TAMS 0x0000000710000000, 0x0000000710000000| Untracked 
| 114|0x0000000710200000, 0x0000000710200000, 0x0000000710400000|  0%| F|  |TAMS 0x0000000710200000, 0x0000000710200000| Untracked 
| 115|0x0000000710400000, 0x00000007105802c0, 0x0000000710600000| 75%| S|CS|TAMS 0x0000000710400000, 0x0000000710400000| Complete 
| 116|0x0000000710600000, 0x0000000710800000, 0x0000000710800000|100%| S|CS|TAMS 0x0000000710600000, 0x0000000710600000| Complete 
| 117|0x0000000710800000, 0x0000000710800000, 0x0000000710a00000|  0%| F|  |TAMS 0x0000000710800000, 0x0000000710800000| Untracked 
| 118|0x0000000710a00000, 0x0000000710a00000, 0x0000000710c00000|  0%| F|  |TAMS 0x0000000710a00000, 0x0000000710a00000| Untracked 
| 119|0x0000000710c00000, 0x0000000710c00000, 0x0000000710e00000|  0%| F|  |TAMS 0x0000000710c00000, 0x0000000710c00000| Untracked 
| 120|0x0000000710e00000, 0x0000000710fc6040, 0x0000000711000000| 88%| E|  |TAMS 0x0000000710e00000, 0x0000000710e00000| Complete 
| 121|0x0000000711000000, 0x0000000711200000, 0x0000000711200000|100%| E|CS|TAMS 0x0000000711000000, 0x0000000711000000| Complete 
| 122|0x0000000711200000, 0x0000000711400000, 0x0000000711400000|100%| E|CS|TAMS 0x0000000711200000, 0x0000000711200000| Complete 
| 123|0x0000000711400000, 0x0000000711600000, 0x0000000711600000|100%| E|CS|TAMS 0x0000000711400000, 0x0000000711400000| Complete 
| 124|0x0000000711600000, 0x0000000711800000, 0x0000000711800000|100%| E|CS|TAMS 0x0000000711600000, 0x0000000711600000| Complete 
| 125|0x0000000711800000, 0x0000000711a00000, 0x0000000711a00000|100%| E|CS|TAMS 0x0000000711800000, 0x0000000711800000| Complete 
| 126|0x0000000711a00000, 0x0000000711c00000, 0x0000000711c00000|100%| E|CS|TAMS 0x0000000711a00000, 0x0000000711a00000| Complete 
| 127|0x0000000711c00000, 0x0000000711e00000, 0x0000000711e00000|100%| E|CS|TAMS 0x0000000711c00000, 0x0000000711c00000| Complete 

Card table byte_map: [0x000002946b400000,0x000002946bc00000] _byte_map_base: 0x0000029467bf1000

Marking Bits (Prev, Next): (CMBitMap*) 0x0000029453b83b20, (CMBitMap*) 0x0000029453b83b60
 Prev Bits: [0x000002946c400000, 0x0000029470388000)
 Next Bits: [0x0000029470390000, 0x0000029474318000)

Polling page: 0x0000029451a70000

Metaspace:

Usage:
  Non-class:     11.85 MB used.
      Class:      1.50 MB used.
       Both:     13.35 MB used.

Virtual space:
  Non-class space:       64.00 MB reserved,      12.00 MB ( 19%) committed,  1 nodes.
      Class space:        1.00 GB reserved,       1.62 MB ( <1%) committed,  1 nodes.
             Both:        1.06 GB reserved,      13.62 MB (  1%) committed. 

Chunk freelists:
   Non-Class:  3.59 MB
       Class:  14.42 MB
        Both:  18.01 MB

MaxMetaspaceSize: unlimited
CompressedClassSpaceSize: 1.00 GB
Initial GC threshold: 21.00 MB
Current GC threshold: 21.00 MB
CDS: on
MetaspaceReclaimPolicy: balanced
 - commit_granule_bytes: 65536.
 - commit_granule_words: 8192.
 - virtual_space_node_default_size: 8388608.
 - enlarge_chunks_in_place: 1.
 - new_chunks_are_fully_committed: 0.
 - uncommit_free_chunks: 1.
 - use_allocation_guard: 0.
 - handle_deallocations: 1.


Internal statistics:

num_allocs_failed_limit: 0.
num_arena_births: 254.
num_arena_deaths: 0.
num_vsnodes_births: 2.
num_vsnodes_deaths: 0.
num_space_committed: 218.
num_space_uncommitted: 0.
num_chunks_returned_to_freelist: 0.
num_chunks_taken_from_freelist: 637.
num_chunk_merges: 0.
num_chunk_splits: 450.
num_chunks_enlarged: 319.
num_inconsistent_stats: 0.

CodeHeap 'non-profiled nmethods': size=120000Kb used=686Kb max_used=686Kb free=119313Kb
 bounds [0x0000029463180000, 0x00000294633f0000, 0x000002946a6b0000]
CodeHeap 'profiled nmethods': size=120000Kb used=3179Kb max_used=3179Kb free=116820Kb
 bounds [0x000002945b6b0000, 0x000002945b9d0000, 0x0000029462be0000]
CodeHeap 'non-nmethods': size=5760Kb used=1422Kb max_used=1479Kb free=4337Kb
 bounds [0x0000029462be0000, 0x0000029462e50000, 0x0000029463180000]
 total_blobs=2555 nmethods=1758 adapters=710
 compilation: enabled
              stopped_count=0, restarted_count=0
 full_count=0

Compilation events (20 events):
Event: 80817.836 Thread 0x000002947b10df00 nmethod 1746 0x000002945b9c5e90 code [0x000002945b9c6080, 0x000002945b9c64b8]
Event: 80817.836 Thread 0x000002947b10df00 1747       3       java.lang.String::indexOfNonWhitespace (25 bytes)
Event: 80817.836 Thread 0x000002947b10df00 nmethod 1747 0x000002945b9c6610 code [0x000002945b9c67e0, 0x000002945b9c6a78]
Event: 80817.836 Thread 0x000002947b10df00 1748       3       java.lang.StringLatin1::indexOfNonWhitespace (49 bytes)
Event: 80817.836 Thread 0x000002947b10df00 nmethod 1748 0x000002945b9c6b90 code [0x000002945b9c6d60, 0x000002945b9c7178]
Event: 80817.841 Thread 0x000002947b10df00 1749       3       sun.nio.fs.WindowsPathParser$Result::<init> (20 bytes)
Event: 80817.841 Thread 0x000002947b10df00 nmethod 1749 0x000002945b9c7310 code [0x000002945b9c74c0, 0x000002945b9c7758]
Event: 80817.848 Thread 0x000002947b102e80 nmethod 1745 0x0000029463229390 code [0x0000029463229580, 0x0000029463229fd8]
Event: 80817.849 Thread 0x000002947b102e80 1750       4       java.util.ArrayList$Itr::next (66 bytes)
Event: 80817.850 Thread 0x000002947b102e80 nmethod 1750 0x000002946322ab90 code [0x000002946322ad20, 0x000002946322ae78]
Event: 80827.487 Thread 0x000002947b10df00 1751       3       org.apache.logging.log4j.util.PropertySource$Comparator::compare (13 bytes)
Event: 80827.488 Thread 0x000002947b10df00 nmethod 1751 0x000002945b9c7810 code [0x000002945b9c7a60, 0x000002945b9c85b8]
Event: 80827.488 Thread 0x000002947b10df00 1753       3       java.util.stream.Sink$ChainedReference::cancellationRequested (10 bytes)
Event: 80827.488 Thread 0x000002947b10df00 nmethod 1753 0x000002945b9c8890 code [0x000002945b9c8a40, 0x000002945b9c8c28]
Event: 80827.488 Thread 0x000002947b10df00 1752       3       org.apache.logging.log4j.util.PropertySource$Comparator::compare (28 bytes)
Event: 80827.488 Thread 0x000002947b10df00 nmethod 1752 0x000002945b9c8d10 code [0x000002945b9c8f40, 0x000002945b9c97f8]
Event: 80827.488 Thread 0x000002947b10df00 1754       3       jdk.internal.org.objectweb.asm.ByteVector::putShort (52 bytes)
Event: 80827.488 Thread 0x000002947b10df00 nmethod 1754 0x000002945b9c9a90 code [0x000002945b9c9c40, 0x000002945b9c9e48]
Event: 80827.488 Thread 0x000002947b102e80 1755       4       java.lang.AbstractStringBuilder::append (77 bytes)
Event: 80827.490 Thread 0x000002947b10df00 1756       3       java.lang.Class::newReflectionData (66 bytes)

GC Heap History (2 events):
Event: 0.817 GC heap before
{Heap before GC invocations=0 (full 0):
 garbage-first heap   total 262144K, used 20480K [0x0000000701e00000, 0x0000000800000000)
  region size 2048K, 11 young (22528K), 0 survivors (0K)
 Metaspace       used 9306K, committed 9472K, reserved 1114112K
  class space    used 1031K, committed 1152K, reserved 1048576K
}
Event: 0.819 GC heap after
{Heap after GC invocations=1 (full 0):
 garbage-first heap   total 262144K, used 3584K [0x0000000701e00000, 0x0000000800000000)
  region size 2048K, 2 young (4096K), 2 survivors (4096K)
 Metaspace       used 9306K, committed 9472K, reserved 1114112K
  class space    used 1031K, committed 1152K, reserved 1048576K
}

Dll operation events (9 events):
Event: 0.003 Loaded shared library C:\Tools\jdk-17\bin\java.dll
Event: 0.014 Loaded shared library C:\Tools\jdk-17\bin\jsvml.dll
Event: 0.032 Loaded shared library C:\Tools\jdk-17\bin\net.dll
Event: 0.033 Loaded shared library C:\Tools\jdk-17\bin\nio.dll
Event: 0.038 Loaded shared library C:\Tools\jdk-17\bin\zip.dll
Event: 0.055 Loaded shared library C:\Tools\jdk-17\bin\jimage.dll
Event: 0.526 Loaded shared library C:\Users\Administrator\AppData\Local\Temp\opencv_openpnp11773802125164755448\nu\pattern\opencv\windows\x86_64\opencv_java490.dll
Event: 0.650 Loaded shared library C:\Tools\jdk-17\bin\management.dll
Event: 0.651 Loaded shared library C:\Tools\jdk-17\bin\management_ext.dll

Deoptimization events (20 events):
Event: 79851.984 Thread 0x0000029453b16f10 Uncommon trap: trap_request=0xffffffde fr.pc=0x00000294631ee48c relative=0x000000000000080c
Event: 79851.984 Thread 0x0000029453b16f10 Uncommon trap: reason=class_check action=maybe_recompile pc=0x00000294631ee48c method=java.util.HashMap.putVal(ILjava/lang/Object;Ljava/lang/Object;ZZ)Ljava/lang/Object; @ 91 c2
Event: 79851.984 Thread 0x0000029453b16f10 DEOPT PACKING pc=0x00000294631ee48c sp=0x000000b71fefe670
Event: 79851.984 Thread 0x0000029453b16f10 DEOPT UNPACKING pc=0x0000029462c369a3 sp=0x000000b71fefe598 mode 2
Event: 80000.620 Thread 0x0000029453b16f10 Uncommon trap: trap_request=0xffffff45 fr.pc=0x000002946320fd28 relative=0x0000000000006e48
Event: 80000.620 Thread 0x0000029453b16f10 Uncommon trap: reason=unstable_if action=reinterpret pc=0x000002946320fd28 method=jdk.internal.org.objectweb.asm.Frame.execute(IILjdk/internal/org/objectweb/asm/Symbol;Ljdk/internal/org/objectweb/asm/SymbolTable;)V @ 1 c2
Event: 80000.620 Thread 0x0000029453b16f10 DEOPT PACKING pc=0x000002946320fd28 sp=0x000000b71fefd690
Event: 80000.620 Thread 0x0000029453b16f10 DEOPT UNPACKING pc=0x0000029462c369a3 sp=0x000000b71fefd670 mode 2
Event: 80000.624 Thread 0x0000029453b16f10 Uncommon trap: trap_request=0xffffff45 fr.pc=0x000002946321b1f0 relative=0x0000000000000250
Event: 80000.624 Thread 0x0000029453b16f10 Uncommon trap: reason=unstable_if action=reinterpret pc=0x000002946321b1f0 method=jdk.internal.org.objectweb.asm.Frame.push(I)V @ 26 c2
Event: 80000.624 Thread 0x0000029453b16f10 DEOPT PACKING pc=0x000002946321b1f0 sp=0x000000b71fefd500
Event: 80000.624 Thread 0x0000029453b16f10 DEOPT UNPACKING pc=0x0000029462c369a3 sp=0x000000b71fefd4b8 mode 2
Event: 80000.638 Thread 0x0000029453b16f10 Uncommon trap: trap_request=0xffffff45 fr.pc=0x00000294631eed90 relative=0x00000000000000f0
Event: 80000.638 Thread 0x0000029453b16f10 Uncommon trap: reason=unstable_if action=reinterpret pc=0x00000294631eed90 method=jdk.internal.org.objectweb.asm.ByteVector.putShort(I)Ljdk/internal/org/objectweb/asm/ByteVector; @ 13 c2
Event: 80000.638 Thread 0x0000029453b16f10 DEOPT PACKING pc=0x00000294631eed90 sp=0x000000b71fefd160
Event: 80000.638 Thread 0x0000029453b16f10 DEOPT UNPACKING pc=0x0000029462c369a3 sp=0x000000b71fefd0e8 mode 2
Event: 80827.487 Thread 0x000002947be65920 Uncommon trap: trap_request=0xffffff45 fr.pc=0x0000029463198d70 relative=0x0000000000000130
Event: 80827.487 Thread 0x000002947be65920 Uncommon trap: reason=unstable_if action=reinterpret pc=0x0000029463198d70 method=java.lang.ThreadLocal.get()Ljava/lang/Object; @ 11 c2
Event: 80827.487 Thread 0x000002947be65920 DEOPT PACKING pc=0x0000029463198d70 sp=0x000000b71fbfe6f0
Event: 80827.487 Thread 0x000002947be65920 DEOPT UNPACKING pc=0x0000029462c369a3 sp=0x000000b71fbfe680 mode 2

Classes loaded (20 events):
Event: 80000.616 Loading class java/lang/invoke/MethodHandleImpl$Makers$2
Event: 80000.616 Loading class java/lang/invoke/MethodHandleImpl$Makers$2 done
Event: 80000.616 Loading class java/lang/invoke/MethodHandleImpl$Makers$3
Event: 80000.616 Loading class java/lang/invoke/MethodHandleImpl$Makers$3 done
Event: 80000.627 Loading class java/lang/invoke/DirectMethodHandle$EnsureInitialized
Event: 80000.627 Loading class java/lang/invoke/DirectMethodHandle$EnsureInitialized done
Event: 80000.628 Loading class java/lang/runtime/ObjectMethods$1
Event: 80000.628 Loading class java/lang/runtime/ObjectMethods$1 done
Event: 80000.632 Loading class java/lang/invoke/DirectMethodHandle$1
Event: 80000.632 Loading class java/lang/invoke/DirectMethodHandle$1 done
Event: 80000.634 Loading class java/util/AbstractList$RandomAccessSubList
Event: 80000.634 Loading class java/util/AbstractList$SubList
Event: 80000.634 Loading class java/util/AbstractList$SubList done
Event: 80000.634 Loading class java/util/AbstractList$RandomAccessSubList done
Event: 80000.634 Loading class java/util/AbstractList$ListItr
Event: 80000.634 Loading class java/util/AbstractList$ListItr done
Event: 80000.634 Loading class java/util/AbstractList$SubList$1
Event: 80000.634 Loading class java/util/AbstractList$SubList$1 done
Event: 80000.635 Loading class java/lang/invoke/MethodHandleImpl$CountingWrapper
Event: 80000.635 Loading class java/lang/invoke/MethodHandleImpl$CountingWrapper done

Classes unloaded (0 events):
No events

Classes redefined (0 events):
No events

Internal exceptions (20 events):
Event: 80000.615 Thread 0x0000029453b16f10 Exception <a 'java/lang/NoSuchMethodError'{0x00000007110cb6f8}: 'java.lang.Object java.lang.invoke.DirectMethodHandle$Holder.invokeStaticInit(java.lang.Object, java.lang.Object, java.lang.Object, java.lang.Object, java.lang.Object, java.lang.Object, java.lang.Object)'> (0x00000007110cb6f8) 
thrown [s\src\hotspot\share\interpreter\linkResolver.cpp, line 759]
Event: 80000.617 Thread 0x0000029453b16f10 Exception <a 'java/lang/NoSuchMethodError'{0x00000007110d2b28}: 'java.lang.Object java.lang.invoke.DirectMethodHandle$Holder.invokeStatic(java.lang.Object, java.lang.Object, int)'> (0x00000007110d2b28) 
thrown [s\src\hotspot\share\interpreter\linkResolver.cpp, line 759]
Event: 80000.619 Thread 0x0000029453b16f10 Exception <a 'java/lang/NoSuchMethodError'{0x00000007110e8de0}: 'void java.lang.invoke.DelegatingMethodHandle$Holder.delegate(java.lang.Object, java.lang.Object, int, java.lang.Object)'> (0x00000007110e8de0) 
thrown [s\src\hotspot\share\interpreter\linkResolver.cpp, line 759]
Event: 80000.624 Thread 0x0000029453b16f10 Exception <a 'java/lang/NoSuchMethodError'{0x000000071110fe70}: 'java.lang.Object java.lang.invoke.DirectMethodHandle$Holder.invokeSpecial(java.lang.Object, java.lang.Object, java.lang.Object, java.lang.Object, java.lang.Object, java.lang.Object, java.lang.Object, java.lang.Object, java.lang.Object, java.lang.Object, java.lang.Object, java.lang.Object, java.lang.Object)'> (0x000000071110fe70) 
thrown [s\src\hotspot\share\interpreter\linkResolver.cpp, line 759]
Event: 80000.625 Thread 0x0000029453b16f10 Exception <a 'java/lang/NoSuchMethodError'{0x00000007111149b0}: 'java.lang.Object java.lang.invoke.Invokers$Holder.invoker(java.lang.Object, java.lang.Object, java.lang.Object, java.lang.Object, java.lang.Object, java.lang.Object, java.lang.Object, java.lang.Object, java.lang.Object, java.lang.Object, java.lang.Object, java.lang.Object, java.lang.Object)'> (0x00000007111149b0) 
thrown [s\src\hotspot\share\interpreter\linkResolver.cpp, line 759]
Event: 80000.625 Thread 0x0000029453b16f10 Exception <a 'java/lang/NoSuchMethodError'{0x000000071111aa58}: 'java.lang.Object java.lang.invoke.DirectMethodHandle$Holder.invokeSpecial(java.lang.Object, java.lang.Object, java.lang.Object, java.lang.Object, java.lang.Object, java.lang.Object, java.lang.Object, java.lang.Object, java.lang.Object, java.lang.Object, java.lang.Object, java.lang.Object, java.lang.Object, java.lang.Object)'> (0x000000071111aa58) 
thrown [s\src\hotspot\share\interpreter\linkResolver.cpp, line 759]
Event: 80000.628 Thread 0x0000029453b16f10 Exception <a 'java/lang/NoSuchMethodError'{0x000000071112d4e8}: 'int java.lang.invoke.DirectMethodHandle$Holder.invokeVirtual(java.lang.Object, java.lang.Object, java.lang.Object)'> (0x000000071112d4e8) 
thrown [s\src\hotspot\share\interpreter\linkResolver.cpp, line 759]
Event: 80000.628 Thread 0x0000029453b16f10 Exception <a 'java/lang/NoSuchMethodError'{0x0000000711130da0}: 'int java.lang.invoke.DirectMethodHandle$Holder.invokeVirtual(java.lang.Object, java.lang.Object)'> (0x0000000711130da0) 
thrown [s\src\hotspot\share\interpreter\linkResolver.cpp, line 759]
Event: 80000.628 Thread 0x0000029453b16f10 Exception <a 'java/lang/NoSuchMethodError'{0x0000000711134fa0}: 'int java.lang.invoke.DirectMethodHandle$Holder.invokeStaticInit(java.lang.Object, java.lang.Object, java.lang.Object)'> (0x0000000711134fa0) 
thrown [s\src\hotspot\share\interpreter\linkResolver.cpp, line 759]
Event: 80000.629 Thread 0x0000029453b16f10 Exception <a 'java/lang/NoSuchMethodError'{0x0000000711138b48}: 'int java.lang.invoke.DirectMethodHandle$Holder.invokeStaticInit(java.lang.Object, int, int)'> (0x0000000711138b48) 
thrown [s\src\hotspot\share\interpreter\linkResolver.cpp, line 759]
Event: 80000.629 Thread 0x0000029453b16f10 Exception <a 'java/lang/NoSuchMethodError'{0x0000000711140338}: 'int java.lang.invoke.DirectMethodHandle$Holder.invokeStaticInit(java.lang.Object, long, long)'> (0x0000000711140338) 
thrown [s\src\hotspot\share\interpreter\linkResolver.cpp, line 759]
Event: 80000.629 Thread 0x0000029453b16f10 Exception <a 'java/lang/NoSuchMethodError'{0x0000000711147188}: 'int java.lang.invoke.DirectMethodHandle$Holder.invokeStaticInit(java.lang.Object, float, float)'> (0x0000000711147188) 
thrown [s\src\hotspot\share\interpreter\linkResolver.cpp, line 759]
Event: 80000.630 Thread 0x0000029453b16f10 Exception <a 'java/lang/NoSuchMethodError'{0x000000071114dfe0}: 'int java.lang.invoke.DirectMethodHandle$Holder.invokeStaticInit(java.lang.Object, double, double)'> (0x000000071114dfe0) 
thrown [s\src\hotspot\share\interpreter\linkResolver.cpp, line 759]
Event: 80000.630 Thread 0x0000029453b16f10 Exception <a 'java/lang/NoSuchMethodError'{0x00000007111525e8}: 'int java.lang.invoke.DirectMethodHandle$Holder.invokeStatic(java.lang.Object, long)'> (0x00000007111525e8) 
thrown [s\src\hotspot\share\interpreter\linkResolver.cpp, line 759]
Event: 80000.632 Thread 0x0000029453b16f10 Exception <a 'java/lang/NoSuchMethodError'{0x0000000711168280}: 'int java.lang.invoke.DirectMethodHandle$Holder.invokeSpecial(java.lang.Object, java.lang.Object, java.lang.Object, java.lang.Object)'> (0x0000000711168280) 
thrown [s\src\hotspot\share\interpreter\linkResolver.cpp, line 759]
Event: 80000.633 Thread 0x0000029453b16f10 Exception <a 'java/lang/NoSuchMethodError'{0x0000000711175c80}: 'int java.lang.invoke.DelegatingMethodHandle$Holder.reinvoke_L(java.lang.Object, double, double)'> (0x0000000711175c80) 
thrown [s\src\hotspot\share\interpreter\linkResolver.cpp, line 759]
Event: 80000.635 Thread 0x0000029453b16f10 Exception <a 'java/lang/NoSuchMethodError'{0x0000000711184d40}: 'java.lang.Object java.lang.invoke.DirectMethodHandle$Holder.invokeSpecial(java.lang.Object, java.lang.Object, int, java.lang.Object, java.lang.Object)'> (0x0000000711184d40) 
thrown [s\src\hotspot\share\interpreter\linkResolver.cpp, line 759]
Event: 80000.635 Thread 0x0000029453b16f10 Exception <a 'java/lang/NoSuchMethodError'{0x0000000711188930}: 'java.lang.Object java.lang.invoke.DelegatingMethodHandle$Holder.delegate(java.lang.Object, int, java.lang.Object, java.lang.Object)'> (0x0000000711188930) 
thrown [s\src\hotspot\share\interpreter\linkResolver.cpp, line 759]
Event: 80000.639 Thread 0x0000029453b16f10 Exception <a 'java/lang/NoSuchMethodError'{0x0000000711199fa0}: 'int java.lang.invoke.Invokers$Holder.linkToTargetMethod(java.lang.Object, java.lang.Object, java.lang.Object)'> (0x0000000711199fa0) 
thrown [s\src\hotspot\share\interpreter\linkResolver.cpp, line 759]
Event: 80827.487 Thread 0x000002947be65920 Implicit null exception at 0x0000029463198c80 to 0x0000029463198d5c

VM Operations (20 events):
Event: 80001.624 Executing VM operation: Cleanup
Event: 80001.624 Executing VM operation: Cleanup done
Event: 80037.858 Executing VM operation: Cleanup
Event: 80037.858 Executing VM operation: Cleanup done
Event: 80094.248 Executing VM operation: Cleanup
Event: 80094.248 Executing VM operation: Cleanup done
Event: 80112.375 Executing VM operation: Cleanup
Event: 80112.375 Executing VM operation: Cleanup done
Event: 80131.521 Executing VM operation: Cleanup
Event: 80131.521 Executing VM operation: Cleanup done
Event: 80224.121 Executing VM operation: Cleanup
Event: 80224.121 Executing VM operation: Cleanup done
Event: 80501.868 Executing VM operation: Cleanup
Event: 80501.868 Executing VM operation: Cleanup done
Event: 80520.964 Executing VM operation: Cleanup
Event: 80520.964 Executing VM operation: Cleanup done
Event: 80632.701 Executing VM operation: Cleanup
Event: 80632.701 Executing VM operation: Cleanup done
Event: 80799.647 Executing VM operation: Cleanup
Event: 80799.647 Executing VM operation: Cleanup done

Memory protections (0 events):
No events

Nmethod flushes (0 events):
No events

Events (18 events):
Event: 0.014 Thread 0x0000029453b16f10 Thread added: 0x0000029453b16f10
Event: 0.016 Thread 0x0000029453b16f10 Thread added: 0x0000029476fa57e0
Event: 0.016 Thread 0x0000029453b16f10 Thread added: 0x0000029476fa6660
Event: 0.021 Thread 0x0000029453b16f10 Thread added: 0x0000029476fbb860
Event: 0.021 Thread 0x0000029453b16f10 Thread added: 0x0000029476fbc420
Event: 0.021 Thread 0x0000029453b16f10 Thread added: 0x000002947b100080
Event: 0.021 Thread 0x0000029453b16f10 Thread added: 0x000002947b100a40
Event: 0.021 Thread 0x0000029453b16f10 Thread added: 0x000002947b102e80
Event: 0.021 Thread 0x0000029453b16f10 Thread added: 0x000002947b10df00
Event: 0.022 Thread 0x0000029453b16f10 Thread added: 0x000002947b110d20
Event: 0.030 Thread 0x0000029453b16f10 Thread added: 0x000002947b23de20
Event: 0.031 Thread 0x0000029453b16f10 Thread added: 0x000002947b23ff80
Event: 0.688 Thread 0x000002947b10df00 Thread added: 0x000002947baf6760
Event: 5.918 Thread 0x000002947baf6760 Thread exited: 0x000002947baf6760
Event: 80827.480 Thread 0x0000029453b16f10 Thread exited: 0x0000029453b16f10
Event: 80827.480 Thread 0x0000029453b16f10 Thread added: 0x0000029453b16f10
Event: 80827.480 Thread 0x0000029453b16f10 Thread added: 0x000002947be65920
Event: 80827.480 Thread 0x0000029453b16f10 Thread added: 0x000002947bf770d0


Dynamic libraries:
0x00007ff611930000 - 0x00007ff61193e000 	C:\Tools\jdk-17\bin\java.exe
0x00007ffabdf90000 - 0x00007ffabe185000 	C:\Windows\SYSTEM32\ntdll.dll
0x00007ffabcfd0000 - 0x00007ffabd08e000 	C:\Windows\System32\KERNEL32.DLL
0x00007ffabbcb0000 - 0x00007ffabbf79000 	C:\Windows\System32\KERNELBASE.dll
0x00007ffabb730000 - 0x00007ffabb830000 	C:\Windows\System32\ucrtbase.dll
0x00007ffab3ed0000 - 0x00007ffab3ee8000 	C:\Tools\jdk-17\bin\jli.dll
0x00007ffab3eb0000 - 0x00007ffab3ece000 	C:\Tools\jdk-17\bin\VCRUNTIME140.dll
0x00007ffabd400000 - 0x00007ffabd5a1000 	C:\Windows\System32\USER32.dll
0x00007ffa95d00000 - 0x00007ffa95f9a000 	C:\Windows\WinSxS\amd64_microsoft.windows.common-controls_6595b64144ccf1df_6.0.19041.1110_none_60b5254171f9507e\COMCTL32.dll
0x00007ffabb830000 - 0x00007ffabb852000 	C:\Windows\System32\win32u.dll
0x00007ffabd150000 - 0x00007ffabd1ee000 	C:\Windows\System32\msvcrt.dll
0x00007ffabd760000 - 0x00007ffabd78b000 	C:\Windows\System32\GDI32.dll
0x00007ffabb860000 - 0x00007ffabb96b000 	C:\Windows\System32\gdi32full.dll
0x00007ffabbb80000 - 0x00007ffabbc1d000 	C:\Windows\System32\msvcp_win.dll
0x00007ffabd090000 - 0x00007ffabd0c0000 	C:\Windows\System32\IMM32.DLL
0x00007ffab3ea0000 - 0x00007ffab3eac000 	C:\Tools\jdk-17\bin\vcruntime140_1.dll
0x00007ffa843f0000 - 0x00007ffa8447d000 	C:\Tools\jdk-17\bin\msvcp140.dll
0x00007ffa6c720000 - 0x00007ffa6d38c000 	C:\Tools\jdk-17\bin\server\jvm.dll
0x00007ffabd6b0000 - 0x00007ffabd75c000 	C:\Windows\System32\ADVAPI32.dll
0x00007ffabd5b0000 - 0x00007ffabd64b000 	C:\Windows\System32\sechost.dll
0x00007ffabd2d0000 - 0x00007ffabd3fa000 	C:\Windows\System32\RPCRT4.dll
0x00007ffabd790000 - 0x00007ffabd7fb000 	C:\Windows\System32\WS2_32.dll
0x00007ffabb470000 - 0x00007ffabb4bb000 	C:\Windows\SYSTEM32\POWRPROF.dll
0x00007ffa95440000 - 0x00007ffa95467000 	C:\Windows\SYSTEM32\WINMM.dll
0x00007ffab63d0000 - 0x00007ffab63da000 	C:\Windows\SYSTEM32\VERSION.dll
0x00007ffabb450000 - 0x00007ffabb462000 	C:\Windows\SYSTEM32\UMPDC.dll
0x00007ffab95b0000 - 0x00007ffab95c2000 	C:\Windows\SYSTEM32\kernel.appcore.dll
0x00007ffaa9af0000 - 0x00007ffaa9afa000 	C:\Tools\jdk-17\bin\jimage.dll
0x00007ffaa9060000 - 0x00007ffaa9244000 	C:\Windows\SYSTEM32\DBGHELP.DLL
0x00007ffaa8d00000 - 0x00007ffaa8d2c000 	C:\Windows\SYSTEM32\dbgcore.DLL
0x00007ffabbc20000 - 0x00007ffabbca3000 	C:\Windows\System32\bcryptPrimitives.dll
0x00007ffa8c060000 - 0x00007ffa8c085000 	C:\Tools\jdk-17\bin\java.dll
0x00007ffa82f20000 - 0x00007ffa82ff7000 	C:\Tools\jdk-17\bin\jsvml.dll
0x00007ffabd810000 - 0x00007ffabdf4f000 	C:\Windows\System32\SHELL32.dll
0x00007ffab97b0000 - 0x00007ffab9f40000 	C:\Windows\SYSTEM32\windows.storage.dll
0x00007ffabc980000 - 0x00007ffabccd5000 	C:\Windows\System32\combase.dll
0x00007ffabb020000 - 0x00007ffabb04c000 	C:\Windows\SYSTEM32\Wldp.dll
0x00007ffabc590000 - 0x00007ffabc63d000 	C:\Windows\System32\SHCORE.dll
0x00007ffabc0b0000 - 0x00007ffabc105000 	C:\Windows\System32\shlwapi.dll
0x00007ffabb5f0000 - 0x00007ffabb60f000 	C:\Windows\SYSTEM32\profapi.dll
0x00007ffa91bb0000 - 0x00007ffa91bca000 	C:\Tools\jdk-17\bin\net.dll
0x00007ffab4390000 - 0x00007ffab4498000 	C:\Windows\SYSTEM32\WINHTTP.dll
0x00007ffabad90000 - 0x00007ffabadfa000 	C:\Windows\system32\mswsock.dll
0x00007ffa8ad20000 - 0x00007ffa8ad36000 	C:\Tools\jdk-17\bin\nio.dll
0x00007ffa8ad00000 - 0x00007ffa8ad18000 	C:\Tools\jdk-17\bin\zip.dll
0x00007ffabaf80000 - 0x00007ffabaf98000 	C:\Windows\SYSTEM32\CRYPTSP.dll
0x00007ffaba710000 - 0x00007ffaba744000 	C:\Windows\system32\rsaenh.dll
0x00007ffabb700000 - 0x00007ffabb727000 	C:\Windows\System32\bcrypt.dll
0x00007ffabb5b0000 - 0x00007ffabb5de000 	C:\Windows\SYSTEM32\USERENV.dll
0x00007ffabb3d0000 - 0x00007ffabb3dc000 	C:\Windows\SYSTEM32\CRYPTBASE.dll
0x00007ffabaa80000 - 0x00007ffabaabb000 	C:\Windows\SYSTEM32\IPHLPAPI.DLL
0x00007ffabd800000 - 0x00007ffabd808000 	C:\Windows\System32\NSI.dll
0x00007ffab50a0000 - 0x00007ffab50b7000 	C:\Windows\SYSTEM32\dhcpcsvc6.DLL
0x00007ffab5380000 - 0x00007ffab539d000 	C:\Windows\SYSTEM32\dhcpcsvc.DLL
0x00007ffabaac0000 - 0x00007ffabab8c000 	C:\Windows\SYSTEM32\DNSAPI.dll
0x00007ffa388a0000 - 0x00007ffa3bb58000 	C:\Users\Administrator\AppData\Local\Temp\opencv_openpnp11773802125164755448\nu\pattern\opencv\windows\x86_64\opencv_java490.dll
0x00007ffabc850000 - 0x00007ffabc97a000 	C:\Windows\System32\ole32.dll
0x00007ffabce90000 - 0x00007ffabcf5d000 	C:\Windows\System32\OLEAUT32.dll
0x00007ffa9b890000 - 0x00007ffa9b914000 	C:\Windows\SYSTEM32\MF.dll
0x00007ffa90030000 - 0x00007ffa901ec000 	C:\Windows\SYSTEM32\MFPlat.DLL
0x00007ffa6f670000 - 0x00007ffa6f77a000 	C:\Windows\SYSTEM32\MFReadWrite.dll
0x00007ffabb6b0000 - 0x00007ffabb6fe000 	C:\Windows\System32\cfgmgr32.dll
0x00007ffab9fa0000 - 0x00007ffaba094000 	C:\Windows\SYSTEM32\dxgi.dll
0x00007ffab7830000 - 0x00007ffab7a94000 	C:\Windows\SYSTEM32\d3d11.dll
0x00007ffa6d5c0000 - 0x00007ffa6da51000 	C:\Windows\SYSTEM32\MFCORE.DLL
0x00007ffabba20000 - 0x00007ffabbb76000 	C:\Windows\System32\CRYPT32.dll
0x00007ffa6f660000 - 0x00007ffa6f669000 	C:\Windows\SYSTEM32\ksuser.dll
0x00007ffa94530000 - 0x00007ffa94560000 	C:\Windows\SYSTEM32\RTWorkQ.DLL
0x00007ffa92910000 - 0x00007ffa9291a000 	C:\Tools\jdk-17\bin\management.dll
0x00007ffa91ae0000 - 0x00007ffa91aec000 	C:\Tools\jdk-17\bin\management_ext.dll
0x00007ffabcd60000 - 0x00007ffabcd68000 	C:\Windows\System32\PSAPI.DLL
0x00007ffaab6c0000 - 0x00007ffaab8c1000 	C:\Program Files (x86)\Forefront TMG Client\FwcWsp64.dll
0x00007ffabbf80000 - 0x00007ffabbfe0000 	C:\Windows\System32\WINTRUST.dll
0x00007ffaab370000 - 0x00007ffaab388000 	C:\Windows\SYSTEM32\NETAPI32.dll
0x00007ffab7050000 - 0x00007ffab705a000 	C:\Windows\SYSTEM32\DSROLE.DLL
0x00007ffabb210000 - 0x00007ffabb222000 	C:\Windows\SYSTEM32\MSASN1.dll
0x00007ffab3e20000 - 0x00007ffab3e37000 	C:\Windows\system32\napinsp.dll
0x00007ffaac0b0000 - 0x00007ffaac0cb000 	C:\Windows\system32\pnrpnsp.dll
0x00007ffaa1550000 - 0x00007ffaa1565000 	C:\Windows\system32\wshbth.dll
0x00007ffab70d0000 - 0x00007ffab70ed000 	C:\Windows\system32\NLAapi.dll
0x00007ffaabc40000 - 0x00007ffaabc52000 	C:\Windows\System32\winrnr.dll
0x00007ffab44a0000 - 0x00007ffab44aa000 	C:\Windows\System32\rasadhlp.dll
0x00007ffab42f0000 - 0x00007ffab436f000 	C:\Windows\System32\fwpuclnt.dll

dbghelp: loaded successfully - version: 4.0.5 - missing functions: none
symbol engine: initialized successfully - sym options: 0x614 - pdb path: .;C:\Tools\jdk-17\bin;C:\Windows\SYSTEM32;C:\Windows\WinSxS\amd64_microsoft.windows.common-controls_6595b64144ccf1df_6.0.19041.1110_none_60b5254171f9507e;C:\Tools\jdk-17\bin\server;C:\Users\Administrator\AppData\Local\Temp\opencv_openpnp11773802125164755448\nu\pattern\opencv\windows\x86_64;C:\Program Files (x86)\Forefront TMG Client

VM Arguments:
java_command: java-geometry-service/target/java-geometry-service-0.1.0-SNAPSHOT.jar
java_class_path (initial): java-geometry-service/target/java-geometry-service-0.1.0-SNAPSHOT.jar
Launcher Type: SUN_STANDARD

[Global flags]
     intx CICompilerCount                          = 4                                         {product} {ergonomic}
     uint ConcGCThreads                            = 3                                         {product} {ergonomic}
     uint G1ConcRefinementThreads                  = 10                                        {product} {ergonomic}
   size_t G1HeapRegionSize                         = 2097152                                   {product} {ergonomic}
    uintx GCDrainStackTargetSize                   = 64                                        {product} {ergonomic}
   size_t InitialHeapSize                          = 268435456                                 {product} {ergonomic}
   size_t MarkStackSize                            = 4194304                                   {product} {ergonomic}
   size_t MaxHeapSize                              = 4263510016                                {product} {ergonomic}
   size_t MaxNewSize                               = 2556428288                                {product} {ergonomic}
   size_t MinHeapDeltaBytes                        = 2097152                                   {product} {ergonomic}
   size_t MinHeapSize                              = 8388608                                   {product} {ergonomic}
    uintx NonNMethodCodeHeapSize                   = 5839372                                {pd product} {ergonomic}
    uintx NonProfiledCodeHeapSize                  = 122909434                              {pd product} {ergonomic}
    uintx ProfiledCodeHeapSize                     = 122909434                              {pd product} {ergonomic}
    uintx ReservedCodeCacheSize                    = 251658240                              {pd product} {ergonomic}
     bool SegmentedCodeCache                       = true                                      {product} {ergonomic}
   size_t SoftMaxHeapSize                          = 4263510016                             {manageable} {ergonomic}
     bool UseCompressedClassPointers               = true                           {product lp64_product} {ergonomic}
     bool UseCompressedOops                        = true                           {product lp64_product} {ergonomic}
     bool UseG1GC                                  = true                                      {product} {ergonomic}
     bool UseLargePagesIndividualAllocation        = false                                  {pd product} {ergonomic}

Logging:
Log output configuration:
 #0: stdout all=warning uptime,level,tags
 #1: stderr all=off uptime,level,tags

Environment Variables:
JAVA_HOME=C:\Tools\jdk-17
PATH=C:\Program Files (x86)\Common Files\MVS\Runtime\Win32_i86;C:\Program Files (x86)\Common Files\MVS\Runtime\Win64_x64;C:\Program Files\Python314\Scripts\;C:\Program Files\Python314\;C:\Windows\system32;C:\Windows;C:\Windows\System32\Wbem;C:\Windows\System32\WindowsPowerShell\v1.0\;C:\Windows\System32\OpenSSH\;C:\Program Files\dotnet\;C:\Program Files\Microsoft VS Code\bin;C:\Program Files\nodejs\;C:\Program Files\JAI\SDK\bin;C:\Program Files\JAI\SDK\bin\Win32_i86;C:\Program Files\JAI\SDK\GenICam\bin\Win64_x64;C:\Program Files\JAI\SDK\GenICam\bin\Win32_i86;C:\Program Files\Git\cmd;C:\Users\Administrator\AppData\Local\Microsoft\WindowsApps;C:\Users\Administrator\AppData\Roaming\npm;C:\Users\Administrator\.dotnet\tools;C:\Tools\jdk-17\bin;C:\Tools\apache-maven-3.9.9\bin;C:\Users\Administrator\AppData\Local\GitHubDesktop\bin;C:\Users\Administrator\.dotnet\tools;C:\Tools\cmake-4.2.1-windows-x86_64\bin;D:\cursor\resources\app\bin
USERNAME=Administrator
LANG=en_US.UTF-8
OS=Windows_NT
PROCESSOR_IDENTIFIER=Intel64 Family 6 Model 158 Stepping 10, GenuineIntel
TMP=C:\Users\Administrator\AppData\Local\Temp
TEMP=C:\Users\Administrator\AppData\Local\Temp



Periodic native trim disabled


---------------  S Y S T E M  ---------------

OS:
 Windows 10 , 64 bit Build 19041 (10.0.19041.1202)
OS uptime: 1 days 9:01 hours

CPU: total 12 (initial active 12) (6 cores per cpu, 2 threads per core) family 6 model 158 stepping 10 microcode 0xd6, cx8, cmov, fxsr, ht, mmx, 3dnowpref, sse, sse2, sse3, ssse3, sse4.1, sse4.2, popcnt, lzcnt, tsc, tscinvbit, avx, avx2, aes, erms, clmul, bmi1, bmi2, rtm, adx, fma, vzeroupper, clflush, clflushopt
Processor Information for all 12 processors :
  Max Mhz: 3192, Current Mhz: 3192, Mhz Limit: 3192

Memory: 4k page, system-wide physical 16262M (6604M free)
TotalPageFile size 24454M (AvailPageFile size 35M)
current process WorkingSet (physical memory assigned to process): 58M, peak: 89M
current process commit charge ("private bytes"): 379M, peak: 394M

vm_info: OpenJDK 64-Bit Server VM (17.0.19+10) for windows-amd64 JRE (17.0.19+10), built on Apr 25 2026 08:04:44 by "admin" with MS VC++ 17.12 (VS2022)

END.
