#
# There is insufficient memory for the Java Runtime Environment to continue.
# Native memory allocation (malloc) failed to allocate 1060496 bytes. Error detail: Chunk::new
# Possible reasons:
#   The system is out of physical RAM or swap space
#   This process is running with CompressedOops enabled, and the Java Heap may be blocking the growth of the native heap
# Possible solutions:
#   Reduce memory load on the system
#   Increase physical memory or swap space
#   Check if swap backing store is full
#   Decrease Java heap size (-Xmx/-Xms)
#   Decrease number of Java threads
#   Decrease Java thread stack sizes (-Xss)
#   Set larger code cache with -XX:ReservedCodeCacheSize=
#   JVM is running with Zero Based Compressed Oops mode in which the Java heap is
#     placed in the first 32GB address space. The Java Heap base address is the
#     maximum limit for the native heap growth. Please use -XX:HeapBaseMinAddress
#     to set the Java Heap base and to place the Java Heap above 32GB virtual address.
# This output file may be truncated or incomplete.
#
#  Out of Memory Error (arena.cpp:191), pid=2080, tid=11476
#
# JRE version: OpenJDK Runtime Environment Temurin-17.0.19+10 (17.0.19+10) (build 17.0.19+10)
# Java VM: OpenJDK 64-Bit Server VM Temurin-17.0.19+10 (17.0.19+10, mixed mode, sharing, tiered, compressed oops, compressed class ptrs, g1 gc, windows-amd64)
# No core dump will be written. Minidumps are not enabled by default on client versions of Windows
#

---------------  S U M M A R Y ------------

Command Line: D:\visionGay\defect-detector-v3\orchestrator-java\target\orchestrator-0.1.0-SNAPSHOT.jar D:\visionGay\defect-detector-v3\config\config.yaml

Host: Intel(R) Core(TM) i7-8700 CPU @ 3.20GHz, 12 cores, 15G,  Windows 10 , 64 bit Build 19041 (10.0.19041.1202)
Time: Sun Aug  2 21:17:10 2026 Arabic Standard Time elapsed time: 80838.108105 seconds (0d 22h 27m 18s)

---------------  T H R E A D  ---------------

Current thread (0x0000023b23a539a0):  JavaThread "C2 CompilerThread0" daemon [_thread_in_native, id=11476, stack(0x000000e6eee00000,0x000000e6eef00000)]


Current CompileTask:
C2:80838108 9427   !   4       jdk.internal.net.http.SocketTube$InternalReadPublisher$InternalReadSubscription::read (1640 bytes)

Stack: [0x000000e6eee00000,0x000000e6eef00000]
Native frames: (J=compiled Java code, j=interpreted, Vv=VM code, C=native code)
V  [jvm.dll+0x684b29]
V  [jvm.dll+0x83a2d5]
V  [jvm.dll+0x83bd4e]
V  [jvm.dll+0x83c3d3]
V  [jvm.dll+0x24905f]
V  [jvm.dll+0xad536]
V  [jvm.dll+0xadbdc]
V  [jvm.dll+0x368d4f]
V  [jvm.dll+0x3331d5]
V  [jvm.dll+0x33263a]
V  [jvm.dll+0x219e69]
V  [jvm.dll+0x2192af]
V  [jvm.dll+0x1a49f0]
V  [jvm.dll+0x2299fa]
V  [jvm.dll+0x227bab]
V  [jvm.dll+0x7f0a88]
V  [jvm.dll+0x7eaf1c]
V  [jvm.dll+0x6839f7]
C  [ucrtbase.dll+0x21bb2]
C  [KERNEL32.DLL+0x17034]
C  [ntdll.dll+0x52651]


---------------  P R O C E S S  ---------------

Threads class SMR info:
_java_thread_list=0x0000023b691dbb80, length=119, elements={
0x0000023b7fc66d30, 0x0000023b23924800, 0x0000023b23925680, 0x0000023b2393a7c0,
0x0000023b2393b290, 0x0000023b2393dc60, 0x0000023b2393e620, 0x0000023b23a539a0,
0x0000023b23a5c460, 0x0000023b23a5ee70, 0x0000023b23b8e730, 0x0000023b23b90470,
0x0000023b69322e90, 0x0000023b69fe2430, 0x0000023b69fe05d0, 0x0000023b69fe1f20,
0x0000023b69fe0ae0, 0x0000023b69fe2940, 0x0000023b69fe2e50, 0x0000023b69fe3360,
0x0000023b69fe3870, 0x0000023b691862d0, 0x0000023b69184e90, 0x0000023b69188130,
0x0000023b69187c20, 0x0000023b691853a0, 0x0000023b69189a80, 0x0000023b69183a50,
0x0000023b69189570, 0x0000023b69182b20, 0x0000023b69184470, 0x0000023b69188640,
0x0000023b69188b50, 0x0000023b69189060, 0x0000023b69182610, 0x0000023b69186cf0,
0x0000023b691858b0, 0x0000023b69185dc0, 0x0000023b69187200, 0x0000023b69187710,
0x0000023b69183540, 0x0000023b69183f60, 0x0000023b69fe1a10, 0x0000023b69ca8700,
0x0000023b69ca5460, 0x0000023b69ca30f0, 0x0000023b69ca7ce0, 0x0000023b69ca26d0,
0x0000023b69ca3600, 0x0000023b69ca8c10, 0x0000023b69ca9b40, 0x0000023b69ca3b10,
0x0000023b69ca4020, 0x0000023b69ca9120, 0x0000023b69ca9630, 0x0000023b69caa050,
0x0000023b69ca81f0, 0x0000023b69ca4530, 0x0000023b69ca6390, 0x0000023b69ca4f50,
0x0000023b69ca5e80, 0x0000023b69ca68a0, 0x0000023b69ca72c0, 0x0000023b69ca77d0,
0x0000023b6a2da850, 0x0000023b6a2e0370, 0x0000023b6a2d9e30, 0x0000023b6a2dad60,
0x0000023b6a2de000, 0x0000023b6a2db270, 0x0000023b6a2df950, 0x0000023b6a2db780,
0x0000023b6a2de510, 0x0000023b6a2dbc90, 0x0000023b6a2dea20, 0x0000023b6a2dc1a0,
0x0000023b6a2dfe60, 0x0000023b6a2d9920, 0x0000023b6a2d8f00, 0x0000023b6a2ddaf0,
0x0000023b6a2def30, 0x0000023b6a2e0880, 0x0000023b6a2df440, 0x0000023b6a2dd5e0,
0x0000023b6a2d9410, 0x0000023b69ca4a40, 0x0000023b69ca5970, 0x0000023b69fe1500,
0x0000023b69b7bb00, 0x0000023b69b7e890, 0x0000023b69b7b5f0, 0x0000023b69b7ca30,
0x0000023b69b7c010, 0x0000023b69b7c520, 0x0000023b69b7a6c0, 0x0000023b69b7e380,
0x0000023b69b79790, 0x0000023b69b7abd0, 0x0000023b69b7cf40, 0x0000023b69b7de70,
0x0000023b69b78860, 0x0000023b69b7eda0, 0x0000023b69b7d450, 0x0000023b69b7f2b0,
0x0000023b69b7f7c0, 0x0000023b69b78d70, 0x0000023b69b78350, 0x0000023b69b7fcd0,
0x0000023b69b79280, 0x0000023b69b79ca0, 0x0000023b69b7a1b0, 0x0000023b69b7b0e0,
0x0000023b6a20da00, 0x0000023b6a209830, 0x0000023b6a20df10, 0x0000023b6a20e420,
0x0000023b6a20cad0, 0x0000023b6a20f860, 0x0000023b6a20d4f0
}

Java Threads: ( => current thread )
  0x0000023b7fc66d30 JavaThread "main" [_thread_blocked, id=12628, stack(0x000000e6ee100000,0x000000e6ee200000)]
  0x0000023b23924800 JavaThread "Reference Handler" daemon [_thread_blocked, id=12556, stack(0x000000e6ee800000,0x000000e6ee900000)]
  0x0000023b23925680 JavaThread "Finalizer" daemon [_thread_blocked, id=10776, stack(0x000000e6ee900000,0x000000e6eea00000)]
  0x0000023b2393a7c0 JavaThread "Signal Dispatcher" daemon [_thread_blocked, id=12492, stack(0x000000e6eea00000,0x000000e6eeb00000)]
  0x0000023b2393b290 JavaThread "Attach Listener" daemon [_thread_blocked, id=12312, stack(0x000000e6eeb00000,0x000000e6eec00000)]
  0x0000023b2393dc60 JavaThread "Service Thread" daemon [_thread_blocked, id=10460, stack(0x000000e6eec00000,0x000000e6eed00000)]
  0x0000023b2393e620 JavaThread "Monitor Deflation Thread" daemon [_thread_blocked, id=9064, stack(0x000000e6eed00000,0x000000e6eee00000)]
=>0x0000023b23a539a0 JavaThread "C2 CompilerThread0" daemon [_thread_in_native, id=11476, stack(0x000000e6eee00000,0x000000e6eef00000)]
  0x0000023b23a5c460 JavaThread "C1 CompilerThread0" daemon [_thread_blocked, id=13056, stack(0x000000e6eef00000,0x000000e6ef000000)]
  0x0000023b23a5ee70 JavaThread "Sweeper thread" daemon [_thread_blocked, id=4060, stack(0x000000e6ef000000,0x000000e6ef100000)]
  0x0000023b23b8e730 JavaThread "Notification Thread" daemon [_thread_blocked, id=9028, stack(0x000000e6ef100000,0x000000e6ef200000)]
  0x0000023b23b90470 JavaThread "Common-Cleaner" daemon [_thread_blocked, id=9032, stack(0x000000e6ef300000,0x000000e6ef400000)]
  0x0000023b69322e90 JavaThread "process reaper (pid 14300)" daemon [_thread_in_native, id=9252, stack(0x000000e6efc00000,0x000000e6efc20000)]
  0x0000023b69fe2430 JavaThread "HttpClient-2-SelectorManager" daemon [_thread_in_native, id=14020, stack(0x000000e6f0020000,0x000000e6f0120000)]
  0x0000023b69fe05d0 JavaThread "svc-call-java-geometry-0" daemon [_thread_blocked, id=8916, stack(0x000000e6f0420000,0x000000e6f0520000)]
  0x0000023b69fe1f20 JavaThread "svc-call-java-geometry-1" daemon [_thread_blocked, id=13900, stack(0x000000e6f0520000,0x000000e6f0620000)]
  0x0000023b69fe0ae0 JavaThread "svc-call-java-geometry-2" daemon [_thread_blocked, id=11436, stack(0x000000e6f0620000,0x000000e6f0720000)]
  0x0000023b69fe2940 JavaThread "svc-call-java-geometry-3" daemon [_thread_in_native, id=13036, stack(0x000000e6f0720000,0x000000e6f0820000)]
  0x0000023b69fe2e50 JavaThread "svc-call-java-geometry-4" daemon [_thread_in_native, id=13452, stack(0x000000e6f0820000,0x000000e6f0920000)]
  0x0000023b69fe3360 JavaThread "svc-call-java-geometry-5" daemon [_thread_blocked, id=11180, stack(0x000000e6f0920000,0x000000e6f0a20000)]
  0x0000023b69fe3870 JavaThread "svc-call-java-geometry-6" daemon [_thread_blocked, id=12864, stack(0x000000e6f0a20000,0x000000e6f0b20000)]
  0x0000023b691862d0 JavaThread "svc-call-java-geometry-7" daemon [_thread_blocked, id=13972, stack(0x000000e6f0b20000,0x000000e6f0c20000)]
  0x0000023b69184e90 JavaThread "svc-call-java-geometry-8" daemon [_thread_blocked, id=4792, stack(0x000000e6f0c20000,0x000000e6f0d20000)]
  0x0000023b69188130 JavaThread "svc-call-java-geometry-9" daemon [_thread_blocked, id=14268, stack(0x000000e6f0d20000,0x000000e6f0e20000)]
  0x0000023b69187c20 JavaThread "svc-call-java-positioning-0" daemon [_thread_blocked, id=11880, stack(0x000000e6f0e20000,0x000000e6f0f20000)]
  0x0000023b691853a0 JavaThread "svc-call-java-positioning-1" daemon [_thread_blocked, id=13132, stack(0x000000e6f0f20000,0x000000e6f1020000)]
  0x0000023b69189a80 JavaThread "svc-call-java-positioning-2" daemon [_thread_blocked, id=4520, stack(0x000000e6f1020000,0x000000e6f1120000)]
  0x0000023b69183a50 JavaThread "svc-call-java-positioning-3" daemon [_thread_blocked, id=13840, stack(0x000000e6f1120000,0x000000e6f1220000)]
  0x0000023b69189570 JavaThread "svc-call-java-positioning-4" daemon [_thread_blocked, id=8072, stack(0x000000e6f1220000,0x000000e6f1320000)]
  0x0000023b69182b20 JavaThread "svc-call-java-positioning-5" daemon [_thread_blocked, id=12060, stack(0x000000e6f1320000,0x000000e6f1420000)]
  0x0000023b69184470 JavaThread "svc-call-java-positioning-6" daemon [_thread_blocked, id=8800, stack(0x000000e6ef400000,0x000000e6ef500000)]
  0x0000023b69188640 JavaThread "svc-call-java-positioning-7" daemon [_thread_blocked, id=12760, stack(0x000000e6efc20000,0x000000e6efd20000)]
  0x0000023b69188b50 JavaThread "svc-call-java-positioning-8" daemon [_thread_blocked, id=7792, stack(0x000000e6efe20000,0x000000e6eff20000)]
  0x0000023b69189060 JavaThread "svc-call-java-positioning-9" daemon [_thread_blocked, id=8604, stack(0x000000e6eff20000,0x000000e6f0020000)]
  0x0000023b69182610 JavaThread "process reaper (pid 11824)" daemon [_thread_in_native, id=11864, stack(0x000000e6f1620000,0x000000e6f1640000)]
  0x0000023b69186cf0 JavaThread "process reaper (pid 11776)" daemon [_thread_in_native, id=2960, stack(0x000000e6f1840000,0x000000e6f1860000)]
  0x0000023b691858b0 JavaThread "process reaper (pid 12452)" daemon [_thread_in_native, id=13496, stack(0x000000e6f1860000,0x000000e6f1880000)]
  0x0000023b69185dc0 JavaThread "HttpClient-3-SelectorManager" daemon [_thread_in_native, id=10104, stack(0x000000e6f1880000,0x000000e6f1980000)]
  0x0000023b69187200 JavaThread "idle-timeout-task" daemon [_thread_blocked, id=12040, stack(0x000000e6f1c80000,0x000000e6f1d80000)]
  0x0000023b69187710 JavaThread "HttpClient-4-SelectorManager" daemon [_thread_in_native, id=13200, stack(0x000000e6f1d80000,0x000000e6f1e80000)]
  0x0000023b69183540 JavaThread "HTTP-Dispatcher" [_thread_in_native, id=10340, stack(0x000000e6f1e80000,0x000000e6f1f80000)]
  0x0000023b69183f60 JavaThread "client-ws-ping" daemon [_thread_blocked, id=5944, stack(0x000000e6f2180000,0x000000e6f2280000)]
  0x0000023b69fe1a10 JavaThread "WebSocketSelector-70" [_thread_in_native, id=8748, stack(0x000000e6f2280000,0x000000e6f2380000)]
  0x0000023b69ca8700 JavaThread "WebSocketWorker-57" [_thread_blocked, id=12316, stack(0x000000e6f2380000,0x000000e6f2480000)]
  0x0000023b69ca5460 JavaThread "WebSocketWorker-58" [_thread_blocked, id=12968, stack(0x000000e6f2480000,0x000000e6f2580000)]
  0x0000023b69ca30f0 JavaThread "iml-shm-janitor" daemon [_thread_blocked, id=4960, stack(0x000000e6f2580000,0x000000e6f2680000)]
  0x0000023b69ca7ce0 JavaThread "WebSocketWorker-59" [_thread_blocked, id=11532, stack(0x000000e6f2680000,0x000000e6f2780000)]
  0x0000023b69ca26d0 JavaThread "WebSocketWorker-60" [_thread_blocked, id=7888, stack(0x000000e6f2780000,0x000000e6f2880000)]
  0x0000023b69ca3600 JavaThread "WebSocketWorker-61" [_thread_blocked, id=6480, stack(0x000000e6f2880000,0x000000e6f2980000)]
  0x0000023b69ca8c10 JavaThread "WebSocketWorker-62" [_thread_blocked, id=13600, stack(0x000000e6f2980000,0x000000e6f2a80000)]
  0x0000023b69ca9b40 JavaThread "WebSocketWorker-63" [_thread_blocked, id=10320, stack(0x000000e6f2a80000,0x000000e6f2b80000)]
  0x0000023b69ca3b10 JavaThread "WebSocketWorker-64" [_thread_blocked, id=6504, stack(0x000000e6f2b80000,0x000000e6f2c80000)]
  0x0000023b69ca4020 JavaThread "WebSocketWorker-65" [_thread_blocked, id=9288, stack(0x000000e6f2c80000,0x000000e6f2d80000)]
  0x0000023b69ca9120 JavaThread "WebSocketWorker-66" [_thread_blocked, id=6764, stack(0x000000e6f2d80000,0x000000e6f2e80000)]
  0x0000023b69ca9630 JavaThread "WebSocketWorker-67" [_thread_blocked, id=6556, stack(0x000000e6f2e80000,0x000000e6f2f80000)]
  0x0000023b69caa050 JavaThread "WebSocketWorker-68" [_thread_blocked, id=13636, stack(0x000000e6f2f80000,0x000000e6f3080000)]
  0x0000023b69ca81f0 JavaThread "plc-fins-publisher" daemon [_thread_blocked, id=11412, stack(0x000000e6f3080000,0x000000e6f3180000)]
  0x0000023b69ca4530 JavaThread "worker-call-0" daemon [_thread_blocked, id=10712, stack(0x000000e6f3180000,0x000000e6f3280000)]
  0x0000023b69ca6390 JavaThread "HttpClient-5-SelectorManager" daemon [_thread_in_native, id=10380, stack(0x000000e6f3280000,0x000000e6f3380000)]
  0x0000023b69ca4f50 JavaThread "worker-call-1" daemon [_thread_blocked, id=500, stack(0x000000e6f3680000,0x000000e6f3780000)]
  0x0000023b69ca5e80 JavaThread "worker-call-2" daemon [_thread_blocked, id=3288, stack(0x000000e6f3780000,0x000000e6f3880000)]
  0x0000023b69ca68a0 JavaThread "worker-call-3" daemon [_thread_blocked, id=6440, stack(0x000000e6f3880000,0x000000e6f3980000)]
  0x0000023b69ca72c0 JavaThread "worker-call-4" daemon [_thread_blocked, id=12184, stack(0x000000e6f3980000,0x000000e6f3a80000)]
  0x0000023b69ca77d0 JavaThread "worker-call-5" daemon [_thread_blocked, id=4616, stack(0x000000e6f3a80000,0x000000e6f3b80000)]
  0x0000023b6a2da850 JavaThread "worker-call-6" daemon [_thread_blocked, id=13044, stack(0x000000e6ede00000,0x000000e6edf00000)]
  0x0000023b6a2e0370 JavaThread "worker-call-7" daemon [_thread_blocked, id=8220, stack(0x000000e6edf00000,0x000000e6ee000000)]
  0x0000023b6a2d9e30 JavaThread "worker-call-8" daemon [_thread_blocked, id=11356, stack(0x000000e6ee000000,0x000000e6ee100000)]
  0x0000023b6a2dad60 JavaThread "worker-call-9" daemon [_thread_blocked, id=4948, stack(0x000000e6f0120000,0x000000e6f0220000)]
  0x0000023b6a2de000 JavaThread "critical-service-watchdog" daemon [_thread_blocked, id=12220, stack(0x000000e6f0220000,0x000000e6f0320000)]
  0x0000023b6a2db270 JavaThread "io-input-trigger" daemon [_thread_in_native, id=5216, stack(0x000000e6f0320000,0x000000e6f0420000)]
  0x0000023b6a2df950 JavaThread "interval-flash" daemon [_thread_blocked, id=12856, stack(0x000000e6f3b80000,0x000000e6f3c80000)]
  0x0000023b6a2db780 JavaThread "camera-flow" daemon [_thread_blocked, id=6096, stack(0x000000e6f3c80000,0x000000e6f3d80000)]
  0x0000023b6a2de510 JavaThread "camera-flow" daemon [_thread_blocked, id=1256, stack(0x000000e6f3d80000,0x000000e6f3e80000)]
  0x0000023b6a2dbc90 JavaThread "camera-flow" daemon [_thread_blocked, id=2472, stack(0x000000e6f3e80000,0x000000e6f3f80000)]
  0x0000023b6a2dea20 JavaThread "camera-flow" daemon [_thread_blocked, id=9988, stack(0x000000e6f3f80000,0x000000e6f4080000)]
  0x0000023b6a2dc1a0 JavaThread "camera-flow" daemon [_thread_blocked, id=11420, stack(0x000000e6f4080000,0x000000e6f4180000)]
  0x0000023b6a2dfe60 JavaThread "camera-flow" daemon [_thread_blocked, id=12768, stack(0x000000e6f4180000,0x000000e6f4280000)]
  0x0000023b6a2d9920 JavaThread "camera-flow" daemon [_thread_blocked, id=7800, stack(0x000000e6f4280000,0x000000e6f4380000)]
  0x0000023b6a2d8f00 JavaThread "camera-flow" daemon [_thread_blocked, id=8896, stack(0x000000e6f4380000,0x000000e6f4480000)]
  0x0000023b6a2ddaf0 JavaThread "camera-flow" daemon [_thread_blocked, id=11972, stack(0x000000e6f4480000,0x000000e6f4580000)]
  0x0000023b6a2def30 JavaThread "camera-flow" daemon [_thread_blocked, id=872, stack(0x000000e6f4580000,0x000000e6f4680000)]
  0x0000023b6a2e0880 JavaThread "bucket-inspection-timeout" daemon [_thread_blocked, id=14368, stack(0x000000e6f4680000,0x000000e6f4780000)]
  0x0000023b6a2df440 JavaThread "ui-publish" daemon [_thread_in_native, id=14372, stack(0x000000e6f4780000,0x000000e6f4880000)]
  0x0000023b6a2dd5e0 JavaThread "ui-publish" daemon [_thread_in_Java, id=14376, stack(0x000000e6f4880000,0x000000e6f4980000)]
  0x0000023b6a2d9410 JavaThread "Java2D Disposer" daemon [_thread_blocked, id=14392, stack(0x000000e6f4a80000,0x000000e6f4b80000)]
  0x0000023b69ca4a40 JavaThread "stage-geometry" daemon [_thread_blocked, id=1712, stack(0x000000e6f1a80000,0x000000e6f1b80000)]
  0x0000023b69ca5970 JavaThread "stage-geometry" daemon [_thread_blocked, id=11244, stack(0x000000e6f1b80000,0x000000e6f1c80000)]
  0x0000023b69fe1500 JavaThread "stage-geometry" daemon [_thread_blocked, id=8268, stack(0x000000e6f3380000,0x000000e6f3480000)]
  0x0000023b69b7bb00 JavaThread "stage-geometry" daemon [_thread_blocked, id=6032, stack(0x000000e6f3480000,0x000000e6f3580000)]
  0x0000023b69b7e890 JavaThread "stage-geometry" daemon [_thread_blocked, id=12928, stack(0x000000e6f3580000,0x000000e6f3680000)]
  0x0000023b69b7b5f0 JavaThread "stage-python" daemon [_thread_blocked, id=14708, stack(0x000000e6f4980000,0x000000e6f4a80000)]
  0x0000023b69b7ca30 JavaThread "stage-python" daemon [_thread_blocked, id=15340, stack(0x000000e6f4b80000,0x000000e6f4c80000)]
  0x0000023b69b7c010 JavaThread "stage-python" daemon [_thread_blocked, id=10720, stack(0x000000e6f4c80000,0x000000e6f4d80000)]
  0x0000023b69b7c520 JavaThread "stage-python" daemon [_thread_blocked, id=14276, stack(0x000000e6f4d80000,0x000000e6f4e80000)]
  0x0000023b69b7a6c0 JavaThread "stage-python" daemon [_thread_blocked, id=10820, stack(0x000000e6f4e80000,0x000000e6f4f80000)]
  0x0000023b69b7e380 JavaThread "stage-decision" daemon [_thread_blocked, id=15224, stack(0x000000e6f5080000,0x000000e6f5180000)]
  0x0000023b69b79790 JavaThread "stage-decision" daemon [_thread_blocked, id=1528, stack(0x000000e6f5180000,0x000000e6f5280000)]
  0x0000023b69b7abd0 JavaThread "stage-decision" daemon [_thread_blocked, id=11820, stack(0x000000e6f5380000,0x000000e6f5480000)]
  0x0000023b69b7cf40 JavaThread "stage-decision" daemon [_thread_blocked, id=1380, stack(0x000000e6f5480000,0x000000e6f5580000)]
  0x0000023b69b7de70 JavaThread "stage-decision" daemon [_thread_blocked, id=2920, stack(0x000000e6f5580000,0x000000e6f5680000)]
  0x0000023b69b78860 JavaThread "stage-geometry" daemon [_thread_blocked, id=5748, stack(0x000000e6f4f80000,0x000000e6f5080000)]
  0x0000023b69b7eda0 JavaThread "stage-geometry" daemon [_thread_blocked, id=5440, stack(0x000000e6f5680000,0x000000e6f5780000)]
  0x0000023b69b7d450 JavaThread "stage-geometry" daemon [_thread_blocked, id=11712, stack(0x000000e6f5780000,0x000000e6f5880000)]
  0x0000023b69b7f2b0 JavaThread "stage-geometry" daemon [_thread_blocked, id=4604, stack(0x000000e6f5880000,0x000000e6f5980000)]
  0x0000023b69b7f7c0 JavaThread "stage-geometry" daemon [_thread_blocked, id=11360, stack(0x000000e6f5980000,0x000000e6f5a80000)]
  0x0000023b69b78d70 JavaThread "stage-python" daemon [_thread_blocked, id=9364, stack(0x000000e6f5a80000,0x000000e6f5b80000)]
  0x0000023b69b78350 JavaThread "stage-python" daemon [_thread_blocked, id=15216, stack(0x000000e6f5b80000,0x000000e6f5c80000)]
  0x0000023b69b7fcd0 JavaThread "stage-python" daemon [_thread_blocked, id=12072, stack(0x000000e6f5c80000,0x000000e6f5d80000)]
  0x0000023b69b79280 JavaThread "stage-decision" daemon [_thread_blocked, id=14712, stack(0x000000e6f5d80000,0x000000e6f5e80000)]
  0x0000023b69b79ca0 JavaThread "stage-decision" daemon [_thread_blocked, id=9132, stack(0x000000e6f5e80000,0x000000e6f5f80000)]
  0x0000023b69b7a1b0 JavaThread "stage-decision" daemon [_thread_blocked, id=8348, stack(0x000000e6f5f80000,0x000000e6f6080000)]
  0x0000023b69b7b0e0 JavaThread "stage-python" daemon [_thread_blocked, id=8380, stack(0x000000e6f6080000,0x000000e6f6180000)]
  0x0000023b6a20da00 JavaThread "stage-decision" daemon [_thread_blocked, id=10892, stack(0x000000e6f6180000,0x000000e6f6280000)]
  0x0000023b6a209830 JavaThread "stage-python" daemon [_thread_blocked, id=3312, stack(0x000000e6f6280000,0x000000e6f6380000)]
  0x0000023b6a20df10 JavaThread "stage-decision" daemon [_thread_blocked, id=10360, stack(0x000000e6f6380000,0x000000e6f6480000)]
  0x0000023b6a20e420 JavaThread "HttpClient-2-Worker-7" daemon [_thread_blocked, id=3292, stack(0x000000e6f6480000,0x000000e6f6580000)]
  0x0000023b6a20cad0 JavaThread "HttpClient-2-Worker-12" daemon [_thread_blocked, id=5732, stack(0x000000e6f1740000,0x000000e6f1840000)]
  0x0000023b6a20f860 JavaThread "HttpClient-2-Worker-13" daemon [_thread_blocked, id=7660, stack(0x000000e6f1980000,0x000000e6f1a80000)]
  0x0000023b6a20d4f0 JavaThread "HttpClient-2-Worker-15" daemon [_thread_blocked, id=13832, stack(0x000000e6f1640000,0x000000e6f1740000)]

Other Threads:
  0x0000023b2391f150 VMThread "VM Thread" [stack: 0x000000e6ee700000,0x000000e6ee800000] [id=12512]
  0x0000023b23b8f010 WatcherThread [stack: 0x000000e6ef200000,0x000000e6ef300000] [id=11056]
  0x0000023b7fcd0f40 GCTaskThread "GC Thread#0" [stack: 0x000000e6ee200000,0x000000e6ee300000] [id=11448]
  0x0000023b691819b0 GCTaskThread "GC Thread#1" [stack: 0x000000e6ef500000,0x000000e6ef600000] [id=12052]
  0x0000023b69181c70 GCTaskThread "GC Thread#2" [stack: 0x000000e6ef600000,0x000000e6ef700000] [id=2840]
  0x0000023b69181f30 GCTaskThread "GC Thread#3" [stack: 0x000000e6ef700000,0x000000e6ef800000] [id=9284]
  0x0000023b691821f0 GCTaskThread "GC Thread#4" [stack: 0x000000e6ef800000,0x000000e6ef900000] [id=7608]
  0x0000023b693282c0 GCTaskThread "GC Thread#5" [stack: 0x000000e6ef900000,0x000000e6efa00000] [id=9464]
  0x0000023b69338120 GCTaskThread "GC Thread#6" [stack: 0x000000e6efa00000,0x000000e6efb00000] [id=1680]
  0x0000023b693383e0 GCTaskThread "GC Thread#7" [stack: 0x000000e6efb00000,0x000000e6efc00000] [id=12780]
  0x0000023b69496000 GCTaskThread "GC Thread#8" [stack: 0x000000e6f1420000,0x000000e6f1520000] [id=13272]
  0x0000023b23c58000 GCTaskThread "GC Thread#9" [stack: 0x000000e6f1520000,0x000000e6f1620000] [id=1724]
  0x0000023b7fce2cb0 ConcurrentGCThread "G1 Main Marker" [stack: 0x000000e6ee300000,0x000000e6ee400000] [id=13264]
  0x0000023b7fce4e80 ConcurrentGCThread "G1 Conc#0" [stack: 0x000000e6ee400000,0x000000e6ee500000] [id=13968]
  0x0000023b69d0a590 ConcurrentGCThread "G1 Conc#1" [stack: 0x000000e6f1f80000,0x000000e6f2080000] [id=13384]
  0x0000023b69e1ca70 ConcurrentGCThread "G1 Conc#2" [stack: 0x000000e6f2080000,0x000000e6f2180000] [id=13344]
  0x0000023b7fd2d5f0 ConcurrentGCThread "G1 Refine#0" [stack: 0x000000e6ee500000,0x000000e6ee600000] [id=6060]
  0x0000023b7fd2e020 ConcurrentGCThread "G1 Service" [stack: 0x000000e6ee600000,0x000000e6ee700000] [id=6272]

Threads with active compile tasks:
C2 CompilerThread0  80838121 9427   !   4       jdk.internal.net.http.SocketTube$InternalReadPublisher$InternalReadSubscription::read (1640 bytes)

VM state: not at safepoint (normal execution)

VM Mutex/Monitor currently owned by a thread: None

Heap address: 0x0000000701e00000, size: 4066 MB, Compressed Oops mode: Zero based, Oop shift amount: 3

CDS archive(s) mapped at: [0x0000023b24000000-0x0000023b24bb0000-0x0000023b24bb0000), size 12255232, SharedBaseAddress: 0x0000023b24000000, ArchiveRelocationMode: 1.
Compressed class space mapped at: 0x0000023b25000000-0x0000023b65000000, reserved size: 1073741824
Narrow klass base: 0x0000023b24000000, Narrow klass shift: 0, Narrow klass range: 0x100000000

GC Precious Log:
 CPUs: 12 total, 12 available
 Memory: 16262M
 Large Page Support: Disabled
 NUMA Support: Disabled
 Compressed Oops: Enabled (Zero based)
 Heap Region Size: 2M
 Heap Min Capacity: 8M
 Heap Initial Capacity: 256M
 Heap Max Capacity: 4066M
 Pre-touch: Disabled
 Parallel Workers: 10
 Concurrent Workers: 3
 Concurrent Refinement Workers: 10
 Periodic GC: Disabled

Heap:
 garbage-first heap   total 415744K, used 320014K [0x0000000701e00000, 0x0000000800000000)
  region size 2048K, 9 young (18432K), 1 survivors (2048K)
 Metaspace       used 30111K, committed 30656K, reserved 1114112K
  class space    used 3008K, committed 3328K, reserved 1048576K

Heap Regions: E=young(eden), S=young(survivor), O=old, HS=humongous(starts), HC=humongous(continues), CS=collection set, F=free, OA=open archive, CA=closed archive, TAMS=top-at-mark-start (previous, next)
|   0|0x0000000701e00000, 0x0000000702000000, 0x0000000702000000|100%| O|  |TAMS 0x0000000702000000, 0x0000000701e00000| Untracked 
|   1|0x0000000702000000, 0x00000007021cc400, 0x0000000702200000| 89%| O|  |TAMS 0x00000007021cc400, 0x0000000702000000| Untracked 
|   2|0x0000000702200000, 0x0000000702400000, 0x0000000702400000|100%| O|  |TAMS 0x0000000702400000, 0x0000000702200000| Untracked 
|   3|0x0000000702400000, 0x0000000702600000, 0x0000000702600000|100%| O|  |TAMS 0x0000000702600000, 0x0000000702400000| Untracked 
|   4|0x0000000702600000, 0x0000000702800000, 0x0000000702800000|100%| O|  |TAMS 0x0000000702800000, 0x0000000702600000| Untracked 
|   5|0x0000000702800000, 0x0000000702a00000, 0x0000000702a00000|100%|HS|  |TAMS 0x0000000702800000, 0x0000000702800000| Complete 
|   6|0x0000000702a00000, 0x0000000702c00000, 0x0000000702c00000|100%|HC|  |TAMS 0x0000000702a00000, 0x0000000702a00000| Complete 
|   7|0x0000000702c00000, 0x0000000702e00000, 0x0000000702e00000|100%|HS|  |TAMS 0x0000000702c00000, 0x0000000702c00000| Complete 
|   8|0x0000000702e00000, 0x0000000703000000, 0x0000000703000000|100%|HC|  |TAMS 0x0000000702e00000, 0x0000000702e00000| Complete 
|   9|0x0000000703000000, 0x0000000703200000, 0x0000000703200000|100%| O|  |TAMS 0x0000000703200000, 0x0000000703000000| Untracked 
|  10|0x0000000703200000, 0x0000000703400000, 0x0000000703400000|100%|HS|  |TAMS 0x0000000703200000, 0x0000000703200000| Complete 
|  11|0x0000000703400000, 0x0000000703600000, 0x0000000703600000|100%|HC|  |TAMS 0x0000000703400000, 0x0000000703400000| Complete 
|  12|0x0000000703600000, 0x0000000703800000, 0x0000000703800000|100%|HS|  |TAMS 0x0000000703600000, 0x0000000703600000| Complete 
|  13|0x0000000703800000, 0x0000000703a00000, 0x0000000703a00000|100%|HC|  |TAMS 0x0000000703800000, 0x0000000703800000| Complete 
|  14|0x0000000703a00000, 0x0000000703c00000, 0x0000000703c00000|100%|HS|  |TAMS 0x0000000703a00000, 0x0000000703a00000| Complete 
|  15|0x0000000703c00000, 0x0000000703e00000, 0x0000000703e00000|100%|HC|  |TAMS 0x0000000703c00000, 0x0000000703c00000| Complete 
|  16|0x0000000703e00000, 0x0000000703e4d7c8, 0x0000000704000000| 15%| S|CS|TAMS 0x0000000703e00000, 0x0000000703e00000| Complete 
|  17|0x0000000704000000, 0x00000007041d6200, 0x0000000704200000| 91%| O|  |TAMS 0x00000007041d6200, 0x0000000704000000| Untracked 
|  18|0x0000000704200000, 0x0000000704400000, 0x0000000704400000|100%|HS|  |TAMS 0x0000000704200000, 0x0000000704200000| Complete 
|  19|0x0000000704400000, 0x0000000704600000, 0x0000000704600000|100%|HC|  |TAMS 0x0000000704400000, 0x0000000704400000| Complete 
|  20|0x0000000704600000, 0x0000000704800000, 0x0000000704800000|100%|HS|  |TAMS 0x0000000704600000, 0x0000000704600000| Complete 
|  21|0x0000000704800000, 0x0000000704a00000, 0x0000000704a00000|100%|HC|  |TAMS 0x0000000704800000, 0x0000000704800000| Complete 
|  22|0x0000000704a00000, 0x0000000704c00000, 0x0000000704c00000|100%| O|  |TAMS 0x0000000704c00000, 0x0000000704a00000| Untracked 
|  23|0x0000000704c00000, 0x0000000704e00000, 0x0000000704e00000|100%|HS|  |TAMS 0x0000000704c00000, 0x0000000704c00000| Complete 
|  24|0x0000000704e00000, 0x0000000705000000, 0x0000000705000000|100%|HC|  |TAMS 0x0000000704e00000, 0x0000000704e00000| Complete 
|  25|0x0000000705000000, 0x00000007051d4200, 0x0000000705200000| 91%| O|  |TAMS 0x00000007051d4200, 0x0000000705000000| Untracked 
|  26|0x0000000705200000, 0x00000007053d9400, 0x0000000705400000| 92%| O|  |TAMS 0x00000007053d9400, 0x0000000705200000| Untracked 
|  27|0x0000000705400000, 0x00000007055eb800, 0x0000000705600000| 95%| O|  |TAMS 0x00000007055eb800, 0x0000000705400000| Untracked 
|  28|0x0000000705600000, 0x0000000705800000, 0x0000000705800000|100%| O|  |TAMS 0x0000000705800000, 0x0000000705600000| Untracked 
|  29|0x0000000705800000, 0x00000007059f7800, 0x0000000705a00000| 98%| O|  |TAMS 0x00000007059f7800, 0x0000000705800000| Untracked 
|  30|0x0000000705a00000, 0x0000000705bbe000, 0x0000000705c00000| 87%| O|  |TAMS 0x0000000705bbe000, 0x0000000705a00000| Untracked 
|  31|0x0000000705c00000, 0x0000000705e00000, 0x0000000705e00000|100%| O|  |TAMS 0x0000000705e00000, 0x0000000705c00000| Untracked 
|  32|0x0000000705e00000, 0x0000000705fbc400, 0x0000000706000000| 86%| O|  |TAMS 0x0000000705fbc400, 0x0000000705e00000| Untracked 
|  33|0x0000000706000000, 0x0000000706200000, 0x0000000706200000|100%| O|  |TAMS 0x0000000706200000, 0x0000000706000000| Untracked 
|  34|0x0000000706200000, 0x0000000706400000, 0x0000000706400000|100%|HS|  |TAMS 0x0000000706200000, 0x0000000706200000| Complete 
|  35|0x0000000706400000, 0x0000000706600000, 0x0000000706600000|100%|HC|  |TAMS 0x0000000706400000, 0x0000000706400000| Complete 
|  36|0x0000000706600000, 0x00000007067a9600, 0x0000000706800000| 83%| O|  |TAMS 0x0000000706798400, 0x0000000706600000| Complete 
|  37|0x0000000706800000, 0x00000007069db600, 0x0000000706a00000| 92%| O|  |TAMS 0x00000007069db600, 0x0000000706800000| Untracked 
|  38|0x0000000706a00000, 0x0000000706bd7a00, 0x0000000706c00000| 92%| O|  |TAMS 0x0000000706bd7a00, 0x0000000706a00000| Untracked 
|  39|0x0000000706c00000, 0x0000000706ddd200, 0x0000000706e00000| 93%| O|  |TAMS 0x0000000706ddd200, 0x0000000706c00000| Untracked 
|  40|0x0000000706e00000, 0x0000000707000000, 0x0000000707000000|100%| O|  |TAMS 0x0000000707000000, 0x0000000706e00000| Untracked 
|  41|0x0000000707000000, 0x0000000707200000, 0x0000000707200000|100%| O|  |TAMS 0x0000000707200000, 0x0000000707000000| Untracked 
|  42|0x0000000707200000, 0x00000007073cbc00, 0x0000000707400000| 89%| O|  |TAMS 0x00000007073cbc00, 0x0000000707200000| Untracked 
|  43|0x0000000707400000, 0x00000007075b7800, 0x0000000707600000| 85%| O|  |TAMS 0x00000007075b7800, 0x0000000707400000| Untracked 
|  44|0x0000000707600000, 0x00000007077de000, 0x0000000707800000| 93%| O|  |TAMS 0x00000007077de000, 0x0000000707600000| Untracked 
|  45|0x0000000707800000, 0x00000007079e8a00, 0x0000000707a00000| 95%| O|  |TAMS 0x00000007079e8a00, 0x0000000707800000| Untracked 
|  46|0x0000000707a00000, 0x0000000707be1600, 0x0000000707c00000| 94%| O|  |TAMS 0x0000000707be1600, 0x0000000707a00000| Untracked 
|  47|0x0000000707c00000, 0x0000000707e00000, 0x0000000707e00000|100%| O|  |TAMS 0x0000000707e00000, 0x0000000707c00000| Untracked 
|  48|0x0000000707e00000, 0x0000000708000000, 0x0000000708000000|100%| O|  |TAMS 0x0000000708000000, 0x0000000707e00000| Untracked 
|  49|0x0000000708000000, 0x0000000708200000, 0x0000000708200000|100%| O|  |TAMS 0x0000000708200000, 0x0000000708000000| Untracked 
|  50|0x0000000708200000, 0x0000000708400000, 0x0000000708400000|100%|HS|  |TAMS 0x0000000708200000, 0x0000000708200000| Complete 
|  51|0x0000000708400000, 0x0000000708600000, 0x0000000708600000|100%|HC|  |TAMS 0x0000000708400000, 0x0000000708400000| Complete 
|  52|0x0000000708600000, 0x0000000708800000, 0x0000000708800000|100%| O|  |TAMS 0x0000000708800000, 0x0000000708600000| Untracked 
|  53|0x0000000708800000, 0x0000000708a00000, 0x0000000708a00000|100%|HS|  |TAMS 0x0000000708800000, 0x0000000708800000| Complete 
|  54|0x0000000708a00000, 0x0000000708c00000, 0x0000000708c00000|100%|HC|  |TAMS 0x0000000708a00000, 0x0000000708a00000| Complete 
|  55|0x0000000708c00000, 0x0000000708c00000, 0x0000000708e00000|  0%| F|  |TAMS 0x0000000708c00000, 0x0000000708c00000| Untracked 
|  56|0x0000000708e00000, 0x0000000709000000, 0x0000000709000000|100%| O|  |TAMS 0x0000000709000000, 0x0000000708e00000| Untracked 
|  57|0x0000000709000000, 0x0000000709200000, 0x0000000709200000|100%| O|  |TAMS 0x0000000709200000, 0x0000000709000000| Untracked 
|  58|0x0000000709200000, 0x00000007093f8a00, 0x0000000709400000| 98%| O|  |TAMS 0x00000007093f8a00, 0x0000000709200000| Untracked 
|  59|0x0000000709400000, 0x0000000709600000, 0x0000000709600000|100%| O|  |TAMS 0x0000000709600000, 0x0000000709400000| Untracked 
|  60|0x0000000709600000, 0x00000007097ce800, 0x0000000709800000| 90%| O|  |TAMS 0x00000007097ce800, 0x0000000709600000| Untracked 
|  61|0x0000000709800000, 0x0000000709a00000, 0x0000000709a00000|100%|HS|  |TAMS 0x0000000709800000, 0x0000000709800000| Complete 
|  62|0x0000000709a00000, 0x0000000709c00000, 0x0000000709c00000|100%|HC|  |TAMS 0x0000000709a00000, 0x0000000709a00000| Complete 
|  63|0x0000000709c00000, 0x0000000709e00000, 0x0000000709e00000|100%|HS|  |TAMS 0x0000000709c00000, 0x0000000709c00000| Complete 
|  64|0x0000000709e00000, 0x000000070a000000, 0x000000070a000000|100%|HC|  |TAMS 0x0000000709e00000, 0x0000000709e00000| Complete 
|  65|0x000000070a000000, 0x000000070a200000, 0x000000070a200000|100%| O|  |TAMS 0x000000070a200000, 0x000000070a000000| Untracked 
|  66|0x000000070a200000, 0x000000070a400000, 0x000000070a400000|100%| O|  |TAMS 0x000000070a400000, 0x000000070a200000| Untracked 
|  67|0x000000070a400000, 0x000000070a600000, 0x000000070a600000|100%|HS|  |TAMS 0x000000070a400000, 0x000000070a400000| Complete 
|  68|0x000000070a600000, 0x000000070a800000, 0x000000070a800000|100%|HC|  |TAMS 0x000000070a600000, 0x000000070a600000| Complete 
|  69|0x000000070a800000, 0x000000070aa00000, 0x000000070aa00000|100%|HS|  |TAMS 0x000000070a800000, 0x000000070a800000| Complete 
|  70|0x000000070aa00000, 0x000000070ac00000, 0x000000070ac00000|100%|HC|  |TAMS 0x000000070aa00000, 0x000000070aa00000| Complete 
|  71|0x000000070ac00000, 0x000000070ae00000, 0x000000070ae00000|100%|HS|  |TAMS 0x000000070ac00000, 0x000000070ac00000| Complete 
|  72|0x000000070ae00000, 0x000000070b000000, 0x000000070b000000|100%|HC|  |TAMS 0x000000070ae00000, 0x000000070ae00000| Complete 
|  73|0x000000070b000000, 0x000000070b200000, 0x000000070b200000|100%|HS|  |TAMS 0x000000070b000000, 0x000000070b000000| Complete 
|  74|0x000000070b200000, 0x000000070b400000, 0x000000070b400000|100%|HC|  |TAMS 0x000000070b200000, 0x000000070b200000| Complete 
|  75|0x000000070b400000, 0x000000070b600000, 0x000000070b600000|100%|HS|  |TAMS 0x000000070b400000, 0x000000070b400000| Complete 
|  76|0x000000070b600000, 0x000000070b800000, 0x000000070b800000|100%|HC|  |TAMS 0x000000070b600000, 0x000000070b600000| Complete 
|  77|0x000000070b800000, 0x000000070b9df800, 0x000000070ba00000| 93%| O|  |TAMS 0x000000070b9df800, 0x000000070b800000| Untracked 
|  78|0x000000070ba00000, 0x000000070bbc8600, 0x000000070bc00000| 89%| O|  |TAMS 0x000000070bbc8600, 0x000000070ba00000| Untracked 
|  79|0x000000070bc00000, 0x000000070be00000, 0x000000070be00000|100%| O|  |TAMS 0x000000070be00000, 0x000000070bc00000| Untracked 
|  80|0x000000070be00000, 0x000000070c000000, 0x000000070c000000|100%|HS|  |TAMS 0x000000070be00000, 0x000000070be00000| Complete 
|  81|0x000000070c000000, 0x000000070c200000, 0x000000070c200000|100%|HC|  |TAMS 0x000000070c000000, 0x000000070c000000| Complete 
|  82|0x000000070c200000, 0x000000070c400000, 0x000000070c400000|100%|HS|  |TAMS 0x000000070c200000, 0x000000070c200000| Complete 
|  83|0x000000070c400000, 0x000000070c600000, 0x000000070c600000|100%|HC|  |TAMS 0x000000070c400000, 0x000000070c400000| Complete 
|  84|0x000000070c600000, 0x000000070c800000, 0x000000070c800000|100%|HS|  |TAMS 0x000000070c600000, 0x000000070c600000| Complete 
|  85|0x000000070c800000, 0x000000070ca00000, 0x000000070ca00000|100%|HC|  |TAMS 0x000000070c800000, 0x000000070c800000| Complete 
|  86|0x000000070ca00000, 0x000000070cc00000, 0x000000070cc00000|100%|HS|  |TAMS 0x000000070ca00000, 0x000000070ca00000| Complete 
|  87|0x000000070cc00000, 0x000000070ce00000, 0x000000070ce00000|100%|HC|  |TAMS 0x000000070cc00000, 0x000000070cc00000| Complete 
|  88|0x000000070ce00000, 0x000000070d000000, 0x000000070d000000|100%|HS|  |TAMS 0x000000070ce00000, 0x000000070ce00000| Complete 
|  89|0x000000070d000000, 0x000000070d200000, 0x000000070d200000|100%|HC|  |TAMS 0x000000070d000000, 0x000000070d000000| Complete 
|  90|0x000000070d200000, 0x000000070d400000, 0x000000070d400000|100%| O|  |TAMS 0x000000070d400000, 0x000000070d200000| Untracked 
|  91|0x000000070d400000, 0x000000070d600000, 0x000000070d600000|100%| O|  |TAMS 0x000000070d600000, 0x000000070d400000| Untracked 
|  92|0x000000070d600000, 0x000000070d800000, 0x000000070d800000|100%|HS|  |TAMS 0x000000070d600000, 0x000000070d600000| Complete 
|  93|0x000000070d800000, 0x000000070da00000, 0x000000070da00000|100%|HC|  |TAMS 0x000000070d800000, 0x000000070d800000| Complete 
|  94|0x000000070da00000, 0x000000070dc00000, 0x000000070dc00000|100%|HS|  |TAMS 0x000000070da00000, 0x000000070da00000| Complete 
|  95|0x000000070dc00000, 0x000000070de00000, 0x000000070de00000|100%|HC|  |TAMS 0x000000070dc00000, 0x000000070dc00000| Complete 
|  96|0x000000070de00000, 0x000000070e000000, 0x000000070e000000|100%|HS|  |TAMS 0x000000070de00000, 0x000000070de00000| Complete 
|  97|0x000000070e000000, 0x000000070e200000, 0x000000070e200000|100%|HC|  |TAMS 0x000000070e000000, 0x000000070e000000| Complete 
|  98|0x000000070e200000, 0x000000070e400000, 0x000000070e400000|100%|HS|  |TAMS 0x000000070e200000, 0x000000070e200000| Complete 
|  99|0x000000070e400000, 0x000000070e600000, 0x000000070e600000|100%|HC|  |TAMS 0x000000070e400000, 0x000000070e400000| Complete 
| 100|0x000000070e600000, 0x000000070e800000, 0x000000070e800000|100%|HS|  |TAMS 0x000000070e600000, 0x000000070e600000| Complete 
| 101|0x000000070e800000, 0x000000070ea00000, 0x000000070ea00000|100%|HC|  |TAMS 0x000000070e800000, 0x000000070e800000| Complete 
| 102|0x000000070ea00000, 0x000000070ec00000, 0x000000070ec00000|100%|HS|  |TAMS 0x000000070ea00000, 0x000000070ea00000| Complete 
| 103|0x000000070ec00000, 0x000000070ee00000, 0x000000070ee00000|100%|HC|  |TAMS 0x000000070ec00000, 0x000000070ec00000| Complete 
| 104|0x000000070ee00000, 0x000000070f000000, 0x000000070f000000|100%|HS|  |TAMS 0x000000070ee00000, 0x000000070ee00000| Complete 
| 105|0x000000070f000000, 0x000000070f200000, 0x000000070f200000|100%|HC|  |TAMS 0x000000070f000000, 0x000000070f000000| Complete 
| 106|0x000000070f200000, 0x000000070f400000, 0x000000070f400000|100%|HS|  |TAMS 0x000000070f200000, 0x000000070f200000| Complete 
| 107|0x000000070f400000, 0x000000070f600000, 0x000000070f600000|100%|HC|  |TAMS 0x000000070f400000, 0x000000070f400000| Complete 
| 108|0x000000070f600000, 0x000000070f800000, 0x000000070f800000|100%|HS|  |TAMS 0x000000070f600000, 0x000000070f600000| Complete 
| 109|0x000000070f800000, 0x000000070fa00000, 0x000000070fa00000|100%|HC|  |TAMS 0x000000070f800000, 0x000000070f800000| Complete 
| 110|0x000000070fa00000, 0x000000070fc00000, 0x000000070fc00000|100%|HS|  |TAMS 0x000000070fa00000, 0x000000070fa00000| Complete 
| 111|0x000000070fc00000, 0x000000070fe00000, 0x000000070fe00000|100%|HC|  |TAMS 0x000000070fc00000, 0x000000070fc00000| Complete 
| 112|0x000000070fe00000, 0x0000000710000000, 0x0000000710000000|100%|HS|  |TAMS 0x000000070fe00000, 0x000000070fe00000| Complete 
| 113|0x0000000710000000, 0x0000000710200000, 0x0000000710200000|100%|HC|  |TAMS 0x0000000710000000, 0x0000000710000000| Complete 
| 114|0x0000000710200000, 0x0000000710400000, 0x0000000710400000|100%|HS|  |TAMS 0x0000000710200000, 0x0000000710200000| Complete 
| 115|0x0000000710400000, 0x0000000710600000, 0x0000000710600000|100%|HC|  |TAMS 0x0000000710400000, 0x0000000710400000| Complete 
| 116|0x0000000710600000, 0x0000000710800000, 0x0000000710800000|100%|HS|  |TAMS 0x0000000710600000, 0x0000000710600000| Complete 
| 117|0x0000000710800000, 0x0000000710a00000, 0x0000000710a00000|100%|HC|  |TAMS 0x0000000710800000, 0x0000000710800000| Complete 
| 118|0x0000000710a00000, 0x0000000710c00000, 0x0000000710c00000|100%|HS|  |TAMS 0x0000000710a00000, 0x0000000710a00000| Complete 
| 119|0x0000000710c00000, 0x0000000710e00000, 0x0000000710e00000|100%|HC|  |TAMS 0x0000000710c00000, 0x0000000710c00000| Complete 
| 120|0x0000000710e00000, 0x0000000710e00000, 0x0000000711000000|  0%| F|  |TAMS 0x0000000710e00000, 0x0000000710e00000| Untracked 
| 121|0x0000000711000000, 0x0000000711000000, 0x0000000711200000|  0%| F|  |TAMS 0x0000000711000000, 0x0000000711000000| Untracked 
| 122|0x0000000711200000, 0x0000000711400000, 0x0000000711400000|100%|HS|  |TAMS 0x0000000711200000, 0x0000000711200000| Complete 
| 123|0x0000000711400000, 0x0000000711600000, 0x0000000711600000|100%|HC|  |TAMS 0x0000000711400000, 0x0000000711400000| Complete 
| 124|0x0000000711600000, 0x0000000711800000, 0x0000000711800000|100%|HS|  |TAMS 0x0000000711600000, 0x0000000711600000| Complete 
| 125|0x0000000711800000, 0x0000000711a00000, 0x0000000711a00000|100%|HC|  |TAMS 0x0000000711800000, 0x0000000711800000| Complete 
| 126|0x0000000711a00000, 0x0000000711a00000, 0x0000000711c00000|  0%| F|  |TAMS 0x0000000711a00000, 0x0000000711a00000| Untracked 
| 127|0x0000000711c00000, 0x0000000711c00000, 0x0000000711e00000|  0%| F|  |TAMS 0x0000000711c00000, 0x0000000711c00000| Untracked 
| 128|0x0000000711e00000, 0x0000000712000000, 0x0000000712000000|100%|HS|  |TAMS 0x0000000711e00000, 0x0000000711e00000| Complete 
| 129|0x0000000712000000, 0x0000000712200000, 0x0000000712200000|100%|HC|  |TAMS 0x0000000712000000, 0x0000000712000000| Complete 
| 130|0x0000000712200000, 0x0000000712400000, 0x0000000712400000|100%|HS|  |TAMS 0x0000000712200000, 0x0000000712200000| Complete 
| 131|0x0000000712400000, 0x0000000712600000, 0x0000000712600000|100%|HC|  |TAMS 0x0000000712400000, 0x0000000712400000| Complete 
| 132|0x0000000712600000, 0x0000000712600000, 0x0000000712800000|  0%| F|  |TAMS 0x0000000712600000, 0x0000000712600000| Untracked 
| 133|0x0000000712800000, 0x0000000712800000, 0x0000000712a00000|  0%| F|  |TAMS 0x0000000712800000, 0x0000000712800000| Untracked 
| 134|0x0000000712a00000, 0x0000000712c00000, 0x0000000712c00000|100%|HS|  |TAMS 0x0000000712a00000, 0x0000000712a00000| Complete 
| 135|0x0000000712c00000, 0x0000000712e00000, 0x0000000712e00000|100%|HC|  |TAMS 0x0000000712c00000, 0x0000000712c00000| Complete 
| 136|0x0000000712e00000, 0x0000000713000000, 0x0000000713000000|100%|HS|  |TAMS 0x0000000712e00000, 0x0000000712e00000| Complete 
| 137|0x0000000713000000, 0x0000000713200000, 0x0000000713200000|100%|HC|  |TAMS 0x0000000713000000, 0x0000000713000000| Complete 
| 138|0x0000000713200000, 0x0000000713200000, 0x0000000713400000|  0%| F|  |TAMS 0x0000000713200000, 0x0000000713200000| Untracked 
| 139|0x0000000713400000, 0x0000000713400000, 0x0000000713600000|  0%| F|  |TAMS 0x0000000713400000, 0x0000000713400000| Untracked 
| 140|0x0000000713600000, 0x0000000713800000, 0x0000000713800000|100%|HS|  |TAMS 0x0000000713600000, 0x0000000713600000| Complete 
| 141|0x0000000713800000, 0x0000000713a00000, 0x0000000713a00000|100%|HC|  |TAMS 0x0000000713800000, 0x0000000713800000| Complete 
| 142|0x0000000713a00000, 0x0000000713c00000, 0x0000000713c00000|100%|HS|  |TAMS 0x0000000713a00000, 0x0000000713a00000| Complete 
| 143|0x0000000713c00000, 0x0000000713e00000, 0x0000000713e00000|100%|HC|  |TAMS 0x0000000713c00000, 0x0000000713c00000| Complete 
| 144|0x0000000713e00000, 0x0000000713e00000, 0x0000000714000000|  0%| F|  |TAMS 0x0000000713e00000, 0x0000000713e00000| Untracked 
| 145|0x0000000714000000, 0x0000000714000000, 0x0000000714200000|  0%| F|  |TAMS 0x0000000714000000, 0x0000000714000000| Untracked 
| 146|0x0000000714200000, 0x0000000714400000, 0x0000000714400000|100%|HS|  |TAMS 0x0000000714200000, 0x0000000714200000| Complete 
| 147|0x0000000714400000, 0x0000000714600000, 0x0000000714600000|100%|HC|  |TAMS 0x0000000714400000, 0x0000000714400000| Complete 
| 148|0x0000000714600000, 0x0000000714800000, 0x0000000714800000|100%|HS|  |TAMS 0x0000000714600000, 0x0000000714600000| Complete 
| 149|0x0000000714800000, 0x0000000714a00000, 0x0000000714a00000|100%|HC|  |TAMS 0x0000000714800000, 0x0000000714800000| Complete 
| 150|0x0000000714a00000, 0x0000000714a00000, 0x0000000714c00000|  0%| F|  |TAMS 0x0000000714a00000, 0x0000000714a00000| Untracked 
| 151|0x0000000714c00000, 0x0000000714c00000, 0x0000000714e00000|  0%| F|  |TAMS 0x0000000714c00000, 0x0000000714c00000| Untracked 
| 152|0x0000000714e00000, 0x0000000714e00000, 0x0000000715000000|  0%| F|  |TAMS 0x0000000714e00000, 0x0000000714e00000| Untracked 
| 153|0x0000000715000000, 0x0000000715000000, 0x0000000715200000|  0%| F|  |TAMS 0x0000000715000000, 0x0000000715000000| Untracked 
| 154|0x0000000715200000, 0x0000000715200000, 0x0000000715400000|  0%| F|  |TAMS 0x0000000715200000, 0x0000000715200000| Untracked 
| 155|0x0000000715400000, 0x0000000715400000, 0x0000000715600000|  0%| F|  |TAMS 0x0000000715400000, 0x0000000715400000| Untracked 
| 156|0x0000000715600000, 0x0000000715600000, 0x0000000715800000|  0%| F|  |TAMS 0x0000000715600000, 0x0000000715600000| Untracked 
| 157|0x0000000715800000, 0x0000000715800000, 0x0000000715a00000|  0%| F|  |TAMS 0x0000000715800000, 0x0000000715800000| Untracked 
| 158|0x0000000715a00000, 0x0000000715a00000, 0x0000000715c00000|  0%| F|  |TAMS 0x0000000715a00000, 0x0000000715a00000| Untracked 
| 159|0x0000000715c00000, 0x0000000715c00000, 0x0000000715e00000|  0%| F|  |TAMS 0x0000000715c00000, 0x0000000715c00000| Untracked 
| 160|0x0000000715e00000, 0x0000000715e00000, 0x0000000716000000|  0%| F|  |TAMS 0x0000000715e00000, 0x0000000715e00000| Untracked 
| 161|0x0000000716000000, 0x0000000716000000, 0x0000000716200000|  0%| F|  |TAMS 0x0000000716000000, 0x0000000716000000| Untracked 
| 162|0x0000000716200000, 0x0000000716200000, 0x0000000716400000|  0%| F|  |TAMS 0x0000000716200000, 0x0000000716200000| Untracked 
| 163|0x0000000716400000, 0x0000000716400000, 0x0000000716600000|  0%| F|  |TAMS 0x0000000716400000, 0x0000000716400000| Untracked 
| 164|0x0000000716600000, 0x0000000716600000, 0x0000000716800000|  0%| F|  |TAMS 0x0000000716600000, 0x0000000716600000| Untracked 
| 165|0x0000000716800000, 0x0000000716800000, 0x0000000716a00000|  0%| F|  |TAMS 0x0000000716800000, 0x0000000716800000| Untracked 
| 166|0x0000000716a00000, 0x0000000716a00000, 0x0000000716c00000|  0%| F|  |TAMS 0x0000000716a00000, 0x0000000716a00000| Untracked 
| 167|0x0000000716c00000, 0x0000000716c00000, 0x0000000716e00000|  0%| F|  |TAMS 0x0000000716c00000, 0x0000000716c00000| Untracked 
| 168|0x0000000716e00000, 0x0000000716e00000, 0x0000000717000000|  0%| F|  |TAMS 0x0000000716e00000, 0x0000000716e00000| Untracked 
| 169|0x0000000717000000, 0x0000000717000000, 0x0000000717200000|  0%| F|  |TAMS 0x0000000717000000, 0x0000000717000000| Untracked 
| 170|0x0000000717200000, 0x0000000717200000, 0x0000000717400000|  0%| F|  |TAMS 0x0000000717200000, 0x0000000717200000| Untracked 
| 171|0x0000000717400000, 0x0000000717400000, 0x0000000717600000|  0%| F|  |TAMS 0x0000000717400000, 0x0000000717400000| Untracked 
| 172|0x0000000717600000, 0x0000000717600000, 0x0000000717800000|  0%| F|  |TAMS 0x0000000717600000, 0x0000000717600000| Untracked 
| 173|0x0000000717800000, 0x0000000717800000, 0x0000000717a00000|  0%| F|  |TAMS 0x0000000717800000, 0x0000000717800000| Untracked 
| 174|0x0000000717a00000, 0x0000000717a00000, 0x0000000717c00000|  0%| F|  |TAMS 0x0000000717a00000, 0x0000000717a00000| Untracked 
| 175|0x0000000717c00000, 0x0000000717c00000, 0x0000000717e00000|  0%| F|  |TAMS 0x0000000717c00000, 0x0000000717c00000| Untracked 
| 176|0x0000000717e00000, 0x0000000717e00000, 0x0000000718000000|  0%| F|  |TAMS 0x0000000717e00000, 0x0000000717e00000| Untracked 
| 177|0x0000000718000000, 0x0000000718000000, 0x0000000718200000|  0%| F|  |TAMS 0x0000000718000000, 0x0000000718000000| Untracked 
| 178|0x0000000718200000, 0x0000000718200000, 0x0000000718400000|  0%| F|  |TAMS 0x0000000718200000, 0x0000000718200000| Untracked 
| 179|0x0000000718400000, 0x0000000718400000, 0x0000000718600000|  0%| F|  |TAMS 0x0000000718400000, 0x0000000718400000| Untracked 
| 180|0x0000000718600000, 0x0000000718800000, 0x0000000718800000|100%| E|  |TAMS 0x0000000718600000, 0x0000000718600000| Complete 
| 181|0x0000000718800000, 0x0000000718a00000, 0x0000000718a00000|100%| E|CS|TAMS 0x0000000718800000, 0x0000000718800000| Complete 
| 182|0x0000000718a00000, 0x0000000718c00000, 0x0000000718c00000|100%| E|CS|TAMS 0x0000000718a00000, 0x0000000718a00000| Complete 
| 183|0x0000000718c00000, 0x0000000718e00000, 0x0000000718e00000|100%| E|CS|TAMS 0x0000000718c00000, 0x0000000718c00000| Complete 
| 184|0x0000000718e00000, 0x0000000719000000, 0x0000000719000000|100%| E|CS|TAMS 0x0000000718e00000, 0x0000000718e00000| Complete 
| 185|0x0000000719000000, 0x0000000719200000, 0x0000000719200000|100%| E|  |TAMS 0x0000000719000000, 0x0000000719000000| Complete 
| 186|0x0000000719200000, 0x0000000719400000, 0x0000000719400000|100%|HS|  |TAMS 0x0000000719200000, 0x0000000719200000| Complete 
| 187|0x0000000719400000, 0x0000000719600000, 0x0000000719600000|100%|HC|  |TAMS 0x0000000719400000, 0x0000000719400000| Complete 
| 188|0x0000000719600000, 0x0000000719800000, 0x0000000719800000|100%|HS|  |TAMS 0x0000000719600000, 0x0000000719600000| Complete 
| 189|0x0000000719800000, 0x0000000719a00000, 0x0000000719a00000|100%|HC|  |TAMS 0x0000000719800000, 0x0000000719800000| Complete 
| 190|0x0000000719a00000, 0x0000000719c00000, 0x0000000719c00000|100%|HS|  |TAMS 0x0000000719a00000, 0x0000000719a00000| Complete 
| 191|0x0000000719c00000, 0x0000000719e00000, 0x0000000719e00000|100%|HC|  |TAMS 0x0000000719c00000, 0x0000000719c00000| Complete 
| 192|0x0000000719e00000, 0x000000071a000000, 0x000000071a000000|100%|HS|  |TAMS 0x0000000719e00000, 0x0000000719e00000| Complete 
| 193|0x000000071a000000, 0x000000071a200000, 0x000000071a200000|100%|HC|  |TAMS 0x000000071a000000, 0x000000071a000000| Complete 
| 195|0x000000071a400000, 0x000000071a600000, 0x000000071a600000|100%| E|CS|TAMS 0x000000071a400000, 0x000000071a400000| Complete 
|2025|0x00000007ff000000, 0x00000007ff200000, 0x00000007ff200000|100%| O|  |TAMS 0x00000007ff200000, 0x00000007ff000000| Untracked 
|2026|0x00000007ff200000, 0x00000007ff208a00, 0x00000007ff400000|  1%| O|  |TAMS 0x00000007ff200000, 0x00000007ff200000| Untracked 
|2027|0x00000007ff400000, 0x00000007ff600000, 0x00000007ff600000|100%| O|  |TAMS 0x00000007ff600000, 0x00000007ff400000| Untracked 
|2028|0x00000007ff600000, 0x00000007ff800000, 0x00000007ff800000|100%| O|  |TAMS 0x00000007ff800000, 0x00000007ff600000| Untracked 
|2029|0x00000007ff800000, 0x00000007ff9f1a00, 0x00000007ffa00000| 97%| O|  |TAMS 0x00000007ff9f1a00, 0x00000007ff800000| Untracked 
|2030|0x00000007ffa00000, 0x00000007ffbd5e00, 0x00000007ffc00000| 91%| O|  |TAMS 0x00000007ffbd5e00, 0x00000007ffa00000| Untracked 
|2031|0x00000007ffc00000, 0x00000007ffde5600, 0x00000007ffe00000| 94%| O|  |TAMS 0x00000007ffde5600, 0x00000007ffc00000| Untracked 
|2032|0x00000007ffe00000, 0x0000000800000000, 0x0000000800000000|100%| E|CS|TAMS 0x00000007ffe00000, 0x00000007ffe00000| Complete 

Card table byte_map: [0x0000023b17d80000,0x0000023b18580000] _byte_map_base: 0x0000023b14571000

Marking Bits (Prev, Next): (CMBitMap*) 0x0000023b7fcd25b0, (CMBitMap*) 0x0000023b7fcd2570
 Prev Bits: [0x0000023b1cd10000, 0x0000023b20c98000)
 Next Bits: [0x0000023b18d80000, 0x0000023b1cd08000)

Polling page: 0x0000023b7e300000

Metaspace:

Usage:
  Non-class:     26.47 MB used.
      Class:      2.94 MB used.
       Both:     29.41 MB used.

Virtual space:
  Non-class space:       64.00 MB reserved,      26.69 MB ( 42%) committed,  1 nodes.
      Class space:        1.00 GB reserved,       3.25 MB ( <1%) committed,  1 nodes.
             Both:        1.06 GB reserved,      29.94 MB (  3%) committed. 

Chunk freelists:
   Non-Class:  4.42 MB
       Class:  12.80 MB
        Both:  17.22 MB

MaxMetaspaceSize: unlimited
CompressedClassSpaceSize: 1.00 GB
Initial GC threshold: 21.00 MB
Current GC threshold: 49.69 MB
CDS: on
MetaspaceReclaimPolicy: balanced
 - commit_granule_bytes: 65536.
 - commit_granule_words: 8192.
 - virtual_space_node_default_size: 8388608.
 - enlarge_chunks_in_place: 1.
 - new_chunks_are_fully_committed: 0.
 - uncommit_free_chunks: 1.
 - use_allocation_guard: 0.
 - handle_deallocations: 1.


Internal statistics:

num_allocs_failed_limit: 3.
num_arena_births: 822.
num_arena_deaths: 406.
num_vsnodes_births: 2.
num_vsnodes_deaths: 0.
num_space_committed: 479.
num_space_uncommitted: 0.
num_chunks_returned_to_freelist: 544.
num_chunks_taken_from_freelist: 1903.
num_chunk_merges: 176.
num_chunk_splits: 1030.
num_chunks_enlarged: 549.
num_inconsistent_stats: 0.

CodeHeap 'non-profiled nmethods': size=120000Kb used=8778Kb max_used=8778Kb free=111221Kb
 bounds [0x0000023b0f5a0000, 0x0000023b0fe40000, 0x0000023b16ad0000]
CodeHeap 'profiled nmethods': size=120000Kb used=14208Kb max_used=14208Kb free=105791Kb
 bounds [0x0000023b07ad0000, 0x0000023b088c0000, 0x0000023b0f000000]
CodeHeap 'non-nmethods': size=5760Kb used=1445Kb max_used=1532Kb free=4314Kb
 bounds [0x0000023b0f000000, 0x0000023b0f270000, 0x0000023b0f5a0000]
 total_blobs=8255 nmethods=7454 adapters=713
 compilation: enabled
              stopped_count=0, restarted_count=0
 full_count=0

Compilation events (20 events):
Event: 80828.802 Thread 0x0000023b23a5c460 nmethod 9418 0x0000023b0889dc90 code [0x0000023b0889de80, 0x0000023b0889e228]
Event: 80828.829 Thread 0x0000023b23a5c460 9419       3       java.util.concurrent.CompletableFuture::postComplete (94 bytes)
Event: 80828.830 Thread 0x0000023b23a5c460 nmethod 9419 0x0000023b0889e410 code [0x0000023b0889e800, 0x0000023b088a0558]
Event: 80828.874 Thread 0x0000023b23a539a0 9420       4       java.util.concurrent.SynchronousQueue$TransferStack::casHead (26 bytes)
Event: 80828.876 Thread 0x0000023b23a539a0 nmethod 9420 0x0000023b0fe31e10 code [0x0000023b0fe31f80, 0x0000023b0fe32118]
Event: 80828.980 Thread 0x0000023b23a5c460 9421   !   3       jdk.internal.net.http.HttpClientImpl$SelectorAttachment::register (142 bytes)
Event: 80828.981 Thread 0x0000023b23a539a0 9422       4       java.util.concurrent.SynchronousQueue$TransferStack::snode (25 bytes)
Event: 80828.981 Thread 0x0000023b23a5c460 nmethod 9421 0x0000023b088a0e90 code [0x0000023b088a1140, 0x0000023b088a2308]
Event: 80828.982 Thread 0x0000023b23a539a0 nmethod 9422 0x0000023b0fe32190 code [0x0000023b0fe32320, 0x0000023b0fe324f8]
Event: 80829.177 Thread 0x0000023b23a5c460 9423   !   3       java.util.concurrent.SynchronousQueue$TransferStack::transfer (541 bytes)
Event: 80829.186 Thread 0x0000023b23a5c460 nmethod 9423 0x0000023b088a2810 code [0x0000023b088a3900, 0x0000023b088aeb88]
Event: 80836.259 Thread 0x0000023b23a5c460 9425       3       com.fasterxml.jackson.core.json.WriterBasedJsonGenerator::_flushBuffer (43 bytes)
Event: 80836.259 Thread 0x0000023b23a5c460 nmethod 9425 0x0000023b088b1e90 code [0x0000023b088b2040, 0x0000023b088b2288]
Event: 80837.163 Thread 0x0000023b23a5c460 9426  s    3       java.io.BufferedInputStream::read (113 bytes)
Event: 80837.163 Thread 0x0000023b23a5c460 nmethod 9426 0x0000023b088b2390 code [0x0000023b088b25c0, 0x0000023b088b2e58]
Event: 80838.038 Thread 0x0000023b23a539a0 9427   !   4       jdk.internal.net.http.SocketTube$InternalReadPublisher$InternalReadSubscription::read (1640 bytes)
Event: 80838.087 Thread 0x0000023b23a5c460 9429       3       sun.util.calendar.ZoneInfo::getOffset (8 bytes)
Event: 80838.087 Thread 0x0000023b23a5c460 nmethod 9429 0x0000023b088b3090 code [0x0000023b088b3240, 0x0000023b088b3388]
Event: 80838.088 Thread 0x0000023b23a5c460 9430       3       java.lang.Character::isJavaIdentifierPart (5 bytes)
Event: 80838.088 Thread 0x0000023b23a5c460 nmethod 9430 0x0000023b088b3410 code [0x0000023b088b35c0, 0x0000023b088b3818]

GC Heap History (20 events):
Event: 80800.035 GC heap before
{Heap before GC invocations=59238 (full 0):
 garbage-first heap   total 413696K, used 131761K [0x0000000701e00000, 0x0000000800000000)
  region size 2048K, 4 young (8192K), 1 survivors (2048K)
 Metaspace       used 30106K, committed 30656K, reserved 1114112K
  class space    used 3008K, committed 3328K, reserved 1048576K
}
Event: 80800.036 GC heap after
{Heap after GC invocations=59239 (full 0):
 garbage-first heap   total 413696K, used 107074K [0x0000000701e00000, 0x0000000800000000)
  region size 2048K, 1 young (2048K), 1 survivors (2048K)
 Metaspace       used 30106K, committed 30656K, reserved 1114112K
  class space    used 3008K, committed 3328K, reserved 1048576K
}
Event: 80800.582 GC heap before
{Heap before GC invocations=59240 (full 0):
 garbage-first heap   total 413696K, used 139842K [0x0000000701e00000, 0x0000000800000000)
  region size 2048K, 6 young (12288K), 1 survivors (2048K)
 Metaspace       used 30106K, committed 30656K, reserved 1114112K
  class space    used 3008K, committed 3328K, reserved 1048576K
}
Event: 80800.583 GC heap after
{Heap after GC invocations=59241 (full 0):
 garbage-first heap   total 413696K, used 115292K [0x0000000701e00000, 0x0000000800000000)
  region size 2048K, 1 young (2048K), 1 survivors (2048K)
 Metaspace       used 30106K, committed 30656K, reserved 1114112K
  class space    used 3008K, committed 3328K, reserved 1048576K
}
Event: 80800.695 GC heap before
{Heap before GC invocations=59242 (full 0):
 garbage-first heap   total 413696K, used 148060K [0x0000000701e00000, 0x0000000800000000)
  region size 2048K, 6 young (12288K), 1 survivors (2048K)
 Metaspace       used 30106K, committed 30656K, reserved 1114112K
  class space    used 3008K, committed 3328K, reserved 1048576K
}
Event: 80800.697 GC heap after
{Heap after GC invocations=59243 (full 0):
 garbage-first heap   total 413696K, used 115302K [0x0000000701e00000, 0x0000000800000000)
  region size 2048K, 1 young (2048K), 1 survivors (2048K)
 Metaspace       used 30106K, committed 30656K, reserved 1114112K
  class space    used 3008K, committed 3328K, reserved 1048576K
}
Event: 80800.850 GC heap before
{Heap before GC invocations=59244 (full 0):
 garbage-first heap   total 413696K, used 168550K [0x0000000701e00000, 0x0000000800000000)
  region size 2048K, 7 young (14336K), 1 survivors (2048K)
 Metaspace       used 30106K, committed 30656K, reserved 1114112K
  class space    used 3008K, committed 3328K, reserved 1048576K
}
Event: 80800.851 GC heap after
{Heap after GC invocations=59245 (full 0):
 garbage-first heap   total 413696K, used 123631K [0x0000000701e00000, 0x0000000800000000)
  region size 2048K, 1 young (2048K), 1 survivors (2048K)
 Metaspace       used 30106K, committed 30656K, reserved 1114112K
  class space    used 3008K, committed 3328K, reserved 1048576K
}
Event: 80801.135 GC heap before
{Heap before GC invocations=59246 (full 0):
 garbage-first heap   total 413696K, used 168687K [0x0000000701e00000, 0x0000000800000000)
  region size 2048K, 8 young (16384K), 1 survivors (2048K)
 Metaspace       used 30106K, committed 30656K, reserved 1114112K
  class space    used 3008K, committed 3328K, reserved 1048576K
}
Event: 80801.136 GC heap after
{Heap after GC invocations=59247 (full 0):
 garbage-first heap   total 413696K, used 119517K [0x0000000701e00000, 0x0000000800000000)
  region size 2048K, 1 young (2048K), 1 survivors (2048K)
 Metaspace       used 30106K, committed 30656K, reserved 1114112K
  class space    used 3008K, committed 3328K, reserved 1048576K
}
Event: 80801.411 GC heap before
{Heap before GC invocations=59248 (full 0):
 garbage-first heap   total 413696K, used 152285K [0x0000000701e00000, 0x0000000800000000)
  region size 2048K, 6 young (12288K), 1 survivors (2048K)
 Metaspace       used 30106K, committed 30656K, reserved 1114112K
  class space    used 3008K, committed 3328K, reserved 1048576K
}
Event: 80801.411 GC heap after
{Heap after GC invocations=59249 (full 0):
 garbage-first heap   total 413696K, used 115415K [0x0000000701e00000, 0x0000000800000000)
  region size 2048K, 1 young (2048K), 1 survivors (2048K)
 Metaspace       used 30106K, committed 30656K, reserved 1114112K
  class space    used 3008K, committed 3328K, reserved 1048576K
}
Event: 80819.172 GC heap before
{Heap before GC invocations=59250 (full 0):
 garbage-first heap   total 417792K, used 404183K [0x0000000701e00000, 0x0000000800000000)
  region size 2048K, 34 young (69632K), 1 survivors (2048K)
 Metaspace       used 30106K, committed 30656K, reserved 1114112K
  class space    used 3008K, committed 3328K, reserved 1048576K
}
Event: 80819.172 GC heap after
{Heap after GC invocations=59251 (full 0):
 garbage-first heap   total 417792K, used 242357K [0x0000000701e00000, 0x0000000800000000)
  region size 2048K, 1 young (2048K), 1 survivors (2048K)
 Metaspace       used 30106K, committed 30656K, reserved 1114112K
  class space    used 3008K, committed 3328K, reserved 1048576K
}
Event: 80819.338 GC heap before
{Heap before GC invocations=59251 (full 0):
 garbage-first heap   total 417792K, used 311989K [0x0000000701e00000, 0x0000000800000000)
  region size 2048K, 11 young (22528K), 1 survivors (2048K)
 Metaspace       used 30106K, committed 30656K, reserved 1114112K
  class space    used 3008K, committed 3328K, reserved 1048576K
}
Event: 80819.340 GC heap after
{Heap after GC invocations=59252 (full 0):
 garbage-first heap   total 417792K, used 139938K [0x0000000701e00000, 0x0000000800000000)
  region size 2048K, 1 young (2048K), 1 survivors (2048K)
 Metaspace       used 30106K, committed 30656K, reserved 1114112K
  class space    used 3008K, committed 3328K, reserved 1048576K
}
Event: 80819.409 GC heap before
{Heap before GC invocations=59252 (full 0):
 garbage-first heap   total 417792K, used 141986K [0x0000000701e00000, 0x0000000800000000)
  region size 2048K, 3 young (6144K), 1 survivors (2048K)
 Metaspace       used 30106K, committed 30656K, reserved 1114112K
  class space    used 3008K, committed 3328K, reserved 1048576K
}
Event: 80819.411 GC heap after
{Heap after GC invocations=59253 (full 0):
 garbage-first heap   total 417792K, used 102757K [0x0000000701e00000, 0x0000000800000000)
  region size 2048K, 1 young (2048K), 1 survivors (2048K)
 Metaspace       used 30106K, committed 30656K, reserved 1114112K
  class space    used 3008K, committed 3328K, reserved 1048576K
}
Event: 80837.940 GC heap before
{Heap before GC invocations=59254 (full 0):
 garbage-first heap   total 413696K, used 401765K [0x0000000701e00000, 0x0000000800000000)
  region size 2048K, 35 young (71680K), 1 survivors (2048K)
 Metaspace       used 30111K, committed 30656K, reserved 1114112K
  class space    used 3008K, committed 3328K, reserved 1048576K
}
Event: 80837.941 GC heap after
{Heap after GC invocations=59255 (full 0):
 garbage-first heap   total 415744K, used 246286K [0x0000000701e00000, 0x0000000800000000)
  region size 2048K, 1 young (2048K), 1 survivors (2048K)
 Metaspace       used 30111K, committed 30656K, reserved 1114112K
  class space    used 3008K, committed 3328K, reserved 1048576K
}

Dll operation events (12 events):
Event: 0.003 Loaded shared library C:\Tools\jdk-17\bin\java.dll
Event: 0.016 Loaded shared library C:\Tools\jdk-17\bin\jsvml.dll
Event: 0.036 Loaded shared library C:\Tools\jdk-17\bin\net.dll
Event: 0.036 Loaded shared library C:\Tools\jdk-17\bin\nio.dll
Event: 0.041 Loaded shared library C:\Tools\jdk-17\bin\zip.dll
Event: 0.067 Loaded shared library C:\Tools\jdk-17\bin\jimage.dll
Event: 0.179 Loaded shared library C:\Tools\jdk-17\bin\management.dll
Event: 0.182 Loaded shared library C:\Tools\jdk-17\bin\management_ext.dll
Event: 0.653 Loaded shared library C:\Tools\jdk-17\bin\sunmscapi.dll
Event: 0.673 Loaded shared library C:\Tools\jdk-17\bin\extnet.dll
Event: 79.640 Loaded shared library C:\Tools\jdk-17\bin\awt.dll
Event: 79.725 Loaded shared library C:\Tools\jdk-17\bin\javajpeg.dll

Deoptimization events (20 events):
Event: 80837.993 Thread 0x0000023b69b7e890 Uncommon trap: trap_request=0xffffffde fr.pc=0x0000023b0fa16678 relative=0x0000000000000158
Event: 80837.993 Thread 0x0000023b69b7e890 Uncommon trap: reason=class_check action=maybe_recompile pc=0x0000023b0fa16678 method=java.io.BufferedInputStream.close()V @ 39 c2
Event: 80837.993 Thread 0x0000023b69b7e890 DEOPT PACKING pc=0x0000023b0fa16678 sp=0x000000e6f367e8f0
Event: 80837.994 Thread 0x0000023b69b7e890 DEOPT UNPACKING pc=0x0000023b0f0569a3 sp=0x000000e6f367e8a0 mode 2
Event: 80838.037 Thread 0x0000023b69fe1500 Uncommon trap: trap_request=0xffffffde fr.pc=0x0000023b0fa16678 relative=0x0000000000000158
Event: 80838.037 Thread 0x0000023b69fe1500 Uncommon trap: reason=class_check action=maybe_recompile pc=0x0000023b0fa16678 method=java.io.BufferedInputStream.close()V @ 39 c2
Event: 80838.037 Thread 0x0000023b69fe1500 DEOPT PACKING pc=0x0000023b0fa16678 sp=0x000000e6f347f010
Event: 80838.037 Thread 0x0000023b69fe1500 DEOPT UNPACKING pc=0x0000023b0f0569a3 sp=0x000000e6f347efc0 mode 2
Event: 80838.038 Thread 0x0000023b69b7fcd0 Uncommon trap: trap_request=0xffffff45 fr.pc=0x0000023b0fdea994 relative=0x0000000000000654
Event: 80838.038 Thread 0x0000023b69b7fcd0 Uncommon trap: reason=unstable_if action=reinterpret pc=0x0000023b0fdea994 method=java.util.concurrent.CompletableFuture.unipush(Ljava/util/concurrent/CompletableFuture$Completion;)V @ 34 c2
Event: 80838.038 Thread 0x0000023b69b7fcd0 DEOPT PACKING pc=0x0000023b0fdea994 sp=0x000000e6f5d7d9b0
Event: 80838.038 Thread 0x0000023b69b7fcd0 DEOPT UNPACKING pc=0x0000023b0f0569a3 sp=0x000000e6f5d7d8f8 mode 2
Event: 80838.077 Thread 0x0000023b6a20df10 Uncommon trap: trap_request=0xffffff45 fr.pc=0x0000023b0fa68634 relative=0x0000000000000074
Event: 80838.077 Thread 0x0000023b6a20df10 Uncommon trap: reason=unstable_if action=reinterpret pc=0x0000023b0fa68634 method=java.util.ImmutableCollections$AbstractImmutableMap.getOrDefault(Ljava/lang/Object;Ljava/lang/Object;)Ljava/lang/Object; @ 7 c2
Event: 80838.077 Thread 0x0000023b6a20df10 DEOPT PACKING pc=0x0000023b0fa68634 sp=0x000000e6f647f070
Event: 80838.077 Thread 0x0000023b6a20df10 DEOPT UNPACKING pc=0x0000023b0f0569a3 sp=0x000000e6f647f010 mode 2
Event: 80838.082 Thread 0x0000023b6a20df10 Uncommon trap: trap_request=0xffffff45 fr.pc=0x0000023b0fd0d938 relative=0x00000000000011b8
Event: 80838.082 Thread 0x0000023b6a20df10 Uncommon trap: reason=unstable_if action=reinterpret pc=0x0000023b0fd0d938 method=com.fasterxml.jackson.databind.ser.std.MapSerializer.serializeFields(Ljava/util/Map;Lcom/fasterxml/jackson/core/JsonGenerator;Lcom/fasterxml/jackson/databind/SerializerProvi
Event: 80838.082 Thread 0x0000023b6a20df10 DEOPT PACKING pc=0x0000023b0fd0d938 sp=0x000000e6f647ee00
Event: 80838.082 Thread 0x0000023b6a20df10 DEOPT UNPACKING pc=0x0000023b0f0569a3 sp=0x000000e6f647ed60 mode 2

Classes loaded (20 events):
Event: 79844.916 Loading class java/net/URLEncoder
Event: 79844.917 Loading class java/net/URLEncoder done
Event: 79844.917 Loading class java/util/BitSet
Event: 79844.917 Loading class java/util/BitSet done
Event: 79844.917 Loading class java/io/CharArrayWriter
Event: 79844.917 Loading class java/io/CharArrayWriter done
Event: 79844.927 Loading class java/util/stream/ReferencePipeline$4
Event: 79844.928 Loading class java/util/stream/ReferencePipeline$4 done
Event: 79844.928 Loading class java/util/function/IntBinaryOperator
Event: 79844.928 Loading class java/util/function/IntBinaryOperator done
Event: 79844.929 Loading class java/util/stream/ReduceOps$7
Event: 79844.929 Loading class java/util/stream/ReduceOps$7 done
Event: 79844.929 Loading class java/util/stream/ReduceOps$6ReducingSink
Event: 79844.929 Loading class java/util/stream/ReduceOps$6ReducingSink done
Event: 79844.929 Loading class java/util/stream/ReferencePipeline$4$1
Event: 79844.929 Loading class java/util/stream/ReferencePipeline$4$1 done
Event: 79852.580 Loading class java/util/concurrent/CompletableFuture$UniAccept
Event: 79852.881 Loading class java/util/concurrent/CompletableFuture$UniAccept done
Event: 80299.113 Loading class java/util/concurrent/atomic/Striped64$Cell
Event: 80299.113 Loading class java/util/concurrent/atomic/Striped64$Cell done

Classes unloaded (20 events):
Event: 4129.178 Thread 0x0000023b2391f150 Unloading class 0x0000023b250c4000 'java/lang/invoke/LambdaForm$MH+0x0000023b250c4000'
Event: 4129.178 Thread 0x0000023b2391f150 Unloading class 0x0000023b250c3c00 'java/lang/invoke/LambdaForm$MH+0x0000023b250c3c00'
Event: 4129.178 Thread 0x0000023b2391f150 Unloading class 0x0000023b250c3800 'java/lang/invoke/LambdaForm$MH+0x0000023b250c3800'
Event: 4129.178 Thread 0x0000023b2391f150 Unloading class 0x0000023b250c3400 'java/lang/invoke/LambdaForm$MH+0x0000023b250c3400'
Event: 4129.178 Thread 0x0000023b2391f150 Unloading class 0x0000023b250c3000 'java/lang/invoke/LambdaForm$MH+0x0000023b250c3000'
Event: 4129.178 Thread 0x0000023b2391f150 Unloading class 0x0000023b250c2800 'java/lang/invoke/LambdaForm$MH+0x0000023b250c2800'
Event: 4129.178 Thread 0x0000023b2391f150 Unloading class 0x0000023b250c2000 'java/lang/invoke/LambdaForm$MH+0x0000023b250c2000'
Event: 4129.178 Thread 0x0000023b2391f150 Unloading class 0x0000023b250c1c00 'java/lang/invoke/LambdaForm$MH+0x0000023b250c1c00'
Event: 4129.179 Thread 0x0000023b2391f150 Unloading class 0x0000023b250c1800 'java/lang/invoke/LambdaForm$MH+0x0000023b250c1800'
Event: 4129.179 Thread 0x0000023b2391f150 Unloading class 0x0000023b250c1000 'java/lang/invoke/LambdaForm$MH+0x0000023b250c1000'
Event: 4129.179 Thread 0x0000023b2391f150 Unloading class 0x0000023b250c0c00 'java/lang/invoke/LambdaForm$MH+0x0000023b250c0c00'
Event: 4129.179 Thread 0x0000023b2391f150 Unloading class 0x0000023b250c0800 'java/lang/invoke/LambdaForm$MH+0x0000023b250c0800'
Event: 4129.179 Thread 0x0000023b2391f150 Unloading class 0x0000023b250c0000 'java/lang/invoke/LambdaForm$MH+0x0000023b250c0000'
Event: 79927.019 Thread 0x0000023b2391f150 Unloading class 0x0000023b25311400 'java/lang/invoke/LambdaForm$MH+0x0000023b25311400'
Event: 79927.019 Thread 0x0000023b2391f150 Unloading class 0x0000023b25312000 'java/lang/invoke/LambdaForm$MH+0x0000023b25312000'
Event: 79927.019 Thread 0x0000023b2391f150 Unloading class 0x0000023b25014000 'java/lang/invoke/LambdaForm$MH+0x0000023b25014000'
Event: 79927.019 Thread 0x0000023b2391f150 Unloading class 0x0000023b250d5000 'java/lang/invoke/LambdaForm$MH+0x0000023b250d5000'
Event: 79927.019 Thread 0x0000023b2391f150 Unloading class 0x0000023b25126c00 'java/lang/invoke/LambdaForm$MH+0x0000023b25126c00'
Event: 79927.019 Thread 0x0000023b2391f150 Unloading class 0x0000023b25134c00 'java/lang/invoke/LambdaForm$MH+0x0000023b25134c00'
Event: 79927.019 Thread 0x0000023b2391f150 Unloading class 0x0000023b251c4800 'java/lang/invoke/LambdaForm$MH+0x0000023b251c4800'

Classes redefined (0 events):
No events

Internal exceptions (20 events):
Event: 80838.040 Thread 0x0000023b6a2df440 Exception <a 'sun/nio/fs/WindowsException'{0x0000000718d5cab8}> (0x0000000718d5cab8) 
thrown [s\src\hotspot\share\prims\jni.cpp, line 516]
Event: 80838.040 Thread 0x0000023b6a2df440 Exception <a 'sun/nio/fs/WindowsException'{0x0000000718d5e330}> (0x0000000718d5e330) 
thrown [s\src\hotspot\share\prims\jni.cpp, line 516]
Event: 80838.040 Thread 0x0000023b6a2df440 Exception <a 'sun/nio/fs/WindowsException'{0x0000000718d5fba8}> (0x0000000718d5fba8) 
thrown [s\src\hotspot\share\prims\jni.cpp, line 516]
Event: 80838.040 Thread 0x0000023b6a2df440 Exception <a 'sun/nio/fs/WindowsException'{0x0000000718d60b68}> (0x0000000718d60b68) 
thrown [s\src\hotspot\share\prims\jni.cpp, line 516]
Event: 80838.078 Thread 0x0000023b6a20df10 Exception <a 'sun/nio/fs/WindowsException'{0x0000000718db7440}> (0x0000000718db7440) 
thrown [s\src\hotspot\share\prims\jni.cpp, line 516]
Event: 80838.081 Thread 0x0000023b6a20df10 Exception <a 'sun/nio/fs/WindowsException'{0x0000000718db88d8}> (0x0000000718db88d8) 
thrown [s\src\hotspot\share\prims\jni.cpp, line 516]
Event: 80838.081 Thread 0x0000023b6a20df10 Exception <a 'sun/nio/fs/WindowsException'{0x0000000718db8c78}> (0x0000000718db8c78) 
thrown [s\src\hotspot\share\prims\jni.cpp, line 516]
Event: 80838.081 Thread 0x0000023b6a20df10 Exception <a 'sun/nio/fs/WindowsException'{0x0000000718db93f0}> (0x0000000718db93f0) 
thrown [s\src\hotspot\share\prims\jni.cpp, line 516]
Event: 80838.081 Thread 0x0000023b6a20df10 Exception <a 'sun/nio/fs/WindowsException'{0x0000000718db9790}> (0x0000000718db9790) 
thrown [s\src\hotspot\share\prims\jni.cpp, line 516]
Event: 80838.082 Thread 0x0000023b6a20df10 Implicit null exception at 0x0000023b0fd0ca20 to 0x0000023b0fd0d8fc
Event: 80838.088 Thread 0x0000023b6a20da00 Exception <a 'sun/nio/fs/WindowsException'{0x0000000718dcc358}> (0x0000000718dcc358) 
thrown [s\src\hotspot\share\prims\jni.cpp, line 516]
Event: 80838.088 Thread 0x0000023b69b7de70 Exception <a 'sun/nio/fs/WindowsException'{0x0000000718dd2888}> (0x0000000718dd2888) 
thrown [s\src\hotspot\share\prims\jni.cpp, line 516]
Event: 80838.091 Thread 0x0000023b69b7de70 Exception <a 'sun/nio/fs/WindowsException'{0x0000000718dd41a0}> (0x0000000718dd41a0) 
thrown [s\src\hotspot\share\prims\jni.cpp, line 516]
Event: 80838.091 Thread 0x0000023b69b7de70 Exception <a 'sun/nio/fs/WindowsException'{0x0000000718dd4540}> (0x0000000718dd4540) 
thrown [s\src\hotspot\share\prims\jni.cpp, line 516]
Event: 80838.092 Thread 0x0000023b69b7de70 Exception <a 'sun/nio/fs/WindowsException'{0x0000000718dd4f00}> (0x0000000718dd4f00) 
thrown [s\src\hotspot\share\prims\jni.cpp, line 516]
Event: 80838.092 Thread 0x0000023b69b7de70 Exception <a 'sun/nio/fs/WindowsException'{0x0000000718dd52a0}> (0x0000000718dd52a0) 
thrown [s\src\hotspot\share\prims\jni.cpp, line 516]
Event: 80838.092 Thread 0x0000023b6a20da00 Exception <a 'sun/nio/fs/WindowsException'{0x0000000718dcd558}> (0x0000000718dcd558) 
thrown [s\src\hotspot\share\prims\jni.cpp, line 516]
Event: 80838.092 Thread 0x0000023b6a20da00 Exception <a 'sun/nio/fs/WindowsException'{0x0000000718dcd8f8}> (0x0000000718dcd8f8) 
thrown [s\src\hotspot\share\prims\jni.cpp, line 516]
Event: 80838.092 Thread 0x0000023b6a20da00 Exception <a 'sun/nio/fs/WindowsException'{0x0000000718dd6430}> (0x0000000718dd6430) 
thrown [s\src\hotspot\share\prims\jni.cpp, line 516]
Event: 80838.092 Thread 0x0000023b6a20da00 Exception <a 'sun/nio/fs/WindowsException'{0x0000000718dd67d0}> (0x0000000718dd67d0) 
thrown [s\src\hotspot\share\prims\jni.cpp, line 516]

VM Operations (20 events):
Event: 80819.494 Executing VM operation: G1PauseRemark
Event: 80819.497 Executing VM operation: G1PauseRemark done
Event: 80819.535 Executing VM operation: G1PauseCleanup
Event: 80819.535 Executing VM operation: G1PauseCleanup done
Event: 80819.588 Executing VM operation: HandshakeAllThreads
Event: 80819.588 Executing VM operation: HandshakeAllThreads done
Event: 80820.597 Executing VM operation: Cleanup
Event: 80820.597 Executing VM operation: Cleanup done
Event: 80822.621 Executing VM operation: Cleanup
Event: 80822.621 Executing VM operation: Cleanup done
Event: 80823.622 Executing VM operation: Cleanup
Event: 80823.622 Executing VM operation: Cleanup done
Event: 80828.669 Executing VM operation: Cleanup
Event: 80828.669 Executing VM operation: Cleanup done
Event: 80829.675 Executing VM operation: Cleanup
Event: 80829.675 Executing VM operation: Cleanup done
Event: 80837.940 Executing VM operation: G1CollectForAllocation
Event: 80837.940 Executing VM operation: G1CollectForAllocation done
Event: 80837.940 Executing VM operation: G1CollectForAllocation
Event: 80837.941 Executing VM operation: G1CollectForAllocation done

Memory protections (0 events):
No events

Nmethod flushes (20 events):
Event: 79854.336 Thread 0x0000023b23a5ee70 flushing  nmethod 0x0000023b08073590
Event: 79854.336 Thread 0x0000023b23a5ee70 flushing  nmethod 0x0000023b08089290
Event: 79854.336 Thread 0x0000023b23a5ee70 flushing  nmethod 0x0000023b08099c90
Event: 79854.336 Thread 0x0000023b23a5ee70 flushing  nmethod 0x0000023b080af010
Event: 79854.336 Thread 0x0000023b23a5ee70 flushing  nmethod 0x0000023b08110690
Event: 79854.336 Thread 0x0000023b23a5ee70 flushing  nmethod 0x0000023b0811c210
Event: 79854.336 Thread 0x0000023b23a5ee70 flushing  nmethod 0x0000023b0811e510
Event: 79854.336 Thread 0x0000023b23a5ee70 flushing  nmethod 0x0000023b08120c10
Event: 79854.336 Thread 0x0000023b23a5ee70 flushing  nmethod 0x0000023b0812d690
Event: 79854.337 Thread 0x0000023b23a5ee70 flushing  nmethod 0x0000023b08239490
Event: 79854.337 Thread 0x0000023b23a5ee70 flushing  nmethod 0x0000023b08247590
Event: 79854.337 Thread 0x0000023b23a5ee70 flushing  nmethod 0x0000023b082d5610
Event: 79854.337 Thread 0x0000023b23a5ee70 flushing  nmethod 0x0000023b082eee90
Event: 79854.337 Thread 0x0000023b23a5ee70 flushing  nmethod 0x0000023b08332710
Event: 79854.337 Thread 0x0000023b23a5ee70 flushing  nmethod 0x0000023b0839f490
Event: 79854.338 Thread 0x0000023b23a5ee70 flushing  nmethod 0x0000023b084bd510
Event: 79854.338 Thread 0x0000023b23a5ee70 flushing  nmethod 0x0000023b0855e310
Event: 79854.338 Thread 0x0000023b23a5ee70 flushing  nmethod 0x0000023b085b1890
Event: 80317.906 Thread 0x0000023b23a5ee70 flushing  nmethod 0x0000023b08181f10
Event: 80317.906 Thread 0x0000023b23a5ee70 flushing  nmethod 0x0000023b08247110

Events (20 events):
Event: 79955.488 Thread 0x0000023b23a5c460 Thread added: 0x0000023b69d9bd10
Event: 79955.714 Thread 0x0000023b69d9bd10 Thread exited: 0x0000023b69d9bd10
Event: 79964.805 Thread 0x0000023b23a5c460 Thread added: 0x0000023b6a0cdf10
Event: 79964.983 Thread 0x0000023b6a0cdf10 Thread exited: 0x0000023b6a0cdf10
Event: 79992.482 Thread 0x0000023b69fe2430 Thread added: 0x0000023b6a210790
Event: 80104.100 Thread 0x0000023b69fe2430 Thread added: 0x0000023b6a20a760
Event: 80191.785 Thread 0x0000023b6a20a760 Thread exited: 0x0000023b6a20a760
Event: 80191.785 Thread 0x0000023b69ca2be0 Thread exited: 0x0000023b69ca2be0
Event: 80206.181 Thread 0x0000023b69fe2430 Thread added: 0x0000023b6a20ac70
Event: 80326.915 Thread 0x0000023b69fe2430 Thread added: 0x0000023b6a20f350
Event: 80386.922 Thread 0x0000023b6a20ac70 Thread exited: 0x0000023b6a20ac70
Event: 80386.922 Thread 0x0000023b6a210790 Thread exited: 0x0000023b6a210790
Event: 80395.979 Thread 0x0000023b69b7d960 Thread exited: 0x0000023b69b7d960
Event: 80475.288 Thread 0x0000023b69fe2430 Thread added: 0x0000023b6a20cad0
Event: 80484.585 Thread 0x0000023b69fe2430 Thread added: 0x0000023b6a20f860
Event: 80577.474 Thread 0x0000023b69fe2430 Thread added: 0x0000023b6a20c5c0
Event: 80693.216 Thread 0x0000023b691867e0 Thread exited: 0x0000023b691867e0
Event: 80730.528 Thread 0x0000023b6a20c5c0 Thread exited: 0x0000023b6a20c5c0
Event: 80730.528 Thread 0x0000023b6a20f350 Thread exited: 0x0000023b6a20f350
Event: 80800.966 Thread 0x0000023b69fe2430 Thread added: 0x0000023b6a20d4f0


Dynamic libraries:
0x00007ff611930000 - 0x00007ff61193e000 	C:\Tools\jdk-17\bin\java.exe
0x00007ffabdf90000 - 0x00007ffabe185000 	C:\Windows\SYSTEM32\ntdll.dll
0x00007ffabcfd0000 - 0x00007ffabd08e000 	C:\Windows\System32\KERNEL32.DLL
0x00007ffabbcb0000 - 0x00007ffabbf79000 	C:\Windows\System32\KERNELBASE.dll
0x00007ffabb730000 - 0x00007ffabb830000 	C:\Windows\System32\ucrtbase.dll
0x00007ffab3ed0000 - 0x00007ffab3ee8000 	C:\Tools\jdk-17\bin\jli.dll
0x00007ffab3eb0000 - 0x00007ffab3ece000 	C:\Tools\jdk-17\bin\VCRUNTIME140.dll
0x00007ffabd400000 - 0x00007ffabd5a1000 	C:\Windows\System32\USER32.dll
0x00007ffabb830000 - 0x00007ffabb852000 	C:\Windows\System32\win32u.dll
0x00007ffa95d00000 - 0x00007ffa95f9a000 	C:\Windows\WinSxS\amd64_microsoft.windows.common-controls_6595b64144ccf1df_6.0.19041.1110_none_60b5254171f9507e\COMCTL32.dll
0x00007ffabd760000 - 0x00007ffabd78b000 	C:\Windows\System32\GDI32.dll
0x00007ffabd150000 - 0x00007ffabd1ee000 	C:\Windows\System32\msvcrt.dll
0x00007ffabb860000 - 0x00007ffabb96b000 	C:\Windows\System32\gdi32full.dll
0x00007ffabbb80000 - 0x00007ffabbc1d000 	C:\Windows\System32\msvcp_win.dll
0x00007ffabd090000 - 0x00007ffabd0c0000 	C:\Windows\System32\IMM32.DLL
0x00007ffab3ea0000 - 0x00007ffab3eac000 	C:\Tools\jdk-17\bin\vcruntime140_1.dll
0x00007ffa843f0000 - 0x00007ffa8447d000 	C:\Tools\jdk-17\bin\msvcp140.dll
0x00007ffa6c720000 - 0x00007ffa6d38c000 	C:\Tools\jdk-17\bin\server\jvm.dll
0x00007ffabd6b0000 - 0x00007ffabd75c000 	C:\Windows\System32\ADVAPI32.dll
0x00007ffabd5b0000 - 0x00007ffabd64b000 	C:\Windows\System32\sechost.dll
0x00007ffabd2d0000 - 0x00007ffabd3fa000 	C:\Windows\System32\RPCRT4.dll
0x00007ffabd790000 - 0x00007ffabd7fb000 	C:\Windows\System32\WS2_32.dll
0x00007ffabb470000 - 0x00007ffabb4bb000 	C:\Windows\SYSTEM32\POWRPROF.dll
0x00007ffa95440000 - 0x00007ffa95467000 	C:\Windows\SYSTEM32\WINMM.dll
0x00007ffab63d0000 - 0x00007ffab63da000 	C:\Windows\SYSTEM32\VERSION.dll
0x00007ffabb450000 - 0x00007ffabb462000 	C:\Windows\SYSTEM32\UMPDC.dll
0x00007ffab95b0000 - 0x00007ffab95c2000 	C:\Windows\SYSTEM32\kernel.appcore.dll
0x00007ffaa9af0000 - 0x00007ffaa9afa000 	C:\Tools\jdk-17\bin\jimage.dll
0x00007ffaa9060000 - 0x00007ffaa9244000 	C:\Windows\SYSTEM32\DBGHELP.DLL
0x00007ffaa8d00000 - 0x00007ffaa8d2c000 	C:\Windows\SYSTEM32\dbgcore.DLL
0x00007ffabbc20000 - 0x00007ffabbca3000 	C:\Windows\System32\bcryptPrimitives.dll
0x00007ffa8c060000 - 0x00007ffa8c085000 	C:\Tools\jdk-17\bin\java.dll
0x00007ffa82f20000 - 0x00007ffa82ff7000 	C:\Tools\jdk-17\bin\jsvml.dll
0x00007ffabd810000 - 0x00007ffabdf4f000 	C:\Windows\System32\SHELL32.dll
0x00007ffab97b0000 - 0x00007ffab9f40000 	C:\Windows\SYSTEM32\windows.storage.dll
0x00007ffabc980000 - 0x00007ffabccd5000 	C:\Windows\System32\combase.dll
0x00007ffabb020000 - 0x00007ffabb04c000 	C:\Windows\SYSTEM32\Wldp.dll
0x00007ffabc590000 - 0x00007ffabc63d000 	C:\Windows\System32\SHCORE.dll
0x00007ffabc0b0000 - 0x00007ffabc105000 	C:\Windows\System32\shlwapi.dll
0x00007ffabb5f0000 - 0x00007ffabb60f000 	C:\Windows\SYSTEM32\profapi.dll
0x00007ffa91bb0000 - 0x00007ffa91bca000 	C:\Tools\jdk-17\bin\net.dll
0x00007ffab4390000 - 0x00007ffab4498000 	C:\Windows\SYSTEM32\WINHTTP.dll
0x00007ffabad90000 - 0x00007ffabadfa000 	C:\Windows\system32\mswsock.dll
0x00007ffa8ad20000 - 0x00007ffa8ad36000 	C:\Tools\jdk-17\bin\nio.dll
0x00007ffa8ad00000 - 0x00007ffa8ad18000 	C:\Tools\jdk-17\bin\zip.dll
0x00007ffa92910000 - 0x00007ffa9291a000 	C:\Tools\jdk-17\bin\management.dll
0x00007ffa91ae0000 - 0x00007ffa91aec000 	C:\Tools\jdk-17\bin\management_ext.dll
0x00007ffabcd60000 - 0x00007ffabcd68000 	C:\Windows\System32\PSAPI.DLL
0x00007ffaab6c0000 - 0x00007ffaab8c1000 	C:\Program Files (x86)\Forefront TMG Client\FwcWsp64.dll
0x00007ffabbf80000 - 0x00007ffabbfe0000 	C:\Windows\System32\WINTRUST.dll
0x00007ffaab370000 - 0x00007ffaab388000 	C:\Windows\SYSTEM32\NETAPI32.dll
0x00007ffab7050000 - 0x00007ffab705a000 	C:\Windows\SYSTEM32\DSROLE.DLL
0x00007ffabba20000 - 0x00007ffabbb76000 	C:\Windows\System32\CRYPT32.dll
0x00007ffabb210000 - 0x00007ffabb222000 	C:\Windows\SYSTEM32\MSASN1.dll
0x00007ffab3e20000 - 0x00007ffab3e37000 	C:\Windows\system32\napinsp.dll
0x00007ffaac0b0000 - 0x00007ffaac0cb000 	C:\Windows\system32\pnrpnsp.dll
0x00007ffaa1550000 - 0x00007ffaa1565000 	C:\Windows\system32\wshbth.dll
0x00007ffab70d0000 - 0x00007ffab70ed000 	C:\Windows\system32\NLAapi.dll
0x00007ffabaa80000 - 0x00007ffabaabb000 	C:\Windows\SYSTEM32\IPHLPAPI.DLL
0x00007ffabaac0000 - 0x00007ffabab8c000 	C:\Windows\SYSTEM32\DNSAPI.dll
0x00007ffabd800000 - 0x00007ffabd808000 	C:\Windows\System32\NSI.dll
0x00007ffaabc40000 - 0x00007ffaabc52000 	C:\Windows\System32\winrnr.dll
0x00007ffab44a0000 - 0x00007ffab44aa000 	C:\Windows\System32\rasadhlp.dll
0x00007ffab42f0000 - 0x00007ffab436f000 	C:\Windows\System32\fwpuclnt.dll
0x00007ffabb700000 - 0x00007ffabb727000 	C:\Windows\System32\bcrypt.dll
0x00007ffabaf80000 - 0x00007ffabaf98000 	C:\Windows\SYSTEM32\CRYPTSP.dll
0x00007ffaba710000 - 0x00007ffaba744000 	C:\Windows\system32\rsaenh.dll
0x00007ffabb5b0000 - 0x00007ffabb5de000 	C:\Windows\SYSTEM32\USERENV.dll
0x00007ffabb3d0000 - 0x00007ffabb3dc000 	C:\Windows\SYSTEM32\CRYPTBASE.dll
0x00007ffab50a0000 - 0x00007ffab50b7000 	C:\Windows\SYSTEM32\dhcpcsvc6.DLL
0x00007ffab5380000 - 0x00007ffab539d000 	C:\Windows\SYSTEM32\dhcpcsvc.DLL
0x00007ffa80560000 - 0x00007ffa8056e000 	C:\Tools\jdk-17\bin\sunmscapi.dll
0x00007ffabb090000 - 0x00007ffabb0b7000 	C:\Windows\SYSTEM32\ncrypt.dll
0x00007ffabb050000 - 0x00007ffabb08b000 	C:\Windows\SYSTEM32\NTASN1.dll
0x00007ffa76020000 - 0x00007ffa76027000 	C:\Windows\system32\wshunix.dll
0x00007ffa71860000 - 0x00007ffa71869000 	C:\Tools\jdk-17\bin\extnet.dll
0x00007ffa84550000 - 0x00007ffa846e1000 	C:\Tools\jdk-17\bin\awt.dll
0x00007ffabce90000 - 0x00007ffabcf5d000 	C:\Windows\System32\OLEAUT32.dll
0x00007ffab8ef0000 - 0x00007ffab8f80000 	C:\Windows\SYSTEM32\apphelp.dll
0x00007ffab93d0000 - 0x00007ffab93ff000 	C:\Windows\system32\DWMAPI.DLL
0x00007ffab90d0000 - 0x00007ffab916e000 	C:\Windows\system32\uxtheme.dll
0x00007ffa84520000 - 0x00007ffa8454f000 	C:\Tools\jdk-17\bin\javajpeg.dll
0x00007ffaba3a0000 - 0x00007ffaba3d3000 	C:\Windows\SYSTEM32\ntmarta.dll

dbghelp: loaded successfully - version: 4.0.5 - missing functions: none
symbol engine: initialized successfully - sym options: 0x614 - pdb path: .;C:\Tools\jdk-17\bin;C:\Windows\SYSTEM32;C:\Windows\WinSxS\amd64_microsoft.windows.common-controls_6595b64144ccf1df_6.0.19041.1110_none_60b5254171f9507e;C:\Tools\jdk-17\bin\server;C:\Program Files (x86)\Forefront TMG Client

VM Arguments:
java_command: D:\visionGay\defect-detector-v3\orchestrator-java\target\orchestrator-0.1.0-SNAPSHOT.jar D:\visionGay\defect-detector-v3\config\config.yaml
java_class_path (initial): D:\visionGay\defect-detector-v3\orchestrator-java\target\orchestrator-0.1.0-SNAPSHOT.jar
Launcher Type: SUN_STANDARD

[Global flags]
     intx CICompilerCount                          = 4                                         {product} {ergonomic}
     uint ConcGCThreads                            = 3                                         {product} {ergonomic}
     uint G1ConcRefinementThreads                  = 10                                        {product} {ergonomic}
   size_t G1HeapRegionSize                         = 2097152                                   {product} {ergonomic}
    uintx GCDrainStackTargetSize                   = 64                                        {product} {ergonomic}
   size_t InitialHeapSize                          = 268435456                                 {product} {ergonomic}
   size_t MarkStackSize                            = 4194304                                   {product} {ergonomic}
   size_t MaxHeapSize                              = 4263510016                                {product} {ergonomic}
   size_t MaxNewSize                               = 2556428288                                {product} {ergonomic}
   size_t MinHeapDeltaBytes                        = 2097152                                   {product} {ergonomic}
   size_t MinHeapSize                              = 8388608                                   {product} {ergonomic}
    uintx NonNMethodCodeHeapSize                   = 5839372                                {pd product} {ergonomic}
    uintx NonProfiledCodeHeapSize                  = 122909434                              {pd product} {ergonomic}
    uintx ProfiledCodeHeapSize                     = 122909434                              {pd product} {ergonomic}
    uintx ReservedCodeCacheSize                    = 251658240                              {pd product} {ergonomic}
     bool SegmentedCodeCache                       = true                                      {product} {ergonomic}
   size_t SoftMaxHeapSize                          = 4263510016                             {manageable} {ergonomic}
     bool UseCompressedClassPointers               = true                           {product lp64_product} {ergonomic}
     bool UseCompressedOops                        = true                           {product lp64_product} {ergonomic}
     bool UseG1GC                                  = true                                      {product} {ergonomic}
     bool UseLargePagesIndividualAllocation        = false                                  {pd product} {ergonomic}

Logging:
Log output configuration:
 #0: stdout all=warning uptime,level,tags
 #1: stderr all=off uptime,level,tags

Environment Variables:
JAVA_HOME=C:\Tools\jdk-17
PATH=C:\Program Files (x86)\Common Files\MVS\Runtime\Win32_i86;C:\Program Files (x86)\Common Files\MVS\Runtime\Win64_x64;C:\Program Files\Python314\Scripts\;C:\Program Files\Python314\;C:\Windows\system32;C:\Windows;C:\Windows\System32\Wbem;C:\Windows\System32\WindowsPowerShell\v1.0\;C:\Windows\System32\OpenSSH\;C:\Program Files\dotnet\;C:\Program Files\Microsoft VS Code\bin;C:\Program Files\nodejs\;C:\Program Files\JAI\SDK\bin;C:\Program Files\JAI\SDK\bin\Win32_i86;C:\Program Files\JAI\SDK\GenICam\bin\Win64_x64;C:\Program Files\JAI\SDK\GenICam\bin\Win32_i86;C:\Program Files\Git\cmd;C:\Users\Administrator\AppData\Local\Microsoft\WindowsApps;C:\Users\Administrator\AppData\Roaming\npm;C:\Users\Administrator\.dotnet\tools;C:\Tools\jdk-17\bin;C:\Tools\apache-maven-3.9.9\bin;C:\Users\Administrator\AppData\Local\GitHubDesktop\bin;C:\Users\Administrator\.dotnet\tools;C:\Tools\cmake-4.2.1-windows-x86_64\bin;D:\cursor\resources\app\bin
USERNAME=Administrator
LANG=en_US.UTF-8
OS=Windows_NT
PROCESSOR_IDENTIFIER=Intel64 Family 6 Model 158 Stepping 10, GenuineIntel
TMP=C:\Users\Administrator\AppData\Local\Temp
TEMP=C:\Users\Administrator\AppData\Local\Temp



Periodic native trim disabled


---------------  S Y S T E M  ---------------

OS:
 Windows 10 , 64 bit Build 19041 (10.0.19041.1202)
OS uptime: 1 days 9:01 hours

CPU: total 12 (initial active 12) (6 cores per cpu, 2 threads per core) family 6 model 158 stepping 10 microcode 0xd6, cx8, cmov, fxsr, ht, mmx, 3dnowpref, sse, sse2, sse3, ssse3, sse4.1, sse4.2, popcnt, lzcnt, tsc, tscinvbit, avx, avx2, aes, erms, clmul, bmi1, bmi2, rtm, adx, fma, vzeroupper, clflush, clflushopt
Processor Information for all 12 processors :
  Max Mhz: 3192, Current Mhz: 3192, Mhz Limit: 3192

Memory: 4k page, system-wide physical 16262M (6021M free)
TotalPageFile size 24454M (AvailPageFile size 5M)
current process WorkingSet (physical memory assigned to process): 552M, peak: 616M
current process commit charge ("private bytes"): 622M, peak: 677M

vm_info: OpenJDK 64-Bit Server VM (17.0.19+10) for windows-amd64 JRE (17.0.19+10), built on Apr 25 2026 08:04:44 by "admin" with MS VC++ 17.12 (VS2022)

END.
