2026-09-18 01:06:15.326 INFO  [main] c.e.i.o.i.t.InspectionTriggerBus - sync_diag channel=inspect event=line_sequence_reserved trigger_sequence=1 source=io_input
2026-09-18 01:06:15.329 INFO  [main] c.e.i.o.i.t.InspectionTriggerBus - sync_diag channel=inspect event=line_dispatch trigger_sequence=1 cameras=10 stagger_ms=0 mode=simultaneous
2026-09-18 01:06:15.330 INFO  [main] c.e.i.o.i.t.InspectionTriggerBus - sync_diag channel=inspect event=line_sequence_reserved trigger_sequence=2 source=io_input
2026-09-18 01:06:15.331 INFO  [main] c.e.i.o.i.t.InspectionTriggerBus - sync_diag channel=inspect event=line_dispatch trigger_sequence=2 cameras=10 stagger_ms=0 mode=simultaneous
2026-09-18 01:06:15.338 INFO  [main] c.e.i.o.i.t.InspectionTriggerBus - sync_diag channel=inspect event=line_sequence_reserved trigger_sequence=3 source=io_input
2026-09-18 01:06:15.339 INFO  [main] c.e.i.o.i.t.t.IoInputMonitorTwoPhaseTriggerTest - io_input_trigger discard DI3 raw_sequence=3: already accepted two pulses in current DI2=1 window
2026-09-18 01:06:15.339 INFO  [main] c.e.i.o.i.t.t.IoInputMonitorTwoPhaseTriggerTest - io_input_trigger stopped
2026-09-18 01:53:24.656 INFO  [main] c.e.i.o.i.t.InspectionTriggerBus - sync_diag channel=inspect event=line_sequence_reserved trigger_sequence=1 source=io_input
2026-09-18 01:53:24.658 INFO  [main] c.e.i.o.i.t.InspectionTriggerBus - sync_diag channel=inspect event=line_dispatch trigger_sequence=1 cameras=10 stagger_ms=0 mode=simultaneous
2026-09-18 01:53:24.659 INFO  [main] c.e.i.o.i.t.InspectionTriggerBus - sync_diag channel=inspect event=line_sequence_reserved trigger_sequence=2 source=io_input
2026-09-18 01:53:24.659 INFO  [main] c.e.i.o.i.t.InspectionTriggerBus - sync_diag channel=inspect event=line_dispatch trigger_sequence=2 cameras=10 stagger_ms=0 mode=simultaneous
2026-09-18 01:53:24.660 INFO  [main] c.e.i.o.i.t.InspectionTriggerBus - sync_diag channel=inspect event=line_sequence_reserved trigger_sequence=3 source=io_input
2026-09-18 01:53:24.660 INFO  [main] c.e.i.o.i.t.t.IoInputMonitorTwoPhaseTriggerTest - io_input_trigger discard DI3 raw_sequence=3: already accepted two pulses in current DI2=1 window
2026-09-18 01:53:24.661 INFO  [main] c.e.i.o.i.t.t.IoInputMonitorTwoPhaseTriggerTest - io_input_trigger stopped
2026-09-18 03:56:45.511 INFO  [main] c.e.i.o.i.t.InspectionTriggerBus - sync_diag channel=inspect event=line_sequence_reserved trigger_sequence=1 source=io_input
2026-09-18 03:56:45.514 INFO  [main] c.e.i.o.i.t.InspectionTriggerBus - sync_diag channel=inspect event=line_dispatch trigger_sequence=1 cameras=10 stagger_ms=0 mode=simultaneous
2026-09-18 03:56:45.514 INFO  [main] c.e.i.o.i.t.InspectionTriggerBus - sync_diag channel=inspect event=line_sequence_reserved trigger_sequence=2 source=io_input
2026-09-18 03:56:45.515 INFO  [main] c.e.i.o.i.t.InspectionTriggerBus - sync_diag channel=inspect event=line_dispatch trigger_sequence=2 cameras=10 stagger_ms=0 mode=simultaneous
2026-09-18 03:56:45.515 INFO  [main] c.e.i.o.i.t.InspectionTriggerBus - sync_diag channel=inspect event=line_sequence_reserved trigger_sequence=3 source=io_input
2026-09-18 03:56:45.515 INFO  [main] c.e.i.o.i.t.t.IoInputMonitorTwoPhaseTriggerTest - io_input_trigger discard DI3 raw_sequence=3: already accepted two pulses in current DI2=1 window
2026-09-18 03:56:45.516 INFO  [main] c.e.i.o.i.t.t.IoInputMonitorTwoPhaseTriggerTest - io_input_trigger stopped
2026-09-18 04:08:08.026 INFO  [main] c.e.i.o.i.t.InspectionTriggerBus - sync_diag channel=inspect event=line_sequence_reserved trigger_sequence=1 source=io_input
2026-09-18 04:08:08.029 INFO  [main] c.e.i.o.i.t.InspectionTriggerBus - sync_diag channel=inspect event=line_dispatch trigger_sequence=1 cameras=10 stagger_ms=0 mode=simultaneous
2026-09-18 04:08:08.029 INFO  [main] c.e.i.o.i.t.InspectionTriggerBus - sync_diag channel=inspect event=line_sequence_reserved trigger_sequence=2 source=io_input
2026-09-18 04:08:08.030 INFO  [main] c.e.i.o.i.t.InspectionTriggerBus - sync_diag channel=inspect event=line_dispatch trigger_sequence=2 cameras=10 stagger_ms=0 mode=simultaneous
2026-09-18 04:08:08.030 INFO  [main] c.e.i.o.i.t.InspectionTriggerBus - sync_diag channel=inspect event=line_sequence_reserved trigger_sequence=3 source=io_input
2026-09-18 04:08:08.030 INFO  [main] c.e.i.o.i.t.t.IoInputMonitorTwoPhaseTriggerTest - io_input_trigger discard DI3 raw_sequence=3: already accepted two pulses in current DI2=1 window
2026-09-18 04:08:08.031 INFO  [main] c.e.i.o.i.t.t.IoInputMonitorTwoPhaseTriggerTest - io_input_trigger stopped
2026-09-21 04:07:59.869 INFO  [phase-one-begin] c.e.i.o.i.p.s.PerCameraInspectionGate - sync_diag channel=inspect event=phase_capture_wait cam=0 parent_cycle=55 phase=1 waiting_for_phase=0
2026-09-21 04:07:59.869 INFO  [phase-one-begin] c.e.i.o.i.p.s.PerCameraInspectionGate - sync_diag channel=inspect event=phase_capture_wait cam=0 parent_cycle=55 phase=1 waiting_for_phase=0
2026-09-21 04:07:59.954 INFO  [phase-one-begin] c.e.i.o.i.p.s.PerCameraInspectionGate - sync_diag channel=inspect event=phase_capture_wait_done cam=0 parent_cycle=55 phase=1
2026-09-21 04:07:59.954 INFO  [phase-one-begin] c.e.i.o.i.p.s.PerCameraInspectionGate - sync_diag channel=inspect event=phase_capture_wait_done cam=0 parent_cycle=55 phase=1
2026-09-21 04:34:30.476 INFO  [phase-one-begin] c.e.i.o.i.p.s.PerCameraInspectionGate - sync_diag channel=inspect event=phase_capture_wait cam=0 parent_cycle=55 phase=1 waiting_for_phase=0
2026-09-21 04:34:30.476 INFO  [phase-one-begin] c.e.i.o.i.p.s.PerCameraInspectionGate - sync_diag channel=inspect event=phase_capture_wait cam=0 parent_cycle=55 phase=1 waiting_for_phase=0
2026-09-21 04:34:30.555 INFO  [phase-one-begin] c.e.i.o.i.p.s.PerCameraInspectionGate - sync_diag channel=inspect event=phase_capture_wait_done cam=0 parent_cycle=55 phase=1
2026-09-21 04:34:30.555 INFO  [phase-one-begin] c.e.i.o.i.p.s.PerCameraInspectionGate - sync_diag channel=inspect event=phase_capture_wait_done cam=0 parent_cycle=55 phase=1
2026-09-21 04:34:30.574 INFO  [main] c.e.i.o.i.p.s.PerCameraInspectionGate - sync_diag channel=inspect event=phase_capture_wait cam=0 parent_cycle=1 phase=1 waiting_for_phase=0
2026-09-21 04:34:30.574 INFO  [main] c.e.i.o.i.p.s.PerCameraInspectionGate - sync_diag channel=inspect event=phase_capture_wait cam=0 parent_cycle=1 phase=1 waiting_for_phase=0
2026-09-21 04:35:40.003 INFO  [phase-one-begin] c.e.i.o.i.p.s.PerCameraInspectionGate - sync_diag channel=inspect event=phase_capture_wait cam=0 parent_cycle=55 phase=1 waiting_for_phase=0
2026-09-21 04:35:40.003 INFO  [phase-one-begin] c.e.i.o.i.p.s.PerCameraInspectionGate - sync_diag channel=inspect event=phase_capture_wait cam=0 parent_cycle=55 phase=1 waiting_for_phase=0
2026-09-21 04:35:40.078 INFO  [phase-one-begin] c.e.i.o.i.p.s.PerCameraInspectionGate - sync_diag channel=inspect event=phase_capture_wait_done cam=0 parent_cycle=55 phase=1
2026-09-21 04:35:40.078 INFO  [phase-one-begin] c.e.i.o.i.p.s.PerCameraInspectionGate - sync_diag channel=inspect event=phase_capture_wait_done cam=0 parent_cycle=55 phase=1
2026-09-21 04:36:05.192 INFO  [phase-one-begin] c.e.i.o.i.p.s.PerCameraInspectionGate - sync_diag channel=inspect event=phase_capture_wait cam=0 parent_cycle=55 phase=1 waiting_for_phase=0
2026-09-21 04:36:05.192 INFO  [phase-one-begin] c.e.i.o.i.p.s.PerCameraInspectionGate - sync_diag channel=inspect event=phase_capture_wait cam=0 parent_cycle=55 phase=1 waiting_for_phase=0
2026-09-21 04:36:05.275 INFO  [phase-one-begin] c.e.i.o.i.p.s.PerCameraInspectionGate - sync_diag channel=inspect event=phase_capture_wait_done cam=0 parent_cycle=55 phase=1
2026-09-21 04:36:05.275 INFO  [phase-one-begin] c.e.i.o.i.p.s.PerCameraInspectionGate - sync_diag channel=inspect event=phase_capture_wait_done cam=0 parent_cycle=55 phase=1
2026-09-24 00:01:51.069 INFO  [phase-one-begin] c.e.i.o.i.p.s.PerCameraInspectionGate - sync_diag channel=inspect event=phase_capture_wait cam=0 parent_cycle=55 phase=1 waiting_for_phase=0
2026-09-24 00:01:51.069 INFO  [phase-one-begin] c.e.i.o.i.p.s.PerCameraInspectionGate - sync_diag channel=inspect event=phase_capture_wait cam=0 parent_cycle=55 phase=1 waiting_for_phase=0
2026-09-24 00:01:51.150 INFO  [phase-one-begin] c.e.i.o.i.p.s.PerCameraInspectionGate - sync_diag channel=inspect event=phase_capture_wait_done cam=0 parent_cycle=55 phase=1
2026-09-24 00:01:51.150 INFO  [phase-one-begin] c.e.i.o.i.p.s.PerCameraInspectionGate - sync_diag channel=inspect event=phase_capture_wait_done cam=0 parent_cycle=55 phase=1
2026-09-24 00:01:51.341 INFO  [main] c.e.i.o.i.t.InspectionTriggerBus - sync_diag channel=inspect event=line_sequence_reserved trigger_sequence=1 source=io_input
2026-09-24 00:01:51.342 INFO  [main] c.e.i.o.i.t.InspectionTriggerBus - sync_diag channel=inspect event=line_dispatch trigger_sequence=1 cameras=10 stagger_ms=0 mode=simultaneous
2026-09-24 00:01:51.343 INFO  [main] c.e.i.o.i.t.InspectionTriggerBus - sync_diag channel=inspect event=line_sequence_reserved trigger_sequence=2 source=io_input
2026-09-24 00:01:51.343 INFO  [main] c.e.i.o.i.t.InspectionTriggerBus - sync_diag channel=inspect event=line_dispatch trigger_sequence=2 cameras=10 stagger_ms=0 mode=simultaneous
2026-09-24 00:01:51.344 INFO  [main] c.e.i.o.i.t.InspectionTriggerBus - sync_diag channel=inspect event=line_sequence_reserved trigger_sequence=3 source=io_input
2026-09-24 00:01:51.344 INFO  [main] c.e.i.o.i.t.t.IoInputMonitorTwoPhaseTriggerTest - io_input_trigger discard DI3 raw_sequence=3: already accepted two pulses in current DI2=1 window
2026-09-24 00:01:51.345 INFO  [main] c.e.i.o.i.t.t.IoInputMonitorTwoPhaseTriggerTest - io_input_trigger stopped
2026-09-24 00:03:41.130 INFO  [phase-one-begin] c.e.i.o.i.p.s.PerCameraInspectionGate - sync_diag channel=inspect event=phase_capture_wait cam=0 parent_cycle=55 phase=1 waiting_for_phase=0
2026-09-24 00:03:41.130 INFO  [phase-one-begin] c.e.i.o.i.p.s.PerCameraInspectionGate - sync_diag channel=inspect event=phase_capture_wait cam=0 parent_cycle=55 phase=1 waiting_for_phase=0
2026-09-24 00:03:41.205 INFO  [phase-one-begin] c.e.i.o.i.p.s.PerCameraInspectionGate - sync_diag channel=inspect event=phase_capture_wait_done cam=0 parent_cycle=55 phase=1
2026-09-24 00:03:41.205 INFO  [phase-one-begin] c.e.i.o.i.p.s.PerCameraInspectionGate - sync_diag channel=inspect event=phase_capture_wait_done cam=0 parent_cycle=55 phase=1
2026-09-24 00:03:41.397 INFO  [main] c.e.i.o.i.t.InspectionTriggerBus - sync_diag channel=inspect event=line_sequence_reserved trigger_sequence=1 source=io_input
2026-09-24 00:03:41.398 INFO  [main] c.e.i.o.i.t.InspectionTriggerBus - sync_diag channel=inspect event=line_dispatch trigger_sequence=1 cameras=10 stagger_ms=0 mode=simultaneous
2026-09-24 00:03:41.399 INFO  [main] c.e.i.o.i.t.InspectionTriggerBus - sync_diag channel=inspect event=line_sequence_reserved trigger_sequence=2 source=io_input
2026-09-24 00:03:41.399 INFO  [main] c.e.i.o.i.t.InspectionTriggerBus - sync_diag channel=inspect event=line_dispatch trigger_sequence=2 cameras=10 stagger_ms=0 mode=simultaneous
2026-09-24 00:03:41.400 INFO  [main] c.e.i.o.i.t.InspectionTriggerBus - sync_diag channel=inspect event=line_sequence_reserved trigger_sequence=3 source=io_input
2026-09-24 00:03:41.400 INFO  [main] c.e.i.o.i.t.t.IoInputMonitorTwoPhaseTriggerTest - io_input_trigger discard DI3 raw_sequence=3: already accepted two pulses in current DI2=1 window
2026-09-24 00:03:41.401 INFO  [main] c.e.i.o.i.t.t.IoInputMonitorTwoPhaseTriggerTest - io_input_trigger stopped
2026-09-24 04:28:40.787 INFO  [main] c.e.i.o.i.t.InspectionTriggerBus - sync_diag channel=inspect event=line_sequence_reserved trigger_sequence=1 source=io_input
2026-09-24 04:28:40.791 INFO  [main] c.e.i.o.i.t.InspectionTriggerBus - sync_diag channel=inspect event=line_dispatch trigger_sequence=1 cameras=10 stagger_ms=0 mode=simultaneous
2026-09-24 04:28:40.792 INFO  [main] c.e.i.o.i.t.InspectionTriggerBus - sync_diag channel=inspect event=line_sequence_reserved trigger_sequence=2 source=io_input
2026-09-24 04:28:40.792 INFO  [main] c.e.i.o.i.t.InspectionTriggerBus - sync_diag channel=inspect event=line_dispatch trigger_sequence=2 cameras=10 stagger_ms=0 mode=simultaneous
2026-09-24 04:28:40.793 INFO  [main] c.e.i.o.i.t.InspectionTriggerBus - sync_diag channel=inspect event=line_sequence_reserved trigger_sequence=3 source=io_input
2026-09-24 04:28:40.793 INFO  [main] c.e.i.o.i.t.t.IoInputMonitorTwoPhaseTriggerTest - io_input_trigger discard DI3 raw_sequence=3: already accepted two pulses in current DI2=1 window
2026-09-24 04:28:40.794 INFO  [main] c.e.i.o.i.t.t.IoInputMonitorTwoPhaseTriggerTest - io_input_trigger stopped
2026-09-24 04:34:48.102 INFO  [main] c.e.i.o.i.t.InspectionTriggerBus - sync_diag channel=inspect event=line_sequence_reserved trigger_sequence=1 source=io_input
2026-09-24 04:34:48.105 INFO  [main] c.e.i.o.i.t.InspectionTriggerBus - sync_diag channel=inspect event=line_dispatch trigger_sequence=1 cameras=10 stagger_ms=0 mode=simultaneous
2026-09-24 04:34:48.106 INFO  [main] c.e.i.o.i.t.InspectionTriggerBus - sync_diag channel=inspect event=line_sequence_reserved trigger_sequence=2 source=io_input
2026-09-24 04:34:48.106 INFO  [main] c.e.i.o.i.t.InspectionTriggerBus - sync_diag channel=inspect event=line_dispatch trigger_sequence=2 cameras=10 stagger_ms=0 mode=simultaneous
2026-09-24 04:34:48.106 INFO  [main] c.e.i.o.i.t.InspectionTriggerBus - sync_diag channel=inspect event=line_sequence_reserved trigger_sequence=3 source=io_input
2026-09-24 04:34:48.107 INFO  [main] c.e.i.o.i.t.t.IoInputMonitorTwoPhaseTriggerTest - io_input_trigger discard DI3 raw_sequence=3: already accepted two pulses in current DI2=1 window
2026-09-24 04:34:48.108 INFO  [main] c.e.i.o.i.t.t.IoInputMonitorTwoPhaseTriggerTest - io_input_trigger stopped
2026-09-24 04:41:28.121 INFO  [main] c.e.i.o.i.t.InspectionTriggerBus - sync_diag channel=inspect event=line_sequence_reserved trigger_sequence=1 source=io_input
2026-09-24 04:41:28.122 INFO  [main] c.e.i.o.i.t.InspectionTriggerBus - sync_diag channel=inspect event=line_dispatch trigger_sequence=1 cameras=10 stagger_ms=0 mode=simultaneous
2026-09-24 04:41:28.123 INFO  [main] c.e.i.o.i.t.InspectionTriggerBus - sync_diag channel=inspect event=line_sequence_reserved trigger_sequence=2 source=io_input
2026-09-24 04:41:28.123 INFO  [main] c.e.i.o.i.t.InspectionTriggerBus - sync_diag channel=inspect event=line_dispatch trigger_sequence=2 cameras=10 stagger_ms=0 mode=simultaneous
2026-09-24 04:41:28.124 INFO  [main] c.e.i.o.i.t.InspectionTriggerBus - sync_diag channel=inspect event=line_sequence_reserved trigger_sequence=3 source=io_input
2026-09-24 04:41:28.124 INFO  [main] c.e.i.o.i.t.t.IoInputMonitorTwoPhaseTriggerTest - io_input_trigger discard DI3 raw_sequence=3: already accepted two pulses in current DI2=1 window
2026-09-24 04:41:28.125 INFO  [main] c.e.i.o.i.t.t.IoInputMonitorTwoPhaseTriggerTest - io_input_trigger stopped
2026-09-24 05:32:31.547 INFO  [main] c.e.i.o.i.t.InspectionTriggerBus - sync_diag channel=inspect event=line_sequence_reserved trigger_sequence=1 source=io_input
2026-09-24 05:32:31.548 INFO  [main] c.e.i.o.i.t.InspectionTriggerBus - sync_diag channel=inspect event=line_dispatch trigger_sequence=1 cameras=10 stagger_ms=0 mode=simultaneous
2026-09-24 05:32:31.549 INFO  [main] c.e.i.o.i.t.InspectionTriggerBus - sync_diag channel=inspect event=line_sequence_reserved trigger_sequence=2 source=io_input
2026-09-24 05:32:31.550 INFO  [main] c.e.i.o.i.t.InspectionTriggerBus - sync_diag channel=inspect event=line_dispatch trigger_sequence=2 cameras=10 stagger_ms=0 mode=simultaneous
2026-09-24 05:32:31.550 INFO  [main] c.e.i.o.i.t.InspectionTriggerBus - sync_diag channel=inspect event=line_sequence_reserved trigger_sequence=3 source=io_input
2026-09-24 05:32:31.551 INFO  [main] c.e.i.o.i.t.t.IoInputMonitorTwoPhaseTriggerTest - io_input_trigger discard DI3 raw_sequence=3: already accepted two pulses in current DI2=1 window
2026-09-24 05:32:31.552 INFO  [main] c.e.i.o.i.t.t.IoInputMonitorTwoPhaseTriggerTest - io_input_trigger stopped
2026-09-24 06:11:57.502 INFO  [main] c.e.i.o.i.p.s.AsyncInspectionCycleRunnerTest - integration cam=0: inspection cycle cancelled before start
2026-09-24 06:11:57.505 INFO  [main] c.e.i.o.i.p.s.AsyncInspectionCycleRunnerTest - integration cam=2: capture-only frame=23 delivered to ui (geometry/python skipped — no reference)
2026-09-24 06:11:57.508 INFO  [pool-19-thread-1] c.e.i.o.i.p.s.AsyncInspectionCycleRunnerTest - inspection_decision cam=0 frame=7 overall=true action=ACCEPT py_ok=true py_status=PASS anomaly=0.05 threshold=null geom_pass=true geom_status=PASS align_pass=null wrinkles=null joint=null seam_par=0.0 seam_w=0.0 seam_vis=0.0 joint_cam=false
2026-09-24 06:11:57.509 INFO  [pool-19-thread-1] c.e.i.o.i.p.s.AsyncInspectionCycleRunnerTest - inspection_timing cam=0 frame=7 positioning_ms=0 capture_to_geometry_done_ms=0 capture_to_python_done_ms=0 capture_frame_to_inspection_end_ms=2
2026-09-24 06:11:57.510 INFO  [pool-19-thread-1] c.e.i.o.i.p.s.AsyncInspectionCycleRunnerTest - stage_timing cam=0 frame=7 total_ms=2 pipeline_ms=6 reference_ms=0 capture_ms=1 positioning_ms=0 python_ms=3 geometry_ms=2 decision_ms=0 fanout_ms=0 pos_orb_ms=0.0 pos_warp_ms=0.0 pos_ecc_ms=0.0 pos_write_ms=0.0 py_align_ms=0.0 py_diff_ms=0.0 py_anomaly_ms=0.0 py_fp_recheck_ms=0.0 py_encode_ms=0.0 py_total_ms=0.0
2026-09-24 06:11:57.511 INFO  [main] c.e.i.o.i.p.s.AsyncInspectionCycleRunnerTest - integration cam=0: inspection cycle cancelled before start
2026-09-24 06:11:57.512 INFO  [main] c.e.i.o.i.p.s.AsyncInspectionCycleRunnerTest - integration cam=1: capture-only frame=11 delivered to ui (geometry/python skipped — no reference)
2026-09-24 06:11:57.516 INFO  [phase-one-begin] c.e.i.o.i.p.s.PerCameraInspectionGate - sync_diag channel=inspect event=phase_capture_wait cam=0 parent_cycle=55 phase=1 waiting_for_phase=0
2026-09-24 06:11:57.516 INFO  [phase-one-begin] c.e.i.o.i.p.s.PerCameraInspectionGate - sync_diag channel=inspect event=phase_capture_wait cam=0 parent_cycle=55 phase=1 waiting_for_phase=0
2026-09-24 06:11:57.600 INFO  [phase-one-begin] c.e.i.o.i.p.s.PerCameraInspectionGate - sync_diag channel=inspect event=phase_capture_wait_done cam=0 parent_cycle=55 phase=1
2026-09-24 06:11:57.600 INFO  [phase-one-begin] c.e.i.o.i.p.s.PerCameraInspectionGate - sync_diag channel=inspect event=phase_capture_wait_done cam=0 parent_cycle=55 phase=1
2026-09-24 06:12:00.573 INFO  [main] c.e.i.o.i.t.InspectionTriggerBus - sync_diag channel=inspect event=line_sequence_reserved trigger_sequence=1 source=io_input
2026-09-24 06:12:00.573 INFO  [main] c.e.i.o.i.t.InspectionTriggerBus - sync_diag channel=inspect event=line_dispatch trigger_sequence=1 cameras=10 stagger_ms=0 mode=simultaneous
2026-09-24 06:12:01.013 INFO  [main] c.e.i.o.i.t.InspectionTriggerBus - sync_diag channel=inspect event=line_sequence_reserved trigger_sequence=1 source=io_input
2026-09-24 06:12:01.013 INFO  [main] c.e.i.o.i.t.InspectionTriggerBus - sync_diag channel=inspect event=line_dispatch trigger_sequence=1 cameras=10 stagger_ms=0 mode=simultaneous
2026-09-24 06:12:01.013 INFO  [main] c.e.i.o.i.t.InspectionTriggerBus - sync_diag channel=inspect event=line_sequence_reserved trigger_sequence=2 source=io_input
2026-09-24 06:12:01.013 INFO  [main] c.e.i.o.i.t.InspectionTriggerBus - sync_diag channel=inspect event=line_dispatch trigger_sequence=2 cameras=10 stagger_ms=0 mode=simultaneous
2026-09-24 06:12:01.013 INFO  [main] c.e.i.o.i.t.InspectionTriggerBus - sync_diag channel=inspect event=line_sequence_reserved trigger_sequence=3 source=io_input
2026-09-24 06:12:01.014 INFO  [main] c.e.i.o.i.t.t.IoInputMonitorTwoPhaseTriggerTest - io_input_trigger discard DI3 raw_sequence=3: already accepted two pulses in current DI2=1 window
2026-09-24 06:12:01.014 INFO  [main] c.e.i.o.i.t.t.IoInputMonitorTwoPhaseTriggerTest - io_input_trigger stopped
2026-09-24 22:44:39.099 INFO  [main] c.e.i.o.i.t.InspectionTriggerBus - sync_diag channel=inspect event=line_sequence_reserved trigger_sequence=1 source=io_input
2026-09-24 22:44:39.100 INFO  [main] c.e.i.o.i.t.InspectionTriggerBus - sync_diag channel=inspect event=line_dispatch trigger_sequence=1 cameras=10 stagger_ms=0 mode=simultaneous
2026-09-24 22:44:39.102 INFO  [main] c.e.i.o.i.t.InspectionTriggerBus - sync_diag channel=inspect event=line_sequence_reserved trigger_sequence=2 source=io_input
2026-09-24 22:44:39.103 INFO  [main] c.e.i.o.i.t.InspectionTriggerBus - sync_diag channel=inspect event=line_dispatch trigger_sequence=2 cameras=10 stagger_ms=0 mode=simultaneous
2026-09-24 22:44:39.104 INFO  [main] c.e.i.o.i.t.InspectionTriggerBus - sync_diag channel=inspect event=line_sequence_reserved trigger_sequence=3 source=io_input
2026-09-24 22:44:39.104 INFO  [main] c.e.i.o.i.t.t.IoInputMonitorTwoPhaseTriggerTest - io_input_trigger discard DI3 raw_sequence=3: already accepted two pulses in current DI2=1 window
2026-09-24 22:44:39.106 INFO  [main] c.e.i.o.i.t.t.IoInputMonitorTwoPhaseTriggerTest - io_input_trigger stopped
2026-09-24 22:45:25.089 INFO  [main] c.e.i.o.i.p.s.AsyncInspectionCycleRunnerTest - integration cam=0: inspection cycle cancelled before start
2026-09-24 22:45:25.093 INFO  [main] c.e.i.o.i.p.s.AsyncInspectionCycleRunnerTest - integration cam=2: capture-only frame=23 delivered to ui (geometry/python skipped — no reference)
2026-09-24 22:45:25.098 INFO  [pool-19-thread-1] c.e.i.o.i.p.s.AsyncInspectionCycleRunnerTest - inspection_decision cam=0 frame=7 overall=true action=ACCEPT py_ok=true py_status=PASS anomaly=0.05 threshold=null geom_pass=true geom_status=PASS align_pass=null wrinkles=null joint=null seam_par=0.0 seam_w=0.0 seam_vis=0.0 joint_cam=false
2026-09-24 22:45:25.098 INFO  [pool-19-thread-1] c.e.i.o.i.p.s.AsyncInspectionCycleRunnerTest - inspection_timing cam=0 frame=7 positioning_ms=0 capture_to_geometry_done_ms=0 capture_to_python_done_ms=0 capture_frame_to_inspection_end_ms=3
2026-09-24 22:45:25.099 INFO  [pool-19-thread-1] c.e.i.o.i.p.s.AsyncInspectionCycleRunnerTest - stage_timing cam=0 frame=7 total_ms=3 pipeline_ms=6 reference_ms=0 capture_ms=1 positioning_ms=0 python_ms=3 geometry_ms=2 decision_ms=0 fanout_ms=0 pos_orb_ms=0.0 pos_warp_ms=0.0 pos_ecc_ms=0.0 pos_write_ms=0.0 py_align_ms=0.0 py_diff_ms=0.0 py_anomaly_ms=0.0 py_fp_recheck_ms=0.0 py_encode_ms=0.0 py_total_ms=0.0
2026-09-24 22:45:25.100 INFO  [main] c.e.i.o.i.p.s.AsyncInspectionCycleRunnerTest - integration cam=0: inspection cycle cancelled before start
2026-09-24 22:45:25.101 INFO  [main] c.e.i.o.i.p.s.AsyncInspectionCycleRunnerTest - integration cam=1: capture-only frame=11 delivered to ui (geometry/python skipped — no reference)
2026-09-24 22:45:25.107 INFO  [phase-one-begin] c.e.i.o.i.p.s.PerCameraInspectionGate - sync_diag channel=inspect event=phase_capture_wait cam=0 parent_cycle=55 phase=1 waiting_for_phase=0
2026-09-24 22:45:25.107 INFO  [phase-one-begin] c.e.i.o.i.p.s.PerCameraInspectionGate - sync_diag channel=inspect event=phase_capture_wait cam=0 parent_cycle=55 phase=1 waiting_for_phase=0
2026-09-24 22:45:25.187 INFO  [phase-one-begin] c.e.i.o.i.p.s.PerCameraInspectionGate - sync_diag channel=inspect event=phase_capture_wait_done cam=0 parent_cycle=55 phase=1
2026-09-24 22:45:25.187 INFO  [phase-one-begin] c.e.i.o.i.p.s.PerCameraInspectionGate - sync_diag channel=inspect event=phase_capture_wait_done cam=0 parent_cycle=55 phase=1
2026-09-24 22:45:28.176 INFO  [main] c.e.i.o.i.t.InspectionTriggerBus - sync_diag channel=inspect event=line_sequence_reserved trigger_sequence=1 source=io_input
2026-09-24 22:45:28.176 INFO  [main] c.e.i.o.i.t.InspectionTriggerBus - sync_diag channel=inspect event=line_dispatch trigger_sequence=1 cameras=10 stagger_ms=0 mode=simultaneous
2026-09-24 22:45:28.621 INFO  [main] c.e.i.o.i.t.InspectionTriggerBus - sync_diag channel=inspect event=line_sequence_reserved trigger_sequence=1 source=io_input
2026-09-24 22:45:28.621 INFO  [main] c.e.i.o.i.t.InspectionTriggerBus - sync_diag channel=inspect event=line_dispatch trigger_sequence=1 cameras=10 stagger_ms=0 mode=simultaneous
2026-09-24 22:45:28.622 INFO  [main] c.e.i.o.i.t.InspectionTriggerBus - sync_diag channel=inspect event=line_sequence_reserved trigger_sequence=2 source=io_input
2026-09-24 22:45:28.622 INFO  [main] c.e.i.o.i.t.InspectionTriggerBus - sync_diag channel=inspect event=line_dispatch trigger_sequence=2 cameras=10 stagger_ms=0 mode=simultaneous
2026-09-24 22:45:28.622 INFO  [main] c.e.i.o.i.t.InspectionTriggerBus - sync_diag channel=inspect event=line_sequence_reserved trigger_sequence=3 source=io_input
2026-09-24 22:45:28.622 INFO  [main] c.e.i.o.i.t.t.IoInputMonitorTwoPhaseTriggerTest - io_input_trigger discard DI3 raw_sequence=3: already accepted two pulses in current DI2=1 window
2026-09-24 22:45:28.622 INFO  [main] c.e.i.o.i.t.t.IoInputMonitorTwoPhaseTriggerTest - io_input_trigger stopped
2026-09-24 22:54:35.252 INFO  [main] c.e.i.o.i.p.s.AsyncInspectionCycleRunnerTest - integration cam=0: inspection cycle cancelled before start
2026-09-24 22:54:35.277 INFO  [main] c.e.i.o.i.p.s.AsyncInspectionCycleRunnerTest - integration cam=2: capture-only frame=23 delivered to ui (geometry/python skipped — no reference)
2026-09-24 22:54:35.284 INFO  [pool-16-thread-1] c.e.i.o.i.p.s.AsyncInspectionCycleRunnerTest - inspection_decision cam=0 frame=7 overall=true action=ACCEPT py_ok=true py_status=PASS anomaly=0.05 threshold=null geom_pass=true geom_status=PASS align_pass=null wrinkles=null joint=null seam_par=0.0 seam_w=0.0 seam_vis=0.0 joint_cam=false
2026-09-24 22:54:35.285 INFO  [pool-16-thread-1] c.e.i.o.i.p.s.AsyncInspectionCycleRunnerTest - inspection_timing cam=0 frame=7 positioning_ms=0 capture_to_geometry_done_ms=0 capture_to_python_done_ms=0 capture_frame_to_inspection_end_ms=3
2026-09-24 22:54:35.287 INFO  [pool-16-thread-1] c.e.i.o.i.p.s.AsyncInspectionCycleRunnerTest - stage_timing cam=0 frame=7 total_ms=3 pipeline_ms=7 reference_ms=0 capture_ms=1 positioning_ms=0 python_ms=3 geometry_ms=2 decision_ms=1 fanout_ms=0 pos_orb_ms=0.0 pos_warp_ms=0.0 pos_ecc_ms=0.0 pos_write_ms=0.0 py_align_ms=0.0 py_diff_ms=0.0 py_anomaly_ms=0.0 py_fp_recheck_ms=0.0 py_encode_ms=0.0 py_total_ms=0.0
2026-09-24 22:54:35.290 INFO  [main] c.e.i.o.i.p.s.AsyncInspectionCycleRunnerTest - integration cam=0: inspection cycle cancelled before start
2026-09-24 22:54:35.292 INFO  [main] c.e.i.o.i.p.s.AsyncInspectionCycleRunnerTest - integration cam=1: capture-only frame=11 delivered to ui (geometry/python skipped — no reference)
2026-09-25 03:41:16.669 INFO  [main] c.e.i.o.i.t.InspectionTriggerBus - sync_diag channel=inspect event=line_sequence_reserved trigger_sequence=1 source=io_input
2026-09-25 03:41:16.672 INFO  [main] c.e.i.o.i.t.InspectionTriggerBus - sync_diag channel=inspect event=line_dispatch trigger_sequence=1 cameras=10 stagger_ms=0 mode=simultaneous
2026-09-25 03:41:16.673 INFO  [main] c.e.i.o.i.t.InspectionTriggerBus - sync_diag channel=inspect event=line_sequence_reserved trigger_sequence=2 source=io_input
2026-09-25 03:41:16.673 INFO  [main] c.e.i.o.i.t.InspectionTriggerBus - sync_diag channel=inspect event=line_dispatch trigger_sequence=2 cameras=10 stagger_ms=0 mode=simultaneous
2026-09-25 03:41:16.673 INFO  [main] c.e.i.o.i.t.InspectionTriggerBus - sync_diag channel=inspect event=line_sequence_reserved trigger_sequence=3 source=io_input
2026-09-25 03:41:16.674 INFO  [main] c.e.i.o.i.t.t.IoInputMonitorTwoPhaseTriggerTest - io_input_trigger discard DI3 raw_sequence=3: already accepted two pulses in current DI2=1 window
2026-09-25 03:41:16.675 INFO  [main] c.e.i.o.i.t.t.IoInputMonitorTwoPhaseTriggerTest - io_input_trigger stopped
2026-09-25 03:59:04.178 INFO  [phase-one-begin] c.e.i.o.i.p.s.PerCameraInspectionGate - sync_diag channel=inspect event=phase_capture_wait cam=0 parent_cycle=55 phase=1 waiting_for_phase=0
2026-09-25 03:59:04.178 INFO  [phase-one-begin] c.e.i.o.i.p.s.PerCameraInspectionGate - sync_diag channel=inspect event=phase_capture_wait cam=0 parent_cycle=55 phase=1 waiting_for_phase=0
2026-09-25 03:59:04.265 INFO  [phase-one-begin] c.e.i.o.i.p.s.PerCameraInspectionGate - sync_diag channel=inspect event=phase_capture_wait_done cam=0 parent_cycle=55 phase=1
2026-09-25 03:59:04.265 INFO  [phase-one-begin] c.e.i.o.i.p.s.PerCameraInspectionGate - sync_diag channel=inspect event=phase_capture_wait_done cam=0 parent_cycle=55 phase=1
2026-09-25 03:59:04.463 INFO  [main] c.e.i.o.i.t.InspectionTriggerBus - sync_diag channel=inspect event=line_sequence_reserved trigger_sequence=1 source=io_input
2026-09-25 03:59:04.464 INFO  [main] c.e.i.o.i.t.InspectionTriggerBus - sync_diag channel=inspect event=line_dispatch trigger_sequence=1 cameras=10 stagger_ms=0 mode=simultaneous
2026-09-25 03:59:04.465 INFO  [main] c.e.i.o.i.t.InspectionTriggerBus - sync_diag channel=inspect event=line_sequence_reserved trigger_sequence=2 source=io_input
2026-09-25 03:59:04.465 INFO  [main] c.e.i.o.i.t.InspectionTriggerBus - sync_diag channel=inspect event=line_dispatch trigger_sequence=2 cameras=10 stagger_ms=0 mode=simultaneous
2026-09-25 03:59:04.466 INFO  [main] c.e.i.o.i.t.InspectionTriggerBus - sync_diag channel=inspect event=line_sequence_reserved trigger_sequence=3 source=io_input
2026-09-25 03:59:04.466 INFO  [main] c.e.i.o.i.t.t.IoInputMonitorTwoPhaseTriggerTest - io_input_trigger discard DI3 raw_sequence=3: already accepted two pulses in current DI2=1 window
2026-09-25 03:59:04.467 INFO  [main] c.e.i.o.i.t.t.IoInputMonitorTwoPhaseTriggerTest - io_input_trigger stopped
2026-09-25 04:00:32.113 INFO  [main] c.e.i.o.i.p.s.AsyncInspectionCycleRunnerTest - integration cam=0: inspection cycle cancelled before start
2026-09-25 04:00:32.117 INFO  [main] c.e.i.o.i.p.s.AsyncInspectionCycleRunnerTest - integration cam=2: capture-only frame=23 delivered to ui (geometry/python skipped — no reference)
2026-09-25 04:00:32.120 INFO  [pool-19-thread-1] c.e.i.o.i.p.s.AsyncInspectionCycleRunnerTest - inspection_decision cam=0 frame=7 overall=true action=ACCEPT py_ok=true py_status=PASS anomaly=0.05 threshold=null geom_pass=true geom_status=PASS align_pass=null wrinkles=null joint=null seam_par=0.0 seam_w=0.0 seam_vis=0.0 joint_cam=false
2026-09-25 04:00:32.121 INFO  [pool-19-thread-1] c.e.i.o.i.p.s.AsyncInspectionCycleRunnerTest - inspection_timing cam=0 frame=7 positioning_ms=0 capture_to_geometry_done_ms=0 capture_to_python_done_ms=0 capture_frame_to_inspection_end_ms=2
2026-09-25 04:00:32.121 INFO  [pool-19-thread-1] c.e.i.o.i.p.s.AsyncInspectionCycleRunnerTest - stage_timing cam=0 frame=7 total_ms=2 pipeline_ms=6 reference_ms=0 capture_ms=1 positioning_ms=0 python_ms=3 geometry_ms=2 decision_ms=0 fanout_ms=0 pos_orb_ms=0.0 pos_warp_ms=0.0 pos_ecc_ms=0.0 pos_write_ms=0.0 py_align_ms=0.0 py_diff_ms=0.0 py_anomaly_ms=0.0 py_fp_recheck_ms=0.0 py_encode_ms=0.0 py_total_ms=0.0
2026-09-25 04:00:32.122 INFO  [main] c.e.i.o.i.p.s.AsyncInspectionCycleRunnerTest - integration cam=0: inspection cycle cancelled before start
2026-09-25 04:00:32.123 INFO  [main] c.e.i.o.i.p.s.AsyncInspectionCycleRunnerTest - integration cam=1: capture-only frame=11 delivered to ui (geometry/python skipped — no reference)
2026-09-25 04:00:32.128 INFO  [phase-one-begin] c.e.i.o.i.p.s.PerCameraInspectionGate - sync_diag channel=inspect event=phase_capture_wait cam=0 parent_cycle=55 phase=1 waiting_for_phase=0
2026-09-25 04:00:32.128 INFO  [phase-one-begin] c.e.i.o.i.p.s.PerCameraInspectionGate - sync_diag channel=inspect event=phase_capture_wait cam=0 parent_cycle=55 phase=1 waiting_for_phase=0
2026-09-25 04:00:32.212 INFO  [phase-one-begin] c.e.i.o.i.p.s.PerCameraInspectionGate - sync_diag channel=inspect event=phase_capture_wait_done cam=0 parent_cycle=55 phase=1
2026-09-25 04:00:32.212 INFO  [phase-one-begin] c.e.i.o.i.p.s.PerCameraInspectionGate - sync_diag channel=inspect event=phase_capture_wait_done cam=0 parent_cycle=55 phase=1
2026-09-25 04:00:35.177 INFO  [main] c.e.i.o.i.t.InspectionTriggerBus - sync_diag channel=inspect event=line_sequence_reserved trigger_sequence=1 source=io_input
2026-09-25 04:00:35.177 INFO  [main] c.e.i.o.i.t.InspectionTriggerBus - sync_diag channel=inspect event=line_dispatch trigger_sequence=1 cameras=10 stagger_ms=0 mode=simultaneous
2026-09-25 04:00:35.611 INFO  [main] c.e.i.o.i.t.InspectionTriggerBus - sync_diag channel=inspect event=line_sequence_reserved trigger_sequence=1 source=io_input
2026-09-25 04:00:35.611 INFO  [main] c.e.i.o.i.t.InspectionTriggerBus - sync_diag channel=inspect event=line_dispatch trigger_sequence=1 cameras=10 stagger_ms=0 mode=simultaneous
2026-09-25 04:00:35.611 INFO  [main] c.e.i.o.i.t.InspectionTriggerBus - sync_diag channel=inspect event=line_sequence_reserved trigger_sequence=2 source=io_input
2026-09-25 04:00:35.612 INFO  [main] c.e.i.o.i.t.InspectionTriggerBus - sync_diag channel=inspect event=line_dispatch trigger_sequence=2 cameras=10 stagger_ms=0 mode=simultaneous
2026-09-25 04:00:35.612 INFO  [main] c.e.i.o.i.t.InspectionTriggerBus - sync_diag channel=inspect event=line_sequence_reserved trigger_sequence=3 source=io_input
2026-09-25 04:00:35.612 INFO  [main] c.e.i.o.i.t.t.IoInputMonitorTwoPhaseTriggerTest - io_input_trigger discard DI3 raw_sequence=3: already accepted two pulses in current DI2=1 window
2026-09-25 04:00:35.612 INFO  [main] c.e.i.o.i.t.t.IoInputMonitorTwoPhaseTriggerTest - io_input_trigger stopped
2026-09-25 04:12:13.722 INFO  [main] c.e.i.o.i.t.InspectionTriggerBus - sync_diag channel=inspect event=line_sequence_reserved trigger_sequence=1 source=io_input
2026-09-25 04:12:13.725 INFO  [main] c.e.i.o.i.t.InspectionTriggerBus - sync_diag channel=inspect event=line_dispatch trigger_sequence=1 cameras=10 stagger_ms=0 mode=simultaneous
2026-09-25 04:12:13.726 INFO  [main] c.e.i.o.i.t.InspectionTriggerBus - sync_diag channel=inspect event=line_sequence_reserved trigger_sequence=2 source=io_input
2026-09-25 04:12:13.727 INFO  [main] c.e.i.o.i.t.InspectionTriggerBus - sync_diag channel=inspect event=line_dispatch trigger_sequence=2 cameras=10 stagger_ms=0 mode=simultaneous
2026-09-25 04:12:13.727 INFO  [main] c.e.i.o.i.t.InspectionTriggerBus - sync_diag channel=inspect event=line_sequence_reserved trigger_sequence=3 source=io_input
2026-09-25 04:12:13.727 INFO  [main] c.e.i.o.i.t.t.IoInputMonitorTwoPhaseTriggerTest - io_input_trigger discard DI3 raw_sequence=3: already accepted two pulses in current DI2=1 window
2026-09-25 04:12:13.729 INFO  [main] c.e.i.o.i.t.t.IoInputMonitorTwoPhaseTriggerTest - io_input_trigger stopped
2026-09-25 04:17:40.279 INFO  [main] c.e.i.o.i.t.InspectionTriggerBus - sync_diag channel=inspect event=line_sequence_reserved trigger_sequence=1 source=io_input
2026-09-25 04:17:40.283 INFO  [main] c.e.i.o.i.t.InspectionTriggerBus - sync_diag channel=inspect event=line_dispatch trigger_sequence=1 cameras=10 stagger_ms=0 mode=simultaneous
2026-09-25 04:17:40.284 INFO  [main] c.e.i.o.i.t.InspectionTriggerBus - sync_diag channel=inspect event=line_sequence_reserved trigger_sequence=2 source=io_input
2026-09-25 04:17:40.284 INFO  [main] c.e.i.o.i.t.InspectionTriggerBus - sync_diag channel=inspect event=line_dispatch trigger_sequence=2 cameras=10 stagger_ms=0 mode=simultaneous
2026-09-25 04:17:40.284 INFO  [main] c.e.i.o.i.t.InspectionTriggerBus - sync_diag channel=inspect event=line_sequence_reserved trigger_sequence=3 source=io_input
2026-09-25 04:17:40.284 INFO  [main] c.e.i.o.i.t.t.IoInputMonitorTwoPhaseTriggerTest - io_input_trigger discard DI3 raw_sequence=3: already accepted two pulses in current DI2=1 window
2026-09-25 04:17:40.285 INFO  [main] c.e.i.o.i.t.t.IoInputMonitorTwoPhaseTriggerTest - io_input_trigger stopped
2026-09-25 04:22:50.160 INFO  [phase-one-begin] c.e.i.o.i.p.s.PerCameraInspectionGate - sync_diag channel=inspect event=phase_capture_wait cam=0 parent_cycle=55 phase=1 waiting_for_phase=0
2026-09-25 04:22:50.160 INFO  [phase-one-begin] c.e.i.o.i.p.s.PerCameraInspectionGate - sync_diag channel=inspect event=phase_capture_wait cam=0 parent_cycle=55 phase=1 waiting_for_phase=0
2026-09-25 04:22:50.242 INFO  [phase-one-begin] c.e.i.o.i.p.s.PerCameraInspectionGate - sync_diag channel=inspect event=phase_capture_wait_done cam=0 parent_cycle=55 phase=1
2026-09-25 04:22:50.242 INFO  [phase-one-begin] c.e.i.o.i.p.s.PerCameraInspectionGate - sync_diag channel=inspect event=phase_capture_wait_done cam=0 parent_cycle=55 phase=1
2026-09-25 04:22:50.300 INFO  [main] c.e.i.o.i.t.InspectionTriggerBus - sync_diag channel=inspect event=line_sequence_reserved trigger_sequence=1 source=io_input
2026-09-25 04:22:50.301 INFO  [main] c.e.i.o.i.t.InspectionTriggerBus - sync_diag channel=inspect event=line_dispatch trigger_sequence=1 cameras=10 stagger_ms=0 mode=simultaneous
2026-09-25 04:22:50.302 INFO  [main] c.e.i.o.i.t.InspectionTriggerBus - sync_diag channel=inspect event=line_sequence_reserved trigger_sequence=2 source=io_input
2026-09-25 04:22:50.303 INFO  [main] c.e.i.o.i.t.InspectionTriggerBus - sync_diag channel=inspect event=line_dispatch trigger_sequence=2 cameras=10 stagger_ms=0 mode=simultaneous
2026-09-25 04:22:50.303 INFO  [main] c.e.i.o.i.t.InspectionTriggerBus - sync_diag channel=inspect event=line_sequence_reserved trigger_sequence=3 source=io_input
2026-09-25 04:22:50.304 INFO  [main] c.e.i.o.i.t.t.IoInputMonitorTwoPhaseTriggerTest - io_input_trigger discard DI3 raw_sequence=3: already accepted two pulses in current DI2=1 window
2026-09-25 04:22:50.305 INFO  [main] c.e.i.o.i.t.t.IoInputMonitorTwoPhaseTriggerTest - io_input_trigger stopped
2026-09-25 04:23:34.275 INFO  [phase-one-begin] c.e.i.o.i.p.s.PerCameraInspectionGate - sync_diag channel=inspect event=phase_capture_wait cam=0 parent_cycle=55 phase=1 waiting_for_phase=0
2026-09-25 04:23:34.275 INFO  [phase-one-begin] c.e.i.o.i.p.s.PerCameraInspectionGate - sync_diag channel=inspect event=phase_capture_wait cam=0 parent_cycle=55 phase=1 waiting_for_phase=0
2026-09-25 04:23:34.357 INFO  [phase-one-begin] c.e.i.o.i.p.s.PerCameraInspectionGate - sync_diag channel=inspect event=phase_capture_wait_done cam=0 parent_cycle=55 phase=1
2026-09-25 04:23:34.357 INFO  [phase-one-begin] c.e.i.o.i.p.s.PerCameraInspectionGate - sync_diag channel=inspect event=phase_capture_wait_done cam=0 parent_cycle=55 phase=1
2026-09-25 04:23:34.416 INFO  [main] c.e.i.o.i.t.InspectionTriggerBus - sync_diag channel=inspect event=line_sequence_reserved trigger_sequence=1 source=io_input
2026-09-25 04:23:34.418 INFO  [main] c.e.i.o.i.t.InspectionTriggerBus - sync_diag channel=inspect event=line_dispatch trigger_sequence=1 cameras=10 stagger_ms=0 mode=simultaneous
2026-09-25 04:23:34.419 INFO  [main] c.e.i.o.i.t.InspectionTriggerBus - sync_diag channel=inspect event=line_sequence_reserved trigger_sequence=2 source=io_input
2026-09-25 04:23:34.420 INFO  [main] c.e.i.o.i.t.InspectionTriggerBus - sync_diag channel=inspect event=line_dispatch trigger_sequence=2 cameras=10 stagger_ms=0 mode=simultaneous
2026-09-25 04:23:34.420 INFO  [main] c.e.i.o.i.t.InspectionTriggerBus - sync_diag channel=inspect event=line_sequence_reserved trigger_sequence=3 source=io_input
2026-09-25 04:23:34.420 INFO  [main] c.e.i.o.i.t.t.IoInputMonitorTwoPhaseTriggerTest - io_input_trigger discard DI3 raw_sequence=3: already accepted two pulses in current DI2=1 window
2026-09-25 04:23:34.422 INFO  [main] c.e.i.o.i.t.t.IoInputMonitorTwoPhaseTriggerTest - io_input_trigger stopped
2026-09-25 04:53:12.651 INFO  [phase-one-begin] c.e.i.o.i.p.s.PerCameraInspectionGate - sync_diag channel=inspect event=phase_capture_wait cam=0 parent_cycle=55 phase=1 waiting_for_phase=0
2026-09-25 04:53:12.651 INFO  [phase-one-begin] c.e.i.o.i.p.s.PerCameraInspectionGate - sync_diag channel=inspect event=phase_capture_wait cam=0 parent_cycle=55 phase=1 waiting_for_phase=0
2026-09-25 04:53:12.726 INFO  [phase-one-begin] c.e.i.o.i.p.s.PerCameraInspectionGate - sync_diag channel=inspect event=phase_capture_wait_done cam=0 parent_cycle=55 phase=1
2026-09-25 04:53:12.726 INFO  [phase-one-begin] c.e.i.o.i.p.s.PerCameraInspectionGate - sync_diag channel=inspect event=phase_capture_wait_done cam=0 parent_cycle=55 phase=1
2026-09-25 04:53:12.748 INFO  [main] c.e.i.o.i.t.InspectionTriggerBus - sync_diag channel=inspect event=line_sequence_reserved trigger_sequence=1 source=io_input
2026-09-25 04:53:12.750 INFO  [main] c.e.i.o.i.t.InspectionTriggerBus - sync_diag channel=inspect event=line_dispatch trigger_sequence=1 cameras=10 stagger_ms=0 mode=simultaneous
2026-09-25 04:53:12.750 INFO  [main] c.e.i.o.i.t.InspectionTriggerBus - sync_diag channel=inspect event=line_sequence_reserved trigger_sequence=2 source=io_input
2026-09-25 04:53:12.751 INFO  [main] c.e.i.o.i.t.InspectionTriggerBus - sync_diag channel=inspect event=line_dispatch trigger_sequence=2 cameras=10 stagger_ms=0 mode=simultaneous
2026-09-25 04:53:12.751 INFO  [main] c.e.i.o.i.t.InspectionTriggerBus - sync_diag channel=inspect event=line_sequence_reserved trigger_sequence=3 source=io_input
2026-09-25 04:53:12.751 INFO  [main] c.e.i.o.i.t.t.IoInputMonitorTwoPhaseTriggerTest - io_input_trigger discard DI3 raw_sequence=3: already accepted two pulses in current DI2=1 window
2026-09-25 04:53:12.752 INFO  [main] c.e.i.o.i.t.t.IoInputMonitorTwoPhaseTriggerTest - io_input_trigger stopped
