--- LightServer log started 2026-07-11 20:51:51 ---
2026-07-11 20:51:51.843 [Information] LightServer: Content root: D:\visionGay\defect-detector-v3\LightServer.v3\bin\Release\net10.0\, ComLightDevices: 1, файл лога: D:\visionGay\defect-detector-v3\LightServer.v3\logs\2026-07-11_20-51-51.log
2026-07-11 20:51:51.958 [Information] Microsoft.Hosting.Lifetime: Now listening on: http://127.0.0.1:5080
2026-07-11 20:51:51.958 [Information] Microsoft.Hosting.Lifetime: Application started. Press Ctrl+C to shut down.
2026-07-11 20:51:51.958 [Information] Microsoft.Hosting.Lifetime: Hosting environment: Production
2026-07-11 20:51:51.959 [Information] Microsoft.Hosting.Lifetime: Content root path: D:\visionGay\defect-detector-v3\LightServer.v3\bin\Release\net10.0\
2026-07-11 20:51:52.038 [Information] LightServer.Services.ComLightIsolatedBank: IsolatedBank: EnumDevices count=0, map=[]
2026-07-11 20:51:52.041 [Warning] LightServer.Services.ComLightIsolatedBank: IsolatedBank: пропуск COM1: COM1 не найден в EnumDevices. Видно: []
2026-07-11 20:51:52.042 [Error] LightServer.Services.ComLightIsolatedBank: IsolatedBank: COM1 не найден в EnumDevices. Видно: []
2026-07-11 20:51:52.042 [Error] LightServer.Services.ComLightBankService: ComLightBank: инициализация не удалась: COM1 не найден в EnumDevices. Видно: []
2026-07-11 20:52:03.223 [Information] LightServer.Services.ComLightIsolatedBank: IsolatedBank: EnumDevices count=0, map=[]
2026-07-11 20:52:03.224 [Warning] LightServer.Services.ComLightIsolatedBank: IsolatedBank: пропуск COM1: COM1 не найден в EnumDevices. Видно: []
2026-07-11 20:52:03.224 [Error] LightServer.Services.ComLightIsolatedBank: IsolatedBank: COM1 не найден в EnumDevices. Видно: []
2026-07-11 20:52:03.224 [Error] LightServer.Services.ComLightBankService: ComLightBank: инициализация не удалась: COM1 не найден в EnumDevices. Видно: []
2026-07-11 20:52:03.259 [Information] LightServer.Logging.HttpExchangeLoggingMiddleware: HTTP GET /api/com/light => 200
  >> Request: (empty)
  << Response: {"initialized":false,"partial":false,"configPath":"D:\\visionGay\\defect-detector-v3\\config\\blocks\\51-light-hardware.yaml","loadedFromYaml":true,"devices":[{"id":"com1","comPort":"COM1","channels":[1,2],"ready":false,"skipped":"COM1 не найден в EnumDevices. Видно: []"}],"readyDevices":[],"skippedPorts":{"COM1":"COM1 не найден в EnumDevices. Видно: []"},"channelOrder":"","configuredChannelOrder":"COM1:1, COM1:2","usage":{"post":"POST /api/com/light","bodyOn":{"state":"on","brightness":"100"},"bodyOff":{"state":"off"},"note":"brightness применяется только к подключённым COM (readyDevices)"}}
2026-07-11 20:52:03.713 [Information] LightServer.Services.ComLightIsolatedBank: IsolatedBank: EnumDevices count=0, map=[]
2026-07-11 20:52:03.713 [Warning] LightServer.Services.ComLightIsolatedBank: IsolatedBank: пропуск COM1: COM1 не найден в EnumDevices. Видно: []
2026-07-11 20:52:03.713 [Error] LightServer.Services.ComLightIsolatedBank: IsolatedBank: COM1 не найден в EnumDevices. Видно: []
2026-07-11 20:52:03.713 [Error] LightServer.Services.ComLightBankService: ComLightBank: инициализация не удалась: COM1 не найден в EnumDevices. Видно: []
2026-07-11 20:52:03.714 [Information] LightServer.Logging.HttpExchangeLoggingMiddleware: HTTP GET /api/com/light => 200
  >> Request: (empty)
  << Response: {"initialized":false,"partial":false,"configPath":"D:\\visionGay\\defect-detector-v3\\config\\blocks\\51-light-hardware.yaml","loadedFromYaml":true,"devices":[{"id":"com1","comPort":"COM1","channels":[1,2],"ready":false,"skipped":"COM1 не найден в EnumDevices. Видно: []"}],"readyDevices":[],"skippedPorts":{"COM1":"COM1 не найден в EnumDevices. Видно: []"},"channelOrder":"","configuredChannelOrder":"COM1:1, COM1:2","usage":{"post":"POST /api/com/light","bodyOn":{"state":"on","brightness":"100"},"bodyOff":{"state":"off"},"note":"brightness применяется только к подключённым COM (readyDevices)"}}
2026-07-11 20:52:04.140 [Information] LightServer.Services.ComLightIsolatedBank: IsolatedBank: EnumDevices count=0, map=[]
2026-07-11 20:52:04.141 [Warning] LightServer.Services.ComLightIsolatedBank: IsolatedBank: пропуск COM1: COM1 не найден в EnumDevices. Видно: []
2026-07-11 20:52:04.141 [Error] LightServer.Services.ComLightIsolatedBank: IsolatedBank: COM1 не найден в EnumDevices. Видно: []
2026-07-11 20:52:04.141 [Error] LightServer.Services.ComLightBankService: ComLightBank: инициализация не удалась: COM1 не найден в EnumDevices. Видно: []
2026-07-11 20:52:04.141 [Information] LightServer.Logging.HttpExchangeLoggingMiddleware: HTTP GET /api/com/light => 200
  >> Request: (empty)
  << Response: {"initialized":false,"partial":false,"configPath":"D:\\visionGay\\defect-detector-v3\\config\\blocks\\51-light-hardware.yaml","loadedFromYaml":true,"devices":[{"id":"com1","comPort":"COM1","channels":[1,2],"ready":false,"skipped":"COM1 не найден в EnumDevices. Видно: []"}],"readyDevices":[],"skippedPorts":{"COM1":"COM1 не найден в EnumDevices. Видно: []"},"channelOrder":"","configuredChannelOrder":"COM1:1, COM1:2","usage":{"post":"POST /api/com/light","bodyOn":{"state":"on","brightness":"100"},"bodyOff":{"state":"off"},"note":"brightness применяется только к подключённым COM (readyDevices)"}}
2026-07-11 20:52:04.567 [Information] LightServer.Services.ComLightIsolatedBank: IsolatedBank: EnumDevices count=0, map=[]
2026-07-11 20:52:04.568 [Warning] LightServer.Services.ComLightIsolatedBank: IsolatedBank: пропуск COM1: COM1 не найден в EnumDevices. Видно: []
2026-07-11 20:52:04.568 [Error] LightServer.Services.ComLightIsolatedBank: IsolatedBank: COM1 не найден в EnumDevices. Видно: []
2026-07-11 20:52:04.568 [Error] LightServer.Services.ComLightBankService: ComLightBank: инициализация не удалась: COM1 не найден в EnumDevices. Видно: []
2026-07-11 20:52:04.568 [Information] LightServer.Logging.HttpExchangeLoggingMiddleware: HTTP GET /api/com/light => 200
  >> Request: (empty)
  << Response: {"initialized":false,"partial":false,"configPath":"D:\\visionGay\\defect-detector-v3\\config\\blocks\\51-light-hardware.yaml","loadedFromYaml":true,"devices":[{"id":"com1","comPort":"COM1","channels":[1,2],"ready":false,"skipped":"COM1 не найден в EnumDevices. Видно: []"}],"readyDevices":[],"skippedPorts":{"COM1":"COM1 не найден в EnumDevices. Видно: []"},"channelOrder":"","configuredChannelOrder":"COM1:1, COM1:2","usage":{"post":"POST /api/com/light","bodyOn":{"state":"on","brightness":"100"},"bodyOff":{"state":"off"},"note":"brightness применяется только к подключённым COM (readyDevices)"}}
2026-07-11 20:52:04.993 [Information] LightServer.Services.ComLightIsolatedBank: IsolatedBank: EnumDevices count=0, map=[]
2026-07-11 20:52:04.993 [Warning] LightServer.Services.ComLightIsolatedBank: IsolatedBank: пропуск COM1: COM1 не найден в EnumDevices. Видно: []
2026-07-11 20:52:04.994 [Error] LightServer.Services.ComLightIsolatedBank: IsolatedBank: COM1 не найден в EnumDevices. Видно: []
2026-07-11 20:52:04.994 [Error] LightServer.Services.ComLightBankService: ComLightBank: инициализация не удалась: COM1 не найден в EnumDevices. Видно: []
2026-07-11 20:52:04.994 [Information] LightServer.Logging.HttpExchangeLoggingMiddleware: HTTP GET /api/com/light => 200
  >> Request: (empty)
  << Response: {"initialized":false,"partial":false,"configPath":"D:\\visionGay\\defect-detector-v3\\config\\blocks\\51-light-hardware.yaml","loadedFromYaml":true,"devices":[{"id":"com1","comPort":"COM1","channels":[1,2],"ready":false,"skipped":"COM1 не найден в EnumDevices. Видно: []"}],"readyDevices":[],"skippedPorts":{"COM1":"COM1 не найден в EnumDevices. Видно: []"},"channelOrder":"","configuredChannelOrder":"COM1:1, COM1:2","usage":{"post":"POST /api/com/light","bodyOn":{"state":"on","brightness":"100"},"bodyOff":{"state":"off"},"note":"brightness применяется только к подключённым COM (readyDevices)"}}
2026-07-11 20:52:05.423 [Information] LightServer.Services.ComLightIsolatedBank: IsolatedBank: EnumDevices count=0, map=[]
2026-07-11 20:52:05.423 [Warning] LightServer.Services.ComLightIsolatedBank: IsolatedBank: пропуск COM1: COM1 не найден в EnumDevices. Видно: []
2026-07-11 20:52:05.423 [Error] LightServer.Services.ComLightIsolatedBank: IsolatedBank: COM1 не найден в EnumDevices. Видно: []
2026-07-11 20:52:05.424 [Error] LightServer.Services.ComLightBankService: ComLightBank: инициализация не удалась: COM1 не найден в EnumDevices. Видно: []
2026-07-11 20:52:05.424 [Information] LightServer.Logging.HttpExchangeLoggingMiddleware: HTTP GET /api/com/light => 200
  >> Request: (empty)
  << Response: {"initialized":false,"partial":false,"configPath":"D:\\visionGay\\defect-detector-v3\\config\\blocks\\51-light-hardware.yaml","loadedFromYaml":true,"devices":[{"id":"com1","comPort":"COM1","channels":[1,2],"ready":false,"skipped":"COM1 не найден в EnumDevices. Видно: []"}],"readyDevices":[],"skippedPorts":{"COM1":"COM1 не найден в EnumDevices. Видно: []"},"channelOrder":"","configuredChannelOrder":"COM1:1, COM1:2","usage":{"post":"POST /api/com/light","bodyOn":{"state":"on","brightness":"100"},"bodyOff":{"state":"off"},"note":"brightness применяется только к подключённым COM (readyDevices)"}}
2026-07-11 20:52:05.851 [Information] LightServer.Services.ComLightIsolatedBank: IsolatedBank: EnumDevices count=0, map=[]
2026-07-11 20:52:05.851 [Warning] LightServer.Services.ComLightIsolatedBank: IsolatedBank: пропуск COM1: COM1 не найден в EnumDevices. Видно: []
2026-07-11 20:52:05.851 [Error] LightServer.Services.ComLightIsolatedBank: IsolatedBank: COM1 не найден в EnumDevices. Видно: []
2026-07-11 20:52:05.852 [Error] LightServer.Services.ComLightBankService: ComLightBank: инициализация не удалась: COM1 не найден в EnumDevices. Видно: []
2026-07-11 20:52:05.852 [Information] LightServer.Logging.HttpExchangeLoggingMiddleware: HTTP GET /api/com/light => 200
  >> Request: (empty)
  << Response: {"initialized":false,"partial":false,"configPath":"D:\\visionGay\\defect-detector-v3\\config\\blocks\\51-light-hardware.yaml","loadedFromYaml":true,"devices":[{"id":"com1","comPort":"COM1","channels":[1,2],"ready":false,"skipped":"COM1 не найден в EnumDevices. Видно: []"}],"readyDevices":[],"skippedPorts":{"COM1":"COM1 не найден в EnumDevices. Видно: []"},"channelOrder":"","configuredChannelOrder":"COM1:1, COM1:2","usage":{"post":"POST /api/com/light","bodyOn":{"state":"on","brightness":"100"},"bodyOff":{"state":"off"},"note":"brightness применяется только к подключённым COM (readyDevices)"}}
2026-07-11 20:52:06.280 [Information] LightServer.Services.ComLightIsolatedBank: IsolatedBank: EnumDevices count=0, map=[]
2026-07-11 20:52:06.280 [Warning] LightServer.Services.ComLightIsolatedBank: IsolatedBank: пропуск COM1: COM1 не найден в EnumDevices. Видно: []
2026-07-11 20:52:06.280 [Error] LightServer.Services.ComLightIsolatedBank: IsolatedBank: COM1 не найден в EnumDevices. Видно: []
2026-07-11 20:52:06.280 [Error] LightServer.Services.ComLightBankService: ComLightBank: инициализация не удалась: COM1 не найден в EnumDevices. Видно: []
2026-07-11 20:52:06.281 [Information] LightServer.Logging.HttpExchangeLoggingMiddleware: HTTP GET /api/com/light => 200
  >> Request: (empty)
  << Response: {"initialized":false,"partial":false,"configPath":"D:\\visionGay\\defect-detector-v3\\config\\blocks\\51-light-hardware.yaml","loadedFromYaml":true,"devices":[{"id":"com1","comPort":"COM1","channels":[1,2],"ready":false,"skipped":"COM1 не найден в EnumDevices. Видно: []"}],"readyDevices":[],"skippedPorts":{"COM1":"COM1 не найден в EnumDevices. Видно: []"},"channelOrder":"","configuredChannelOrder":"COM1:1, COM1:2","usage":{"post":"POST /api/com/light","bodyOn":{"state":"on","brightness":"100"},"bodyOff":{"state":"off"},"note":"brightness применяется только к подключённым COM (readyDevices)"}}
2026-07-11 20:52:06.706 [Information] LightServer.Services.ComLightIsolatedBank: IsolatedBank: EnumDevices count=0, map=[]
2026-07-11 20:52:06.706 [Warning] LightServer.Services.ComLightIsolatedBank: IsolatedBank: пропуск COM1: COM1 не найден в EnumDevices. Видно: []
2026-07-11 20:52:06.706 [Error] LightServer.Services.ComLightIsolatedBank: IsolatedBank: COM1 не найден в EnumDevices. Видно: []
2026-07-11 20:52:06.706 [Error] LightServer.Services.ComLightBankService: ComLightBank: инициализация не удалась: COM1 не найден в EnumDevices. Видно: []
2026-07-11 20:52:06.706 [Information] LightServer.Logging.HttpExchangeLoggingMiddleware: HTTP GET /api/com/light => 200
  >> Request: (empty)
  << Response: {"initialized":false,"partial":false,"configPath":"D:\\visionGay\\defect-detector-v3\\config\\blocks\\51-light-hardware.yaml","loadedFromYaml":true,"devices":[{"id":"com1","comPort":"COM1","channels":[1,2],"ready":false,"skipped":"COM1 не найден в EnumDevices. Видно: []"}],"readyDevices":[],"skippedPorts":{"COM1":"COM1 не найден в EnumDevices. Видно: []"},"channelOrder":"","configuredChannelOrder":"COM1:1, COM1:2","usage":{"post":"POST /api/com/light","bodyOn":{"state":"on","brightness":"100"},"bodyOff":{"state":"off"},"note":"brightness применяется только к подключённым COM (readyDevices)"}}
2026-07-11 20:52:07.132 [Information] LightServer.Services.ComLightIsolatedBank: IsolatedBank: EnumDevices count=0, map=[]
2026-07-11 20:52:07.133 [Warning] LightServer.Services.ComLightIsolatedBank: IsolatedBank: пропуск COM1: COM1 не найден в EnumDevices. Видно: []
2026-07-11 20:52:07.133 [Error] LightServer.Services.ComLightIsolatedBank: IsolatedBank: COM1 не найден в EnumDevices. Видно: []
2026-07-11 20:52:07.133 [Error] LightServer.Services.ComLightBankService: ComLightBank: инициализация не удалась: COM1 не найден в EnumDevices. Видно: []
2026-07-11 20:52:07.133 [Information] LightServer.Logging.HttpExchangeLoggingMiddleware: HTTP GET /api/com/light => 200
  >> Request: (empty)
  << Response: {"initialized":false,"partial":false,"configPath":"D:\\visionGay\\defect-detector-v3\\config\\blocks\\51-light-hardware.yaml","loadedFromYaml":true,"devices":[{"id":"com1","comPort":"COM1","channels":[1,2],"ready":false,"skipped":"COM1 не найден в EnumDevices. Видно: []"}],"readyDevices":[],"skippedPorts":{"COM1":"COM1 не найден в EnumDevices. Видно: []"},"channelOrder":"","configuredChannelOrder":"COM1:1, COM1:2","usage":{"post":"POST /api/com/light","bodyOn":{"state":"on","brightness":"100"},"bodyOff":{"state":"off"},"note":"brightness применяется только к подключённым COM (readyDevices)"}}
2026-07-11 20:52:07.560 [Information] LightServer.Services.ComLightIsolatedBank: IsolatedBank: EnumDevices count=0, map=[]
2026-07-11 20:52:07.561 [Warning] LightServer.Services.ComLightIsolatedBank: IsolatedBank: пропуск COM1: COM1 не найден в EnumDevices. Видно: []
2026-07-11 20:52:07.561 [Error] LightServer.Services.ComLightIsolatedBank: IsolatedBank: COM1 не найден в EnumDevices. Видно: []
2026-07-11 20:52:07.561 [Error] LightServer.Services.ComLightBankService: ComLightBank: инициализация не удалась: COM1 не найден в EnumDevices. Видно: []
2026-07-11 20:52:07.561 [Information] LightServer.Logging.HttpExchangeLoggingMiddleware: HTTP GET /api/com/light => 200
  >> Request: (empty)
  << Response: {"initialized":false,"partial":false,"configPath":"D:\\visionGay\\defect-detector-v3\\config\\blocks\\51-light-hardware.yaml","loadedFromYaml":true,"devices":[{"id":"com1","comPort":"COM1","channels":[1,2],"ready":false,"skipped":"COM1 не найден в EnumDevices. Видно: []"}],"readyDevices":[],"skippedPorts":{"COM1":"COM1 не найден в EnumDevices. Видно: []"},"channelOrder":"","configuredChannelOrder":"COM1:1, COM1:2","usage":{"post":"POST /api/com/light","bodyOn":{"state":"on","brightness":"100"},"bodyOff":{"state":"off"},"note":"brightness применяется только к подключённым COM (readyDevices)"}}
2026-07-11 20:52:07.986 [Information] LightServer.Services.ComLightIsolatedBank: IsolatedBank: EnumDevices count=0, map=[]
2026-07-11 20:52:07.986 [Warning] LightServer.Services.ComLightIsolatedBank: IsolatedBank: пропуск COM1: COM1 не найден в EnumDevices. Видно: []
2026-07-11 20:52:07.986 [Error] LightServer.Services.ComLightIsolatedBank: IsolatedBank: COM1 не найден в EnumDevices. Видно: []
2026-07-11 20:52:07.987 [Error] LightServer.Services.ComLightBankService: ComLightBank: инициализация не удалась: COM1 не найден в EnumDevices. Видно: []
2026-07-11 20:52:07.987 [Information] LightServer.Logging.HttpExchangeLoggingMiddleware: HTTP GET /api/com/light => 200
  >> Request: (empty)
  << Response: {"initialized":false,"partial":false,"configPath":"D:\\visionGay\\defect-detector-v3\\config\\blocks\\51-light-hardware.yaml","loadedFromYaml":true,"devices":[{"id":"com1","comPort":"COM1","channels":[1,2],"ready":false,"skipped":"COM1 не найден в EnumDevices. Видно: []"}],"readyDevices":[],"skippedPorts":{"COM1":"COM1 не найден в EnumDevices. Видно: []"},"channelOrder":"","configuredChannelOrder":"COM1:1, COM1:2","usage":{"post":"POST /api/com/light","bodyOn":{"state":"on","brightness":"100"},"bodyOff":{"state":"off"},"note":"brightness применяется только к подключённым COM (readyDevices)"}}
2026-07-11 20:52:08.414 [Information] LightServer.Services.ComLightIsolatedBank: IsolatedBank: EnumDevices count=0, map=[]
2026-07-11 20:52:08.414 [Warning] LightServer.Services.ComLightIsolatedBank: IsolatedBank: пропуск COM1: COM1 не найден в EnumDevices. Видно: []
2026-07-11 20:52:08.414 [Error] LightServer.Services.ComLightIsolatedBank: IsolatedBank: COM1 не найден в EnumDevices. Видно: []
2026-07-11 20:52:08.415 [Error] LightServer.Services.ComLightBankService: ComLightBank: инициализация не удалась: COM1 не найден в EnumDevices. Видно: []
2026-07-11 20:52:08.415 [Information] LightServer.Logging.HttpExchangeLoggingMiddleware: HTTP GET /api/com/light => 200
  >> Request: (empty)
  << Response: {"initialized":false,"partial":false,"configPath":"D:\\visionGay\\defect-detector-v3\\config\\blocks\\51-light-hardware.yaml","loadedFromYaml":true,"devices":[{"id":"com1","comPort":"COM1","channels":[1,2],"ready":false,"skipped":"COM1 не найден в EnumDevices. Видно: []"}],"readyDevices":[],"skippedPorts":{"COM1":"COM1 не найден в EnumDevices. Видно: []"},"channelOrder":"","configuredChannelOrder":"COM1:1, COM1:2","usage":{"post":"POST /api/com/light","bodyOn":{"state":"on","brightness":"100"},"bodyOff":{"state":"off"},"note":"brightness применяется только к подключённым COM (readyDevices)"}}
2026-07-11 20:52:08.843 [Information] LightServer.Services.ComLightIsolatedBank: IsolatedBank: EnumDevices count=0, map=[]
2026-07-11 20:52:08.843 [Warning] LightServer.Services.ComLightIsolatedBank: IsolatedBank: пропуск COM1: COM1 не найден в EnumDevices. Видно: []
2026-07-11 20:52:08.843 [Error] LightServer.Services.ComLightIsolatedBank: IsolatedBank: COM1 не найден в EnumDevices. Видно: []
2026-07-11 20:52:08.843 [Error] LightServer.Services.ComLightBankService: ComLightBank: инициализация не удалась: COM1 не найден в EnumDevices. Видно: []
2026-07-11 20:52:08.844 [Information] LightServer.Logging.HttpExchangeLoggingMiddleware: HTTP GET /api/com/light => 200
  >> Request: (empty)
  << Response: {"initialized":false,"partial":false,"configPath":"D:\\visionGay\\defect-detector-v3\\config\\blocks\\51-light-hardware.yaml","loadedFromYaml":true,"devices":[{"id":"com1","comPort":"COM1","channels":[1,2],"ready":false,"skipped":"COM1 не найден в EnumDevices. Видно: []"}],"readyDevices":[],"skippedPorts":{"COM1":"COM1 не найден в EnumDevices. Видно: []"},"channelOrder":"","configuredChannelOrder":"COM1:1, COM1:2","usage":{"post":"POST /api/com/light","bodyOn":{"state":"on","brightness":"100"},"bodyOff":{"state":"off"},"note":"brightness применяется только к подключённым COM (readyDevices)"}}
2026-07-11 20:52:09.271 [Information] LightServer.Services.ComLightIsolatedBank: IsolatedBank: EnumDevices count=0, map=[]
2026-07-11 20:52:09.271 [Warning] LightServer.Services.ComLightIsolatedBank: IsolatedBank: пропуск COM1: COM1 не найден в EnumDevices. Видно: []
2026-07-11 20:52:09.271 [Error] LightServer.Services.ComLightIsolatedBank: IsolatedBank: COM1 не найден в EnumDevices. Видно: []
2026-07-11 20:52:09.271 [Error] LightServer.Services.ComLightBankService: ComLightBank: инициализация не удалась: COM1 не найден в EnumDevices. Видно: []
2026-07-11 20:52:09.271 [Information] LightServer.Logging.HttpExchangeLoggingMiddleware: HTTP GET /api/com/light => 200
  >> Request: (empty)
  << Response: {"initialized":false,"partial":false,"configPath":"D:\\visionGay\\defect-detector-v3\\config\\blocks\\51-light-hardware.yaml","loadedFromYaml":true,"devices":[{"id":"com1","comPort":"COM1","channels":[1,2],"ready":false,"skipped":"COM1 не найден в EnumDevices. Видно: []"}],"readyDevices":[],"skippedPorts":{"COM1":"COM1 не найден в EnumDevices. Видно: []"},"channelOrder":"","configuredChannelOrder":"COM1:1, COM1:2","usage":{"post":"POST /api/com/light","bodyOn":{"state":"on","brightness":"100"},"bodyOff":{"state":"off"},"note":"brightness применяется только к подключённым COM (readyDevices)"}}
2026-07-11 20:52:09.698 [Information] LightServer.Services.ComLightIsolatedBank: IsolatedBank: EnumDevices count=0, map=[]
2026-07-11 20:52:09.698 [Warning] LightServer.Services.ComLightIsolatedBank: IsolatedBank: пропуск COM1: COM1 не найден в EnumDevices. Видно: []
2026-07-11 20:52:09.698 [Error] LightServer.Services.ComLightIsolatedBank: IsolatedBank: COM1 не найден в EnumDevices. Видно: []
2026-07-11 20:52:09.698 [Error] LightServer.Services.ComLightBankService: ComLightBank: инициализация не удалась: COM1 не найден в EnumDevices. Видно: []
2026-07-11 20:52:09.698 [Information] LightServer.Logging.HttpExchangeLoggingMiddleware: HTTP GET /api/com/light => 200
  >> Request: (empty)
  << Response: {"initialized":false,"partial":false,"configPath":"D:\\visionGay\\defect-detector-v3\\config\\blocks\\51-light-hardware.yaml","loadedFromYaml":true,"devices":[{"id":"com1","comPort":"COM1","channels":[1,2],"ready":false,"skipped":"COM1 не найден в EnumDevices. Видно: []"}],"readyDevices":[],"skippedPorts":{"COM1":"COM1 не найден в EnumDevices. Видно: []"},"channelOrder":"","configuredChannelOrder":"COM1:1, COM1:2","usage":{"post":"POST /api/com/light","bodyOn":{"state":"on","brightness":"100"},"bodyOff":{"state":"off"},"note":"brightness применяется только к подключённым COM (readyDevices)"}}
2026-07-11 20:52:10.124 [Information] LightServer.Services.ComLightIsolatedBank: IsolatedBank: EnumDevices count=0, map=[]
2026-07-11 20:52:10.125 [Warning] LightServer.Services.ComLightIsolatedBank: IsolatedBank: пропуск COM1: COM1 не найден в EnumDevices. Видно: []
2026-07-11 20:52:10.125 [Error] LightServer.Services.ComLightIsolatedBank: IsolatedBank: COM1 не найден в EnumDevices. Видно: []
2026-07-11 20:52:10.125 [Error] LightServer.Services.ComLightBankService: ComLightBank: инициализация не удалась: COM1 не найден в EnumDevices. Видно: []
2026-07-11 20:52:10.125 [Information] LightServer.Logging.HttpExchangeLoggingMiddleware: HTTP GET /api/com/light => 200
  >> Request: (empty)
  << Response: {"initialized":false,"partial":false,"configPath":"D:\\visionGay\\defect-detector-v3\\config\\blocks\\51-light-hardware.yaml","loadedFromYaml":true,"devices":[{"id":"com1","comPort":"COM1","channels":[1,2],"ready":false,"skipped":"COM1 не найден в EnumDevices. Видно: []"}],"readyDevices":[],"skippedPorts":{"COM1":"COM1 не найден в EnumDevices. Видно: []"},"channelOrder":"","configuredChannelOrder":"COM1:1, COM1:2","usage":{"post":"POST /api/com/light","bodyOn":{"state":"on","brightness":"100"},"bodyOff":{"state":"off"},"note":"brightness применяется только к подключённым COM (readyDevices)"}}
2026-07-11 20:52:10.549 [Information] LightServer.Services.ComLightIsolatedBank: IsolatedBank: EnumDevices count=0, map=[]
2026-07-11 20:52:10.549 [Warning] LightServer.Services.ComLightIsolatedBank: IsolatedBank: пропуск COM1: COM1 не найден в EnumDevices. Видно: []
2026-07-11 20:52:10.550 [Error] LightServer.Services.ComLightIsolatedBank: IsolatedBank: COM1 не найден в EnumDevices. Видно: []
2026-07-11 20:52:10.550 [Error] LightServer.Services.ComLightBankService: ComLightBank: инициализация не удалась: COM1 не найден в EnumDevices. Видно: []
2026-07-11 20:52:10.550 [Information] LightServer.Logging.HttpExchangeLoggingMiddleware: HTTP GET /api/com/light => 200
  >> Request: (empty)
  << Response: {"initialized":false,"partial":false,"configPath":"D:\\visionGay\\defect-detector-v3\\config\\blocks\\51-light-hardware.yaml","loadedFromYaml":true,"devices":[{"id":"com1","comPort":"COM1","channels":[1,2],"ready":false,"skipped":"COM1 не найден в EnumDevices. Видно: []"}],"readyDevices":[],"skippedPorts":{"COM1":"COM1 не найден в EnumDevices. Видно: []"},"channelOrder":"","configuredChannelOrder":"COM1:1, COM1:2","usage":{"post":"POST /api/com/light","bodyOn":{"state":"on","brightness":"100"},"bodyOff":{"state":"off"},"note":"brightness применяется только к подключённым COM (readyDevices)"}}
2026-07-11 20:52:10.977 [Information] LightServer.Services.ComLightIsolatedBank: IsolatedBank: EnumDevices count=0, map=[]
2026-07-11 20:52:10.977 [Warning] LightServer.Services.ComLightIsolatedBank: IsolatedBank: пропуск COM1: COM1 не найден в EnumDevices. Видно: []
2026-07-11 20:52:10.977 [Error] LightServer.Services.ComLightIsolatedBank: IsolatedBank: COM1 не найден в EnumDevices. Видно: []
2026-07-11 20:52:10.978 [Error] LightServer.Services.ComLightBankService: ComLightBank: инициализация не удалась: COM1 не найден в EnumDevices. Видно: []
2026-07-11 20:52:10.978 [Information] LightServer.Logging.HttpExchangeLoggingMiddleware: HTTP GET /api/com/light => 200
  >> Request: (empty)
  << Response: {"initialized":false,"partial":false,"configPath":"D:\\visionGay\\defect-detector-v3\\config\\blocks\\51-light-hardware.yaml","loadedFromYaml":true,"devices":[{"id":"com1","comPort":"COM1","channels":[1,2],"ready":false,"skipped":"COM1 не найден в EnumDevices. Видно: []"}],"readyDevices":[],"skippedPorts":{"COM1":"COM1 не найден в EnumDevices. Видно: []"},"channelOrder":"","configuredChannelOrder":"COM1:1, COM1:2","usage":{"post":"POST /api/com/light","bodyOn":{"state":"on","brightness":"100"},"bodyOff":{"state":"off"},"note":"brightness применяется только к подключённым COM (readyDevices)"}}
2026-07-11 20:52:11.405 [Information] LightServer.Services.ComLightIsolatedBank: IsolatedBank: EnumDevices count=0, map=[]
2026-07-11 20:52:11.405 [Warning] LightServer.Services.ComLightIsolatedBank: IsolatedBank: пропуск COM1: COM1 не найден в EnumDevices. Видно: []
2026-07-11 20:52:11.405 [Error] LightServer.Services.ComLightIsolatedBank: IsolatedBank: COM1 не найден в EnumDevices. Видно: []
2026-07-11 20:52:11.405 [Error] LightServer.Services.ComLightBankService: ComLightBank: инициализация не удалась: COM1 не найден в EnumDevices. Видно: []
2026-07-11 20:52:11.406 [Information] LightServer.Logging.HttpExchangeLoggingMiddleware: HTTP GET /api/com/light => 200
  >> Request: (empty)
  << Response: {"initialized":false,"partial":false,"configPath":"D:\\visionGay\\defect-detector-v3\\config\\blocks\\51-light-hardware.yaml","loadedFromYaml":true,"devices":[{"id":"com1","comPort":"COM1","channels":[1,2],"ready":false,"skipped":"COM1 не найден в EnumDevices. Видно: []"}],"readyDevices":[],"skippedPorts":{"COM1":"COM1 не найден в EnumDevices. Видно: []"},"channelOrder":"","configuredChannelOrder":"COM1:1, COM1:2","usage":{"post":"POST /api/com/light","bodyOn":{"state":"on","brightness":"100"},"bodyOff":{"state":"off"},"note":"brightness применяется только к подключённым COM (readyDevices)"}}
2026-07-11 20:52:11.832 [Information] LightServer.Services.ComLightIsolatedBank: IsolatedBank: EnumDevices count=0, map=[]
2026-07-11 20:52:11.832 [Warning] LightServer.Services.ComLightIsolatedBank: IsolatedBank: пропуск COM1: COM1 не найден в EnumDevices. Видно: []
2026-07-11 20:52:11.832 [Error] LightServer.Services.ComLightIsolatedBank: IsolatedBank: COM1 не найден в EnumDevices. Видно: []
2026-07-11 20:52:11.833 [Error] LightServer.Services.ComLightBankService: ComLightBank: инициализация не удалась: COM1 не найден в EnumDevices. Видно: []
2026-07-11 20:52:11.833 [Information] LightServer.Logging.HttpExchangeLoggingMiddleware: HTTP GET /api/com/light => 200
  >> Request: (empty)
  << Response: {"initialized":false,"partial":false,"configPath":"D:\\visionGay\\defect-detector-v3\\config\\blocks\\51-light-hardware.yaml","loadedFromYaml":true,"devices":[{"id":"com1","comPort":"COM1","channels":[1,2],"ready":false,"skipped":"COM1 не найден в EnumDevices. Видно: []"}],"readyDevices":[],"skippedPorts":{"COM1":"COM1 не найден в EnumDevices. Видно: []"},"channelOrder":"","configuredChannelOrder":"COM1:1, COM1:2","usage":{"post":"POST /api/com/light","bodyOn":{"state":"on","brightness":"100"},"bodyOff":{"state":"off"},"note":"brightness применяется только к подключённым COM (readyDevices)"}}
2026-07-11 20:52:12.259 [Information] LightServer.Services.ComLightIsolatedBank: IsolatedBank: EnumDevices count=0, map=[]
2026-07-11 20:52:12.259 [Warning] LightServer.Services.ComLightIsolatedBank: IsolatedBank: пропуск COM1: COM1 не найден в EnumDevices. Видно: []
2026-07-11 20:52:12.259 [Error] LightServer.Services.ComLightIsolatedBank: IsolatedBank: COM1 не найден в EnumDevices. Видно: []
2026-07-11 20:52:12.259 [Error] LightServer.Services.ComLightBankService: ComLightBank: инициализация не удалась: COM1 не найден в EnumDevices. Видно: []
2026-07-11 20:52:12.259 [Information] LightServer.Logging.HttpExchangeLoggingMiddleware: HTTP GET /api/com/light => 200
  >> Request: (empty)
  << Response: {"initialized":false,"partial":false,"configPath":"D:\\visionGay\\defect-detector-v3\\config\\blocks\\51-light-hardware.yaml","loadedFromYaml":true,"devices":[{"id":"com1","comPort":"COM1","channels":[1,2],"ready":false,"skipped":"COM1 не найден в EnumDevices. Видно: []"}],"readyDevices":[],"skippedPorts":{"COM1":"COM1 не найден в EnumDevices. Видно: []"},"channelOrder":"","configuredChannelOrder":"COM1:1, COM1:2","usage":{"post":"POST /api/com/light","bodyOn":{"state":"on","brightness":"100"},"bodyOff":{"state":"off"},"note":"brightness применяется только к подключённым COM (readyDevices)"}}
2026-07-11 20:52:12.688 [Information] LightServer.Services.ComLightIsolatedBank: IsolatedBank: EnumDevices count=0, map=[]
2026-07-11 20:52:12.688 [Warning] LightServer.Services.ComLightIsolatedBank: IsolatedBank: пропуск COM1: COM1 не найден в EnumDevices. Видно: []
2026-07-11 20:52:12.688 [Error] LightServer.Services.ComLightIsolatedBank: IsolatedBank: COM1 не найден в EnumDevices. Видно: []
2026-07-11 20:52:12.688 [Error] LightServer.Services.ComLightBankService: ComLightBank: инициализация не удалась: COM1 не найден в EnumDevices. Видно: []
2026-07-11 20:52:12.688 [Information] LightServer.Logging.HttpExchangeLoggingMiddleware: HTTP GET /api/com/light => 200
  >> Request: (empty)
  << Response: {"initialized":false,"partial":false,"configPath":"D:\\visionGay\\defect-detector-v3\\config\\blocks\\51-light-hardware.yaml","loadedFromYaml":true,"devices":[{"id":"com1","comPort":"COM1","channels":[1,2],"ready":false,"skipped":"COM1 не найден в EnumDevices. Видно: []"}],"readyDevices":[],"skippedPorts":{"COM1":"COM1 не найден в EnumDevices. Видно: []"},"channelOrder":"","configuredChannelOrder":"COM1:1, COM1:2","usage":{"post":"POST /api/com/light","bodyOn":{"state":"on","brightness":"100"},"bodyOff":{"state":"off"},"note":"brightness применяется только к подключённым COM (readyDevices)"}}
2026-07-11 20:52:13.114 [Information] LightServer.Services.ComLightIsolatedBank: IsolatedBank: EnumDevices count=0, map=[]
2026-07-11 20:52:13.115 [Warning] LightServer.Services.ComLightIsolatedBank: IsolatedBank: пропуск COM1: COM1 не найден в EnumDevices. Видно: []
2026-07-11 20:52:13.115 [Error] LightServer.Services.ComLightIsolatedBank: IsolatedBank: COM1 не найден в EnumDevices. Видно: []
2026-07-11 20:52:13.115 [Error] LightServer.Services.ComLightBankService: ComLightBank: инициализация не удалась: COM1 не найден в EnumDevices. Видно: []
2026-07-11 20:52:13.115 [Information] LightServer.Logging.HttpExchangeLoggingMiddleware: HTTP GET /api/com/light => 200
  >> Request: (empty)
  << Response: {"initialized":false,"partial":false,"configPath":"D:\\visionGay\\defect-detector-v3\\config\\blocks\\51-light-hardware.yaml","loadedFromYaml":true,"devices":[{"id":"com1","comPort":"COM1","channels":[1,2],"ready":false,"skipped":"COM1 не найден в EnumDevices. Видно: []"}],"readyDevices":[],"skippedPorts":{"COM1":"COM1 не найден в EnumDevices. Видно: []"},"channelOrder":"","configuredChannelOrder":"COM1:1, COM1:2","usage":{"post":"POST /api/com/light","bodyOn":{"state":"on","brightness":"100"},"bodyOff":{"state":"off"},"note":"brightness применяется только к подключённым COM (readyDevices)"}}
2026-07-11 20:52:13.533 [Information] LightServer.Services.ComLightIsolatedBank: IsolatedBank: EnumDevices count=0, map=[]
2026-07-11 20:52:13.533 [Warning] LightServer.Services.ComLightIsolatedBank: IsolatedBank: пропуск COM1: COM1 не найден в EnumDevices. Видно: []
2026-07-11 20:52:13.534 [Error] LightServer.Services.ComLightIsolatedBank: IsolatedBank: COM1 не найден в EnumDevices. Видно: []
2026-07-11 20:52:13.534 [Error] LightServer.Services.ComLightBankService: ComLightBank: инициализация не удалась: COM1 не найден в EnumDevices. Видно: []
2026-07-11 20:52:13.534 [Information] LightServer.Logging.HttpExchangeLoggingMiddleware: HTTP GET /api/com/light => 200
  >> Request: (empty)
  << Response: {"initialized":false,"partial":false,"configPath":"D:\\visionGay\\defect-detector-v3\\config\\blocks\\51-light-hardware.yaml","loadedFromYaml":true,"devices":[{"id":"com1","comPort":"COM1","channels":[1,2],"ready":false,"skipped":"COM1 не найден в EnumDevices. Видно: []"}],"readyDevices":[],"skippedPorts":{"COM1":"COM1 не найден в EnumDevices. Видно: []"},"channelOrder":"","configuredChannelOrder":"COM1:1, COM1:2","usage":{"post":"POST /api/com/light","bodyOn":{"state":"on","brightness":"100"},"bodyOff":{"state":"off"},"note":"brightness применяется только к подключённым COM (readyDevices)"}}
2026-07-11 20:52:13.957 [Information] LightServer.Services.ComLightIsolatedBank: IsolatedBank: EnumDevices count=0, map=[]
2026-07-11 20:52:13.957 [Warning] LightServer.Services.ComLightIsolatedBank: IsolatedBank: пропуск COM1: COM1 не найден в EnumDevices. Видно: []
2026-07-11 20:52:13.957 [Error] LightServer.Services.ComLightIsolatedBank: IsolatedBank: COM1 не найден в EnumDevices. Видно: []
2026-07-11 20:52:13.958 [Error] LightServer.Services.ComLightBankService: ComLightBank: инициализация не удалась: COM1 не найден в EnumDevices. Видно: []
2026-07-11 20:52:13.958 [Information] LightServer.Logging.HttpExchangeLoggingMiddleware: HTTP GET /api/com/light => 200
  >> Request: (empty)
  << Response: {"initialized":false,"partial":false,"configPath":"D:\\visionGay\\defect-detector-v3\\config\\blocks\\51-light-hardware.yaml","loadedFromYaml":true,"devices":[{"id":"com1","comPort":"COM1","channels":[1,2],"ready":false,"skipped":"COM1 не найден в EnumDevices. Видно: []"}],"readyDevices":[],"skippedPorts":{"COM1":"COM1 не найден в EnumDevices. Видно: []"},"channelOrder":"","configuredChannelOrder":"COM1:1, COM1:2","usage":{"post":"POST /api/com/light","bodyOn":{"state":"on","brightness":"100"},"bodyOff":{"state":"off"},"note":"brightness применяется только к подключённым COM (readyDevices)"}}
2026-07-11 20:52:14.384 [Information] LightServer.Services.ComLightIsolatedBank: IsolatedBank: EnumDevices count=0, map=[]
2026-07-11 20:52:14.384 [Warning] LightServer.Services.ComLightIsolatedBank: IsolatedBank: пропуск COM1: COM1 не найден в EnumDevices. Видно: []
2026-07-11 20:52:14.384 [Error] LightServer.Services.ComLightIsolatedBank: IsolatedBank: COM1 не найден в EnumDevices. Видно: []
2026-07-11 20:52:14.384 [Error] LightServer.Services.ComLightBankService: ComLightBank: инициализация не удалась: COM1 не найден в EnumDevices. Видно: []
2026-07-11 20:52:14.385 [Information] LightServer.Logging.HttpExchangeLoggingMiddleware: HTTP GET /api/com/light => 200
  >> Request: (empty)
  << Response: {"initialized":false,"partial":false,"configPath":"D:\\visionGay\\defect-detector-v3\\config\\blocks\\51-light-hardware.yaml","loadedFromYaml":true,"devices":[{"id":"com1","comPort":"COM1","channels":[1,2],"ready":false,"skipped":"COM1 не найден в EnumDevices. Видно: []"}],"readyDevices":[],"skippedPorts":{"COM1":"COM1 не найден в EnumDevices. Видно: []"},"channelOrder":"","configuredChannelOrder":"COM1:1, COM1:2","usage":{"post":"POST /api/com/light","bodyOn":{"state":"on","brightness":"100"},"bodyOff":{"state":"off"},"note":"brightness применяется только к подключённым COM (readyDevices)"}}
2026-07-11 20:52:14.813 [Information] LightServer.Services.ComLightIsolatedBank: IsolatedBank: EnumDevices count=0, map=[]
2026-07-11 20:52:14.813 [Warning] LightServer.Services.ComLightIsolatedBank: IsolatedBank: пропуск COM1: COM1 не найден в EnumDevices. Видно: []
2026-07-11 20:52:14.813 [Error] LightServer.Services.ComLightIsolatedBank: IsolatedBank: COM1 не найден в EnumDevices. Видно: []
2026-07-11 20:52:14.813 [Error] LightServer.Services.ComLightBankService: ComLightBank: инициализация не удалась: COM1 не найден в EnumDevices. Видно: []
2026-07-11 20:52:14.817 [Information] LightServer.Logging.HttpExchangeLoggingMiddleware: HTTP GET /api/com/light => 200
  >> Request: (empty)
  << Response: {"initialized":false,"partial":false,"configPath":"D:\\visionGay\\defect-detector-v3\\config\\blocks\\51-light-hardware.yaml","loadedFromYaml":true,"devices":[{"id":"com1","comPort":"COM1","channels":[1,2],"ready":false,"skipped":"COM1 не найден в EnumDevices. Видно: []"}],"readyDevices":[],"skippedPorts":{"COM1":"COM1 не найден в EnumDevices. Видно: []"},"channelOrder":"","configuredChannelOrder":"COM1:1, COM1:2","usage":{"post":"POST /api/com/light","bodyOn":{"state":"on","brightness":"100"},"bodyOff":{"state":"off"},"note":"brightness применяется только к подключённым COM (readyDevices)"}}
2026-07-11 20:52:15.242 [Information] LightServer.Services.ComLightIsolatedBank: IsolatedBank: EnumDevices count=0, map=[]
2026-07-11 20:52:15.242 [Warning] LightServer.Services.ComLightIsolatedBank: IsolatedBank: пропуск COM1: COM1 не найден в EnumDevices. Видно: []
2026-07-11 20:52:15.242 [Error] LightServer.Services.ComLightIsolatedBank: IsolatedBank: COM1 не найден в EnumDevices. Видно: []
2026-07-11 20:52:15.242 [Error] LightServer.Services.ComLightBankService: ComLightBank: инициализация не удалась: COM1 не найден в EnumDevices. Видно: []
2026-07-11 20:52:15.242 [Information] LightServer.Logging.HttpExchangeLoggingMiddleware: HTTP GET /api/com/light => 200
  >> Request: (empty)
  << Response: {"initialized":false,"partial":false,"configPath":"D:\\visionGay\\defect-detector-v3\\config\\blocks\\51-light-hardware.yaml","loadedFromYaml":true,"devices":[{"id":"com1","comPort":"COM1","channels":[1,2],"ready":false,"skipped":"COM1 не найден в EnumDevices. Видно: []"}],"readyDevices":[],"skippedPorts":{"COM1":"COM1 не найден в EnumDevices. Видно: []"},"channelOrder":"","configuredChannelOrder":"COM1:1, COM1:2","usage":{"post":"POST /api/com/light","bodyOn":{"state":"on","brightness":"100"},"bodyOff":{"state":"off"},"note":"brightness применяется только к подключённым COM (readyDevices)"}}
2026-07-11 20:52:15.670 [Information] LightServer.Services.ComLightIsolatedBank: IsolatedBank: EnumDevices count=0, map=[]
2026-07-11 20:52:15.670 [Warning] LightServer.Services.ComLightIsolatedBank: IsolatedBank: пропуск COM1: COM1 не найден в EnumDevices. Видно: []
2026-07-11 20:52:15.670 [Error] LightServer.Services.ComLightIsolatedBank: IsolatedBank: COM1 не найден в EnumDevices. Видно: []
2026-07-11 20:52:15.670 [Error] LightServer.Services.ComLightBankService: ComLightBank: инициализация не удалась: COM1 не найден в EnumDevices. Видно: []
2026-07-11 20:52:15.670 [Information] LightServer.Logging.HttpExchangeLoggingMiddleware: HTTP GET /api/com/light => 200
  >> Request: (empty)
  << Response: {"initialized":false,"partial":false,"configPath":"D:\\visionGay\\defect-detector-v3\\config\\blocks\\51-light-hardware.yaml","loadedFromYaml":true,"devices":[{"id":"com1","comPort":"COM1","channels":[1,2],"ready":false,"skipped":"COM1 не найден в EnumDevices. Видно: []"}],"readyDevices":[],"skippedPorts":{"COM1":"COM1 не найден в EnumDevices. Видно: []"},"channelOrder":"","configuredChannelOrder":"COM1:1, COM1:2","usage":{"post":"POST /api/com/light","bodyOn":{"state":"on","brightness":"100"},"bodyOff":{"state":"off"},"note":"brightness применяется только к подключённым COM (readyDevices)"}}
2026-07-11 20:52:16.096 [Information] LightServer.Services.ComLightIsolatedBank: IsolatedBank: EnumDevices count=0, map=[]
2026-07-11 20:52:16.096 [Warning] LightServer.Services.ComLightIsolatedBank: IsolatedBank: пропуск COM1: COM1 не найден в EnumDevices. Видно: []
2026-07-11 20:52:16.096 [Error] LightServer.Services.ComLightIsolatedBank: IsolatedBank: COM1 не найден в EnumDevices. Видно: []
2026-07-11 20:52:16.096 [Error] LightServer.Services.ComLightBankService: ComLightBank: инициализация не удалась: COM1 не найден в EnumDevices. Видно: []
2026-07-11 20:52:16.096 [Information] LightServer.Logging.HttpExchangeLoggingMiddleware: HTTP GET /api/com/light => 200
  >> Request: (empty)
  << Response: {"initialized":false,"partial":false,"configPath":"D:\\visionGay\\defect-detector-v3\\config\\blocks\\51-light-hardware.yaml","loadedFromYaml":true,"devices":[{"id":"com1","comPort":"COM1","channels":[1,2],"ready":false,"skipped":"COM1 не найден в EnumDevices. Видно: []"}],"readyDevices":[],"skippedPorts":{"COM1":"COM1 не найден в EnumDevices. Видно: []"},"channelOrder":"","configuredChannelOrder":"COM1:1, COM1:2","usage":{"post":"POST /api/com/light","bodyOn":{"state":"on","brightness":"100"},"bodyOff":{"state":"off"},"note":"brightness применяется только к подключённым COM (readyDevices)"}}
2026-07-11 20:52:16.525 [Information] LightServer.Services.ComLightIsolatedBank: IsolatedBank: EnumDevices count=0, map=[]
2026-07-11 20:52:16.525 [Warning] LightServer.Services.ComLightIsolatedBank: IsolatedBank: пропуск COM1: COM1 не найден в EnumDevices. Видно: []
2026-07-11 20:52:16.526 [Error] LightServer.Services.ComLightIsolatedBank: IsolatedBank: COM1 не найден в EnumDevices. Видно: []
2026-07-11 20:52:16.526 [Error] LightServer.Services.ComLightBankService: ComLightBank: инициализация не удалась: COM1 не найден в EnumDevices. Видно: []
2026-07-11 20:52:16.526 [Information] LightServer.Logging.HttpExchangeLoggingMiddleware: HTTP GET /api/com/light => 200
  >> Request: (empty)
  << Response: {"initialized":false,"partial":false,"configPath":"D:\\visionGay\\defect-detector-v3\\config\\blocks\\51-light-hardware.yaml","loadedFromYaml":true,"devices":[{"id":"com1","comPort":"COM1","channels":[1,2],"ready":false,"skipped":"COM1 не найден в EnumDevices. Видно: []"}],"readyDevices":[],"skippedPorts":{"COM1":"COM1 не найден в EnumDevices. Видно: []"},"channelOrder":"","configuredChannelOrder":"COM1:1, COM1:2","usage":{"post":"POST /api/com/light","bodyOn":{"state":"on","brightness":"100"},"bodyOff":{"state":"off"},"note":"brightness применяется только к подключённым COM (readyDevices)"}}
2026-07-11 20:52:16.954 [Information] LightServer.Services.ComLightIsolatedBank: IsolatedBank: EnumDevices count=0, map=[]
2026-07-11 20:52:16.955 [Warning] LightServer.Services.ComLightIsolatedBank: IsolatedBank: пропуск COM1: COM1 не найден в EnumDevices. Видно: []
2026-07-11 20:52:16.955 [Error] LightServer.Services.ComLightIsolatedBank: IsolatedBank: COM1 не найден в EnumDevices. Видно: []
2026-07-11 20:52:16.955 [Error] LightServer.Services.ComLightBankService: ComLightBank: инициализация не удалась: COM1 не найден в EnumDevices. Видно: []
2026-07-11 20:52:16.955 [Information] LightServer.Logging.HttpExchangeLoggingMiddleware: HTTP GET /api/com/light => 200
  >> Request: (empty)
  << Response: {"initialized":false,"partial":false,"configPath":"D:\\visionGay\\defect-detector-v3\\config\\blocks\\51-light-hardware.yaml","loadedFromYaml":true,"devices":[{"id":"com1","comPort":"COM1","channels":[1,2],"ready":false,"skipped":"COM1 не найден в EnumDevices. Видно: []"}],"readyDevices":[],"skippedPorts":{"COM1":"COM1 не найден в EnumDevices. Видно: []"},"channelOrder":"","configuredChannelOrder":"COM1:1, COM1:2","usage":{"post":"POST /api/com/light","bodyOn":{"state":"on","brightness":"100"},"bodyOff":{"state":"off"},"note":"brightness применяется только к подключённым COM (readyDevices)"}}
2026-07-11 20:52:17.381 [Information] LightServer.Services.ComLightIsolatedBank: IsolatedBank: EnumDevices count=0, map=[]
2026-07-11 20:52:17.381 [Warning] LightServer.Services.ComLightIsolatedBank: IsolatedBank: пропуск COM1: COM1 не найден в EnumDevices. Видно: []
2026-07-11 20:52:17.381 [Error] LightServer.Services.ComLightIsolatedBank: IsolatedBank: COM1 не найден в EnumDevices. Видно: []
2026-07-11 20:52:17.381 [Error] LightServer.Services.ComLightBankService: ComLightBank: инициализация не удалась: COM1 не найден в EnumDevices. Видно: []
2026-07-11 20:52:17.382 [Information] LightServer.Logging.HttpExchangeLoggingMiddleware: HTTP GET /api/com/light => 200
  >> Request: (empty)
  << Response: {"initialized":false,"partial":false,"configPath":"D:\\visionGay\\defect-detector-v3\\config\\blocks\\51-light-hardware.yaml","loadedFromYaml":true,"devices":[{"id":"com1","comPort":"COM1","channels":[1,2],"ready":false,"skipped":"COM1 не найден в EnumDevices. Видно: []"}],"readyDevices":[],"skippedPorts":{"COM1":"COM1 не найден в EnumDevices. Видно: []"},"channelOrder":"","configuredChannelOrder":"COM1:1, COM1:2","usage":{"post":"POST /api/com/light","bodyOn":{"state":"on","brightness":"100"},"bodyOff":{"state":"off"},"note":"brightness применяется только к подключённым COM (readyDevices)"}}
2026-07-11 20:52:17.809 [Information] LightServer.Services.ComLightIsolatedBank: IsolatedBank: EnumDevices count=0, map=[]
2026-07-11 20:52:17.809 [Warning] LightServer.Services.ComLightIsolatedBank: IsolatedBank: пропуск COM1: COM1 не найден в EnumDevices. Видно: []
2026-07-11 20:52:17.809 [Error] LightServer.Services.ComLightIsolatedBank: IsolatedBank: COM1 не найден в EnumDevices. Видно: []
2026-07-11 20:52:17.809 [Error] LightServer.Services.ComLightBankService: ComLightBank: инициализация не удалась: COM1 не найден в EnumDevices. Видно: []
2026-07-11 20:52:17.809 [Information] LightServer.Logging.HttpExchangeLoggingMiddleware: HTTP GET /api/com/light => 200
  >> Request: (empty)
  << Response: {"initialized":false,"partial":false,"configPath":"D:\\visionGay\\defect-detector-v3\\config\\blocks\\51-light-hardware.yaml","loadedFromYaml":true,"devices":[{"id":"com1","comPort":"COM1","channels":[1,2],"ready":false,"skipped":"COM1 не найден в EnumDevices. Видно: []"}],"readyDevices":[],"skippedPorts":{"COM1":"COM1 не найден в EnumDevices. Видно: []"},"channelOrder":"","configuredChannelOrder":"COM1:1, COM1:2","usage":{"post":"POST /api/com/light","bodyOn":{"state":"on","brightness":"100"},"bodyOff":{"state":"off"},"note":"brightness применяется только к подключённым COM (readyDevices)"}}
2026-07-11 20:52:18.235 [Information] LightServer.Services.ComLightIsolatedBank: IsolatedBank: EnumDevices count=0, map=[]
2026-07-11 20:52:18.235 [Warning] LightServer.Services.ComLightIsolatedBank: IsolatedBank: пропуск COM1: COM1 не найден в EnumDevices. Видно: []
2026-07-11 20:52:18.235 [Error] LightServer.Services.ComLightIsolatedBank: IsolatedBank: COM1 не найден в EnumDevices. Видно: []
2026-07-11 20:52:18.235 [Error] LightServer.Services.ComLightBankService: ComLightBank: инициализация не удалась: COM1 не найден в EnumDevices. Видно: []
2026-07-11 20:52:18.235 [Information] LightServer.Logging.HttpExchangeLoggingMiddleware: HTTP GET /api/com/light => 200
  >> Request: (empty)
  << Response: {"initialized":false,"partial":false,"configPath":"D:\\visionGay\\defect-detector-v3\\config\\blocks\\51-light-hardware.yaml","loadedFromYaml":true,"devices":[{"id":"com1","comPort":"COM1","channels":[1,2],"ready":false,"skipped":"COM1 не найден в EnumDevices. Видно: []"}],"readyDevices":[],"skippedPorts":{"COM1":"COM1 не найден в EnumDevices. Видно: []"},"channelOrder":"","configuredChannelOrder":"COM1:1, COM1:2","usage":{"post":"POST /api/com/light","bodyOn":{"state":"on","brightness":"100"},"bodyOff":{"state":"off"},"note":"brightness применяется только к подключённым COM (readyDevices)"}}
2026-07-11 20:52:18.660 [Information] LightServer.Services.ComLightIsolatedBank: IsolatedBank: EnumDevices count=0, map=[]
2026-07-11 20:52:18.660 [Warning] LightServer.Services.ComLightIsolatedBank: IsolatedBank: пропуск COM1: COM1 не найден в EnumDevices. Видно: []
2026-07-11 20:52:18.660 [Error] LightServer.Services.ComLightIsolatedBank: IsolatedBank: COM1 не найден в EnumDevices. Видно: []
2026-07-11 20:52:18.660 [Error] LightServer.Services.ComLightBankService: ComLightBank: инициализация не удалась: COM1 не найден в EnumDevices. Видно: []
2026-07-11 20:52:18.660 [Information] LightServer.Logging.HttpExchangeLoggingMiddleware: HTTP GET /api/com/light => 200
  >> Request: (empty)
  << Response: {"initialized":false,"partial":false,"configPath":"D:\\visionGay\\defect-detector-v3\\config\\blocks\\51-light-hardware.yaml","loadedFromYaml":true,"devices":[{"id":"com1","comPort":"COM1","channels":[1,2],"ready":false,"skipped":"COM1 не найден в EnumDevices. Видно: []"}],"readyDevices":[],"skippedPorts":{"COM1":"COM1 не найден в EnumDevices. Видно: []"},"channelOrder":"","configuredChannelOrder":"COM1:1, COM1:2","usage":{"post":"POST /api/com/light","bodyOn":{"state":"on","brightness":"100"},"bodyOff":{"state":"off"},"note":"brightness применяется только к подключённым COM (readyDevices)"}}
2026-07-11 20:52:19.087 [Information] LightServer.Services.ComLightIsolatedBank: IsolatedBank: EnumDevices count=0, map=[]
2026-07-11 20:52:19.088 [Warning] LightServer.Services.ComLightIsolatedBank: IsolatedBank: пропуск COM1: COM1 не найден в EnumDevices. Видно: []
2026-07-11 20:52:19.088 [Error] LightServer.Services.ComLightIsolatedBank: IsolatedBank: COM1 не найден в EnumDevices. Видно: []
2026-07-11 20:52:19.088 [Error] LightServer.Services.ComLightBankService: ComLightBank: инициализация не удалась: COM1 не найден в EnumDevices. Видно: []
2026-07-11 20:52:19.088 [Information] LightServer.Logging.HttpExchangeLoggingMiddleware: HTTP GET /api/com/light => 200
  >> Request: (empty)
  << Response: {"initialized":false,"partial":false,"configPath":"D:\\visionGay\\defect-detector-v3\\config\\blocks\\51-light-hardware.yaml","loadedFromYaml":true,"devices":[{"id":"com1","comPort":"COM1","channels":[1,2],"ready":false,"skipped":"COM1 не найден в EnumDevices. Видно: []"}],"readyDevices":[],"skippedPorts":{"COM1":"COM1 не найден в EnumDevices. Видно: []"},"channelOrder":"","configuredChannelOrder":"COM1:1, COM1:2","usage":{"post":"POST /api/com/light","bodyOn":{"state":"on","brightness":"100"},"bodyOff":{"state":"off"},"note":"brightness применяется только к подключённым COM (readyDevices)"}}
2026-07-11 20:52:19.515 [Information] LightServer.Services.ComLightIsolatedBank: IsolatedBank: EnumDevices count=0, map=[]
2026-07-11 20:52:19.515 [Warning] LightServer.Services.ComLightIsolatedBank: IsolatedBank: пропуск COM1: COM1 не найден в EnumDevices. Видно: []
2026-07-11 20:52:19.516 [Error] LightServer.Services.ComLightIsolatedBank: IsolatedBank: COM1 не найден в EnumDevices. Видно: []
2026-07-11 20:52:19.516 [Error] LightServer.Services.ComLightBankService: ComLightBank: инициализация не удалась: COM1 не найден в EnumDevices. Видно: []
2026-07-11 20:52:19.516 [Information] LightServer.Logging.HttpExchangeLoggingMiddleware: HTTP GET /api/com/light => 200
  >> Request: (empty)
  << Response: {"initialized":false,"partial":false,"configPath":"D:\\visionGay\\defect-detector-v3\\config\\blocks\\51-light-hardware.yaml","loadedFromYaml":true,"devices":[{"id":"com1","comPort":"COM1","channels":[1,2],"ready":false,"skipped":"COM1 не найден в EnumDevices. Видно: []"}],"readyDevices":[],"skippedPorts":{"COM1":"COM1 не найден в EnumDevices. Видно: []"},"channelOrder":"","configuredChannelOrder":"COM1:1, COM1:2","usage":{"post":"POST /api/com/light","bodyOn":{"state":"on","brightness":"100"},"bodyOff":{"state":"off"},"note":"brightness применяется только к подключённым COM (readyDevices)"}}
2026-07-11 20:52:19.960 [Information] LightServer.Services.ComLightIsolatedBank: IsolatedBank: EnumDevices count=0, map=[]
2026-07-11 20:52:19.960 [Warning] LightServer.Services.ComLightIsolatedBank: IsolatedBank: пропуск COM1: COM1 не найден в EnumDevices. Видно: []
2026-07-11 20:52:19.960 [Error] LightServer.Services.ComLightIsolatedBank: IsolatedBank: COM1 не найден в EnumDevices. Видно: []
2026-07-11 20:52:19.961 [Error] LightServer.Services.ComLightBankService: ComLightBank: инициализация не удалась: COM1 не найден в EnumDevices. Видно: []
2026-07-11 20:52:19.961 [Information] LightServer.Logging.HttpExchangeLoggingMiddleware: HTTP GET /api/com/light => 200
  >> Request: (empty)
  << Response: {"initialized":false,"partial":false,"configPath":"D:\\visionGay\\defect-detector-v3\\config\\blocks\\51-light-hardware.yaml","loadedFromYaml":true,"devices":[{"id":"com1","comPort":"COM1","channels":[1,2],"ready":false,"skipped":"COM1 не найден в EnumDevices. Видно: []"}],"readyDevices":[],"skippedPorts":{"COM1":"COM1 не найден в EnumDevices. Видно: []"},"channelOrder":"","configuredChannelOrder":"COM1:1, COM1:2","usage":{"post":"POST /api/com/light","bodyOn":{"state":"on","brightness":"100"},"bodyOff":{"state":"off"},"note":"brightness применяется только к подключённым COM (readyDevices)"}}
2026-07-11 20:52:20.385 [Information] LightServer.Services.ComLightIsolatedBank: IsolatedBank: EnumDevices count=0, map=[]
2026-07-11 20:52:20.385 [Warning] LightServer.Services.ComLightIsolatedBank: IsolatedBank: пропуск COM1: COM1 не найден в EnumDevices. Видно: []
2026-07-11 20:52:20.385 [Error] LightServer.Services.ComLightIsolatedBank: IsolatedBank: COM1 не найден в EnumDevices. Видно: []
2026-07-11 20:52:20.385 [Error] LightServer.Services.ComLightBankService: ComLightBank: инициализация не удалась: COM1 не найден в EnumDevices. Видно: []
2026-07-11 20:52:20.385 [Information] LightServer.Logging.HttpExchangeLoggingMiddleware: HTTP GET /api/com/light => 200
  >> Request: (empty)
  << Response: {"initialized":false,"partial":false,"configPath":"D:\\visionGay\\defect-detector-v3\\config\\blocks\\51-light-hardware.yaml","loadedFromYaml":true,"devices":[{"id":"com1","comPort":"COM1","channels":[1,2],"ready":false,"skipped":"COM1 не найден в EnumDevices. Видно: []"}],"readyDevices":[],"skippedPorts":{"COM1":"COM1 не найден в EnumDevices. Видно: []"},"channelOrder":"","configuredChannelOrder":"COM1:1, COM1:2","usage":{"post":"POST /api/com/light","bodyOn":{"state":"on","brightness":"100"},"bodyOff":{"state":"off"},"note":"brightness применяется только к подключённым COM (readyDevices)"}}
2026-07-11 20:52:20.815 [Information] LightServer.Services.ComLightIsolatedBank: IsolatedBank: EnumDevices count=0, map=[]
2026-07-11 20:52:20.815 [Warning] LightServer.Services.ComLightIsolatedBank: IsolatedBank: пропуск COM1: COM1 не найден в EnumDevices. Видно: []
2026-07-11 20:52:20.815 [Error] LightServer.Services.ComLightIsolatedBank: IsolatedBank: COM1 не найден в EnumDevices. Видно: []
2026-07-11 20:52:20.815 [Error] LightServer.Services.ComLightBankService: ComLightBank: инициализация не удалась: COM1 не найден в EnumDevices. Видно: []
2026-07-11 20:52:20.815 [Information] LightServer.Logging.HttpExchangeLoggingMiddleware: HTTP GET /api/com/light => 200
  >> Request: (empty)
  << Response: {"initialized":false,"partial":false,"configPath":"D:\\visionGay\\defect-detector-v3\\config\\blocks\\51-light-hardware.yaml","loadedFromYaml":true,"devices":[{"id":"com1","comPort":"COM1","channels":[1,2],"ready":false,"skipped":"COM1 не найден в EnumDevices. Видно: []"}],"readyDevices":[],"skippedPorts":{"COM1":"COM1 не найден в EnumDevices. Видно: []"},"channelOrder":"","configuredChannelOrder":"COM1:1, COM1:2","usage":{"post":"POST /api/com/light","bodyOn":{"state":"on","brightness":"100"},"bodyOff":{"state":"off"},"note":"brightness применяется только к подключённым COM (readyDevices)"}}
2026-07-11 20:52:21.244 [Information] LightServer.Services.ComLightIsolatedBank: IsolatedBank: EnumDevices count=0, map=[]
2026-07-11 20:52:21.244 [Warning] LightServer.Services.ComLightIsolatedBank: IsolatedBank: пропуск COM1: COM1 не найден в EnumDevices. Видно: []
2026-07-11 20:52:21.244 [Error] LightServer.Services.ComLightIsolatedBank: IsolatedBank: COM1 не найден в EnumDevices. Видно: []
2026-07-11 20:52:21.244 [Error] LightServer.Services.ComLightBankService: ComLightBank: инициализация не удалась: COM1 не найден в EnumDevices. Видно: []
2026-07-11 20:52:21.244 [Information] LightServer.Logging.HttpExchangeLoggingMiddleware: HTTP GET /api/com/light => 200
  >> Request: (empty)
  << Response: {"initialized":false,"partial":false,"configPath":"D:\\visionGay\\defect-detector-v3\\config\\blocks\\51-light-hardware.yaml","loadedFromYaml":true,"devices":[{"id":"com1","comPort":"COM1","channels":[1,2],"ready":false,"skipped":"COM1 не найден в EnumDevices. Видно: []"}],"readyDevices":[],"skippedPorts":{"COM1":"COM1 не найден в EnumDevices. Видно: []"},"channelOrder":"","configuredChannelOrder":"COM1:1, COM1:2","usage":{"post":"POST /api/com/light","bodyOn":{"state":"on","brightness":"100"},"bodyOff":{"state":"off"},"note":"brightness применяется только к подключённым COM (readyDevices)"}}
2026-07-11 20:52:21.674 [Information] LightServer.Services.ComLightIsolatedBank: IsolatedBank: EnumDevices count=0, map=[]
2026-07-11 20:52:21.674 [Warning] LightServer.Services.ComLightIsolatedBank: IsolatedBank: пропуск COM1: COM1 не найден в EnumDevices. Видно: []
2026-07-11 20:52:21.674 [Error] LightServer.Services.ComLightIsolatedBank: IsolatedBank: COM1 не найден в EnumDevices. Видно: []
2026-07-11 20:52:21.674 [Error] LightServer.Services.ComLightBankService: ComLightBank: инициализация не удалась: COM1 не найден в EnumDevices. Видно: []
2026-07-11 20:52:21.674 [Information] LightServer.Logging.HttpExchangeLoggingMiddleware: HTTP GET /api/com/light => 200
  >> Request: (empty)
  << Response: {"initialized":false,"partial":false,"configPath":"D:\\visionGay\\defect-detector-v3\\config\\blocks\\51-light-hardware.yaml","loadedFromYaml":true,"devices":[{"id":"com1","comPort":"COM1","channels":[1,2],"ready":false,"skipped":"COM1 не найден в EnumDevices. Видно: []"}],"readyDevices":[],"skippedPorts":{"COM1":"COM1 не найден в EnumDevices. Видно: []"},"channelOrder":"","configuredChannelOrder":"COM1:1, COM1:2","usage":{"post":"POST /api/com/light","bodyOn":{"state":"on","brightness":"100"},"bodyOff":{"state":"off"},"note":"brightness применяется только к подключённым COM (readyDevices)"}}
2026-07-11 20:52:22.099 [Information] LightServer.Services.ComLightIsolatedBank: IsolatedBank: EnumDevices count=0, map=[]
2026-07-11 20:52:22.100 [Warning] LightServer.Services.ComLightIsolatedBank: IsolatedBank: пропуск COM1: COM1 не найден в EnumDevices. Видно: []
2026-07-11 20:52:22.100 [Error] LightServer.Services.ComLightIsolatedBank: IsolatedBank: COM1 не найден в EnumDevices. Видно: []
2026-07-11 20:52:22.100 [Error] LightServer.Services.ComLightBankService: ComLightBank: инициализация не удалась: COM1 не найден в EnumDevices. Видно: []
2026-07-11 20:52:22.100 [Information] LightServer.Logging.HttpExchangeLoggingMiddleware: HTTP GET /api/com/light => 200
  >> Request: (empty)
  << Response: {"initialized":false,"partial":false,"configPath":"D:\\visionGay\\defect-detector-v3\\config\\blocks\\51-light-hardware.yaml","loadedFromYaml":true,"devices":[{"id":"com1","comPort":"COM1","channels":[1,2],"ready":false,"skipped":"COM1 не найден в EnumDevices. Видно: []"}],"readyDevices":[],"skippedPorts":{"COM1":"COM1 не найден в EnumDevices. Видно: []"},"channelOrder":"","configuredChannelOrder":"COM1:1, COM1:2","usage":{"post":"POST /api/com/light","bodyOn":{"state":"on","brightness":"100"},"bodyOff":{"state":"off"},"note":"brightness применяется только к подключённым COM (readyDevices)"}}
2026-07-11 20:52:22.529 [Information] LightServer.Services.ComLightIsolatedBank: IsolatedBank: EnumDevices count=0, map=[]
2026-07-11 20:52:22.529 [Warning] LightServer.Services.ComLightIsolatedBank: IsolatedBank: пропуск COM1: COM1 не найден в EnumDevices. Видно: []
2026-07-11 20:52:22.530 [Error] LightServer.Services.ComLightIsolatedBank: IsolatedBank: COM1 не найден в EnumDevices. Видно: []
2026-07-11 20:52:22.530 [Error] LightServer.Services.ComLightBankService: ComLightBank: инициализация не удалась: COM1 не найден в EnumDevices. Видно: []
2026-07-11 20:52:22.530 [Information] LightServer.Logging.HttpExchangeLoggingMiddleware: HTTP GET /api/com/light => 200
  >> Request: (empty)
  << Response: {"initialized":false,"partial":false,"configPath":"D:\\visionGay\\defect-detector-v3\\config\\blocks\\51-light-hardware.yaml","loadedFromYaml":true,"devices":[{"id":"com1","comPort":"COM1","channels":[1,2],"ready":false,"skipped":"COM1 не найден в EnumDevices. Видно: []"}],"readyDevices":[],"skippedPorts":{"COM1":"COM1 не найден в EnumDevices. Видно: []"},"channelOrder":"","configuredChannelOrder":"COM1:1, COM1:2","usage":{"post":"POST /api/com/light","bodyOn":{"state":"on","brightness":"100"},"bodyOff":{"state":"off"},"note":"brightness применяется только к подключённым COM (readyDevices)"}}
2026-07-11 20:52:22.958 [Information] LightServer.Services.ComLightIsolatedBank: IsolatedBank: EnumDevices count=0, map=[]
2026-07-11 20:52:22.958 [Warning] LightServer.Services.ComLightIsolatedBank: IsolatedBank: пропуск COM1: COM1 не найден в EnumDevices. Видно: []
2026-07-11 20:52:22.958 [Error] LightServer.Services.ComLightIsolatedBank: IsolatedBank: COM1 не найден в EnumDevices. Видно: []
2026-07-11 20:52:22.958 [Error] LightServer.Services.ComLightBankService: ComLightBank: инициализация не удалась: COM1 не найден в EnumDevices. Видно: []
2026-07-11 20:52:22.959 [Information] LightServer.Logging.HttpExchangeLoggingMiddleware: HTTP GET /api/com/light => 200
  >> Request: (empty)
  << Response: {"initialized":false,"partial":false,"configPath":"D:\\visionGay\\defect-detector-v3\\config\\blocks\\51-light-hardware.yaml","loadedFromYaml":true,"devices":[{"id":"com1","comPort":"COM1","channels":[1,2],"ready":false,"skipped":"COM1 не найден в EnumDevices. Видно: []"}],"readyDevices":[],"skippedPorts":{"COM1":"COM1 не найден в EnumDevices. Видно: []"},"channelOrder":"","configuredChannelOrder":"COM1:1, COM1:2","usage":{"post":"POST /api/com/light","bodyOn":{"state":"on","brightness":"100"},"bodyOff":{"state":"off"},"note":"brightness применяется только к подключённым COM (readyDevices)"}}
2026-07-11 20:52:23.382 [Warning] LightServer.Services.LightControlService: SerialLight:DisableSdkLock=true — SDK/COM без lock (эксперимент, возможны гонки и сбои)
2026-07-11 20:52:24.153 [Information] LightServer.Logging.HttpExchangeLoggingMiddleware: HTTP POST /api/camera-flash/pair => 200
  >> Request: {"cameraNumber":1,"leftPower":204,"rightPower":204}
  << Response: {"success":true,"cameraNumber":1,"deviceId":"mv-le-1","route":"network","ipAddress":"192.168.1.14","deviceIndex":1,"channels":[1,2],"brightness":[204,204]}
2026-07-11 20:52:24.890 [Information] LightServer.Logging.HttpExchangeLoggingMiddleware: HTTP POST /api/camera-flash/pair => 200
  >> Request: {"cameraNumber":2,"leftPower":204,"rightPower":204}
  << Response: {"success":true,"cameraNumber":2,"deviceId":"mv-le-1","route":"network","ipAddress":"192.168.1.14","deviceIndex":2,"channels":[3,4],"brightness":[204,204]}
2026-07-11 20:52:25.621 [Information] LightServer.Logging.HttpExchangeLoggingMiddleware: HTTP POST /api/camera-flash/pair => 200
  >> Request: {"cameraNumber":3,"leftPower":204,"rightPower":204}
  << Response: {"success":true,"cameraNumber":3,"deviceId":"mv-le-2","route":"network","ipAddress":"192.168.1.11","deviceIndex":0,"channels":[1,2],"brightness":[204,204]}
2026-07-11 20:52:26.332 [Information] LightServer.Logging.HttpExchangeLoggingMiddleware: HTTP POST /api/camera-flash/pair => 200
  >> Request: {"cameraNumber":4,"leftPower":204,"rightPower":204}
  << Response: {"success":true,"cameraNumber":4,"deviceId":"mv-le-2","route":"network","ipAddress":"192.168.1.11","deviceIndex":2,"channels":[3,4],"brightness":[204,204]}
2026-07-11 20:52:27.046 [Information] LightServer.Logging.HttpExchangeLoggingMiddleware: HTTP POST /api/camera-flash/pair => 200
  >> Request: {"cameraNumber":5,"leftPower":204,"rightPower":204}
  << Response: {"success":true,"cameraNumber":5,"deviceId":"mv-le-3","route":"network","ipAddress":"192.168.1.8","deviceIndex":1,"channels":[1,2],"brightness":[204,204]}
2026-07-11 20:52:27.775 [Information] LightServer.Logging.HttpExchangeLoggingMiddleware: HTTP POST /api/camera-flash/pair => 200
  >> Request: {"cameraNumber":6,"leftPower":204,"rightPower":204}
  << Response: {"success":true,"cameraNumber":6,"deviceId":"mv-le-3","route":"network","ipAddress":"192.168.1.8","deviceIndex":2,"channels":[3,4],"brightness":[204,204]}
2026-07-11 20:52:28.488 [Information] LightServer.Logging.HttpExchangeLoggingMiddleware: HTTP POST /api/camera-flash/pair => 200
  >> Request: {"cameraNumber":7,"leftPower":204,"rightPower":204}
  << Response: {"success":true,"cameraNumber":7,"deviceId":"mv-le-4","route":"network","ipAddress":"169.254.220.1","deviceIndex":3,"channels":[1,2],"brightness":[204,204]}
2026-07-11 20:52:29.214 [Information] LightServer.Logging.HttpExchangeLoggingMiddleware: HTTP POST /api/camera-flash/pair => 200
  >> Request: {"cameraNumber":8,"leftPower":204,"rightPower":204}
  << Response: {"success":true,"cameraNumber":8,"deviceId":"mv-le-4","route":"network","ipAddress":"169.254.220.1","deviceIndex":5,"channels":[3,4],"brightness":[204,204]}
2026-07-11 20:52:29.248 [Information] LightServer.Logging.HttpExchangeLoggingMiddleware: HTTP POST /api/camera-flash/single => 400
  >> Request: {"cameraNumber":9,"power":204}
  << Response: {"success":false,"cameraNumber":9,"deviceId":"com1","route":"com","comPort":"COM1","channels":[1],"brightness":[204],"error":"На COM_Port#COM1 ничего не найдено после SetEnumSerialPorts. Закройте MVS Client и повторите."}
2026-07-11 20:52:29.256 [Information] LightServer.Logging.HttpExchangeLoggingMiddleware: HTTP POST /api/camera-flash/single => 400
  >> Request: {"cameraNumber":10,"power":204}
  << Response: {"success":false,"cameraNumber":10,"deviceId":"com1","route":"com","comPort":"COM1","channels":[2],"brightness":[204],"error":"На COM_Port#COM1 ничего не найдено после SetEnumSerialPorts. Закройте MVS Client и повторите."}
2026-07-11 20:53:28.033 [Information] Microsoft.Hosting.Lifetime: Application is shutting down...
