--- LightServer log started 2026-07-09 15:21:41 ---
2026-07-09 15:21:41.201 [Information] LightServer: Content root: D:\visionGay\defect-detector-v3\LightServer.v3\bin\Release\net10.0\, ComLightDevices: 3, файл лога: D:\visionGay\defect-detector-v3\LightServer.v3\logs\2026-07-09_15-21-41.log
2026-07-09 15:21:41.343 [Information] Microsoft.Hosting.Lifetime: Now listening on: http://127.0.0.1:5080
2026-07-09 15:21:41.343 [Information] Microsoft.Hosting.Lifetime: Application started. Press Ctrl+C to shut down.
2026-07-09 15:21:41.343 [Information] Microsoft.Hosting.Lifetime: Hosting environment: Production
2026-07-09 15:21:41.343 [Information] Microsoft.Hosting.Lifetime: Content root path: D:\visionGay\defect-detector-v3\LightServer.v3\bin\Release\net10.0\
2026-07-09 15:21:48.865 [Information] LightServer.Services.ComLightIsolatedBank: IsolatedBank: EnumDevices count=1, map=[COM1:0]
2026-07-09 15:21:49.616 [Information] LightServer.Services.IsolatedComPortLight: COM1: открыт idx=0/1 mode=bank-On MV-LE200-48W24-2D @ COM1 (DA8782414)
2026-07-09 15:21:49.620 [Warning] LightServer.Services.ComLightIsolatedBank: IsolatedBank: пропуск COM2: COM2 не найден в EnumDevices. Видно: [MV-LE200-48W24-2D @ COM1 (DA8782414)]
2026-07-09 15:21:49.620 [Warning] LightServer.Services.ComLightIsolatedBank: IsolatedBank: пропуск COM3: COM3 не найден в EnumDevices. Видно: [MV-LE200-48W24-2D @ COM1 (DA8782414)]
2026-07-09 15:21:49.620 [Warning] LightServer.Services.ComLightIsolatedBank: IsolatedBank: Частично: готовы [COM1], пропущены [COM2, COM3].
2026-07-09 15:21:49.621 [Information] LightServer.Services.ComLightBankService: ComLightBank: готово 1/3 COM (COM1)
2026-07-09 15:21:49.621 [Warning] LightServer.Services.ComLightBankService: ComLightBank: пропущены COM2, COM3
2026-07-09 15:21:49.660 [Information] LightServer.Logging.HttpExchangeLoggingMiddleware: HTTP GET /api/com/light => 200
  >> Request: (empty)
  << Response: {"initialized":true,"partial":true,"configPath":"D:\\visionGay\\defect-detector-v3\\config\\blocks\\51-light-hardware.yaml","loadedFromYaml":true,"devices":[{"id":"com1","comPort":"COM1","channels":[1,2],"ready":true,"skipped":null},{"id":"com2","comPort":"COM2","channels":[1,2,3,4],"ready":false,"skipped":"COM2 не найден в EnumDevices. Видно: [MV-LE200-48W24-2D @ COM1 (DA8782414)]"},{"id":"com3","comPort":"COM3","channels":[1,2,3,4],"ready":false,"skipped":"COM3 не найден в EnumDevices. Видно: [MV-LE200-48W24-2D @ COM1 (DA8782414)]"}],"readyDevices":[{"id":"com1","comPort":"COM1","channels":[1,2]}],"skippedPorts":{"COM2":"COM2 не найден в EnumDevices. Видно: [MV-LE200-48W24-2D @ COM1 (DA8782414)]","COM3":"COM3 не найден в EnumDevices. Видно: [MV-LE200-48W24-2D @ COM1 (DA8782414)]"},"channelOrder":"COM1:1, COM1:2","configuredChannelOrder":"COM1:1, COM1:2, COM2:1, COM2:2, COM2:3, COM2:4, COM3:1, COM3:2, COM3:3, COM3:4","usage":{"post":"POST /api/com/light","bodyOn":{"state":"on","brightness":"100"},"bodyOff":{"state":"off"},"note":"brightness применяется только к подключённым COM (readyDevices)"}}
2026-07-09 15:21:49.686 [Warning] LightServer.Services.LightControlService: SerialLight:DisableSdkLock=true — SDK/COM без lock (эксперимент, возможны гонки и сбои)
2026-07-09 15:21:49.715 [Information] LightServer.Logging.HttpExchangeLoggingMiddleware: HTTP POST /api/camera-flash/pair => 400
  >> Request: {"cameraNumber":1,"leftPower":204,"rightPower":204}
  << Response: {"success":false,"cameraNumber":1,"deviceId":"com3","route":"com","comPort":"COM3","channels":[1,2],"brightness":[204,204],"error":"Устройство на COM_Port#COM3 не найдено. EnumDevices: [MV-LE200-48W24-2D DA8782414 Hikrobot MvCameraLinkDevice COM_Port#COM1]"}
2026-07-09 15:21:49.727 [Information] LightServer.Logging.HttpExchangeLoggingMiddleware: HTTP POST /api/camera-flash/pair => 400
  >> Request: {"cameraNumber":2,"leftPower":204,"rightPower":204}
  << Response: {"success":false,"cameraNumber":2,"deviceId":"com3","route":"com","comPort":"COM3","channels":[3,4],"brightness":[204,204],"error":"Устройство на COM_Port#COM3 не найдено. EnumDevices: [MV-LE200-48W24-2D DA8782414 Hikrobot MvCameraLinkDevice COM_Port#COM1]"}
2026-07-09 15:21:49.729 [Information] LightServer.Logging.HttpExchangeLoggingMiddleware: HTTP POST /api/camera-flash/pair => 400
  >> Request: {"cameraNumber":3,"leftPower":204,"rightPower":204}
  << Response: {"success":false,"cameraNumber":3,"deviceId":"com2","route":"com","comPort":"COM2","channels":[1,2],"brightness":[204,204],"error":"Устройство на COM_Port#COM2 не найдено. EnumDevices: [MV-LE200-48W24-2D DA8782414 Hikrobot MvCameraLinkDevice COM_Port#COM1]"}
2026-07-09 15:21:49.730 [Information] LightServer.Logging.HttpExchangeLoggingMiddleware: HTTP POST /api/camera-flash/pair => 400
  >> Request: {"cameraNumber":4,"leftPower":204,"rightPower":204}
  << Response: {"success":false,"cameraNumber":4,"deviceId":"com2","route":"com","comPort":"COM2","channels":[3,4],"brightness":[204,204],"error":"Устройство на COM_Port#COM2 не найдено. EnumDevices: [MV-LE200-48W24-2D DA8782414 Hikrobot MvCameraLinkDevice COM_Port#COM1]"}
2026-07-09 15:21:50.395 [Information] LightServer.Logging.HttpExchangeLoggingMiddleware: HTTP POST /api/camera-flash/pair => 400
  >> Request: {"cameraNumber":5,"leftPower":204,"rightPower":204}
  << Response: {"success":false,"cameraNumber":5,"deviceId":"mv-le-1","route":"network","ipAddress":"169.254.57.1","channels":[1,2],"brightness":[204,204],"error":"Устройство не найдено по ipAddress='169.254.57.1'."}
2026-07-09 15:21:51.052 [Information] LightServer.Logging.HttpExchangeLoggingMiddleware: HTTP POST /api/camera-flash/pair => 400
  >> Request: {"cameraNumber":6,"leftPower":204,"rightPower":204}
  << Response: {"success":false,"cameraNumber":6,"deviceId":"mv-le-1","route":"network","ipAddress":"169.254.57.1","channels":[3,4],"brightness":[204,204],"error":"Устройство не найдено по ipAddress='169.254.57.1'."}
2026-07-09 15:21:51.712 [Information] LightServer.Logging.HttpExchangeLoggingMiddleware: HTTP POST /api/camera-flash/pair => 400
  >> Request: {"cameraNumber":7,"leftPower":204,"rightPower":204}
  << Response: {"success":false,"cameraNumber":7,"deviceId":"mv-le-2","route":"network","ipAddress":"169.254.213.2","channels":[1,2],"brightness":[204,204],"error":"Устройство не найдено по ipAddress='169.254.213.2'."}
2026-07-09 15:21:52.372 [Information] LightServer.Logging.HttpExchangeLoggingMiddleware: HTTP POST /api/camera-flash/pair => 400
  >> Request: {"cameraNumber":8,"leftPower":204,"rightPower":204}
  << Response: {"success":false,"cameraNumber":8,"deviceId":"mv-le-2","route":"network","ipAddress":"169.254.213.2","channels":[3,4],"brightness":[204,204],"error":"Устройство не найдено по ipAddress='169.254.213.2'."}
2026-07-09 15:21:54.808 [Information] LightServer.Logging.HttpExchangeLoggingMiddleware: HTTP POST /api/camera-flash/single => 400
  >> Request: {"cameraNumber":9,"power":204}
  << Response: {"success":false,"cameraNumber":9,"deviceId":"com1","route":"com","comPort":"COM1","channels":[1],"brightness":[204],"error":"Prime channels failed on ch3."}
2026-07-09 15:21:55.850 [Information] LightServer.Logging.HttpExchangeLoggingMiddleware: HTTP POST /api/camera-flash/single => 200
  >> Request: {"cameraNumber":10,"power":204}
  << Response: {"success":true,"cameraNumber":10,"deviceId":"com1","route":"com","comPort":"COM1","channels":[2],"brightness":[204]}
2026-07-09 15:21:56.961 [Information] LightServer.Services.IsolatedComPortLight: COM1: Off bank-off
2026-07-09 15:21:56.970 [Information] LightServer.Logging.HttpExchangeLoggingMiddleware: HTTP POST /api/com/light => 200
  >> Request: {"state":"off"}
  << Response: {"success":true,"message":"Подключённые COM выключены. Пропущены: COM2, COM3.","error":null,"state":"off","brightness":null,"results":[{"comPort":"COM1","success":true,"skipped":false,"message":"bank-off","error":null,"lightControllerSource":"Off","channels":[1,2],"brightness":null},{"comPort":"COM2","success":false,"skipped":true,"message":null,"error":"пропущен: COM2 не найден в EnumDevices. Видно: [MV-LE200-48W24-2D @ COM1 (DA8782414)]","lightControllerSource":"Off","channels":[1,2,3,4],"brightness":null},{"comPort":"COM3","success":false,"skipped":true,"message":null,"error":"пропущен: COM3 не найден в EnumDevices. Видно: [MV-LE200-48W24-2D @ COM1 (DA8782414)]","lightControllerSource":"Off","channels":[1,2,3,4],"brightness":null}]}
2026-07-09 15:21:57.494 [Information] LightServer.Services.IsolatedComPortLight: COM1: Off bank-off
2026-07-09 15:21:57.495 [Information] LightServer.Logging.HttpExchangeLoggingMiddleware: HTTP POST /api/com/light => 200
  >> Request: {"state":"off"}
  << Response: {"success":true,"message":"Подключённые COM выключены. Пропущены: COM2, COM3.","error":null,"state":"off","brightness":null,"results":[{"comPort":"COM1","success":true,"skipped":false,"message":"bank-off","error":null,"lightControllerSource":"Off","channels":[1,2],"brightness":null},{"comPort":"COM2","success":false,"skipped":true,"message":null,"error":"пропущен: COM2 не найден в EnumDevices. Видно: [MV-LE200-48W24-2D @ COM1 (DA8782414)]","lightControllerSource":"Off","channels":[1,2,3,4],"brightness":null},{"comPort":"COM3","success":false,"skipped":true,"message":null,"error":"пропущен: COM3 не найден в EnumDevices. Видно: [MV-LE200-48W24-2D @ COM1 (DA8782414)]","lightControllerSource":"Off","channels":[1,2,3,4],"brightness":null}]}
