--- LightServer log started 2026-07-10 23:59:23 ---
2026-07-10 23:59:23.782 [Information] LightServer: Content root: D:\visionGay\defect-detector-v3\LightServer.v3\bin\Release\net10.0\, ComLightDevices: 1, файл лога: D:\visionGay\defect-detector-v3\LightServer.v3\logs\2026-07-10_23-59-23.log
2026-07-10 23:59:23.896 [Information] Microsoft.Hosting.Lifetime: Now listening on: http://127.0.0.1:5080
2026-07-10 23:59:23.896 [Information] Microsoft.Hosting.Lifetime: Application started. Press Ctrl+C to shut down.
2026-07-10 23:59:23.896 [Information] Microsoft.Hosting.Lifetime: Hosting environment: Production
2026-07-10 23:59:23.896 [Information] Microsoft.Hosting.Lifetime: Content root path: D:\visionGay\defect-detector-v3\LightServer.v3\bin\Release\net10.0\
2026-07-10 23:59:24.252 [Information] LightServer.Services.ComLightIsolatedBank: IsolatedBank: EnumDevices count=0, map=[]
2026-07-10 23:59:24.255 [Warning] LightServer.Services.ComLightIsolatedBank: IsolatedBank: пропуск COM1: COM1 не найден в EnumDevices. Видно: []
2026-07-10 23:59:24.256 [Error] LightServer.Services.ComLightIsolatedBank: IsolatedBank: COM1 не найден в EnumDevices. Видно: []
2026-07-10 23:59:24.257 [Error] LightServer.Services.ComLightBankService: ComLightBank: инициализация не удалась: COM1 не найден в EnumDevices. Видно: []
2026-07-10 23:59:35.228 [Information] LightServer.Services.ComLightIsolatedBank: IsolatedBank: EnumDevices count=0, map=[]
2026-07-10 23:59:35.229 [Warning] LightServer.Services.ComLightIsolatedBank: IsolatedBank: пропуск COM1: COM1 не найден в EnumDevices. Видно: []
2026-07-10 23:59:35.229 [Error] LightServer.Services.ComLightIsolatedBank: IsolatedBank: COM1 не найден в EnumDevices. Видно: []
2026-07-10 23:59:35.229 [Error] LightServer.Services.ComLightBankService: ComLightBank: инициализация не удалась: COM1 не найден в EnumDevices. Видно: []
2026-07-10 23:59:35.263 [Information] LightServer.Logging.HttpExchangeLoggingMiddleware: HTTP GET /api/com/light => 200
  >> Request: (empty)
  << Response: {"initialized":false,"partial":false,"configPath":"D:\\visionGay\\defect-detector-v3\\config\\blocks\\51-light-hardware.yaml","loadedFromYaml":true,"devices":[{"id":"com1","comPort":"COM1","channels":[1,2],"ready":false,"skipped":"COM1 не найден в EnumDevices. Видно: []"}],"readyDevices":[],"skippedPorts":{"COM1":"COM1 не найден в EnumDevices. Видно: []"},"channelOrder":"","configuredChannelOrder":"COM1:1, COM1:2","usage":{"post":"POST /api/com/light","bodyOn":{"state":"on","brightness":"100"},"bodyOff":{"state":"off"},"note":"brightness применяется только к подключённым COM (readyDevices)"}}
2026-07-10 23:59:35.779 [Information] LightServer.Services.ComLightIsolatedBank: IsolatedBank: EnumDevices count=0, map=[]
2026-07-10 23:59:35.779 [Warning] LightServer.Services.ComLightIsolatedBank: IsolatedBank: пропуск COM1: COM1 не найден в EnumDevices. Видно: []
2026-07-10 23:59:35.779 [Error] LightServer.Services.ComLightIsolatedBank: IsolatedBank: COM1 не найден в EnumDevices. Видно: []
2026-07-10 23:59:35.780 [Error] LightServer.Services.ComLightBankService: ComLightBank: инициализация не удалась: COM1 не найден в EnumDevices. Видно: []
2026-07-10 23:59:35.780 [Information] LightServer.Logging.HttpExchangeLoggingMiddleware: HTTP GET /api/com/light => 200
  >> Request: (empty)
  << Response: {"initialized":false,"partial":false,"configPath":"D:\\visionGay\\defect-detector-v3\\config\\blocks\\51-light-hardware.yaml","loadedFromYaml":true,"devices":[{"id":"com1","comPort":"COM1","channels":[1,2],"ready":false,"skipped":"COM1 не найден в EnumDevices. Видно: []"}],"readyDevices":[],"skippedPorts":{"COM1":"COM1 не найден в EnumDevices. Видно: []"},"channelOrder":"","configuredChannelOrder":"COM1:1, COM1:2","usage":{"post":"POST /api/com/light","bodyOn":{"state":"on","brightness":"100"},"bodyOff":{"state":"off"},"note":"brightness применяется только к подключённым COM (readyDevices)"}}
2026-07-10 23:59:36.272 [Information] LightServer.Services.ComLightIsolatedBank: IsolatedBank: EnumDevices count=0, map=[]
2026-07-10 23:59:36.272 [Warning] LightServer.Services.ComLightIsolatedBank: IsolatedBank: пропуск COM1: COM1 не найден в EnumDevices. Видно: []
2026-07-10 23:59:36.272 [Error] LightServer.Services.ComLightIsolatedBank: IsolatedBank: COM1 не найден в EnumDevices. Видно: []
2026-07-10 23:59:36.272 [Error] LightServer.Services.ComLightBankService: ComLightBank: инициализация не удалась: COM1 не найден в EnumDevices. Видно: []
2026-07-10 23:59:36.272 [Information] LightServer.Logging.HttpExchangeLoggingMiddleware: HTTP GET /api/com/light => 200
  >> Request: (empty)
  << Response: {"initialized":false,"partial":false,"configPath":"D:\\visionGay\\defect-detector-v3\\config\\blocks\\51-light-hardware.yaml","loadedFromYaml":true,"devices":[{"id":"com1","comPort":"COM1","channels":[1,2],"ready":false,"skipped":"COM1 не найден в EnumDevices. Видно: []"}],"readyDevices":[],"skippedPorts":{"COM1":"COM1 не найден в EnumDevices. Видно: []"},"channelOrder":"","configuredChannelOrder":"COM1:1, COM1:2","usage":{"post":"POST /api/com/light","bodyOn":{"state":"on","brightness":"100"},"bodyOff":{"state":"off"},"note":"brightness применяется только к подключённым COM (readyDevices)"}}
2026-07-10 23:59:36.776 [Information] LightServer.Services.ComLightIsolatedBank: IsolatedBank: EnumDevices count=0, map=[]
2026-07-10 23:59:36.777 [Warning] LightServer.Services.ComLightIsolatedBank: IsolatedBank: пропуск COM1: COM1 не найден в EnumDevices. Видно: []
2026-07-10 23:59:36.777 [Error] LightServer.Services.ComLightIsolatedBank: IsolatedBank: COM1 не найден в EnumDevices. Видно: []
2026-07-10 23:59:36.777 [Error] LightServer.Services.ComLightBankService: ComLightBank: инициализация не удалась: COM1 не найден в EnumDevices. Видно: []
2026-07-10 23:59:36.777 [Information] LightServer.Logging.HttpExchangeLoggingMiddleware: HTTP GET /api/com/light => 200
  >> Request: (empty)
  << Response: {"initialized":false,"partial":false,"configPath":"D:\\visionGay\\defect-detector-v3\\config\\blocks\\51-light-hardware.yaml","loadedFromYaml":true,"devices":[{"id":"com1","comPort":"COM1","channels":[1,2],"ready":false,"skipped":"COM1 не найден в EnumDevices. Видно: []"}],"readyDevices":[],"skippedPorts":{"COM1":"COM1 не найден в EnumDevices. Видно: []"},"channelOrder":"","configuredChannelOrder":"COM1:1, COM1:2","usage":{"post":"POST /api/com/light","bodyOn":{"state":"on","brightness":"100"},"bodyOff":{"state":"off"},"note":"brightness применяется только к подключённым COM (readyDevices)"}}
2026-07-10 23:59:37.281 [Information] LightServer.Services.ComLightIsolatedBank: IsolatedBank: EnumDevices count=0, map=[]
2026-07-10 23:59:37.281 [Warning] LightServer.Services.ComLightIsolatedBank: IsolatedBank: пропуск COM1: COM1 не найден в EnumDevices. Видно: []
2026-07-10 23:59:37.281 [Error] LightServer.Services.ComLightIsolatedBank: IsolatedBank: COM1 не найден в EnumDevices. Видно: []
2026-07-10 23:59:37.281 [Error] LightServer.Services.ComLightBankService: ComLightBank: инициализация не удалась: COM1 не найден в EnumDevices. Видно: []
2026-07-10 23:59:37.282 [Information] LightServer.Logging.HttpExchangeLoggingMiddleware: HTTP GET /api/com/light => 200
  >> Request: (empty)
  << Response: {"initialized":false,"partial":false,"configPath":"D:\\visionGay\\defect-detector-v3\\config\\blocks\\51-light-hardware.yaml","loadedFromYaml":true,"devices":[{"id":"com1","comPort":"COM1","channels":[1,2],"ready":false,"skipped":"COM1 не найден в EnumDevices. Видно: []"}],"readyDevices":[],"skippedPorts":{"COM1":"COM1 не найден в EnumDevices. Видно: []"},"channelOrder":"","configuredChannelOrder":"COM1:1, COM1:2","usage":{"post":"POST /api/com/light","bodyOn":{"state":"on","brightness":"100"},"bodyOff":{"state":"off"},"note":"brightness применяется только к подключённым COM (readyDevices)"}}
2026-07-10 23:59:37.774 [Information] LightServer.Services.ComLightIsolatedBank: IsolatedBank: EnumDevices count=0, map=[]
2026-07-10 23:59:37.774 [Warning] LightServer.Services.ComLightIsolatedBank: IsolatedBank: пропуск COM1: COM1 не найден в EnumDevices. Видно: []
2026-07-10 23:59:37.774 [Error] LightServer.Services.ComLightIsolatedBank: IsolatedBank: COM1 не найден в EnumDevices. Видно: []
2026-07-10 23:59:37.774 [Error] LightServer.Services.ComLightBankService: ComLightBank: инициализация не удалась: COM1 не найден в EnumDevices. Видно: []
2026-07-10 23:59:37.774 [Information] LightServer.Logging.HttpExchangeLoggingMiddleware: HTTP GET /api/com/light => 200
  >> Request: (empty)
  << Response: {"initialized":false,"partial":false,"configPath":"D:\\visionGay\\defect-detector-v3\\config\\blocks\\51-light-hardware.yaml","loadedFromYaml":true,"devices":[{"id":"com1","comPort":"COM1","channels":[1,2],"ready":false,"skipped":"COM1 не найден в EnumDevices. Видно: []"}],"readyDevices":[],"skippedPorts":{"COM1":"COM1 не найден в EnumDevices. Видно: []"},"channelOrder":"","configuredChannelOrder":"COM1:1, COM1:2","usage":{"post":"POST /api/com/light","bodyOn":{"state":"on","brightness":"100"},"bodyOff":{"state":"off"},"note":"brightness применяется только к подключённым COM (readyDevices)"}}
2026-07-10 23:59:38.263 [Information] LightServer.Services.ComLightIsolatedBank: IsolatedBank: EnumDevices count=0, map=[]
2026-07-10 23:59:38.264 [Warning] LightServer.Services.ComLightIsolatedBank: IsolatedBank: пропуск COM1: COM1 не найден в EnumDevices. Видно: []
2026-07-10 23:59:38.264 [Error] LightServer.Services.ComLightIsolatedBank: IsolatedBank: COM1 не найден в EnumDevices. Видно: []
2026-07-10 23:59:38.264 [Error] LightServer.Services.ComLightBankService: ComLightBank: инициализация не удалась: COM1 не найден в EnumDevices. Видно: []
2026-07-10 23:59:38.264 [Information] LightServer.Logging.HttpExchangeLoggingMiddleware: HTTP GET /api/com/light => 200
  >> Request: (empty)
  << Response: {"initialized":false,"partial":false,"configPath":"D:\\visionGay\\defect-detector-v3\\config\\blocks\\51-light-hardware.yaml","loadedFromYaml":true,"devices":[{"id":"com1","comPort":"COM1","channels":[1,2],"ready":false,"skipped":"COM1 не найден в EnumDevices. Видно: []"}],"readyDevices":[],"skippedPorts":{"COM1":"COM1 не найден в EnumDevices. Видно: []"},"channelOrder":"","configuredChannelOrder":"COM1:1, COM1:2","usage":{"post":"POST /api/com/light","bodyOn":{"state":"on","brightness":"100"},"bodyOff":{"state":"off"},"note":"brightness применяется только к подключённым COM (readyDevices)"}}
2026-07-10 23:59:38.768 [Information] LightServer.Services.ComLightIsolatedBank: IsolatedBank: EnumDevices count=0, map=[]
2026-07-10 23:59:38.768 [Warning] LightServer.Services.ComLightIsolatedBank: IsolatedBank: пропуск COM1: COM1 не найден в EnumDevices. Видно: []
2026-07-10 23:59:38.768 [Error] LightServer.Services.ComLightIsolatedBank: IsolatedBank: COM1 не найден в EnumDevices. Видно: []
2026-07-10 23:59:38.769 [Error] LightServer.Services.ComLightBankService: ComLightBank: инициализация не удалась: COM1 не найден в EnumDevices. Видно: []
2026-07-10 23:59:38.769 [Information] LightServer.Logging.HttpExchangeLoggingMiddleware: HTTP GET /api/com/light => 200
  >> Request: (empty)
  << Response: {"initialized":false,"partial":false,"configPath":"D:\\visionGay\\defect-detector-v3\\config\\blocks\\51-light-hardware.yaml","loadedFromYaml":true,"devices":[{"id":"com1","comPort":"COM1","channels":[1,2],"ready":false,"skipped":"COM1 не найден в EnumDevices. Видно: []"}],"readyDevices":[],"skippedPorts":{"COM1":"COM1 не найден в EnumDevices. Видно: []"},"channelOrder":"","configuredChannelOrder":"COM1:1, COM1:2","usage":{"post":"POST /api/com/light","bodyOn":{"state":"on","brightness":"100"},"bodyOff":{"state":"off"},"note":"brightness применяется только к подключённым COM (readyDevices)"}}
2026-07-10 23:59:39.259 [Information] LightServer.Services.ComLightIsolatedBank: IsolatedBank: EnumDevices count=0, map=[]
2026-07-10 23:59:39.259 [Warning] LightServer.Services.ComLightIsolatedBank: IsolatedBank: пропуск COM1: COM1 не найден в EnumDevices. Видно: []
2026-07-10 23:59:39.259 [Error] LightServer.Services.ComLightIsolatedBank: IsolatedBank: COM1 не найден в EnumDevices. Видно: []
2026-07-10 23:59:39.259 [Error] LightServer.Services.ComLightBankService: ComLightBank: инициализация не удалась: COM1 не найден в EnumDevices. Видно: []
2026-07-10 23:59:39.259 [Information] LightServer.Logging.HttpExchangeLoggingMiddleware: HTTP GET /api/com/light => 200
  >> Request: (empty)
  << Response: {"initialized":false,"partial":false,"configPath":"D:\\visionGay\\defect-detector-v3\\config\\blocks\\51-light-hardware.yaml","loadedFromYaml":true,"devices":[{"id":"com1","comPort":"COM1","channels":[1,2],"ready":false,"skipped":"COM1 не найден в EnumDevices. Видно: []"}],"readyDevices":[],"skippedPorts":{"COM1":"COM1 не найден в EnumDevices. Видно: []"},"channelOrder":"","configuredChannelOrder":"COM1:1, COM1:2","usage":{"post":"POST /api/com/light","bodyOn":{"state":"on","brightness":"100"},"bodyOff":{"state":"off"},"note":"brightness применяется только к подключённым COM (readyDevices)"}}
2026-07-10 23:59:39.749 [Information] LightServer.Services.ComLightIsolatedBank: IsolatedBank: EnumDevices count=0, map=[]
2026-07-10 23:59:39.750 [Warning] LightServer.Services.ComLightIsolatedBank: IsolatedBank: пропуск COM1: COM1 не найден в EnumDevices. Видно: []
2026-07-10 23:59:39.750 [Error] LightServer.Services.ComLightIsolatedBank: IsolatedBank: COM1 не найден в EnumDevices. Видно: []
2026-07-10 23:59:39.750 [Error] LightServer.Services.ComLightBankService: ComLightBank: инициализация не удалась: COM1 не найден в EnumDevices. Видно: []
2026-07-10 23:59:39.750 [Information] LightServer.Logging.HttpExchangeLoggingMiddleware: HTTP GET /api/com/light => 200
  >> Request: (empty)
  << Response: {"initialized":false,"partial":false,"configPath":"D:\\visionGay\\defect-detector-v3\\config\\blocks\\51-light-hardware.yaml","loadedFromYaml":true,"devices":[{"id":"com1","comPort":"COM1","channels":[1,2],"ready":false,"skipped":"COM1 не найден в EnumDevices. Видно: []"}],"readyDevices":[],"skippedPorts":{"COM1":"COM1 не найден в EnumDevices. Видно: []"},"channelOrder":"","configuredChannelOrder":"COM1:1, COM1:2","usage":{"post":"POST /api/com/light","bodyOn":{"state":"on","brightness":"100"},"bodyOff":{"state":"off"},"note":"brightness применяется только к подключённым COM (readyDevices)"}}
2026-07-10 23:59:40.241 [Information] LightServer.Services.ComLightIsolatedBank: IsolatedBank: EnumDevices count=0, map=[]
2026-07-10 23:59:40.241 [Warning] LightServer.Services.ComLightIsolatedBank: IsolatedBank: пропуск COM1: COM1 не найден в EnumDevices. Видно: []
2026-07-10 23:59:40.241 [Error] LightServer.Services.ComLightIsolatedBank: IsolatedBank: COM1 не найден в EnumDevices. Видно: []
2026-07-10 23:59:40.242 [Error] LightServer.Services.ComLightBankService: ComLightBank: инициализация не удалась: COM1 не найден в EnumDevices. Видно: []
2026-07-10 23:59:40.242 [Information] LightServer.Logging.HttpExchangeLoggingMiddleware: HTTP GET /api/com/light => 200
  >> Request: (empty)
  << Response: {"initialized":false,"partial":false,"configPath":"D:\\visionGay\\defect-detector-v3\\config\\blocks\\51-light-hardware.yaml","loadedFromYaml":true,"devices":[{"id":"com1","comPort":"COM1","channels":[1,2],"ready":false,"skipped":"COM1 не найден в EnumDevices. Видно: []"}],"readyDevices":[],"skippedPorts":{"COM1":"COM1 не найден в EnumDevices. Видно: []"},"channelOrder":"","configuredChannelOrder":"COM1:1, COM1:2","usage":{"post":"POST /api/com/light","bodyOn":{"state":"on","brightness":"100"},"bodyOff":{"state":"off"},"note":"brightness применяется только к подключённым COM (readyDevices)"}}
2026-07-10 23:59:40.747 [Information] LightServer.Services.ComLightIsolatedBank: IsolatedBank: EnumDevices count=0, map=[]
2026-07-10 23:59:40.747 [Warning] LightServer.Services.ComLightIsolatedBank: IsolatedBank: пропуск COM1: COM1 не найден в EnumDevices. Видно: []
2026-07-10 23:59:40.747 [Error] LightServer.Services.ComLightIsolatedBank: IsolatedBank: COM1 не найден в EnumDevices. Видно: []
2026-07-10 23:59:40.747 [Error] LightServer.Services.ComLightBankService: ComLightBank: инициализация не удалась: COM1 не найден в EnumDevices. Видно: []
2026-07-10 23:59:40.747 [Information] LightServer.Logging.HttpExchangeLoggingMiddleware: HTTP GET /api/com/light => 200
  >> Request: (empty)
  << Response: {"initialized":false,"partial":false,"configPath":"D:\\visionGay\\defect-detector-v3\\config\\blocks\\51-light-hardware.yaml","loadedFromYaml":true,"devices":[{"id":"com1","comPort":"COM1","channels":[1,2],"ready":false,"skipped":"COM1 не найден в EnumDevices. Видно: []"}],"readyDevices":[],"skippedPorts":{"COM1":"COM1 не найден в EnumDevices. Видно: []"},"channelOrder":"","configuredChannelOrder":"COM1:1, COM1:2","usage":{"post":"POST /api/com/light","bodyOn":{"state":"on","brightness":"100"},"bodyOff":{"state":"off"},"note":"brightness применяется только к подключённым COM (readyDevices)"}}
2026-07-10 23:59:41.239 [Information] LightServer.Services.ComLightIsolatedBank: IsolatedBank: EnumDevices count=0, map=[]
2026-07-10 23:59:41.240 [Warning] LightServer.Services.ComLightIsolatedBank: IsolatedBank: пропуск COM1: COM1 не найден в EnumDevices. Видно: []
2026-07-10 23:59:41.240 [Error] LightServer.Services.ComLightIsolatedBank: IsolatedBank: COM1 не найден в EnumDevices. Видно: []
2026-07-10 23:59:41.240 [Error] LightServer.Services.ComLightBankService: ComLightBank: инициализация не удалась: COM1 не найден в EnumDevices. Видно: []
2026-07-10 23:59:41.240 [Information] LightServer.Logging.HttpExchangeLoggingMiddleware: HTTP GET /api/com/light => 200
  >> Request: (empty)
  << Response: {"initialized":false,"partial":false,"configPath":"D:\\visionGay\\defect-detector-v3\\config\\blocks\\51-light-hardware.yaml","loadedFromYaml":true,"devices":[{"id":"com1","comPort":"COM1","channels":[1,2],"ready":false,"skipped":"COM1 не найден в EnumDevices. Видно: []"}],"readyDevices":[],"skippedPorts":{"COM1":"COM1 не найден в EnumDevices. Видно: []"},"channelOrder":"","configuredChannelOrder":"COM1:1, COM1:2","usage":{"post":"POST /api/com/light","bodyOn":{"state":"on","brightness":"100"},"bodyOff":{"state":"off"},"note":"brightness применяется только к подключённым COM (readyDevices)"}}
2026-07-10 23:59:41.730 [Information] LightServer.Services.ComLightIsolatedBank: IsolatedBank: EnumDevices count=0, map=[]
2026-07-10 23:59:41.730 [Warning] LightServer.Services.ComLightIsolatedBank: IsolatedBank: пропуск COM1: COM1 не найден в EnumDevices. Видно: []
2026-07-10 23:59:41.731 [Error] LightServer.Services.ComLightIsolatedBank: IsolatedBank: COM1 не найден в EnumDevices. Видно: []
2026-07-10 23:59:41.731 [Error] LightServer.Services.ComLightBankService: ComLightBank: инициализация не удалась: COM1 не найден в EnumDevices. Видно: []
2026-07-10 23:59:41.731 [Information] LightServer.Logging.HttpExchangeLoggingMiddleware: HTTP GET /api/com/light => 200
  >> Request: (empty)
  << Response: {"initialized":false,"partial":false,"configPath":"D:\\visionGay\\defect-detector-v3\\config\\blocks\\51-light-hardware.yaml","loadedFromYaml":true,"devices":[{"id":"com1","comPort":"COM1","channels":[1,2],"ready":false,"skipped":"COM1 не найден в EnumDevices. Видно: []"}],"readyDevices":[],"skippedPorts":{"COM1":"COM1 не найден в EnumDevices. Видно: []"},"channelOrder":"","configuredChannelOrder":"COM1:1, COM1:2","usage":{"post":"POST /api/com/light","bodyOn":{"state":"on","brightness":"100"},"bodyOff":{"state":"off"},"note":"brightness применяется только к подключённым COM (readyDevices)"}}
2026-07-10 23:59:42.221 [Information] LightServer.Services.ComLightIsolatedBank: IsolatedBank: EnumDevices count=0, map=[]
2026-07-10 23:59:42.221 [Warning] LightServer.Services.ComLightIsolatedBank: IsolatedBank: пропуск COM1: COM1 не найден в EnumDevices. Видно: []
2026-07-10 23:59:42.221 [Error] LightServer.Services.ComLightIsolatedBank: IsolatedBank: COM1 не найден в EnumDevices. Видно: []
2026-07-10 23:59:42.221 [Error] LightServer.Services.ComLightBankService: ComLightBank: инициализация не удалась: COM1 не найден в EnumDevices. Видно: []
2026-07-10 23:59:42.221 [Information] LightServer.Logging.HttpExchangeLoggingMiddleware: HTTP GET /api/com/light => 200
  >> Request: (empty)
  << Response: {"initialized":false,"partial":false,"configPath":"D:\\visionGay\\defect-detector-v3\\config\\blocks\\51-light-hardware.yaml","loadedFromYaml":true,"devices":[{"id":"com1","comPort":"COM1","channels":[1,2],"ready":false,"skipped":"COM1 не найден в EnumDevices. Видно: []"}],"readyDevices":[],"skippedPorts":{"COM1":"COM1 не найден в EnumDevices. Видно: []"},"channelOrder":"","configuredChannelOrder":"COM1:1, COM1:2","usage":{"post":"POST /api/com/light","bodyOn":{"state":"on","brightness":"100"},"bodyOff":{"state":"off"},"note":"brightness применяется только к подключённым COM (readyDevices)"}}
2026-07-10 23:59:42.711 [Information] LightServer.Services.ComLightIsolatedBank: IsolatedBank: EnumDevices count=0, map=[]
2026-07-10 23:59:42.712 [Warning] LightServer.Services.ComLightIsolatedBank: IsolatedBank: пропуск COM1: COM1 не найден в EnumDevices. Видно: []
2026-07-10 23:59:42.712 [Error] LightServer.Services.ComLightIsolatedBank: IsolatedBank: COM1 не найден в EnumDevices. Видно: []
2026-07-10 23:59:42.712 [Error] LightServer.Services.ComLightBankService: ComLightBank: инициализация не удалась: COM1 не найден в EnumDevices. Видно: []
2026-07-10 23:59:42.712 [Information] LightServer.Logging.HttpExchangeLoggingMiddleware: HTTP GET /api/com/light => 200
  >> Request: (empty)
  << Response: {"initialized":false,"partial":false,"configPath":"D:\\visionGay\\defect-detector-v3\\config\\blocks\\51-light-hardware.yaml","loadedFromYaml":true,"devices":[{"id":"com1","comPort":"COM1","channels":[1,2],"ready":false,"skipped":"COM1 не найден в EnumDevices. Видно: []"}],"readyDevices":[],"skippedPorts":{"COM1":"COM1 не найден в EnumDevices. Видно: []"},"channelOrder":"","configuredChannelOrder":"COM1:1, COM1:2","usage":{"post":"POST /api/com/light","bodyOn":{"state":"on","brightness":"100"},"bodyOff":{"state":"off"},"note":"brightness применяется только к подключённым COM (readyDevices)"}}
2026-07-10 23:59:43.203 [Information] LightServer.Services.ComLightIsolatedBank: IsolatedBank: EnumDevices count=0, map=[]
2026-07-10 23:59:43.203 [Warning] LightServer.Services.ComLightIsolatedBank: IsolatedBank: пропуск COM1: COM1 не найден в EnumDevices. Видно: []
2026-07-10 23:59:43.203 [Error] LightServer.Services.ComLightIsolatedBank: IsolatedBank: COM1 не найден в EnumDevices. Видно: []
2026-07-10 23:59:43.203 [Error] LightServer.Services.ComLightBankService: ComLightBank: инициализация не удалась: COM1 не найден в EnumDevices. Видно: []
2026-07-10 23:59:43.204 [Information] LightServer.Logging.HttpExchangeLoggingMiddleware: HTTP GET /api/com/light => 200
  >> Request: (empty)
  << Response: {"initialized":false,"partial":false,"configPath":"D:\\visionGay\\defect-detector-v3\\config\\blocks\\51-light-hardware.yaml","loadedFromYaml":true,"devices":[{"id":"com1","comPort":"COM1","channels":[1,2],"ready":false,"skipped":"COM1 не найден в EnumDevices. Видно: []"}],"readyDevices":[],"skippedPorts":{"COM1":"COM1 не найден в EnumDevices. Видно: []"},"channelOrder":"","configuredChannelOrder":"COM1:1, COM1:2","usage":{"post":"POST /api/com/light","bodyOn":{"state":"on","brightness":"100"},"bodyOff":{"state":"off"},"note":"brightness применяется только к подключённым COM (readyDevices)"}}
2026-07-10 23:59:43.695 [Information] LightServer.Services.ComLightIsolatedBank: IsolatedBank: EnumDevices count=0, map=[]
2026-07-10 23:59:43.695 [Warning] LightServer.Services.ComLightIsolatedBank: IsolatedBank: пропуск COM1: COM1 не найден в EnumDevices. Видно: []
2026-07-10 23:59:43.695 [Error] LightServer.Services.ComLightIsolatedBank: IsolatedBank: COM1 не найден в EnumDevices. Видно: []
2026-07-10 23:59:43.695 [Error] LightServer.Services.ComLightBankService: ComLightBank: инициализация не удалась: COM1 не найден в EnumDevices. Видно: []
2026-07-10 23:59:43.696 [Information] LightServer.Logging.HttpExchangeLoggingMiddleware: HTTP GET /api/com/light => 200
  >> Request: (empty)
  << Response: {"initialized":false,"partial":false,"configPath":"D:\\visionGay\\defect-detector-v3\\config\\blocks\\51-light-hardware.yaml","loadedFromYaml":true,"devices":[{"id":"com1","comPort":"COM1","channels":[1,2],"ready":false,"skipped":"COM1 не найден в EnumDevices. Видно: []"}],"readyDevices":[],"skippedPorts":{"COM1":"COM1 не найден в EnumDevices. Видно: []"},"channelOrder":"","configuredChannelOrder":"COM1:1, COM1:2","usage":{"post":"POST /api/com/light","bodyOn":{"state":"on","brightness":"100"},"bodyOff":{"state":"off"},"note":"brightness применяется только к подключённым COM (readyDevices)"}}
2026-07-10 23:59:44.185 [Information] LightServer.Services.ComLightIsolatedBank: IsolatedBank: EnumDevices count=0, map=[]
2026-07-10 23:59:44.186 [Warning] LightServer.Services.ComLightIsolatedBank: IsolatedBank: пропуск COM1: COM1 не найден в EnumDevices. Видно: []
2026-07-10 23:59:44.186 [Error] LightServer.Services.ComLightIsolatedBank: IsolatedBank: COM1 не найден в EnumDevices. Видно: []
2026-07-10 23:59:44.186 [Error] LightServer.Services.ComLightBankService: ComLightBank: инициализация не удалась: COM1 не найден в EnumDevices. Видно: []
2026-07-10 23:59:44.186 [Information] LightServer.Logging.HttpExchangeLoggingMiddleware: HTTP GET /api/com/light => 200
  >> Request: (empty)
  << Response: {"initialized":false,"partial":false,"configPath":"D:\\visionGay\\defect-detector-v3\\config\\blocks\\51-light-hardware.yaml","loadedFromYaml":true,"devices":[{"id":"com1","comPort":"COM1","channels":[1,2],"ready":false,"skipped":"COM1 не найден в EnumDevices. Видно: []"}],"readyDevices":[],"skippedPorts":{"COM1":"COM1 не найден в EnumDevices. Видно: []"},"channelOrder":"","configuredChannelOrder":"COM1:1, COM1:2","usage":{"post":"POST /api/com/light","bodyOn":{"state":"on","brightness":"100"},"bodyOff":{"state":"off"},"note":"brightness применяется только к подключённым COM (readyDevices)"}}
2026-07-10 23:59:44.676 [Information] LightServer.Services.ComLightIsolatedBank: IsolatedBank: EnumDevices count=0, map=[]
2026-07-10 23:59:44.676 [Warning] LightServer.Services.ComLightIsolatedBank: IsolatedBank: пропуск COM1: COM1 не найден в EnumDevices. Видно: []
2026-07-10 23:59:44.676 [Error] LightServer.Services.ComLightIsolatedBank: IsolatedBank: COM1 не найден в EnumDevices. Видно: []
2026-07-10 23:59:44.677 [Error] LightServer.Services.ComLightBankService: ComLightBank: инициализация не удалась: COM1 не найден в EnumDevices. Видно: []
2026-07-10 23:59:44.677 [Information] LightServer.Logging.HttpExchangeLoggingMiddleware: HTTP GET /api/com/light => 200
  >> Request: (empty)
  << Response: {"initialized":false,"partial":false,"configPath":"D:\\visionGay\\defect-detector-v3\\config\\blocks\\51-light-hardware.yaml","loadedFromYaml":true,"devices":[{"id":"com1","comPort":"COM1","channels":[1,2],"ready":false,"skipped":"COM1 не найден в EnumDevices. Видно: []"}],"readyDevices":[],"skippedPorts":{"COM1":"COM1 не найден в EnumDevices. Видно: []"},"channelOrder":"","configuredChannelOrder":"COM1:1, COM1:2","usage":{"post":"POST /api/com/light","bodyOn":{"state":"on","brightness":"100"},"bodyOff":{"state":"off"},"note":"brightness применяется только к подключённым COM (readyDevices)"}}
2026-07-10 23:59:45.166 [Information] LightServer.Services.ComLightIsolatedBank: IsolatedBank: EnumDevices count=0, map=[]
2026-07-10 23:59:45.166 [Warning] LightServer.Services.ComLightIsolatedBank: IsolatedBank: пропуск COM1: COM1 не найден в EnumDevices. Видно: []
2026-07-10 23:59:45.166 [Error] LightServer.Services.ComLightIsolatedBank: IsolatedBank: COM1 не найден в EnumDevices. Видно: []
2026-07-10 23:59:45.166 [Error] LightServer.Services.ComLightBankService: ComLightBank: инициализация не удалась: COM1 не найден в EnumDevices. Видно: []
2026-07-10 23:59:45.167 [Information] LightServer.Logging.HttpExchangeLoggingMiddleware: HTTP GET /api/com/light => 200
  >> Request: (empty)
  << Response: {"initialized":false,"partial":false,"configPath":"D:\\visionGay\\defect-detector-v3\\config\\blocks\\51-light-hardware.yaml","loadedFromYaml":true,"devices":[{"id":"com1","comPort":"COM1","channels":[1,2],"ready":false,"skipped":"COM1 не найден в EnumDevices. Видно: []"}],"readyDevices":[],"skippedPorts":{"COM1":"COM1 не найден в EnumDevices. Видно: []"},"channelOrder":"","configuredChannelOrder":"COM1:1, COM1:2","usage":{"post":"POST /api/com/light","bodyOn":{"state":"on","brightness":"100"},"bodyOff":{"state":"off"},"note":"brightness применяется только к подключённым COM (readyDevices)"}}
2026-07-10 23:59:45.659 [Information] LightServer.Services.ComLightIsolatedBank: IsolatedBank: EnumDevices count=0, map=[]
2026-07-10 23:59:45.660 [Warning] LightServer.Services.ComLightIsolatedBank: IsolatedBank: пропуск COM1: COM1 не найден в EnumDevices. Видно: []
2026-07-10 23:59:45.660 [Error] LightServer.Services.ComLightIsolatedBank: IsolatedBank: COM1 не найден в EnumDevices. Видно: []
2026-07-10 23:59:45.660 [Error] LightServer.Services.ComLightBankService: ComLightBank: инициализация не удалась: COM1 не найден в EnumDevices. Видно: []
2026-07-10 23:59:45.660 [Information] LightServer.Logging.HttpExchangeLoggingMiddleware: HTTP GET /api/com/light => 200
  >> Request: (empty)
  << Response: {"initialized":false,"partial":false,"configPath":"D:\\visionGay\\defect-detector-v3\\config\\blocks\\51-light-hardware.yaml","loadedFromYaml":true,"devices":[{"id":"com1","comPort":"COM1","channels":[1,2],"ready":false,"skipped":"COM1 не найден в EnumDevices. Видно: []"}],"readyDevices":[],"skippedPorts":{"COM1":"COM1 не найден в EnumDevices. Видно: []"},"channelOrder":"","configuredChannelOrder":"COM1:1, COM1:2","usage":{"post":"POST /api/com/light","bodyOn":{"state":"on","brightness":"100"},"bodyOff":{"state":"off"},"note":"brightness применяется только к подключённым COM (readyDevices)"}}
2026-07-10 23:59:46.153 [Information] LightServer.Services.ComLightIsolatedBank: IsolatedBank: EnumDevices count=0, map=[]
2026-07-10 23:59:46.154 [Warning] LightServer.Services.ComLightIsolatedBank: IsolatedBank: пропуск COM1: COM1 не найден в EnumDevices. Видно: []
2026-07-10 23:59:46.154 [Error] LightServer.Services.ComLightIsolatedBank: IsolatedBank: COM1 не найден в EnumDevices. Видно: []
2026-07-10 23:59:46.154 [Error] LightServer.Services.ComLightBankService: ComLightBank: инициализация не удалась: COM1 не найден в EnumDevices. Видно: []
2026-07-10 23:59:46.154 [Information] LightServer.Logging.HttpExchangeLoggingMiddleware: HTTP GET /api/com/light => 200
  >> Request: (empty)
  << Response: {"initialized":false,"partial":false,"configPath":"D:\\visionGay\\defect-detector-v3\\config\\blocks\\51-light-hardware.yaml","loadedFromYaml":true,"devices":[{"id":"com1","comPort":"COM1","channels":[1,2],"ready":false,"skipped":"COM1 не найден в EnumDevices. Видно: []"}],"readyDevices":[],"skippedPorts":{"COM1":"COM1 не найден в EnumDevices. Видно: []"},"channelOrder":"","configuredChannelOrder":"COM1:1, COM1:2","usage":{"post":"POST /api/com/light","bodyOn":{"state":"on","brightness":"100"},"bodyOff":{"state":"off"},"note":"brightness применяется только к подключённым COM (readyDevices)"}}
2026-07-10 23:59:46.642 [Information] LightServer.Services.ComLightIsolatedBank: IsolatedBank: EnumDevices count=0, map=[]
2026-07-10 23:59:46.642 [Warning] LightServer.Services.ComLightIsolatedBank: IsolatedBank: пропуск COM1: COM1 не найден в EnumDevices. Видно: []
2026-07-10 23:59:46.642 [Error] LightServer.Services.ComLightIsolatedBank: IsolatedBank: COM1 не найден в EnumDevices. Видно: []
2026-07-10 23:59:46.642 [Error] LightServer.Services.ComLightBankService: ComLightBank: инициализация не удалась: COM1 не найден в EnumDevices. Видно: []
2026-07-10 23:59:46.642 [Information] LightServer.Logging.HttpExchangeLoggingMiddleware: HTTP GET /api/com/light => 200
  >> Request: (empty)
  << Response: {"initialized":false,"partial":false,"configPath":"D:\\visionGay\\defect-detector-v3\\config\\blocks\\51-light-hardware.yaml","loadedFromYaml":true,"devices":[{"id":"com1","comPort":"COM1","channels":[1,2],"ready":false,"skipped":"COM1 не найден в EnumDevices. Видно: []"}],"readyDevices":[],"skippedPorts":{"COM1":"COM1 не найден в EnumDevices. Видно: []"},"channelOrder":"","configuredChannelOrder":"COM1:1, COM1:2","usage":{"post":"POST /api/com/light","bodyOn":{"state":"on","brightness":"100"},"bodyOff":{"state":"off"},"note":"brightness применяется только к подключённым COM (readyDevices)"}}
2026-07-10 23:59:47.132 [Information] LightServer.Services.ComLightIsolatedBank: IsolatedBank: EnumDevices count=0, map=[]
2026-07-10 23:59:47.133 [Warning] LightServer.Services.ComLightIsolatedBank: IsolatedBank: пропуск COM1: COM1 не найден в EnumDevices. Видно: []
2026-07-10 23:59:47.133 [Error] LightServer.Services.ComLightIsolatedBank: IsolatedBank: COM1 не найден в EnumDevices. Видно: []
2026-07-10 23:59:47.133 [Error] LightServer.Services.ComLightBankService: ComLightBank: инициализация не удалась: COM1 не найден в EnumDevices. Видно: []
2026-07-10 23:59:47.133 [Information] LightServer.Logging.HttpExchangeLoggingMiddleware: HTTP GET /api/com/light => 200
  >> Request: (empty)
  << Response: {"initialized":false,"partial":false,"configPath":"D:\\visionGay\\defect-detector-v3\\config\\blocks\\51-light-hardware.yaml","loadedFromYaml":true,"devices":[{"id":"com1","comPort":"COM1","channels":[1,2],"ready":false,"skipped":"COM1 не найден в EnumDevices. Видно: []"}],"readyDevices":[],"skippedPorts":{"COM1":"COM1 не найден в EnumDevices. Видно: []"},"channelOrder":"","configuredChannelOrder":"COM1:1, COM1:2","usage":{"post":"POST /api/com/light","bodyOn":{"state":"on","brightness":"100"},"bodyOff":{"state":"off"},"note":"brightness применяется только к подключённым COM (readyDevices)"}}
2026-07-10 23:59:47.625 [Information] LightServer.Services.ComLightIsolatedBank: IsolatedBank: EnumDevices count=0, map=[]
2026-07-10 23:59:47.625 [Warning] LightServer.Services.ComLightIsolatedBank: IsolatedBank: пропуск COM1: COM1 не найден в EnumDevices. Видно: []
2026-07-10 23:59:47.625 [Error] LightServer.Services.ComLightIsolatedBank: IsolatedBank: COM1 не найден в EnumDevices. Видно: []
2026-07-10 23:59:47.626 [Error] LightServer.Services.ComLightBankService: ComLightBank: инициализация не удалась: COM1 не найден в EnumDevices. Видно: []
2026-07-10 23:59:47.626 [Information] LightServer.Logging.HttpExchangeLoggingMiddleware: HTTP GET /api/com/light => 200
  >> Request: (empty)
  << Response: {"initialized":false,"partial":false,"configPath":"D:\\visionGay\\defect-detector-v3\\config\\blocks\\51-light-hardware.yaml","loadedFromYaml":true,"devices":[{"id":"com1","comPort":"COM1","channels":[1,2],"ready":false,"skipped":"COM1 не найден в EnumDevices. Видно: []"}],"readyDevices":[],"skippedPorts":{"COM1":"COM1 не найден в EnumDevices. Видно: []"},"channelOrder":"","configuredChannelOrder":"COM1:1, COM1:2","usage":{"post":"POST /api/com/light","bodyOn":{"state":"on","brightness":"100"},"bodyOff":{"state":"off"},"note":"brightness применяется только к подключённым COM (readyDevices)"}}
2026-07-10 23:59:48.131 [Information] LightServer.Services.ComLightIsolatedBank: IsolatedBank: EnumDevices count=0, map=[]
2026-07-10 23:59:48.131 [Warning] LightServer.Services.ComLightIsolatedBank: IsolatedBank: пропуск COM1: COM1 не найден в EnumDevices. Видно: []
2026-07-10 23:59:48.131 [Error] LightServer.Services.ComLightIsolatedBank: IsolatedBank: COM1 не найден в EnumDevices. Видно: []
2026-07-10 23:59:48.131 [Error] LightServer.Services.ComLightBankService: ComLightBank: инициализация не удалась: COM1 не найден в EnumDevices. Видно: []
2026-07-10 23:59:48.131 [Information] LightServer.Logging.HttpExchangeLoggingMiddleware: HTTP GET /api/com/light => 200
  >> Request: (empty)
  << Response: {"initialized":false,"partial":false,"configPath":"D:\\visionGay\\defect-detector-v3\\config\\blocks\\51-light-hardware.yaml","loadedFromYaml":true,"devices":[{"id":"com1","comPort":"COM1","channels":[1,2],"ready":false,"skipped":"COM1 не найден в EnumDevices. Видно: []"}],"readyDevices":[],"skippedPorts":{"COM1":"COM1 не найден в EnumDevices. Видно: []"},"channelOrder":"","configuredChannelOrder":"COM1:1, COM1:2","usage":{"post":"POST /api/com/light","bodyOn":{"state":"on","brightness":"100"},"bodyOff":{"state":"off"},"note":"brightness применяется только к подключённым COM (readyDevices)"}}
2026-07-10 23:59:48.624 [Information] LightServer.Services.ComLightIsolatedBank: IsolatedBank: EnumDevices count=0, map=[]
2026-07-10 23:59:48.624 [Warning] LightServer.Services.ComLightIsolatedBank: IsolatedBank: пропуск COM1: COM1 не найден в EnumDevices. Видно: []
2026-07-10 23:59:48.624 [Error] LightServer.Services.ComLightIsolatedBank: IsolatedBank: COM1 не найден в EnumDevices. Видно: []
2026-07-10 23:59:48.628 [Error] LightServer.Services.ComLightBankService: ComLightBank: инициализация не удалась: COM1 не найден в EnumDevices. Видно: []
2026-07-10 23:59:48.628 [Information] LightServer.Logging.HttpExchangeLoggingMiddleware: HTTP GET /api/com/light => 200
  >> Request: (empty)
  << Response: {"initialized":false,"partial":false,"configPath":"D:\\visionGay\\defect-detector-v3\\config\\blocks\\51-light-hardware.yaml","loadedFromYaml":true,"devices":[{"id":"com1","comPort":"COM1","channels":[1,2],"ready":false,"skipped":"COM1 не найден в EnumDevices. Видно: []"}],"readyDevices":[],"skippedPorts":{"COM1":"COM1 не найден в EnumDevices. Видно: []"},"channelOrder":"","configuredChannelOrder":"COM1:1, COM1:2","usage":{"post":"POST /api/com/light","bodyOn":{"state":"on","brightness":"100"},"bodyOff":{"state":"off"},"note":"brightness применяется только к подключённым COM (readyDevices)"}}
2026-07-10 23:59:49.113 [Information] LightServer.Services.ComLightIsolatedBank: IsolatedBank: EnumDevices count=0, map=[]
2026-07-10 23:59:49.113 [Warning] LightServer.Services.ComLightIsolatedBank: IsolatedBank: пропуск COM1: COM1 не найден в EnumDevices. Видно: []
2026-07-10 23:59:49.114 [Error] LightServer.Services.ComLightIsolatedBank: IsolatedBank: COM1 не найден в EnumDevices. Видно: []
2026-07-10 23:59:49.114 [Error] LightServer.Services.ComLightBankService: ComLightBank: инициализация не удалась: COM1 не найден в EnumDevices. Видно: []
2026-07-10 23:59:49.114 [Information] LightServer.Logging.HttpExchangeLoggingMiddleware: HTTP GET /api/com/light => 200
  >> Request: (empty)
  << Response: {"initialized":false,"partial":false,"configPath":"D:\\visionGay\\defect-detector-v3\\config\\blocks\\51-light-hardware.yaml","loadedFromYaml":true,"devices":[{"id":"com1","comPort":"COM1","channels":[1,2],"ready":false,"skipped":"COM1 не найден в EnumDevices. Видно: []"}],"readyDevices":[],"skippedPorts":{"COM1":"COM1 не найден в EnumDevices. Видно: []"},"channelOrder":"","configuredChannelOrder":"COM1:1, COM1:2","usage":{"post":"POST /api/com/light","bodyOn":{"state":"on","brightness":"100"},"bodyOff":{"state":"off"},"note":"brightness применяется только к подключённым COM (readyDevices)"}}
2026-07-10 23:59:49.603 [Information] LightServer.Services.ComLightIsolatedBank: IsolatedBank: EnumDevices count=0, map=[]
2026-07-10 23:59:49.603 [Warning] LightServer.Services.ComLightIsolatedBank: IsolatedBank: пропуск COM1: COM1 не найден в EnumDevices. Видно: []
2026-07-10 23:59:49.603 [Error] LightServer.Services.ComLightIsolatedBank: IsolatedBank: COM1 не найден в EnumDevices. Видно: []
2026-07-10 23:59:49.603 [Error] LightServer.Services.ComLightBankService: ComLightBank: инициализация не удалась: COM1 не найден в EnumDevices. Видно: []
2026-07-10 23:59:49.604 [Information] LightServer.Logging.HttpExchangeLoggingMiddleware: HTTP GET /api/com/light => 200
  >> Request: (empty)
  << Response: {"initialized":false,"partial":false,"configPath":"D:\\visionGay\\defect-detector-v3\\config\\blocks\\51-light-hardware.yaml","loadedFromYaml":true,"devices":[{"id":"com1","comPort":"COM1","channels":[1,2],"ready":false,"skipped":"COM1 не найден в EnumDevices. Видно: []"}],"readyDevices":[],"skippedPorts":{"COM1":"COM1 не найден в EnumDevices. Видно: []"},"channelOrder":"","configuredChannelOrder":"COM1:1, COM1:2","usage":{"post":"POST /api/com/light","bodyOn":{"state":"on","brightness":"100"},"bodyOff":{"state":"off"},"note":"brightness применяется только к подключённым COM (readyDevices)"}}
2026-07-10 23:59:50.094 [Information] LightServer.Services.ComLightIsolatedBank: IsolatedBank: EnumDevices count=0, map=[]
2026-07-10 23:59:50.094 [Warning] LightServer.Services.ComLightIsolatedBank: IsolatedBank: пропуск COM1: COM1 не найден в EnumDevices. Видно: []
2026-07-10 23:59:50.094 [Error] LightServer.Services.ComLightIsolatedBank: IsolatedBank: COM1 не найден в EnumDevices. Видно: []
2026-07-10 23:59:50.094 [Error] LightServer.Services.ComLightBankService: ComLightBank: инициализация не удалась: COM1 не найден в EnumDevices. Видно: []
2026-07-10 23:59:50.094 [Information] LightServer.Logging.HttpExchangeLoggingMiddleware: HTTP GET /api/com/light => 200
  >> Request: (empty)
  << Response: {"initialized":false,"partial":false,"configPath":"D:\\visionGay\\defect-detector-v3\\config\\blocks\\51-light-hardware.yaml","loadedFromYaml":true,"devices":[{"id":"com1","comPort":"COM1","channels":[1,2],"ready":false,"skipped":"COM1 не найден в EnumDevices. Видно: []"}],"readyDevices":[],"skippedPorts":{"COM1":"COM1 не найден в EnumDevices. Видно: []"},"channelOrder":"","configuredChannelOrder":"COM1:1, COM1:2","usage":{"post":"POST /api/com/light","bodyOn":{"state":"on","brightness":"100"},"bodyOff":{"state":"off"},"note":"brightness применяется только к подключённым COM (readyDevices)"}}
2026-07-10 23:59:50.586 [Information] LightServer.Services.ComLightIsolatedBank: IsolatedBank: EnumDevices count=0, map=[]
2026-07-10 23:59:50.586 [Warning] LightServer.Services.ComLightIsolatedBank: IsolatedBank: пропуск COM1: COM1 не найден в EnumDevices. Видно: []
2026-07-10 23:59:50.587 [Error] LightServer.Services.ComLightIsolatedBank: IsolatedBank: COM1 не найден в EnumDevices. Видно: []
2026-07-10 23:59:50.587 [Error] LightServer.Services.ComLightBankService: ComLightBank: инициализация не удалась: COM1 не найден в EnumDevices. Видно: []
2026-07-10 23:59:50.587 [Information] LightServer.Logging.HttpExchangeLoggingMiddleware: HTTP GET /api/com/light => 200
  >> Request: (empty)
  << Response: {"initialized":false,"partial":false,"configPath":"D:\\visionGay\\defect-detector-v3\\config\\blocks\\51-light-hardware.yaml","loadedFromYaml":true,"devices":[{"id":"com1","comPort":"COM1","channels":[1,2],"ready":false,"skipped":"COM1 не найден в EnumDevices. Видно: []"}],"readyDevices":[],"skippedPorts":{"COM1":"COM1 не найден в EnumDevices. Видно: []"},"channelOrder":"","configuredChannelOrder":"COM1:1, COM1:2","usage":{"post":"POST /api/com/light","bodyOn":{"state":"on","brightness":"100"},"bodyOff":{"state":"off"},"note":"brightness применяется только к подключённым COM (readyDevices)"}}
2026-07-10 23:59:51.073 [Information] LightServer.Services.ComLightIsolatedBank: IsolatedBank: EnumDevices count=0, map=[]
2026-07-10 23:59:51.073 [Warning] LightServer.Services.ComLightIsolatedBank: IsolatedBank: пропуск COM1: COM1 не найден в EnumDevices. Видно: []
2026-07-10 23:59:51.073 [Error] LightServer.Services.ComLightIsolatedBank: IsolatedBank: COM1 не найден в EnumDevices. Видно: []
2026-07-10 23:59:51.073 [Error] LightServer.Services.ComLightBankService: ComLightBank: инициализация не удалась: COM1 не найден в EnumDevices. Видно: []
2026-07-10 23:59:51.073 [Information] LightServer.Logging.HttpExchangeLoggingMiddleware: HTTP GET /api/com/light => 200
  >> Request: (empty)
  << Response: {"initialized":false,"partial":false,"configPath":"D:\\visionGay\\defect-detector-v3\\config\\blocks\\51-light-hardware.yaml","loadedFromYaml":true,"devices":[{"id":"com1","comPort":"COM1","channels":[1,2],"ready":false,"skipped":"COM1 не найден в EnumDevices. Видно: []"}],"readyDevices":[],"skippedPorts":{"COM1":"COM1 не найден в EnumDevices. Видно: []"},"channelOrder":"","configuredChannelOrder":"COM1:1, COM1:2","usage":{"post":"POST /api/com/light","bodyOn":{"state":"on","brightness":"100"},"bodyOff":{"state":"off"},"note":"brightness применяется только к подключённым COM (readyDevices)"}}
2026-07-10 23:59:51.564 [Information] LightServer.Services.ComLightIsolatedBank: IsolatedBank: EnumDevices count=0, map=[]
2026-07-10 23:59:51.564 [Warning] LightServer.Services.ComLightIsolatedBank: IsolatedBank: пропуск COM1: COM1 не найден в EnumDevices. Видно: []
2026-07-10 23:59:51.564 [Error] LightServer.Services.ComLightIsolatedBank: IsolatedBank: COM1 не найден в EnumDevices. Видно: []
2026-07-10 23:59:51.564 [Error] LightServer.Services.ComLightBankService: ComLightBank: инициализация не удалась: COM1 не найден в EnumDevices. Видно: []
2026-07-10 23:59:51.564 [Information] LightServer.Logging.HttpExchangeLoggingMiddleware: HTTP GET /api/com/light => 200
  >> Request: (empty)
  << Response: {"initialized":false,"partial":false,"configPath":"D:\\visionGay\\defect-detector-v3\\config\\blocks\\51-light-hardware.yaml","loadedFromYaml":true,"devices":[{"id":"com1","comPort":"COM1","channels":[1,2],"ready":false,"skipped":"COM1 не найден в EnumDevices. Видно: []"}],"readyDevices":[],"skippedPorts":{"COM1":"COM1 не найден в EnumDevices. Видно: []"},"channelOrder":"","configuredChannelOrder":"COM1:1, COM1:2","usage":{"post":"POST /api/com/light","bodyOn":{"state":"on","brightness":"100"},"bodyOff":{"state":"off"},"note":"brightness применяется только к подключённым COM (readyDevices)"}}
2026-07-10 23:59:52.055 [Information] LightServer.Services.ComLightIsolatedBank: IsolatedBank: EnumDevices count=0, map=[]
2026-07-10 23:59:52.056 [Warning] LightServer.Services.ComLightIsolatedBank: IsolatedBank: пропуск COM1: COM1 не найден в EnumDevices. Видно: []
2026-07-10 23:59:52.056 [Error] LightServer.Services.ComLightIsolatedBank: IsolatedBank: COM1 не найден в EnumDevices. Видно: []
2026-07-10 23:59:52.056 [Error] LightServer.Services.ComLightBankService: ComLightBank: инициализация не удалась: COM1 не найден в EnumDevices. Видно: []
2026-07-10 23:59:52.056 [Information] LightServer.Logging.HttpExchangeLoggingMiddleware: HTTP GET /api/com/light => 200
  >> Request: (empty)
  << Response: {"initialized":false,"partial":false,"configPath":"D:\\visionGay\\defect-detector-v3\\config\\blocks\\51-light-hardware.yaml","loadedFromYaml":true,"devices":[{"id":"com1","comPort":"COM1","channels":[1,2],"ready":false,"skipped":"COM1 не найден в EnumDevices. Видно: []"}],"readyDevices":[],"skippedPorts":{"COM1":"COM1 не найден в EnumDevices. Видно: []"},"channelOrder":"","configuredChannelOrder":"COM1:1, COM1:2","usage":{"post":"POST /api/com/light","bodyOn":{"state":"on","brightness":"100"},"bodyOff":{"state":"off"},"note":"brightness применяется только к подключённым COM (readyDevices)"}}
2026-07-10 23:59:52.546 [Information] LightServer.Services.ComLightIsolatedBank: IsolatedBank: EnumDevices count=0, map=[]
2026-07-10 23:59:52.546 [Warning] LightServer.Services.ComLightIsolatedBank: IsolatedBank: пропуск COM1: COM1 не найден в EnumDevices. Видно: []
2026-07-10 23:59:52.546 [Error] LightServer.Services.ComLightIsolatedBank: IsolatedBank: COM1 не найден в EnumDevices. Видно: []
2026-07-10 23:59:52.546 [Error] LightServer.Services.ComLightBankService: ComLightBank: инициализация не удалась: COM1 не найден в EnumDevices. Видно: []
2026-07-10 23:59:52.547 [Information] LightServer.Logging.HttpExchangeLoggingMiddleware: HTTP GET /api/com/light => 200
  >> Request: (empty)
  << Response: {"initialized":false,"partial":false,"configPath":"D:\\visionGay\\defect-detector-v3\\config\\blocks\\51-light-hardware.yaml","loadedFromYaml":true,"devices":[{"id":"com1","comPort":"COM1","channels":[1,2],"ready":false,"skipped":"COM1 не найден в EnumDevices. Видно: []"}],"readyDevices":[],"skippedPorts":{"COM1":"COM1 не найден в EnumDevices. Видно: []"},"channelOrder":"","configuredChannelOrder":"COM1:1, COM1:2","usage":{"post":"POST /api/com/light","bodyOn":{"state":"on","brightness":"100"},"bodyOff":{"state":"off"},"note":"brightness применяется только к подключённым COM (readyDevices)"}}
2026-07-10 23:59:53.038 [Information] LightServer.Services.ComLightIsolatedBank: IsolatedBank: EnumDevices count=0, map=[]
2026-07-10 23:59:53.038 [Warning] LightServer.Services.ComLightIsolatedBank: IsolatedBank: пропуск COM1: COM1 не найден в EnumDevices. Видно: []
2026-07-10 23:59:53.038 [Error] LightServer.Services.ComLightIsolatedBank: IsolatedBank: COM1 не найден в EnumDevices. Видно: []
2026-07-10 23:59:53.038 [Error] LightServer.Services.ComLightBankService: ComLightBank: инициализация не удалась: COM1 не найден в EnumDevices. Видно: []
2026-07-10 23:59:53.038 [Information] LightServer.Logging.HttpExchangeLoggingMiddleware: HTTP GET /api/com/light => 200
  >> Request: (empty)
  << Response: {"initialized":false,"partial":false,"configPath":"D:\\visionGay\\defect-detector-v3\\config\\blocks\\51-light-hardware.yaml","loadedFromYaml":true,"devices":[{"id":"com1","comPort":"COM1","channels":[1,2],"ready":false,"skipped":"COM1 не найден в EnumDevices. Видно: []"}],"readyDevices":[],"skippedPorts":{"COM1":"COM1 не найден в EnumDevices. Видно: []"},"channelOrder":"","configuredChannelOrder":"COM1:1, COM1:2","usage":{"post":"POST /api/com/light","bodyOn":{"state":"on","brightness":"100"},"bodyOff":{"state":"off"},"note":"brightness применяется только к подключённым COM (readyDevices)"}}
2026-07-10 23:59:53.528 [Information] LightServer.Services.ComLightIsolatedBank: IsolatedBank: EnumDevices count=0, map=[]
2026-07-10 23:59:53.529 [Warning] LightServer.Services.ComLightIsolatedBank: IsolatedBank: пропуск COM1: COM1 не найден в EnumDevices. Видно: []
2026-07-10 23:59:53.529 [Error] LightServer.Services.ComLightIsolatedBank: IsolatedBank: COM1 не найден в EnumDevices. Видно: []
2026-07-10 23:59:53.529 [Error] LightServer.Services.ComLightBankService: ComLightBank: инициализация не удалась: COM1 не найден в EnumDevices. Видно: []
2026-07-10 23:59:53.529 [Information] LightServer.Logging.HttpExchangeLoggingMiddleware: HTTP GET /api/com/light => 200
  >> Request: (empty)
  << Response: {"initialized":false,"partial":false,"configPath":"D:\\visionGay\\defect-detector-v3\\config\\blocks\\51-light-hardware.yaml","loadedFromYaml":true,"devices":[{"id":"com1","comPort":"COM1","channels":[1,2],"ready":false,"skipped":"COM1 не найден в EnumDevices. Видно: []"}],"readyDevices":[],"skippedPorts":{"COM1":"COM1 не найден в EnumDevices. Видно: []"},"channelOrder":"","configuredChannelOrder":"COM1:1, COM1:2","usage":{"post":"POST /api/com/light","bodyOn":{"state":"on","brightness":"100"},"bodyOff":{"state":"off"},"note":"brightness применяется только к подключённым COM (readyDevices)"}}
2026-07-10 23:59:54.019 [Information] LightServer.Services.ComLightIsolatedBank: IsolatedBank: EnumDevices count=0, map=[]
2026-07-10 23:59:54.019 [Warning] LightServer.Services.ComLightIsolatedBank: IsolatedBank: пропуск COM1: COM1 не найден в EnumDevices. Видно: []
2026-07-10 23:59:54.020 [Error] LightServer.Services.ComLightIsolatedBank: IsolatedBank: COM1 не найден в EnumDevices. Видно: []
2026-07-10 23:59:54.020 [Error] LightServer.Services.ComLightBankService: ComLightBank: инициализация не удалась: COM1 не найден в EnumDevices. Видно: []
2026-07-10 23:59:54.020 [Information] LightServer.Logging.HttpExchangeLoggingMiddleware: HTTP GET /api/com/light => 200
  >> Request: (empty)
  << Response: {"initialized":false,"partial":false,"configPath":"D:\\visionGay\\defect-detector-v3\\config\\blocks\\51-light-hardware.yaml","loadedFromYaml":true,"devices":[{"id":"com1","comPort":"COM1","channels":[1,2],"ready":false,"skipped":"COM1 не найден в EnumDevices. Видно: []"}],"readyDevices":[],"skippedPorts":{"COM1":"COM1 не найден в EnumDevices. Видно: []"},"channelOrder":"","configuredChannelOrder":"COM1:1, COM1:2","usage":{"post":"POST /api/com/light","bodyOn":{"state":"on","brightness":"100"},"bodyOff":{"state":"off"},"note":"brightness применяется только к подключённым COM (readyDevices)"}}
2026-07-10 23:59:54.511 [Information] LightServer.Services.ComLightIsolatedBank: IsolatedBank: EnumDevices count=0, map=[]
2026-07-10 23:59:54.511 [Warning] LightServer.Services.ComLightIsolatedBank: IsolatedBank: пропуск COM1: COM1 не найден в EnumDevices. Видно: []
2026-07-10 23:59:54.511 [Error] LightServer.Services.ComLightIsolatedBank: IsolatedBank: COM1 не найден в EnumDevices. Видно: []
2026-07-10 23:59:54.511 [Error] LightServer.Services.ComLightBankService: ComLightBank: инициализация не удалась: COM1 не найден в EnumDevices. Видно: []
2026-07-10 23:59:54.511 [Information] LightServer.Logging.HttpExchangeLoggingMiddleware: HTTP GET /api/com/light => 200
  >> Request: (empty)
  << Response: {"initialized":false,"partial":false,"configPath":"D:\\visionGay\\defect-detector-v3\\config\\blocks\\51-light-hardware.yaml","loadedFromYaml":true,"devices":[{"id":"com1","comPort":"COM1","channels":[1,2],"ready":false,"skipped":"COM1 не найден в EnumDevices. Видно: []"}],"readyDevices":[],"skippedPorts":{"COM1":"COM1 не найден в EnumDevices. Видно: []"},"channelOrder":"","configuredChannelOrder":"COM1:1, COM1:2","usage":{"post":"POST /api/com/light","bodyOn":{"state":"on","brightness":"100"},"bodyOff":{"state":"off"},"note":"brightness применяется только к подключённым COM (readyDevices)"}}
2026-07-10 23:59:55.000 [Information] LightServer.Services.ComLightIsolatedBank: IsolatedBank: EnumDevices count=0, map=[]
2026-07-10 23:59:55.000 [Warning] LightServer.Services.ComLightIsolatedBank: IsolatedBank: пропуск COM1: COM1 не найден в EnumDevices. Видно: []
2026-07-10 23:59:55.000 [Error] LightServer.Services.ComLightIsolatedBank: IsolatedBank: COM1 не найден в EnumDevices. Видно: []
2026-07-10 23:59:55.000 [Error] LightServer.Services.ComLightBankService: ComLightBank: инициализация не удалась: COM1 не найден в EnumDevices. Видно: []
2026-07-10 23:59:55.000 [Information] LightServer.Logging.HttpExchangeLoggingMiddleware: HTTP GET /api/com/light => 200
  >> Request: (empty)
  << Response: {"initialized":false,"partial":false,"configPath":"D:\\visionGay\\defect-detector-v3\\config\\blocks\\51-light-hardware.yaml","loadedFromYaml":true,"devices":[{"id":"com1","comPort":"COM1","channels":[1,2],"ready":false,"skipped":"COM1 не найден в EnumDevices. Видно: []"}],"readyDevices":[],"skippedPorts":{"COM1":"COM1 не найден в EnumDevices. Видно: []"},"channelOrder":"","configuredChannelOrder":"COM1:1, COM1:2","usage":{"post":"POST /api/com/light","bodyOn":{"state":"on","brightness":"100"},"bodyOff":{"state":"off"},"note":"brightness применяется только к подключённым COM (readyDevices)"}}
2026-07-10 23:59:55.422 [Warning] LightServer.Services.LightControlService: SerialLight:DisableSdkLock=true — SDK/COM без lock (эксперимент, возможны гонки и сбои)
2026-07-10 23:59:56.111 [Information] LightServer.Logging.HttpExchangeLoggingMiddleware: HTTP POST /api/camera-flash/pair => 400
  >> Request: {"cameraNumber":1,"leftPower":204,"rightPower":204}
  << Response: {"success":false,"cameraNumber":1,"deviceId":"mv-le-1","route":"network","ipAddress":"192.168.1.103","channels":[1,2],"brightness":[204,204],"error":"Устройство не найдено по ipAddress='192.168.1.103'."}
2026-07-10 23:59:56.789 [Information] LightServer.Logging.HttpExchangeLoggingMiddleware: HTTP POST /api/camera-flash/pair => 400
  >> Request: {"cameraNumber":2,"leftPower":204,"rightPower":204}
  << Response: {"success":false,"cameraNumber":2,"deviceId":"mv-le-1","route":"network","ipAddress":"192.168.1.103","channels":[3,4],"brightness":[204,204],"error":"Устройство не найдено по ipAddress='192.168.1.103'."}
2026-07-10 23:59:57.454 [Information] LightServer.Logging.HttpExchangeLoggingMiddleware: HTTP POST /api/camera-flash/pair => 400
  >> Request: {"cameraNumber":3,"leftPower":204,"rightPower":204}
  << Response: {"success":false,"cameraNumber":3,"deviceId":"mv-le-2","route":"network","ipAddress":"192.168.1.9","channels":[1,2],"brightness":[204,204],"error":"Устройство не найдено по ipAddress='192.168.1.9'."}
2026-07-10 23:59:58.117 [Information] LightServer.Logging.HttpExchangeLoggingMiddleware: HTTP POST /api/camera-flash/pair => 400
  >> Request: {"cameraNumber":4,"leftPower":204,"rightPower":204}
  << Response: {"success":false,"cameraNumber":4,"deviceId":"mv-le-2","route":"network","ipAddress":"192.168.1.9","channels":[3,4],"brightness":[204,204],"error":"Устройство не найдено по ipAddress='192.168.1.9'."}
2026-07-10 23:59:58.784 [Information] LightServer.Logging.HttpExchangeLoggingMiddleware: HTTP POST /api/camera-flash/pair => 400
  >> Request: {"cameraNumber":5,"leftPower":204,"rightPower":204}
  << Response: {"success":false,"cameraNumber":5,"deviceId":"mv-le-3","route":"network","ipAddress":"192.168.1.100","channels":[1,2],"brightness":[204,204],"error":"Устройство не найдено по ipAddress='192.168.1.100'."}
2026-07-10 23:59:59.451 [Information] LightServer.Logging.HttpExchangeLoggingMiddleware: HTTP POST /api/camera-flash/pair => 400
  >> Request: {"cameraNumber":6,"leftPower":204,"rightPower":204}
  << Response: {"success":false,"cameraNumber":6,"deviceId":"mv-le-3","route":"network","ipAddress":"192.168.1.100","channels":[3,4],"brightness":[204,204],"error":"Устройство не найдено по ipAddress='192.168.1.100'."}
2026-07-11 00:00:00.200 [Information] LightServer.Logging.HttpExchangeLoggingMiddleware: HTTP POST /api/camera-flash/pair => 200
  >> Request: {"cameraNumber":7,"leftPower":204,"rightPower":204}
  << Response: {"success":true,"cameraNumber":7,"deviceId":"mv-le-4","route":"network","ipAddress":"169.254.220.1","deviceIndex":3,"channels":[1,2],"brightness":[204,204]}
2026-07-11 00:00:00.909 [Information] LightServer.Logging.HttpExchangeLoggingMiddleware: HTTP POST /api/camera-flash/pair => 200
  >> Request: {"cameraNumber":8,"leftPower":204,"rightPower":204}
  << Response: {"success":true,"cameraNumber":8,"deviceId":"mv-le-4","route":"network","ipAddress":"169.254.220.1","deviceIndex":5,"channels":[3,4],"brightness":[204,204]}
2026-07-11 00:00:01.006 [Information] LightServer.Logging.HttpExchangeLoggingMiddleware: HTTP POST /api/camera-flash/single => 400
  >> Request: {"cameraNumber":9,"power":204}
  << Response: {"success":false,"cameraNumber":9,"deviceId":"com1","route":"com","comPort":"COM1","channels":[1],"brightness":[204],"error":"На COM_Port#COM1 ничего не найдено после SetEnumSerialPorts. Закройте MVS Client и повторите."}
2026-07-11 00:00:01.008 [Information] LightServer.Logging.HttpExchangeLoggingMiddleware: HTTP POST /api/camera-flash/single => 400
  >> Request: {"cameraNumber":10,"power":204}
  << Response: {"success":false,"cameraNumber":10,"deviceId":"com1","route":"com","comPort":"COM1","channels":[2],"brightness":[204],"error":"На COM_Port#COM1 ничего не найдено после SetEnumSerialPorts. Закройте MVS Client и повторите."}
2026-07-11 00:08:28.053 [Information] LightServer.Logging.HttpExchangeLoggingMiddleware: HTTP POST /api/camera-flash/pair => 400
  >> Request: {"cameraNumber":1,"leftPower":125,"rightPower":125}
  << Response: {"success":false,"cameraNumber":1,"deviceId":"mv-le-1","route":"network","ipAddress":"192.168.1.103","channels":[1,2],"brightness":[125,125],"error":"Устройство не найдено по ipAddress='192.168.1.103'."}
2026-07-11 00:08:28.713 [Information] LightServer.Logging.HttpExchangeLoggingMiddleware: HTTP POST /api/camera-flash/pair => 400
  >> Request: {"cameraNumber":2,"leftPower":125,"rightPower":125}
  << Response: {"success":false,"cameraNumber":2,"deviceId":"mv-le-1","route":"network","ipAddress":"192.168.1.103","channels":[3,4],"brightness":[125,125],"error":"Устройство не найдено по ipAddress='192.168.1.103'."}
2026-07-11 00:08:29.374 [Information] LightServer.Logging.HttpExchangeLoggingMiddleware: HTTP POST /api/camera-flash/pair => 400
  >> Request: {"cameraNumber":3,"leftPower":125,"rightPower":125}
  << Response: {"success":false,"cameraNumber":3,"deviceId":"mv-le-2","route":"network","ipAddress":"192.168.1.9","channels":[1,2],"brightness":[125,125],"error":"Устройство не найдено по ipAddress='192.168.1.9'."}
2026-07-11 00:08:30.033 [Information] LightServer.Logging.HttpExchangeLoggingMiddleware: HTTP POST /api/camera-flash/pair => 400
  >> Request: {"cameraNumber":4,"leftPower":125,"rightPower":125}
  << Response: {"success":false,"cameraNumber":4,"deviceId":"mv-le-2","route":"network","ipAddress":"192.168.1.9","channels":[3,4],"brightness":[125,125],"error":"Устройство не найдено по ipAddress='192.168.1.9'."}
2026-07-11 00:08:30.700 [Information] LightServer.Logging.HttpExchangeLoggingMiddleware: HTTP POST /api/camera-flash/pair => 400
  >> Request: {"cameraNumber":5,"leftPower":125,"rightPower":125}
  << Response: {"success":false,"cameraNumber":5,"deviceId":"mv-le-3","route":"network","ipAddress":"192.168.1.100","channels":[1,2],"brightness":[125,125],"error":"Устройство не найдено по ipAddress='192.168.1.100'."}
2026-07-11 00:08:31.365 [Information] LightServer.Logging.HttpExchangeLoggingMiddleware: HTTP POST /api/camera-flash/pair => 400
  >> Request: {"cameraNumber":6,"leftPower":125,"rightPower":125}
  << Response: {"success":false,"cameraNumber":6,"deviceId":"mv-le-3","route":"network","ipAddress":"192.168.1.100","channels":[3,4],"brightness":[125,125],"error":"Устройство не найдено по ipAddress='192.168.1.100'."}
2026-07-11 00:08:32.075 [Information] LightServer.Logging.HttpExchangeLoggingMiddleware: HTTP POST /api/camera-flash/pair => 200
  >> Request: {"cameraNumber":7,"leftPower":125,"rightPower":125}
  << Response: {"success":true,"cameraNumber":7,"deviceId":"mv-le-4","route":"network","ipAddress":"169.254.220.1","deviceIndex":3,"channels":[1,2],"brightness":[125,125]}
2026-07-11 00:08:32.807 [Information] LightServer.Logging.HttpExchangeLoggingMiddleware: HTTP POST /api/camera-flash/pair => 200
  >> Request: {"cameraNumber":8,"leftPower":125,"rightPower":125}
  << Response: {"success":true,"cameraNumber":8,"deviceId":"mv-le-4","route":"network","ipAddress":"169.254.220.1","deviceIndex":5,"channels":[3,4],"brightness":[125,125]}
2026-07-11 00:08:32.901 [Information] LightServer.Logging.HttpExchangeLoggingMiddleware: HTTP POST /api/camera-flash/single => 400
  >> Request: {"cameraNumber":9,"power":125}
  << Response: {"success":false,"cameraNumber":9,"deviceId":"com1","route":"com","comPort":"COM1","channels":[1],"brightness":[125],"error":"На COM_Port#COM1 ничего не найдено после SetEnumSerialPorts. Закройте MVS Client и повторите."}
2026-07-11 00:08:32.903 [Information] LightServer.Logging.HttpExchangeLoggingMiddleware: HTTP POST /api/camera-flash/single => 400
  >> Request: {"cameraNumber":10,"power":125}
  << Response: {"success":false,"cameraNumber":10,"deviceId":"com1","route":"com","comPort":"COM1","channels":[2],"brightness":[125],"error":"На COM_Port#COM1 ничего не найдено после SetEnumSerialPorts. Закройте MVS Client и повторите."}
2026-07-11 00:12:13.710 [Information] Microsoft.Hosting.Lifetime: Application is shutting down...
