--- LightServer log started 2026-07-09 15:58:47 ---
2026-07-09 15:58:47.799 [Information] LightServer: Content root: D:\visionGay\defect-detector-v3\LightServer.v3\bin\Release\net10.0\, ComLightDevices: 3, файл лога: D:\visionGay\defect-detector-v3\LightServer.v3\logs\2026-07-09_15-58-47.log
2026-07-09 15:58:47.912 [Information] Microsoft.Hosting.Lifetime: Now listening on: http://127.0.0.1:5080
2026-07-09 15:58:47.912 [Information] Microsoft.Hosting.Lifetime: Application started. Press Ctrl+C to shut down.
2026-07-09 15:58:47.912 [Information] Microsoft.Hosting.Lifetime: Hosting environment: Production
2026-07-09 15:58:47.912 [Information] Microsoft.Hosting.Lifetime: Content root path: D:\visionGay\defect-detector-v3\LightServer.v3\bin\Release\net10.0\
2026-07-09 15:58:54.396 [Information] LightServer.Services.ComLightIsolatedBank: IsolatedBank: EnumDevices count=1, map=[COM1:0]
2026-07-09 15:58:55.128 [Information] LightServer.Services.IsolatedComPortLight: COM1: открыт idx=0/1 mode=bank-On MV-LE200-48W24-2D @ COM1 (DA8782414)
2026-07-09 15:58:55.131 [Warning] LightServer.Services.ComLightIsolatedBank: IsolatedBank: пропуск COM2: COM2 не найден в EnumDevices. Видно: [MV-LE200-48W24-2D @ COM1 (DA8782414)]
2026-07-09 15:58:55.131 [Warning] LightServer.Services.ComLightIsolatedBank: IsolatedBank: пропуск COM3: COM3 не найден в EnumDevices. Видно: [MV-LE200-48W24-2D @ COM1 (DA8782414)]
2026-07-09 15:58:55.131 [Warning] LightServer.Services.ComLightIsolatedBank: IsolatedBank: Частично: готовы [COM1], пропущены [COM2, COM3].
2026-07-09 15:58:55.132 [Information] LightServer.Services.ComLightBankService: ComLightBank: готово 1/3 COM (COM1)
2026-07-09 15:58:55.132 [Warning] LightServer.Services.ComLightBankService: ComLightBank: пропущены COM2, COM3
2026-07-09 16:01:54.541 [Warning] LightServer.Services.LightControlService: SerialLight:DisableSdkLock=true — SDK/COM без lock (эксперимент, возможны гонки и сбои)
2026-07-09 16:01:54.595 [Information] LightServer.Logging.HttpExchangeLoggingMiddleware: HTTP POST /api/camera-flash/pair => 400
  >> Request: {"cameraNumber":4,"leftPower":255,"rightPower":255}
  << Response: {"success":false,"cameraNumber":4,"deviceId":"com2","route":"com","comPort":"COM2","channels":[3,4],"brightness":[255,255],"error":"Устройство на COM_Port#COM2 не найдено. EnumDevices: [MV-LE200-48W24-2D DA8782414 Hikrobot MvCameraLinkDevice COM_Port#COM1]"}
2026-07-09 16:02:40.910 [Information] LightServer.Logging.HttpExchangeLoggingMiddleware: HTTP POST /api/camera-flash/pair => 400
  >> Request: {"cameraNumber":2,"leftPower":26,"rightPower":26}
  << Response: {"success":false,"cameraNumber":2,"deviceId":"com3","route":"com","comPort":"COM3","channels":[3,4],"brightness":[26,26],"error":"Устройство на COM_Port#COM3 не найдено. EnumDevices: [MV-LE200-48W24-2D DA8782414 Hikrobot MvCameraLinkDevice COM_Port#COM1]"}
