--- LightServer log started 2026-07-11 17:16:09 ---
2026-07-11 17:16:09.698 [Information] LightServer: Content root: D:\visionGay\defect-detector-v3\LightServer.v3\bin\Release\net10.0\, ComLightDevices: 1, файл лога: D:\visionGay\defect-detector-v3\LightServer.v3\logs\2026-07-11_17-16-09.log
2026-07-11 17:16:09.816 [Information] Microsoft.Hosting.Lifetime: Now listening on: http://127.0.0.1:5080
2026-07-11 17:16:09.816 [Information] Microsoft.Hosting.Lifetime: Application started. Press Ctrl+C to shut down.
2026-07-11 17:16:09.816 [Information] Microsoft.Hosting.Lifetime: Hosting environment: Production
2026-07-11 17:16:09.816 [Information] Microsoft.Hosting.Lifetime: Content root path: D:\visionGay\defect-detector-v3\LightServer.v3\bin\Release\net10.0\
2026-07-11 17:16:10.165 [Information] LightServer.Services.ComLightIsolatedBank: IsolatedBank: EnumDevices count=0, map=[]
2026-07-11 17:16:10.168 [Warning] LightServer.Services.ComLightIsolatedBank: IsolatedBank: пропуск COM1: COM1 не найден в EnumDevices. Видно: []
2026-07-11 17:16:10.169 [Error] LightServer.Services.ComLightIsolatedBank: IsolatedBank: COM1 не найден в EnumDevices. Видно: []
2026-07-11 17:16:10.169 [Error] LightServer.Services.ComLightBankService: ComLightBank: инициализация не удалась: COM1 не найден в EnumDevices. Видно: []
2026-07-11 17:16:21.146 [Information] LightServer.Services.ComLightIsolatedBank: IsolatedBank: EnumDevices count=0, map=[]
2026-07-11 17:16:21.147 [Warning] LightServer.Services.ComLightIsolatedBank: IsolatedBank: пропуск COM1: COM1 не найден в EnumDevices. Видно: []
2026-07-11 17:16:21.148 [Error] LightServer.Services.ComLightIsolatedBank: IsolatedBank: COM1 не найден в EnumDevices. Видно: []
2026-07-11 17:16:21.148 [Error] LightServer.Services.ComLightBankService: ComLightBank: инициализация не удалась: COM1 не найден в EnumDevices. Видно: []
2026-07-11 17:16:21.181 [Information] LightServer.Logging.HttpExchangeLoggingMiddleware: HTTP GET /api/com/light => 200
  >> Request: (empty)
  << Response: {"initialized":false,"partial":false,"configPath":"D:\\visionGay\\defect-detector-v3\\config\\blocks\\51-light-hardware.yaml","loadedFromYaml":true,"devices":[{"id":"com1","comPort":"COM1","channels":[1,2],"ready":false,"skipped":"COM1 не найден в EnumDevices. Видно: []"}],"readyDevices":[],"skippedPorts":{"COM1":"COM1 не найден в EnumDevices. Видно: []"},"channelOrder":"","configuredChannelOrder":"COM1:1, COM1:2","usage":{"post":"POST /api/com/light","bodyOn":{"state":"on","brightness":"100"},"bodyOff":{"state":"off"},"note":"brightness применяется только к подключённым COM (readyDevices)"}}
2026-07-11 17:16:21.699 [Information] LightServer.Services.ComLightIsolatedBank: IsolatedBank: EnumDevices count=0, map=[]
2026-07-11 17:16:21.699 [Warning] LightServer.Services.ComLightIsolatedBank: IsolatedBank: пропуск COM1: COM1 не найден в EnumDevices. Видно: []
2026-07-11 17:16:21.699 [Error] LightServer.Services.ComLightIsolatedBank: IsolatedBank: COM1 не найден в EnumDevices. Видно: []
2026-07-11 17:16:21.699 [Error] LightServer.Services.ComLightBankService: ComLightBank: инициализация не удалась: COM1 не найден в EnumDevices. Видно: []
2026-07-11 17:16:21.700 [Information] LightServer.Logging.HttpExchangeLoggingMiddleware: HTTP GET /api/com/light => 200
  >> Request: (empty)
  << Response: {"initialized":false,"partial":false,"configPath":"D:\\visionGay\\defect-detector-v3\\config\\blocks\\51-light-hardware.yaml","loadedFromYaml":true,"devices":[{"id":"com1","comPort":"COM1","channels":[1,2],"ready":false,"skipped":"COM1 не найден в EnumDevices. Видно: []"}],"readyDevices":[],"skippedPorts":{"COM1":"COM1 не найден в EnumDevices. Видно: []"},"channelOrder":"","configuredChannelOrder":"COM1:1, COM1:2","usage":{"post":"POST /api/com/light","bodyOn":{"state":"on","brightness":"100"},"bodyOff":{"state":"off"},"note":"brightness применяется только к подключённым COM (readyDevices)"}}
2026-07-11 17:16:22.201 [Information] LightServer.Services.ComLightIsolatedBank: IsolatedBank: EnumDevices count=0, map=[]
2026-07-11 17:16:22.202 [Warning] LightServer.Services.ComLightIsolatedBank: IsolatedBank: пропуск COM1: COM1 не найден в EnumDevices. Видно: []
2026-07-11 17:16:22.202 [Error] LightServer.Services.ComLightIsolatedBank: IsolatedBank: COM1 не найден в EnumDevices. Видно: []
2026-07-11 17:16:22.202 [Error] LightServer.Services.ComLightBankService: ComLightBank: инициализация не удалась: COM1 не найден в EnumDevices. Видно: []
2026-07-11 17:16:22.202 [Information] LightServer.Logging.HttpExchangeLoggingMiddleware: HTTP GET /api/com/light => 200
  >> Request: (empty)
  << Response: {"initialized":false,"partial":false,"configPath":"D:\\visionGay\\defect-detector-v3\\config\\blocks\\51-light-hardware.yaml","loadedFromYaml":true,"devices":[{"id":"com1","comPort":"COM1","channels":[1,2],"ready":false,"skipped":"COM1 не найден в EnumDevices. Видно: []"}],"readyDevices":[],"skippedPorts":{"COM1":"COM1 не найден в EnumDevices. Видно: []"},"channelOrder":"","configuredChannelOrder":"COM1:1, COM1:2","usage":{"post":"POST /api/com/light","bodyOn":{"state":"on","brightness":"100"},"bodyOff":{"state":"off"},"note":"brightness применяется только к подключённым COM (readyDevices)"}}
2026-07-11 17:16:22.692 [Information] LightServer.Services.ComLightIsolatedBank: IsolatedBank: EnumDevices count=0, map=[]
2026-07-11 17:16:22.692 [Warning] LightServer.Services.ComLightIsolatedBank: IsolatedBank: пропуск COM1: COM1 не найден в EnumDevices. Видно: []
2026-07-11 17:16:22.693 [Error] LightServer.Services.ComLightIsolatedBank: IsolatedBank: COM1 не найден в EnumDevices. Видно: []
2026-07-11 17:16:22.693 [Error] LightServer.Services.ComLightBankService: ComLightBank: инициализация не удалась: COM1 не найден в EnumDevices. Видно: []
2026-07-11 17:16:22.693 [Information] LightServer.Logging.HttpExchangeLoggingMiddleware: HTTP GET /api/com/light => 200
  >> Request: (empty)
  << Response: {"initialized":false,"partial":false,"configPath":"D:\\visionGay\\defect-detector-v3\\config\\blocks\\51-light-hardware.yaml","loadedFromYaml":true,"devices":[{"id":"com1","comPort":"COM1","channels":[1,2],"ready":false,"skipped":"COM1 не найден в EnumDevices. Видно: []"}],"readyDevices":[],"skippedPorts":{"COM1":"COM1 не найден в EnumDevices. Видно: []"},"channelOrder":"","configuredChannelOrder":"COM1:1, COM1:2","usage":{"post":"POST /api/com/light","bodyOn":{"state":"on","brightness":"100"},"bodyOff":{"state":"off"},"note":"brightness применяется только к подключённым COM (readyDevices)"}}
2026-07-11 17:16:23.185 [Information] LightServer.Services.ComLightIsolatedBank: IsolatedBank: EnumDevices count=0, map=[]
2026-07-11 17:16:23.185 [Warning] LightServer.Services.ComLightIsolatedBank: IsolatedBank: пропуск COM1: COM1 не найден в EnumDevices. Видно: []
2026-07-11 17:16:23.185 [Error] LightServer.Services.ComLightIsolatedBank: IsolatedBank: COM1 не найден в EnumDevices. Видно: []
2026-07-11 17:16:23.185 [Error] LightServer.Services.ComLightBankService: ComLightBank: инициализация не удалась: COM1 не найден в EnumDevices. Видно: []
2026-07-11 17:16:23.186 [Information] LightServer.Logging.HttpExchangeLoggingMiddleware: HTTP GET /api/com/light => 200
  >> Request: (empty)
  << Response: {"initialized":false,"partial":false,"configPath":"D:\\visionGay\\defect-detector-v3\\config\\blocks\\51-light-hardware.yaml","loadedFromYaml":true,"devices":[{"id":"com1","comPort":"COM1","channels":[1,2],"ready":false,"skipped":"COM1 не найден в EnumDevices. Видно: []"}],"readyDevices":[],"skippedPorts":{"COM1":"COM1 не найден в EnumDevices. Видно: []"},"channelOrder":"","configuredChannelOrder":"COM1:1, COM1:2","usage":{"post":"POST /api/com/light","bodyOn":{"state":"on","brightness":"100"},"bodyOff":{"state":"off"},"note":"brightness применяется только к подключённым COM (readyDevices)"}}
2026-07-11 17:16:23.674 [Information] LightServer.Services.ComLightIsolatedBank: IsolatedBank: EnumDevices count=0, map=[]
2026-07-11 17:16:23.675 [Warning] LightServer.Services.ComLightIsolatedBank: IsolatedBank: пропуск COM1: COM1 не найден в EnumDevices. Видно: []
2026-07-11 17:16:23.675 [Error] LightServer.Services.ComLightIsolatedBank: IsolatedBank: COM1 не найден в EnumDevices. Видно: []
2026-07-11 17:16:23.675 [Error] LightServer.Services.ComLightBankService: ComLightBank: инициализация не удалась: COM1 не найден в EnumDevices. Видно: []
2026-07-11 17:16:23.675 [Information] LightServer.Logging.HttpExchangeLoggingMiddleware: HTTP GET /api/com/light => 200
  >> Request: (empty)
  << Response: {"initialized":false,"partial":false,"configPath":"D:\\visionGay\\defect-detector-v3\\config\\blocks\\51-light-hardware.yaml","loadedFromYaml":true,"devices":[{"id":"com1","comPort":"COM1","channels":[1,2],"ready":false,"skipped":"COM1 не найден в EnumDevices. Видно: []"}],"readyDevices":[],"skippedPorts":{"COM1":"COM1 не найден в EnumDevices. Видно: []"},"channelOrder":"","configuredChannelOrder":"COM1:1, COM1:2","usage":{"post":"POST /api/com/light","bodyOn":{"state":"on","brightness":"100"},"bodyOff":{"state":"off"},"note":"brightness применяется только к подключённым COM (readyDevices)"}}
2026-07-11 17:16:24.162 [Information] LightServer.Services.ComLightIsolatedBank: IsolatedBank: EnumDevices count=0, map=[]
2026-07-11 17:16:24.162 [Warning] LightServer.Services.ComLightIsolatedBank: IsolatedBank: пропуск COM1: COM1 не найден в EnumDevices. Видно: []
2026-07-11 17:16:24.163 [Error] LightServer.Services.ComLightIsolatedBank: IsolatedBank: COM1 не найден в EnumDevices. Видно: []
2026-07-11 17:16:24.163 [Error] LightServer.Services.ComLightBankService: ComLightBank: инициализация не удалась: COM1 не найден в EnumDevices. Видно: []
2026-07-11 17:16:24.163 [Information] LightServer.Logging.HttpExchangeLoggingMiddleware: HTTP GET /api/com/light => 200
  >> Request: (empty)
  << Response: {"initialized":false,"partial":false,"configPath":"D:\\visionGay\\defect-detector-v3\\config\\blocks\\51-light-hardware.yaml","loadedFromYaml":true,"devices":[{"id":"com1","comPort":"COM1","channels":[1,2],"ready":false,"skipped":"COM1 не найден в EnumDevices. Видно: []"}],"readyDevices":[],"skippedPorts":{"COM1":"COM1 не найден в EnumDevices. Видно: []"},"channelOrder":"","configuredChannelOrder":"COM1:1, COM1:2","usage":{"post":"POST /api/com/light","bodyOn":{"state":"on","brightness":"100"},"bodyOff":{"state":"off"},"note":"brightness применяется только к подключённым COM (readyDevices)"}}
2026-07-11 17:16:24.654 [Information] LightServer.Services.ComLightIsolatedBank: IsolatedBank: EnumDevices count=0, map=[]
2026-07-11 17:16:24.654 [Warning] LightServer.Services.ComLightIsolatedBank: IsolatedBank: пропуск COM1: COM1 не найден в EnumDevices. Видно: []
2026-07-11 17:16:24.655 [Error] LightServer.Services.ComLightIsolatedBank: IsolatedBank: COM1 не найден в EnumDevices. Видно: []
2026-07-11 17:16:24.655 [Error] LightServer.Services.ComLightBankService: ComLightBank: инициализация не удалась: COM1 не найден в EnumDevices. Видно: []
2026-07-11 17:16:24.655 [Information] LightServer.Logging.HttpExchangeLoggingMiddleware: HTTP GET /api/com/light => 200
  >> Request: (empty)
  << Response: {"initialized":false,"partial":false,"configPath":"D:\\visionGay\\defect-detector-v3\\config\\blocks\\51-light-hardware.yaml","loadedFromYaml":true,"devices":[{"id":"com1","comPort":"COM1","channels":[1,2],"ready":false,"skipped":"COM1 не найден в EnumDevices. Видно: []"}],"readyDevices":[],"skippedPorts":{"COM1":"COM1 не найден в EnumDevices. Видно: []"},"channelOrder":"","configuredChannelOrder":"COM1:1, COM1:2","usage":{"post":"POST /api/com/light","bodyOn":{"state":"on","brightness":"100"},"bodyOff":{"state":"off"},"note":"brightness применяется только к подключённым COM (readyDevices)"}}
2026-07-11 17:16:25.146 [Information] LightServer.Services.ComLightIsolatedBank: IsolatedBank: EnumDevices count=0, map=[]
2026-07-11 17:16:25.147 [Warning] LightServer.Services.ComLightIsolatedBank: IsolatedBank: пропуск COM1: COM1 не найден в EnumDevices. Видно: []
2026-07-11 17:16:25.147 [Error] LightServer.Services.ComLightIsolatedBank: IsolatedBank: COM1 не найден в EnumDevices. Видно: []
2026-07-11 17:16:25.147 [Error] LightServer.Services.ComLightBankService: ComLightBank: инициализация не удалась: COM1 не найден в EnumDevices. Видно: []
2026-07-11 17:16:25.147 [Information] LightServer.Logging.HttpExchangeLoggingMiddleware: HTTP GET /api/com/light => 200
  >> Request: (empty)
  << Response: {"initialized":false,"partial":false,"configPath":"D:\\visionGay\\defect-detector-v3\\config\\blocks\\51-light-hardware.yaml","loadedFromYaml":true,"devices":[{"id":"com1","comPort":"COM1","channels":[1,2],"ready":false,"skipped":"COM1 не найден в EnumDevices. Видно: []"}],"readyDevices":[],"skippedPorts":{"COM1":"COM1 не найден в EnumDevices. Видно: []"},"channelOrder":"","configuredChannelOrder":"COM1:1, COM1:2","usage":{"post":"POST /api/com/light","bodyOn":{"state":"on","brightness":"100"},"bodyOff":{"state":"off"},"note":"brightness применяется только к подключённым COM (readyDevices)"}}
2026-07-11 17:16:25.636 [Information] LightServer.Services.ComLightIsolatedBank: IsolatedBank: EnumDevices count=0, map=[]
2026-07-11 17:16:25.637 [Warning] LightServer.Services.ComLightIsolatedBank: IsolatedBank: пропуск COM1: COM1 не найден в EnumDevices. Видно: []
2026-07-11 17:16:25.637 [Error] LightServer.Services.ComLightIsolatedBank: IsolatedBank: COM1 не найден в EnumDevices. Видно: []
2026-07-11 17:16:25.637 [Error] LightServer.Services.ComLightBankService: ComLightBank: инициализация не удалась: COM1 не найден в EnumDevices. Видно: []
2026-07-11 17:16:25.637 [Information] LightServer.Logging.HttpExchangeLoggingMiddleware: HTTP GET /api/com/light => 200
  >> Request: (empty)
  << Response: {"initialized":false,"partial":false,"configPath":"D:\\visionGay\\defect-detector-v3\\config\\blocks\\51-light-hardware.yaml","loadedFromYaml":true,"devices":[{"id":"com1","comPort":"COM1","channels":[1,2],"ready":false,"skipped":"COM1 не найден в EnumDevices. Видно: []"}],"readyDevices":[],"skippedPorts":{"COM1":"COM1 не найден в EnumDevices. Видно: []"},"channelOrder":"","configuredChannelOrder":"COM1:1, COM1:2","usage":{"post":"POST /api/com/light","bodyOn":{"state":"on","brightness":"100"},"bodyOff":{"state":"off"},"note":"brightness применяется только к подключённым COM (readyDevices)"}}
2026-07-11 17:16:26.128 [Information] LightServer.Services.ComLightIsolatedBank: IsolatedBank: EnumDevices count=0, map=[]
2026-07-11 17:16:26.128 [Warning] LightServer.Services.ComLightIsolatedBank: IsolatedBank: пропуск COM1: COM1 не найден в EnumDevices. Видно: []
2026-07-11 17:16:26.128 [Error] LightServer.Services.ComLightIsolatedBank: IsolatedBank: COM1 не найден в EnumDevices. Видно: []
2026-07-11 17:16:26.128 [Error] LightServer.Services.ComLightBankService: ComLightBank: инициализация не удалась: COM1 не найден в EnumDevices. Видно: []
2026-07-11 17:16:26.129 [Information] LightServer.Logging.HttpExchangeLoggingMiddleware: HTTP GET /api/com/light => 200
  >> Request: (empty)
  << Response: {"initialized":false,"partial":false,"configPath":"D:\\visionGay\\defect-detector-v3\\config\\blocks\\51-light-hardware.yaml","loadedFromYaml":true,"devices":[{"id":"com1","comPort":"COM1","channels":[1,2],"ready":false,"skipped":"COM1 не найден в EnumDevices. Видно: []"}],"readyDevices":[],"skippedPorts":{"COM1":"COM1 не найден в EnumDevices. Видно: []"},"channelOrder":"","configuredChannelOrder":"COM1:1, COM1:2","usage":{"post":"POST /api/com/light","bodyOn":{"state":"on","brightness":"100"},"bodyOff":{"state":"off"},"note":"brightness применяется только к подключённым COM (readyDevices)"}}
2026-07-11 17:16:26.618 [Information] LightServer.Services.ComLightIsolatedBank: IsolatedBank: EnumDevices count=0, map=[]
2026-07-11 17:16:26.618 [Warning] LightServer.Services.ComLightIsolatedBank: IsolatedBank: пропуск COM1: COM1 не найден в EnumDevices. Видно: []
2026-07-11 17:16:26.618 [Error] LightServer.Services.ComLightIsolatedBank: IsolatedBank: COM1 не найден в EnumDevices. Видно: []
2026-07-11 17:16:26.618 [Error] LightServer.Services.ComLightBankService: ComLightBank: инициализация не удалась: COM1 не найден в EnumDevices. Видно: []
2026-07-11 17:16:26.619 [Information] LightServer.Logging.HttpExchangeLoggingMiddleware: HTTP GET /api/com/light => 200
  >> Request: (empty)
  << Response: {"initialized":false,"partial":false,"configPath":"D:\\visionGay\\defect-detector-v3\\config\\blocks\\51-light-hardware.yaml","loadedFromYaml":true,"devices":[{"id":"com1","comPort":"COM1","channels":[1,2],"ready":false,"skipped":"COM1 не найден в EnumDevices. Видно: []"}],"readyDevices":[],"skippedPorts":{"COM1":"COM1 не найден в EnumDevices. Видно: []"},"channelOrder":"","configuredChannelOrder":"COM1:1, COM1:2","usage":{"post":"POST /api/com/light","bodyOn":{"state":"on","brightness":"100"},"bodyOff":{"state":"off"},"note":"brightness применяется только к подключённым COM (readyDevices)"}}
2026-07-11 17:16:27.120 [Information] LightServer.Services.ComLightIsolatedBank: IsolatedBank: EnumDevices count=0, map=[]
2026-07-11 17:16:27.120 [Warning] LightServer.Services.ComLightIsolatedBank: IsolatedBank: пропуск COM1: COM1 не найден в EnumDevices. Видно: []
2026-07-11 17:16:27.121 [Error] LightServer.Services.ComLightIsolatedBank: IsolatedBank: COM1 не найден в EnumDevices. Видно: []
2026-07-11 17:16:27.121 [Error] LightServer.Services.ComLightBankService: ComLightBank: инициализация не удалась: COM1 не найден в EnumDevices. Видно: []
2026-07-11 17:16:27.121 [Information] LightServer.Logging.HttpExchangeLoggingMiddleware: HTTP GET /api/com/light => 200
  >> Request: (empty)
  << Response: {"initialized":false,"partial":false,"configPath":"D:\\visionGay\\defect-detector-v3\\config\\blocks\\51-light-hardware.yaml","loadedFromYaml":true,"devices":[{"id":"com1","comPort":"COM1","channels":[1,2],"ready":false,"skipped":"COM1 не найден в EnumDevices. Видно: []"}],"readyDevices":[],"skippedPorts":{"COM1":"COM1 не найден в EnumDevices. Видно: []"},"channelOrder":"","configuredChannelOrder":"COM1:1, COM1:2","usage":{"post":"POST /api/com/light","bodyOn":{"state":"on","brightness":"100"},"bodyOff":{"state":"off"},"note":"brightness применяется только к подключённым COM (readyDevices)"}}
2026-07-11 17:16:27.614 [Information] LightServer.Services.ComLightIsolatedBank: IsolatedBank: EnumDevices count=0, map=[]
2026-07-11 17:16:27.614 [Warning] LightServer.Services.ComLightIsolatedBank: IsolatedBank: пропуск COM1: COM1 не найден в EnumDevices. Видно: []
2026-07-11 17:16:27.614 [Error] LightServer.Services.ComLightIsolatedBank: IsolatedBank: COM1 не найден в EnumDevices. Видно: []
2026-07-11 17:16:27.615 [Error] LightServer.Services.ComLightBankService: ComLightBank: инициализация не удалась: COM1 не найден в EnumDevices. Видно: []
2026-07-11 17:16:27.615 [Information] LightServer.Logging.HttpExchangeLoggingMiddleware: HTTP GET /api/com/light => 200
  >> Request: (empty)
  << Response: {"initialized":false,"partial":false,"configPath":"D:\\visionGay\\defect-detector-v3\\config\\blocks\\51-light-hardware.yaml","loadedFromYaml":true,"devices":[{"id":"com1","comPort":"COM1","channels":[1,2],"ready":false,"skipped":"COM1 не найден в EnumDevices. Видно: []"}],"readyDevices":[],"skippedPorts":{"COM1":"COM1 не найден в EnumDevices. Видно: []"},"channelOrder":"","configuredChannelOrder":"COM1:1, COM1:2","usage":{"post":"POST /api/com/light","bodyOn":{"state":"on","brightness":"100"},"bodyOff":{"state":"off"},"note":"brightness применяется только к подключённым COM (readyDevices)"}}
2026-07-11 17:16:28.105 [Information] LightServer.Services.ComLightIsolatedBank: IsolatedBank: EnumDevices count=0, map=[]
2026-07-11 17:16:28.106 [Warning] LightServer.Services.ComLightIsolatedBank: IsolatedBank: пропуск COM1: COM1 не найден в EnumDevices. Видно: []
2026-07-11 17:16:28.106 [Error] LightServer.Services.ComLightIsolatedBank: IsolatedBank: COM1 не найден в EnumDevices. Видно: []
2026-07-11 17:16:28.106 [Error] LightServer.Services.ComLightBankService: ComLightBank: инициализация не удалась: COM1 не найден в EnumDevices. Видно: []
2026-07-11 17:16:28.106 [Information] LightServer.Logging.HttpExchangeLoggingMiddleware: HTTP GET /api/com/light => 200
  >> Request: (empty)
  << Response: {"initialized":false,"partial":false,"configPath":"D:\\visionGay\\defect-detector-v3\\config\\blocks\\51-light-hardware.yaml","loadedFromYaml":true,"devices":[{"id":"com1","comPort":"COM1","channels":[1,2],"ready":false,"skipped":"COM1 не найден в EnumDevices. Видно: []"}],"readyDevices":[],"skippedPorts":{"COM1":"COM1 не найден в EnumDevices. Видно: []"},"channelOrder":"","configuredChannelOrder":"COM1:1, COM1:2","usage":{"post":"POST /api/com/light","bodyOn":{"state":"on","brightness":"100"},"bodyOff":{"state":"off"},"note":"brightness применяется только к подключённым COM (readyDevices)"}}
2026-07-11 17:16:28.595 [Information] LightServer.Services.ComLightIsolatedBank: IsolatedBank: EnumDevices count=0, map=[]
2026-07-11 17:16:28.596 [Warning] LightServer.Services.ComLightIsolatedBank: IsolatedBank: пропуск COM1: COM1 не найден в EnumDevices. Видно: []
2026-07-11 17:16:28.596 [Error] LightServer.Services.ComLightIsolatedBank: IsolatedBank: COM1 не найден в EnumDevices. Видно: []
2026-07-11 17:16:28.596 [Error] LightServer.Services.ComLightBankService: ComLightBank: инициализация не удалась: COM1 не найден в EnumDevices. Видно: []
2026-07-11 17:16:28.596 [Information] LightServer.Logging.HttpExchangeLoggingMiddleware: HTTP GET /api/com/light => 200
  >> Request: (empty)
  << Response: {"initialized":false,"partial":false,"configPath":"D:\\visionGay\\defect-detector-v3\\config\\blocks\\51-light-hardware.yaml","loadedFromYaml":true,"devices":[{"id":"com1","comPort":"COM1","channels":[1,2],"ready":false,"skipped":"COM1 не найден в EnumDevices. Видно: []"}],"readyDevices":[],"skippedPorts":{"COM1":"COM1 не найден в EnumDevices. Видно: []"},"channelOrder":"","configuredChannelOrder":"COM1:1, COM1:2","usage":{"post":"POST /api/com/light","bodyOn":{"state":"on","brightness":"100"},"bodyOff":{"state":"off"},"note":"brightness применяется только к подключённым COM (readyDevices)"}}
2026-07-11 17:16:29.089 [Information] LightServer.Services.ComLightIsolatedBank: IsolatedBank: EnumDevices count=0, map=[]
2026-07-11 17:16:29.089 [Warning] LightServer.Services.ComLightIsolatedBank: IsolatedBank: пропуск COM1: COM1 не найден в EnumDevices. Видно: []
2026-07-11 17:16:29.090 [Error] LightServer.Services.ComLightIsolatedBank: IsolatedBank: COM1 не найден в EnumDevices. Видно: []
2026-07-11 17:16:29.090 [Error] LightServer.Services.ComLightBankService: ComLightBank: инициализация не удалась: COM1 не найден в EnumDevices. Видно: []
2026-07-11 17:16:29.090 [Information] LightServer.Logging.HttpExchangeLoggingMiddleware: HTTP GET /api/com/light => 200
  >> Request: (empty)
  << Response: {"initialized":false,"partial":false,"configPath":"D:\\visionGay\\defect-detector-v3\\config\\blocks\\51-light-hardware.yaml","loadedFromYaml":true,"devices":[{"id":"com1","comPort":"COM1","channels":[1,2],"ready":false,"skipped":"COM1 не найден в EnumDevices. Видно: []"}],"readyDevices":[],"skippedPorts":{"COM1":"COM1 не найден в EnumDevices. Видно: []"},"channelOrder":"","configuredChannelOrder":"COM1:1, COM1:2","usage":{"post":"POST /api/com/light","bodyOn":{"state":"on","brightness":"100"},"bodyOff":{"state":"off"},"note":"brightness применяется только к подключённым COM (readyDevices)"}}
2026-07-11 17:16:29.578 [Information] LightServer.Services.ComLightIsolatedBank: IsolatedBank: EnumDevices count=0, map=[]
2026-07-11 17:16:29.578 [Warning] LightServer.Services.ComLightIsolatedBank: IsolatedBank: пропуск COM1: COM1 не найден в EnumDevices. Видно: []
2026-07-11 17:16:29.578 [Error] LightServer.Services.ComLightIsolatedBank: IsolatedBank: COM1 не найден в EnumDevices. Видно: []
2026-07-11 17:16:29.578 [Error] LightServer.Services.ComLightBankService: ComLightBank: инициализация не удалась: COM1 не найден в EnumDevices. Видно: []
2026-07-11 17:16:29.578 [Information] LightServer.Logging.HttpExchangeLoggingMiddleware: HTTP GET /api/com/light => 200
  >> Request: (empty)
  << Response: {"initialized":false,"partial":false,"configPath":"D:\\visionGay\\defect-detector-v3\\config\\blocks\\51-light-hardware.yaml","loadedFromYaml":true,"devices":[{"id":"com1","comPort":"COM1","channels":[1,2],"ready":false,"skipped":"COM1 не найден в EnumDevices. Видно: []"}],"readyDevices":[],"skippedPorts":{"COM1":"COM1 не найден в EnumDevices. Видно: []"},"channelOrder":"","configuredChannelOrder":"COM1:1, COM1:2","usage":{"post":"POST /api/com/light","bodyOn":{"state":"on","brightness":"100"},"bodyOff":{"state":"off"},"note":"brightness применяется только к подключённым COM (readyDevices)"}}
2026-07-11 17:16:30.068 [Information] LightServer.Services.ComLightIsolatedBank: IsolatedBank: EnumDevices count=0, map=[]
2026-07-11 17:16:30.068 [Warning] LightServer.Services.ComLightIsolatedBank: IsolatedBank: пропуск COM1: COM1 не найден в EnumDevices. Видно: []
2026-07-11 17:16:30.069 [Error] LightServer.Services.ComLightIsolatedBank: IsolatedBank: COM1 не найден в EnumDevices. Видно: []
2026-07-11 17:16:30.069 [Error] LightServer.Services.ComLightBankService: ComLightBank: инициализация не удалась: COM1 не найден в EnumDevices. Видно: []
2026-07-11 17:16:30.069 [Information] LightServer.Logging.HttpExchangeLoggingMiddleware: HTTP GET /api/com/light => 200
  >> Request: (empty)
  << Response: {"initialized":false,"partial":false,"configPath":"D:\\visionGay\\defect-detector-v3\\config\\blocks\\51-light-hardware.yaml","loadedFromYaml":true,"devices":[{"id":"com1","comPort":"COM1","channels":[1,2],"ready":false,"skipped":"COM1 не найден в EnumDevices. Видно: []"}],"readyDevices":[],"skippedPorts":{"COM1":"COM1 не найден в EnumDevices. Видно: []"},"channelOrder":"","configuredChannelOrder":"COM1:1, COM1:2","usage":{"post":"POST /api/com/light","bodyOn":{"state":"on","brightness":"100"},"bodyOff":{"state":"off"},"note":"brightness применяется только к подключённым COM (readyDevices)"}}
2026-07-11 17:16:30.556 [Information] LightServer.Services.ComLightIsolatedBank: IsolatedBank: EnumDevices count=0, map=[]
2026-07-11 17:16:30.556 [Warning] LightServer.Services.ComLightIsolatedBank: IsolatedBank: пропуск COM1: COM1 не найден в EnumDevices. Видно: []
2026-07-11 17:16:30.556 [Error] LightServer.Services.ComLightIsolatedBank: IsolatedBank: COM1 не найден в EnumDevices. Видно: []
2026-07-11 17:16:30.557 [Error] LightServer.Services.ComLightBankService: ComLightBank: инициализация не удалась: COM1 не найден в EnumDevices. Видно: []
2026-07-11 17:16:30.557 [Information] LightServer.Logging.HttpExchangeLoggingMiddleware: HTTP GET /api/com/light => 200
  >> Request: (empty)
  << Response: {"initialized":false,"partial":false,"configPath":"D:\\visionGay\\defect-detector-v3\\config\\blocks\\51-light-hardware.yaml","loadedFromYaml":true,"devices":[{"id":"com1","comPort":"COM1","channels":[1,2],"ready":false,"skipped":"COM1 не найден в EnumDevices. Видно: []"}],"readyDevices":[],"skippedPorts":{"COM1":"COM1 не найден в EnumDevices. Видно: []"},"channelOrder":"","configuredChannelOrder":"COM1:1, COM1:2","usage":{"post":"POST /api/com/light","bodyOn":{"state":"on","brightness":"100"},"bodyOff":{"state":"off"},"note":"brightness применяется только к подключённым COM (readyDevices)"}}
2026-07-11 17:16:31.049 [Information] LightServer.Services.ComLightIsolatedBank: IsolatedBank: EnumDevices count=0, map=[]
2026-07-11 17:16:31.049 [Warning] LightServer.Services.ComLightIsolatedBank: IsolatedBank: пропуск COM1: COM1 не найден в EnumDevices. Видно: []
2026-07-11 17:16:31.049 [Error] LightServer.Services.ComLightIsolatedBank: IsolatedBank: COM1 не найден в EnumDevices. Видно: []
2026-07-11 17:16:31.049 [Error] LightServer.Services.ComLightBankService: ComLightBank: инициализация не удалась: COM1 не найден в EnumDevices. Видно: []
2026-07-11 17:16:31.050 [Information] LightServer.Logging.HttpExchangeLoggingMiddleware: HTTP GET /api/com/light => 200
  >> Request: (empty)
  << Response: {"initialized":false,"partial":false,"configPath":"D:\\visionGay\\defect-detector-v3\\config\\blocks\\51-light-hardware.yaml","loadedFromYaml":true,"devices":[{"id":"com1","comPort":"COM1","channels":[1,2],"ready":false,"skipped":"COM1 не найден в EnumDevices. Видно: []"}],"readyDevices":[],"skippedPorts":{"COM1":"COM1 не найден в EnumDevices. Видно: []"},"channelOrder":"","configuredChannelOrder":"COM1:1, COM1:2","usage":{"post":"POST /api/com/light","bodyOn":{"state":"on","brightness":"100"},"bodyOff":{"state":"off"},"note":"brightness применяется только к подключённым COM (readyDevices)"}}
2026-07-11 17:16:31.539 [Information] LightServer.Services.ComLightIsolatedBank: IsolatedBank: EnumDevices count=0, map=[]
2026-07-11 17:16:31.540 [Warning] LightServer.Services.ComLightIsolatedBank: IsolatedBank: пропуск COM1: COM1 не найден в EnumDevices. Видно: []
2026-07-11 17:16:31.540 [Error] LightServer.Services.ComLightIsolatedBank: IsolatedBank: COM1 не найден в EnumDevices. Видно: []
2026-07-11 17:16:31.540 [Error] LightServer.Services.ComLightBankService: ComLightBank: инициализация не удалась: COM1 не найден в EnumDevices. Видно: []
2026-07-11 17:16:31.540 [Information] LightServer.Logging.HttpExchangeLoggingMiddleware: HTTP GET /api/com/light => 200
  >> Request: (empty)
  << Response: {"initialized":false,"partial":false,"configPath":"D:\\visionGay\\defect-detector-v3\\config\\blocks\\51-light-hardware.yaml","loadedFromYaml":true,"devices":[{"id":"com1","comPort":"COM1","channels":[1,2],"ready":false,"skipped":"COM1 не найден в EnumDevices. Видно: []"}],"readyDevices":[],"skippedPorts":{"COM1":"COM1 не найден в EnumDevices. Видно: []"},"channelOrder":"","configuredChannelOrder":"COM1:1, COM1:2","usage":{"post":"POST /api/com/light","bodyOn":{"state":"on","brightness":"100"},"bodyOff":{"state":"off"},"note":"brightness применяется только к подключённым COM (readyDevices)"}}
2026-07-11 17:16:32.029 [Information] LightServer.Services.ComLightIsolatedBank: IsolatedBank: EnumDevices count=0, map=[]
2026-07-11 17:16:32.029 [Warning] LightServer.Services.ComLightIsolatedBank: IsolatedBank: пропуск COM1: COM1 не найден в EnumDevices. Видно: []
2026-07-11 17:16:32.029 [Error] LightServer.Services.ComLightIsolatedBank: IsolatedBank: COM1 не найден в EnumDevices. Видно: []
2026-07-11 17:16:32.029 [Error] LightServer.Services.ComLightBankService: ComLightBank: инициализация не удалась: COM1 не найден в EnumDevices. Видно: []
2026-07-11 17:16:32.030 [Information] LightServer.Logging.HttpExchangeLoggingMiddleware: HTTP GET /api/com/light => 200
  >> Request: (empty)
  << Response: {"initialized":false,"partial":false,"configPath":"D:\\visionGay\\defect-detector-v3\\config\\blocks\\51-light-hardware.yaml","loadedFromYaml":true,"devices":[{"id":"com1","comPort":"COM1","channels":[1,2],"ready":false,"skipped":"COM1 не найден в EnumDevices. Видно: []"}],"readyDevices":[],"skippedPorts":{"COM1":"COM1 не найден в EnumDevices. Видно: []"},"channelOrder":"","configuredChannelOrder":"COM1:1, COM1:2","usage":{"post":"POST /api/com/light","bodyOn":{"state":"on","brightness":"100"},"bodyOff":{"state":"off"},"note":"brightness применяется только к подключённым COM (readyDevices)"}}
2026-07-11 17:16:32.521 [Information] LightServer.Services.ComLightIsolatedBank: IsolatedBank: EnumDevices count=0, map=[]
2026-07-11 17:16:32.521 [Warning] LightServer.Services.ComLightIsolatedBank: IsolatedBank: пропуск COM1: COM1 не найден в EnumDevices. Видно: []
2026-07-11 17:16:32.521 [Error] LightServer.Services.ComLightIsolatedBank: IsolatedBank: COM1 не найден в EnumDevices. Видно: []
2026-07-11 17:16:32.521 [Error] LightServer.Services.ComLightBankService: ComLightBank: инициализация не удалась: COM1 не найден в EnumDevices. Видно: []
2026-07-11 17:16:32.521 [Information] LightServer.Logging.HttpExchangeLoggingMiddleware: HTTP GET /api/com/light => 200
  >> Request: (empty)
  << Response: {"initialized":false,"partial":false,"configPath":"D:\\visionGay\\defect-detector-v3\\config\\blocks\\51-light-hardware.yaml","loadedFromYaml":true,"devices":[{"id":"com1","comPort":"COM1","channels":[1,2],"ready":false,"skipped":"COM1 не найден в EnumDevices. Видно: []"}],"readyDevices":[],"skippedPorts":{"COM1":"COM1 не найден в EnumDevices. Видно: []"},"channelOrder":"","configuredChannelOrder":"COM1:1, COM1:2","usage":{"post":"POST /api/com/light","bodyOn":{"state":"on","brightness":"100"},"bodyOff":{"state":"off"},"note":"brightness применяется только к подключённым COM (readyDevices)"}}
2026-07-11 17:16:33.027 [Information] LightServer.Services.ComLightIsolatedBank: IsolatedBank: EnumDevices count=0, map=[]
2026-07-11 17:16:33.027 [Warning] LightServer.Services.ComLightIsolatedBank: IsolatedBank: пропуск COM1: COM1 не найден в EnumDevices. Видно: []
2026-07-11 17:16:33.027 [Error] LightServer.Services.ComLightIsolatedBank: IsolatedBank: COM1 не найден в EnumDevices. Видно: []
2026-07-11 17:16:33.027 [Error] LightServer.Services.ComLightBankService: ComLightBank: инициализация не удалась: COM1 не найден в EnumDevices. Видно: []
2026-07-11 17:16:33.027 [Information] LightServer.Logging.HttpExchangeLoggingMiddleware: HTTP GET /api/com/light => 200
  >> Request: (empty)
  << Response: {"initialized":false,"partial":false,"configPath":"D:\\visionGay\\defect-detector-v3\\config\\blocks\\51-light-hardware.yaml","loadedFromYaml":true,"devices":[{"id":"com1","comPort":"COM1","channels":[1,2],"ready":false,"skipped":"COM1 не найден в EnumDevices. Видно: []"}],"readyDevices":[],"skippedPorts":{"COM1":"COM1 не найден в EnumDevices. Видно: []"},"channelOrder":"","configuredChannelOrder":"COM1:1, COM1:2","usage":{"post":"POST /api/com/light","bodyOn":{"state":"on","brightness":"100"},"bodyOff":{"state":"off"},"note":"brightness применяется только к подключённым COM (readyDevices)"}}
2026-07-11 17:16:33.517 [Information] LightServer.Services.ComLightIsolatedBank: IsolatedBank: EnumDevices count=0, map=[]
2026-07-11 17:16:33.517 [Warning] LightServer.Services.ComLightIsolatedBank: IsolatedBank: пропуск COM1: COM1 не найден в EnumDevices. Видно: []
2026-07-11 17:16:33.517 [Error] LightServer.Services.ComLightIsolatedBank: IsolatedBank: COM1 не найден в EnumDevices. Видно: []
2026-07-11 17:16:33.518 [Error] LightServer.Services.ComLightBankService: ComLightBank: инициализация не удалась: COM1 не найден в EnumDevices. Видно: []
2026-07-11 17:16:33.518 [Information] LightServer.Logging.HttpExchangeLoggingMiddleware: HTTP GET /api/com/light => 200
  >> Request: (empty)
  << Response: {"initialized":false,"partial":false,"configPath":"D:\\visionGay\\defect-detector-v3\\config\\blocks\\51-light-hardware.yaml","loadedFromYaml":true,"devices":[{"id":"com1","comPort":"COM1","channels":[1,2],"ready":false,"skipped":"COM1 не найден в EnumDevices. Видно: []"}],"readyDevices":[],"skippedPorts":{"COM1":"COM1 не найден в EnumDevices. Видно: []"},"channelOrder":"","configuredChannelOrder":"COM1:1, COM1:2","usage":{"post":"POST /api/com/light","bodyOn":{"state":"on","brightness":"100"},"bodyOff":{"state":"off"},"note":"brightness применяется только к подключённым COM (readyDevices)"}}
2026-07-11 17:16:34.021 [Information] LightServer.Services.ComLightIsolatedBank: IsolatedBank: EnumDevices count=0, map=[]
2026-07-11 17:16:34.021 [Warning] LightServer.Services.ComLightIsolatedBank: IsolatedBank: пропуск COM1: COM1 не найден в EnumDevices. Видно: []
2026-07-11 17:16:34.021 [Error] LightServer.Services.ComLightIsolatedBank: IsolatedBank: COM1 не найден в EnumDevices. Видно: []
2026-07-11 17:16:34.021 [Error] LightServer.Services.ComLightBankService: ComLightBank: инициализация не удалась: COM1 не найден в EnumDevices. Видно: []
2026-07-11 17:16:34.021 [Information] LightServer.Logging.HttpExchangeLoggingMiddleware: HTTP GET /api/com/light => 200
  >> Request: (empty)
  << Response: {"initialized":false,"partial":false,"configPath":"D:\\visionGay\\defect-detector-v3\\config\\blocks\\51-light-hardware.yaml","loadedFromYaml":true,"devices":[{"id":"com1","comPort":"COM1","channels":[1,2],"ready":false,"skipped":"COM1 не найден в EnumDevices. Видно: []"}],"readyDevices":[],"skippedPorts":{"COM1":"COM1 не найден в EnumDevices. Видно: []"},"channelOrder":"","configuredChannelOrder":"COM1:1, COM1:2","usage":{"post":"POST /api/com/light","bodyOn":{"state":"on","brightness":"100"},"bodyOff":{"state":"off"},"note":"brightness применяется только к подключённым COM (readyDevices)"}}
2026-07-11 17:16:34.511 [Information] LightServer.Services.ComLightIsolatedBank: IsolatedBank: EnumDevices count=0, map=[]
2026-07-11 17:16:34.512 [Warning] LightServer.Services.ComLightIsolatedBank: IsolatedBank: пропуск COM1: COM1 не найден в EnumDevices. Видно: []
2026-07-11 17:16:34.512 [Error] LightServer.Services.ComLightIsolatedBank: IsolatedBank: COM1 не найден в EnumDevices. Видно: []
2026-07-11 17:16:34.516 [Error] LightServer.Services.ComLightBankService: ComLightBank: инициализация не удалась: COM1 не найден в EnumDevices. Видно: []
2026-07-11 17:16:34.516 [Information] LightServer.Logging.HttpExchangeLoggingMiddleware: HTTP GET /api/com/light => 200
  >> Request: (empty)
  << Response: {"initialized":false,"partial":false,"configPath":"D:\\visionGay\\defect-detector-v3\\config\\blocks\\51-light-hardware.yaml","loadedFromYaml":true,"devices":[{"id":"com1","comPort":"COM1","channels":[1,2],"ready":false,"skipped":"COM1 не найден в EnumDevices. Видно: []"}],"readyDevices":[],"skippedPorts":{"COM1":"COM1 не найден в EnumDevices. Видно: []"},"channelOrder":"","configuredChannelOrder":"COM1:1, COM1:2","usage":{"post":"POST /api/com/light","bodyOn":{"state":"on","brightness":"100"},"bodyOff":{"state":"off"},"note":"brightness применяется только к подключённым COM (readyDevices)"}}
2026-07-11 17:16:35.005 [Information] LightServer.Services.ComLightIsolatedBank: IsolatedBank: EnumDevices count=0, map=[]
2026-07-11 17:16:35.005 [Warning] LightServer.Services.ComLightIsolatedBank: IsolatedBank: пропуск COM1: COM1 не найден в EnumDevices. Видно: []
2026-07-11 17:16:35.005 [Error] LightServer.Services.ComLightIsolatedBank: IsolatedBank: COM1 не найден в EnumDevices. Видно: []
2026-07-11 17:16:35.006 [Error] LightServer.Services.ComLightBankService: ComLightBank: инициализация не удалась: COM1 не найден в EnumDevices. Видно: []
2026-07-11 17:16:35.006 [Information] LightServer.Logging.HttpExchangeLoggingMiddleware: HTTP GET /api/com/light => 200
  >> Request: (empty)
  << Response: {"initialized":false,"partial":false,"configPath":"D:\\visionGay\\defect-detector-v3\\config\\blocks\\51-light-hardware.yaml","loadedFromYaml":true,"devices":[{"id":"com1","comPort":"COM1","channels":[1,2],"ready":false,"skipped":"COM1 не найден в EnumDevices. Видно: []"}],"readyDevices":[],"skippedPorts":{"COM1":"COM1 не найден в EnumDevices. Видно: []"},"channelOrder":"","configuredChannelOrder":"COM1:1, COM1:2","usage":{"post":"POST /api/com/light","bodyOn":{"state":"on","brightness":"100"},"bodyOff":{"state":"off"},"note":"brightness применяется только к подключённым COM (readyDevices)"}}
2026-07-11 17:16:35.494 [Information] LightServer.Services.ComLightIsolatedBank: IsolatedBank: EnumDevices count=0, map=[]
2026-07-11 17:16:35.494 [Warning] LightServer.Services.ComLightIsolatedBank: IsolatedBank: пропуск COM1: COM1 не найден в EnumDevices. Видно: []
2026-07-11 17:16:35.494 [Error] LightServer.Services.ComLightIsolatedBank: IsolatedBank: COM1 не найден в EnumDevices. Видно: []
2026-07-11 17:16:35.494 [Error] LightServer.Services.ComLightBankService: ComLightBank: инициализация не удалась: COM1 не найден в EnumDevices. Видно: []
2026-07-11 17:16:35.494 [Information] LightServer.Logging.HttpExchangeLoggingMiddleware: HTTP GET /api/com/light => 200
  >> Request: (empty)
  << Response: {"initialized":false,"partial":false,"configPath":"D:\\visionGay\\defect-detector-v3\\config\\blocks\\51-light-hardware.yaml","loadedFromYaml":true,"devices":[{"id":"com1","comPort":"COM1","channels":[1,2],"ready":false,"skipped":"COM1 не найден в EnumDevices. Видно: []"}],"readyDevices":[],"skippedPorts":{"COM1":"COM1 не найден в EnumDevices. Видно: []"},"channelOrder":"","configuredChannelOrder":"COM1:1, COM1:2","usage":{"post":"POST /api/com/light","bodyOn":{"state":"on","brightness":"100"},"bodyOff":{"state":"off"},"note":"brightness применяется только к подключённым COM (readyDevices)"}}
2026-07-11 17:16:35.984 [Information] LightServer.Services.ComLightIsolatedBank: IsolatedBank: EnumDevices count=0, map=[]
2026-07-11 17:16:35.985 [Warning] LightServer.Services.ComLightIsolatedBank: IsolatedBank: пропуск COM1: COM1 не найден в EnumDevices. Видно: []
2026-07-11 17:16:35.985 [Error] LightServer.Services.ComLightIsolatedBank: IsolatedBank: COM1 не найден в EnumDevices. Видно: []
2026-07-11 17:16:35.985 [Error] LightServer.Services.ComLightBankService: ComLightBank: инициализация не удалась: COM1 не найден в EnumDevices. Видно: []
2026-07-11 17:16:35.985 [Information] LightServer.Logging.HttpExchangeLoggingMiddleware: HTTP GET /api/com/light => 200
  >> Request: (empty)
  << Response: {"initialized":false,"partial":false,"configPath":"D:\\visionGay\\defect-detector-v3\\config\\blocks\\51-light-hardware.yaml","loadedFromYaml":true,"devices":[{"id":"com1","comPort":"COM1","channels":[1,2],"ready":false,"skipped":"COM1 не найден в EnumDevices. Видно: []"}],"readyDevices":[],"skippedPorts":{"COM1":"COM1 не найден в EnumDevices. Видно: []"},"channelOrder":"","configuredChannelOrder":"COM1:1, COM1:2","usage":{"post":"POST /api/com/light","bodyOn":{"state":"on","brightness":"100"},"bodyOff":{"state":"off"},"note":"brightness применяется только к подключённым COM (readyDevices)"}}
2026-07-11 17:16:36.478 [Information] LightServer.Services.ComLightIsolatedBank: IsolatedBank: EnumDevices count=0, map=[]
2026-07-11 17:16:36.478 [Warning] LightServer.Services.ComLightIsolatedBank: IsolatedBank: пропуск COM1: COM1 не найден в EnumDevices. Видно: []
2026-07-11 17:16:36.479 [Error] LightServer.Services.ComLightIsolatedBank: IsolatedBank: COM1 не найден в EnumDevices. Видно: []
2026-07-11 17:16:36.479 [Error] LightServer.Services.ComLightBankService: ComLightBank: инициализация не удалась: COM1 не найден в EnumDevices. Видно: []
2026-07-11 17:16:36.479 [Information] LightServer.Logging.HttpExchangeLoggingMiddleware: HTTP GET /api/com/light => 200
  >> Request: (empty)
  << Response: {"initialized":false,"partial":false,"configPath":"D:\\visionGay\\defect-detector-v3\\config\\blocks\\51-light-hardware.yaml","loadedFromYaml":true,"devices":[{"id":"com1","comPort":"COM1","channels":[1,2],"ready":false,"skipped":"COM1 не найден в EnumDevices. Видно: []"}],"readyDevices":[],"skippedPorts":{"COM1":"COM1 не найден в EnumDevices. Видно: []"},"channelOrder":"","configuredChannelOrder":"COM1:1, COM1:2","usage":{"post":"POST /api/com/light","bodyOn":{"state":"on","brightness":"100"},"bodyOff":{"state":"off"},"note":"brightness применяется только к подключённым COM (readyDevices)"}}
2026-07-11 17:16:36.971 [Information] LightServer.Services.ComLightIsolatedBank: IsolatedBank: EnumDevices count=0, map=[]
2026-07-11 17:16:36.971 [Warning] LightServer.Services.ComLightIsolatedBank: IsolatedBank: пропуск COM1: COM1 не найден в EnumDevices. Видно: []
2026-07-11 17:16:36.971 [Error] LightServer.Services.ComLightIsolatedBank: IsolatedBank: COM1 не найден в EnumDevices. Видно: []
2026-07-11 17:16:36.971 [Error] LightServer.Services.ComLightBankService: ComLightBank: инициализация не удалась: COM1 не найден в EnumDevices. Видно: []
2026-07-11 17:16:36.971 [Information] LightServer.Logging.HttpExchangeLoggingMiddleware: HTTP GET /api/com/light => 200
  >> Request: (empty)
  << Response: {"initialized":false,"partial":false,"configPath":"D:\\visionGay\\defect-detector-v3\\config\\blocks\\51-light-hardware.yaml","loadedFromYaml":true,"devices":[{"id":"com1","comPort":"COM1","channels":[1,2],"ready":false,"skipped":"COM1 не найден в EnumDevices. Видно: []"}],"readyDevices":[],"skippedPorts":{"COM1":"COM1 не найден в EnumDevices. Видно: []"},"channelOrder":"","configuredChannelOrder":"COM1:1, COM1:2","usage":{"post":"POST /api/com/light","bodyOn":{"state":"on","brightness":"100"},"bodyOff":{"state":"off"},"note":"brightness применяется только к подключённым COM (readyDevices)"}}
2026-07-11 17:16:37.460 [Information] LightServer.Services.ComLightIsolatedBank: IsolatedBank: EnumDevices count=0, map=[]
2026-07-11 17:16:37.460 [Warning] LightServer.Services.ComLightIsolatedBank: IsolatedBank: пропуск COM1: COM1 не найден в EnumDevices. Видно: []
2026-07-11 17:16:37.460 [Error] LightServer.Services.ComLightIsolatedBank: IsolatedBank: COM1 не найден в EnumDevices. Видно: []
2026-07-11 17:16:37.460 [Error] LightServer.Services.ComLightBankService: ComLightBank: инициализация не удалась: COM1 не найден в EnumDevices. Видно: []
2026-07-11 17:16:37.460 [Information] LightServer.Logging.HttpExchangeLoggingMiddleware: HTTP GET /api/com/light => 200
  >> Request: (empty)
  << Response: {"initialized":false,"partial":false,"configPath":"D:\\visionGay\\defect-detector-v3\\config\\blocks\\51-light-hardware.yaml","loadedFromYaml":true,"devices":[{"id":"com1","comPort":"COM1","channels":[1,2],"ready":false,"skipped":"COM1 не найден в EnumDevices. Видно: []"}],"readyDevices":[],"skippedPorts":{"COM1":"COM1 не найден в EnumDevices. Видно: []"},"channelOrder":"","configuredChannelOrder":"COM1:1, COM1:2","usage":{"post":"POST /api/com/light","bodyOn":{"state":"on","brightness":"100"},"bodyOff":{"state":"off"},"note":"brightness применяется только к подключённым COM (readyDevices)"}}
2026-07-11 17:16:37.951 [Information] LightServer.Services.ComLightIsolatedBank: IsolatedBank: EnumDevices count=0, map=[]
2026-07-11 17:16:37.951 [Warning] LightServer.Services.ComLightIsolatedBank: IsolatedBank: пропуск COM1: COM1 не найден в EnumDevices. Видно: []
2026-07-11 17:16:37.951 [Error] LightServer.Services.ComLightIsolatedBank: IsolatedBank: COM1 не найден в EnumDevices. Видно: []
2026-07-11 17:16:37.952 [Error] LightServer.Services.ComLightBankService: ComLightBank: инициализация не удалась: COM1 не найден в EnumDevices. Видно: []
2026-07-11 17:16:37.952 [Information] LightServer.Logging.HttpExchangeLoggingMiddleware: HTTP GET /api/com/light => 200
  >> Request: (empty)
  << Response: {"initialized":false,"partial":false,"configPath":"D:\\visionGay\\defect-detector-v3\\config\\blocks\\51-light-hardware.yaml","loadedFromYaml":true,"devices":[{"id":"com1","comPort":"COM1","channels":[1,2],"ready":false,"skipped":"COM1 не найден в EnumDevices. Видно: []"}],"readyDevices":[],"skippedPorts":{"COM1":"COM1 не найден в EnumDevices. Видно: []"},"channelOrder":"","configuredChannelOrder":"COM1:1, COM1:2","usage":{"post":"POST /api/com/light","bodyOn":{"state":"on","brightness":"100"},"bodyOff":{"state":"off"},"note":"brightness применяется только к подключённым COM (readyDevices)"}}
2026-07-11 17:16:38.440 [Information] LightServer.Services.ComLightIsolatedBank: IsolatedBank: EnumDevices count=0, map=[]
2026-07-11 17:16:38.440 [Warning] LightServer.Services.ComLightIsolatedBank: IsolatedBank: пропуск COM1: COM1 не найден в EnumDevices. Видно: []
2026-07-11 17:16:38.440 [Error] LightServer.Services.ComLightIsolatedBank: IsolatedBank: COM1 не найден в EnumDevices. Видно: []
2026-07-11 17:16:38.440 [Error] LightServer.Services.ComLightBankService: ComLightBank: инициализация не удалась: COM1 не найден в EnumDevices. Видно: []
2026-07-11 17:16:38.440 [Information] LightServer.Logging.HttpExchangeLoggingMiddleware: HTTP GET /api/com/light => 200
  >> Request: (empty)
  << Response: {"initialized":false,"partial":false,"configPath":"D:\\visionGay\\defect-detector-v3\\config\\blocks\\51-light-hardware.yaml","loadedFromYaml":true,"devices":[{"id":"com1","comPort":"COM1","channels":[1,2],"ready":false,"skipped":"COM1 не найден в EnumDevices. Видно: []"}],"readyDevices":[],"skippedPorts":{"COM1":"COM1 не найден в EnumDevices. Видно: []"},"channelOrder":"","configuredChannelOrder":"COM1:1, COM1:2","usage":{"post":"POST /api/com/light","bodyOn":{"state":"on","brightness":"100"},"bodyOff":{"state":"off"},"note":"brightness применяется только к подключённым COM (readyDevices)"}}
2026-07-11 17:16:38.929 [Information] LightServer.Services.ComLightIsolatedBank: IsolatedBank: EnumDevices count=0, map=[]
2026-07-11 17:16:38.929 [Warning] LightServer.Services.ComLightIsolatedBank: IsolatedBank: пропуск COM1: COM1 не найден в EnumDevices. Видно: []
2026-07-11 17:16:38.929 [Error] LightServer.Services.ComLightIsolatedBank: IsolatedBank: COM1 не найден в EnumDevices. Видно: []
2026-07-11 17:16:38.929 [Error] LightServer.Services.ComLightBankService: ComLightBank: инициализация не удалась: COM1 не найден в EnumDevices. Видно: []
2026-07-11 17:16:38.929 [Information] LightServer.Logging.HttpExchangeLoggingMiddleware: HTTP GET /api/com/light => 200
  >> Request: (empty)
  << Response: {"initialized":false,"partial":false,"configPath":"D:\\visionGay\\defect-detector-v3\\config\\blocks\\51-light-hardware.yaml","loadedFromYaml":true,"devices":[{"id":"com1","comPort":"COM1","channels":[1,2],"ready":false,"skipped":"COM1 не найден в EnumDevices. Видно: []"}],"readyDevices":[],"skippedPorts":{"COM1":"COM1 не найден в EnumDevices. Видно: []"},"channelOrder":"","configuredChannelOrder":"COM1:1, COM1:2","usage":{"post":"POST /api/com/light","bodyOn":{"state":"on","brightness":"100"},"bodyOff":{"state":"off"},"note":"brightness применяется только к подключённым COM (readyDevices)"}}
2026-07-11 17:16:39.432 [Information] LightServer.Services.ComLightIsolatedBank: IsolatedBank: EnumDevices count=0, map=[]
2026-07-11 17:16:39.432 [Warning] LightServer.Services.ComLightIsolatedBank: IsolatedBank: пропуск COM1: COM1 не найден в EnumDevices. Видно: []
2026-07-11 17:16:39.433 [Error] LightServer.Services.ComLightIsolatedBank: IsolatedBank: COM1 не найден в EnumDevices. Видно: []
2026-07-11 17:16:39.433 [Error] LightServer.Services.ComLightBankService: ComLightBank: инициализация не удалась: COM1 не найден в EnumDevices. Видно: []
2026-07-11 17:16:39.433 [Information] LightServer.Logging.HttpExchangeLoggingMiddleware: HTTP GET /api/com/light => 200
  >> Request: (empty)
  << Response: {"initialized":false,"partial":false,"configPath":"D:\\visionGay\\defect-detector-v3\\config\\blocks\\51-light-hardware.yaml","loadedFromYaml":true,"devices":[{"id":"com1","comPort":"COM1","channels":[1,2],"ready":false,"skipped":"COM1 не найден в EnumDevices. Видно: []"}],"readyDevices":[],"skippedPorts":{"COM1":"COM1 не найден в EnumDevices. Видно: []"},"channelOrder":"","configuredChannelOrder":"COM1:1, COM1:2","usage":{"post":"POST /api/com/light","bodyOn":{"state":"on","brightness":"100"},"bodyOff":{"state":"off"},"note":"brightness применяется только к подключённым COM (readyDevices)"}}
2026-07-11 17:16:39.921 [Information] LightServer.Services.ComLightIsolatedBank: IsolatedBank: EnumDevices count=0, map=[]
2026-07-11 17:16:39.921 [Warning] LightServer.Services.ComLightIsolatedBank: IsolatedBank: пропуск COM1: COM1 не найден в EnumDevices. Видно: []
2026-07-11 17:16:39.921 [Error] LightServer.Services.ComLightIsolatedBank: IsolatedBank: COM1 не найден в EnumDevices. Видно: []
2026-07-11 17:16:39.921 [Error] LightServer.Services.ComLightBankService: ComLightBank: инициализация не удалась: COM1 не найден в EnumDevices. Видно: []
2026-07-11 17:16:39.922 [Information] LightServer.Logging.HttpExchangeLoggingMiddleware: HTTP GET /api/com/light => 200
  >> Request: (empty)
  << Response: {"initialized":false,"partial":false,"configPath":"D:\\visionGay\\defect-detector-v3\\config\\blocks\\51-light-hardware.yaml","loadedFromYaml":true,"devices":[{"id":"com1","comPort":"COM1","channels":[1,2],"ready":false,"skipped":"COM1 не найден в EnumDevices. Видно: []"}],"readyDevices":[],"skippedPorts":{"COM1":"COM1 не найден в EnumDevices. Видно: []"},"channelOrder":"","configuredChannelOrder":"COM1:1, COM1:2","usage":{"post":"POST /api/com/light","bodyOn":{"state":"on","brightness":"100"},"bodyOff":{"state":"off"},"note":"brightness применяется только к подключённым COM (readyDevices)"}}
2026-07-11 17:16:40.411 [Information] LightServer.Services.ComLightIsolatedBank: IsolatedBank: EnumDevices count=0, map=[]
2026-07-11 17:16:40.411 [Warning] LightServer.Services.ComLightIsolatedBank: IsolatedBank: пропуск COM1: COM1 не найден в EnumDevices. Видно: []
2026-07-11 17:16:40.411 [Error] LightServer.Services.ComLightIsolatedBank: IsolatedBank: COM1 не найден в EnumDevices. Видно: []
2026-07-11 17:16:40.411 [Error] LightServer.Services.ComLightBankService: ComLightBank: инициализация не удалась: COM1 не найден в EnumDevices. Видно: []
2026-07-11 17:16:40.411 [Information] LightServer.Logging.HttpExchangeLoggingMiddleware: HTTP GET /api/com/light => 200
  >> Request: (empty)
  << Response: {"initialized":false,"partial":false,"configPath":"D:\\visionGay\\defect-detector-v3\\config\\blocks\\51-light-hardware.yaml","loadedFromYaml":true,"devices":[{"id":"com1","comPort":"COM1","channels":[1,2],"ready":false,"skipped":"COM1 не найден в EnumDevices. Видно: []"}],"readyDevices":[],"skippedPorts":{"COM1":"COM1 не найден в EnumDevices. Видно: []"},"channelOrder":"","configuredChannelOrder":"COM1:1, COM1:2","usage":{"post":"POST /api/com/light","bodyOn":{"state":"on","brightness":"100"},"bodyOff":{"state":"off"},"note":"brightness применяется только к подключённым COM (readyDevices)"}}
2026-07-11 17:16:40.902 [Information] LightServer.Services.ComLightIsolatedBank: IsolatedBank: EnumDevices count=0, map=[]
2026-07-11 17:16:40.902 [Warning] LightServer.Services.ComLightIsolatedBank: IsolatedBank: пропуск COM1: COM1 не найден в EnumDevices. Видно: []
2026-07-11 17:16:40.903 [Error] LightServer.Services.ComLightIsolatedBank: IsolatedBank: COM1 не найден в EnumDevices. Видно: []
2026-07-11 17:16:40.903 [Error] LightServer.Services.ComLightBankService: ComLightBank: инициализация не удалась: COM1 не найден в EnumDevices. Видно: []
2026-07-11 17:16:40.903 [Information] LightServer.Logging.HttpExchangeLoggingMiddleware: HTTP GET /api/com/light => 200
  >> Request: (empty)
  << Response: {"initialized":false,"partial":false,"configPath":"D:\\visionGay\\defect-detector-v3\\config\\blocks\\51-light-hardware.yaml","loadedFromYaml":true,"devices":[{"id":"com1","comPort":"COM1","channels":[1,2],"ready":false,"skipped":"COM1 не найден в EnumDevices. Видно: []"}],"readyDevices":[],"skippedPorts":{"COM1":"COM1 не найден в EnumDevices. Видно: []"},"channelOrder":"","configuredChannelOrder":"COM1:1, COM1:2","usage":{"post":"POST /api/com/light","bodyOn":{"state":"on","brightness":"100"},"bodyOff":{"state":"off"},"note":"brightness применяется только к подключённым COM (readyDevices)"}}
2026-07-11 17:16:41.328 [Warning] LightServer.Services.LightControlService: SerialLight:DisableSdkLock=true — SDK/COM без lock (эксперимент, возможны гонки и сбои)
2026-07-11 17:16:42.016 [Information] LightServer.Logging.HttpExchangeLoggingMiddleware: HTTP POST /api/camera-flash/pair => 400
  >> Request: {"cameraNumber":1,"leftPower":204,"rightPower":204}
  << Response: {"success":false,"cameraNumber":1,"deviceId":"mv-le-1","route":"network","ipAddress":"192.168.1.103","channels":[1,2],"brightness":[204,204],"error":"Устройство не найдено по ipAddress='192.168.1.103'."}
2026-07-11 17:16:42.692 [Information] LightServer.Logging.HttpExchangeLoggingMiddleware: HTTP POST /api/camera-flash/pair => 400
  >> Request: {"cameraNumber":2,"leftPower":204,"rightPower":204}
  << Response: {"success":false,"cameraNumber":2,"deviceId":"mv-le-1","route":"network","ipAddress":"192.168.1.103","channels":[3,4],"brightness":[204,204],"error":"Устройство не найдено по ipAddress='192.168.1.103'."}
2026-07-11 17:16:43.358 [Information] LightServer.Logging.HttpExchangeLoggingMiddleware: HTTP POST /api/camera-flash/pair => 400
  >> Request: {"cameraNumber":3,"leftPower":204,"rightPower":204}
  << Response: {"success":false,"cameraNumber":3,"deviceId":"mv-le-2","route":"network","ipAddress":"192.168.1.9","channels":[1,2],"brightness":[204,204],"error":"Устройство не найдено по ipAddress='192.168.1.9'."}
2026-07-11 17:16:44.024 [Information] LightServer.Logging.HttpExchangeLoggingMiddleware: HTTP POST /api/camera-flash/pair => 400
  >> Request: {"cameraNumber":4,"leftPower":204,"rightPower":204}
  << Response: {"success":false,"cameraNumber":4,"deviceId":"mv-le-2","route":"network","ipAddress":"192.168.1.9","channels":[3,4],"brightness":[204,204],"error":"Устройство не найдено по ipAddress='192.168.1.9'."}
2026-07-11 17:16:44.691 [Information] LightServer.Logging.HttpExchangeLoggingMiddleware: HTTP POST /api/camera-flash/pair => 400
  >> Request: {"cameraNumber":5,"leftPower":204,"rightPower":204}
  << Response: {"success":false,"cameraNumber":5,"deviceId":"mv-le-3","route":"network","ipAddress":"192.168.1.100","channels":[1,2],"brightness":[204,204],"error":"Устройство не найдено по ipAddress='192.168.1.100'."}
2026-07-11 17:16:45.359 [Information] LightServer.Logging.HttpExchangeLoggingMiddleware: HTTP POST /api/camera-flash/pair => 400
  >> Request: {"cameraNumber":6,"leftPower":204,"rightPower":204}
  << Response: {"success":false,"cameraNumber":6,"deviceId":"mv-le-3","route":"network","ipAddress":"192.168.1.100","channels":[3,4],"brightness":[204,204],"error":"Устройство не найдено по ipAddress='192.168.1.100'."}
2026-07-11 17:16:46.097 [Information] LightServer.Logging.HttpExchangeLoggingMiddleware: HTTP POST /api/camera-flash/pair => 200
  >> Request: {"cameraNumber":7,"leftPower":204,"rightPower":204}
  << Response: {"success":true,"cameraNumber":7,"deviceId":"mv-le-4","route":"network","ipAddress":"169.254.220.1","deviceIndex":5,"channels":[1,2],"brightness":[204,204]}
2026-07-11 17:16:46.816 [Information] LightServer.Logging.HttpExchangeLoggingMiddleware: HTTP POST /api/camera-flash/pair => 200
  >> Request: {"cameraNumber":8,"leftPower":204,"rightPower":204}
  << Response: {"success":true,"cameraNumber":8,"deviceId":"mv-le-4","route":"network","ipAddress":"169.254.220.1","deviceIndex":5,"channels":[3,4],"brightness":[204,204]}
2026-07-11 17:16:46.913 [Information] LightServer.Logging.HttpExchangeLoggingMiddleware: HTTP POST /api/camera-flash/single => 400
  >> Request: {"cameraNumber":9,"power":204}
  << Response: {"success":false,"cameraNumber":9,"deviceId":"com1","route":"com","comPort":"COM1","channels":[1],"brightness":[204],"error":"На COM_Port#COM1 ничего не найдено после SetEnumSerialPorts. Закройте MVS Client и повторите."}
2026-07-11 17:16:46.915 [Information] LightServer.Logging.HttpExchangeLoggingMiddleware: HTTP POST /api/camera-flash/single => 400
  >> Request: {"cameraNumber":10,"power":204}
  << Response: {"success":false,"cameraNumber":10,"deviceId":"com1","route":"com","comPort":"COM1","channels":[2],"brightness":[204],"error":"На COM_Port#COM1 ничего не найдено после SetEnumSerialPorts. Закройте MVS Client и повторите."}
2026-07-11 17:18:04.744 [Information] Microsoft.Hosting.Lifetime: Application is shutting down...
