--- LightServer log started 2026-08-21 16:49:42 ---
2026-08-21 16:49:42.576 [Information] LightServer: Content root: D:\visionGay\defect-detector-v3\LightServer.v3\bin\Release\net10.0\, ComLightDevices: 1, файл лога: D:\visionGay\defect-detector-v3\LightServer.v3\logs\2026-08-21_16-49-42.log
2026-08-21 16:49:42.856 [Information] Microsoft.Hosting.Lifetime: Now listening on: http://127.0.0.1:5080
2026-08-21 16:49:42.857 [Information] Microsoft.Hosting.Lifetime: Application started. Press Ctrl+C to shut down.
2026-08-21 16:49:42.857 [Information] Microsoft.Hosting.Lifetime: Hosting environment: Production
2026-08-21 16:49:42.857 [Information] Microsoft.Hosting.Lifetime: Content root path: D:\visionGay\defect-detector-v3\LightServer.v3\bin\Release\net10.0\
2026-08-21 16:49:43.456 [Information] LightServer.Services.EthernetMvLeBank: Ethernet bank: EnumDevices count=14, targets=4
2026-08-21 16:49:43.503 [Warning] LightServer.Services.EthernetMvLeBank: Ethernet bank: open failed mv-le-1@169.254.220.23: Open 0x80000203
2026-08-21 16:49:43.529 [Warning] LightServer.Services.EthernetMvLeBank: Ethernet bank: open failed mv-le-2@169.254.220.22: Open 0x80000203
2026-08-21 16:49:43.560 [Warning] LightServer.Services.EthernetMvLeBank: Ethernet bank: open failed mv-le-3@169.254.220.2: Open 0x80000203
2026-08-21 16:49:43.591 [Warning] LightServer.Services.EthernetMvLeBank: Ethernet bank: open failed mv-le-4@169.254.220.1: Open 0x80000203
2026-08-21 16:49:44.884 [Information] LightServer.Services.ComLightIsolatedBank: IsolatedBank: EnumDevices count=1, map=[COM1:0]
2026-08-21 16:49:45.433 [Information] LightServer.Services.IsolatedComPortLight: COM1: открыт idx=0/1 mode=bank-On MV-LE200-48W24-2D @ COM1 (DA8782414)
2026-08-21 16:49:45.433 [Information] LightServer.Services.ComLightIsolatedBank: IsolatedBank: готово COM1
2026-08-21 16:49:45.434 [Information] LightServer.Services.ComLightBankService: ComLightBank: готово 1/1 COM (COM1)
2026-08-21 16:49:48.506 [Information] LightServer.Logging.HttpExchangeLoggingMiddleware: HTTP POST /api/camera-flash/bank => 400
  >> Request: {"state":"on"}
  << Response: {"success":false,"error":"Ethernet bank: ни одно MV-LE не открыто."}
2026-08-21 16:49:51.531 [Information] LightServer.Logging.HttpExchangeLoggingMiddleware: HTTP POST /api/camera-flash/bank => 400
  >> Request: {"state":"off"}
  << Response: {"success":false,"error":"Ethernet bank: ни одно MV-LE не открыто."}
2026-08-21 16:49:58.236 [Information] LightServer.Logging.HttpExchangeLoggingMiddleware: HTTP POST /api/camera-flash/bank => 400
  >> Request: {"state":"on"}
  << Response: {"success":false,"error":"Ethernet bank: ни одно MV-LE не открыто."}
2026-08-21 16:50:01.348 [Information] LightServer.Logging.HttpExchangeLoggingMiddleware: HTTP POST /api/camera-flash/bank => 400
  >> Request: {"state":"off"}
  << Response: {"success":false,"error":"Ethernet bank: ни одно MV-LE не открыто."}
2026-08-21 16:50:08.052 [Information] LightServer.Logging.HttpExchangeLoggingMiddleware: HTTP POST /api/camera-flash/bank => 400
  >> Request: {"state":"on"}
  << Response: {"success":false,"error":"Ethernet bank: ни одно MV-LE не открыто."}
2026-08-21 16:50:11.187 [Information] LightServer.Logging.HttpExchangeLoggingMiddleware: HTTP POST /api/camera-flash/bank => 400
  >> Request: {"state":"off"}
  << Response: {"success":false,"error":"Ethernet bank: ни одно MV-LE не открыто."}
2026-08-21 16:50:11.982 [Information] LightServer.Logging.HttpExchangeLoggingMiddleware: HTTP POST /api/camera-flash/bank => 400
  >> Request: {"state":"off"}
  << Response: {"success":false,"error":"Ethernet bank: ни одно MV-LE не открыто."}
2026-08-21 16:50:11.983 [Information] LightServer.Logging.HttpExchangeLoggingMiddleware: HTTP POST /api/camera-flash/bank => 400
  >> Request: {"state":"off"}
  << Response: {"success":false,"error":"Ethernet bank: ни одно MV-LE не открыто."}
2026-08-21 16:50:12.397 [Information] LightServer.Logging.HttpExchangeLoggingMiddleware: HTTP POST /api/camera-flash/bank => 400
  >> Request: {"state":"off"}
  << Response: {"success":false,"error":"Ethernet bank: ни одно MV-LE не открыто."}
