--- LightServer log started 2026-07-10 11:42:52 ---
2026-07-10 11:42:53.035 [Information] LightServer: Content root: D:\visionGay\defect-detector-v3\LightServer.v3\bin\Release\net10.0\, ComLightDevices: 3, файл лога: D:\visionGay\defect-detector-v3\LightServer.v3\logs\2026-07-10_11-42-52.log
2026-07-10 11:42:53.150 [Information] Microsoft.Hosting.Lifetime: Now listening on: http://127.0.0.1:5080
2026-07-10 11:42:53.150 [Information] Microsoft.Hosting.Lifetime: Application started. Press Ctrl+C to shut down.
2026-07-10 11:42:53.151 [Information] Microsoft.Hosting.Lifetime: Hosting environment: Production
2026-07-10 11:42:53.151 [Information] Microsoft.Hosting.Lifetime: Content root path: D:\visionGay\defect-detector-v3\LightServer.v3\bin\Release\net10.0\
2026-07-10 11:42:58.087 [Information] LightServer.Services.ComLightIsolatedBank: IsolatedBank: EnumDevices count=0, map=[]
2026-07-10 11:42:58.090 [Warning] LightServer.Services.ComLightIsolatedBank: IsolatedBank: пропуск COM1: COM1 не найден в EnumDevices. Видно: []
2026-07-10 11:42:58.090 [Warning] LightServer.Services.ComLightIsolatedBank: IsolatedBank: пропуск COM2: COM2 не найден в EnumDevices. Видно: []
2026-07-10 11:42:58.091 [Warning] LightServer.Services.ComLightIsolatedBank: IsolatedBank: пропуск COM3: COM3 не найден в EnumDevices. Видно: []
2026-07-10 11:42:58.092 [Error] LightServer.Services.ComLightIsolatedBank: IsolatedBank: COM1 не найден в EnumDevices. Видно: []; COM2 не найден в EnumDevices. Видно: []; COM3 не найден в EnumDevices. Видно: []
2026-07-10 11:42:58.092 [Error] LightServer.Services.ComLightBankService: ComLightBank: инициализация не удалась: COM1 не найден в EnumDevices. Видно: []; COM2 не найден в EnumDevices. Видно: []; COM3 не найден в EnumDevices. Видно: []
2026-07-10 11:43:05.791 [Information] LightServer.Services.ComLightIsolatedBank: IsolatedBank: EnumDevices count=0, map=[]
2026-07-10 11:43:05.792 [Warning] LightServer.Services.ComLightIsolatedBank: IsolatedBank: пропуск COM1: COM1 не найден в EnumDevices. Видно: []
2026-07-10 11:43:05.792 [Warning] LightServer.Services.ComLightIsolatedBank: IsolatedBank: пропуск COM2: COM2 не найден в EnumDevices. Видно: []
2026-07-10 11:43:05.792 [Warning] LightServer.Services.ComLightIsolatedBank: IsolatedBank: пропуск COM3: COM3 не найден в EnumDevices. Видно: []
2026-07-10 11:43:05.793 [Error] LightServer.Services.ComLightIsolatedBank: IsolatedBank: COM1 не найден в EnumDevices. Видно: []; COM2 не найден в EnumDevices. Видно: []; COM3 не найден в EnumDevices. Видно: []
2026-07-10 11:43:05.793 [Error] LightServer.Services.ComLightBankService: ComLightBank: инициализация не удалась: COM1 не найден в EnumDevices. Видно: []; COM2 не найден в EnumDevices. Видно: []; COM3 не найден в EnumDevices. Видно: []
2026-07-10 11:43:05.827 [Information] LightServer.Logging.HttpExchangeLoggingMiddleware: HTTP GET /api/com/light => 200
  >> Request: (empty)
  << Response: (empty)
2026-07-10 11:43:10.690 [Information] LightServer.Services.ComLightIsolatedBank: IsolatedBank: EnumDevices count=0, map=[]
2026-07-10 11:43:10.690 [Warning] LightServer.Services.ComLightIsolatedBank: IsolatedBank: пропуск COM1: COM1 не найден в EnumDevices. Видно: []
2026-07-10 11:43:10.690 [Warning] LightServer.Services.ComLightIsolatedBank: IsolatedBank: пропуск COM2: COM2 не найден в EnumDevices. Видно: []
2026-07-10 11:43:10.690 [Warning] LightServer.Services.ComLightIsolatedBank: IsolatedBank: пропуск COM3: COM3 не найден в EnumDevices. Видно: []
2026-07-10 11:43:10.690 [Error] LightServer.Services.ComLightIsolatedBank: IsolatedBank: COM1 не найден в EnumDevices. Видно: []; COM2 не найден в EnumDevices. Видно: []; COM3 не найден в EnumDevices. Видно: []
2026-07-10 11:43:10.691 [Error] LightServer.Services.ComLightBankService: ComLightBank: инициализация не удалась: COM1 не найден в EnumDevices. Видно: []; COM2 не найден в EnumDevices. Видно: []; COM3 не найден в EnumDevices. Видно: []
2026-07-10 11:43:10.692 [Information] LightServer.Logging.HttpExchangeLoggingMiddleware: HTTP GET /api/com/light => 200
  >> Request: (empty)
  << Response: (empty)
2026-07-10 11:43:15.593 [Information] LightServer.Services.ComLightIsolatedBank: IsolatedBank: EnumDevices count=0, map=[]
2026-07-10 11:43:15.593 [Warning] LightServer.Services.ComLightIsolatedBank: IsolatedBank: пропуск COM1: COM1 не найден в EnumDevices. Видно: []
2026-07-10 11:43:15.593 [Warning] LightServer.Services.ComLightIsolatedBank: IsolatedBank: пропуск COM2: COM2 не найден в EnumDevices. Видно: []
2026-07-10 11:43:15.593 [Warning] LightServer.Services.ComLightIsolatedBank: IsolatedBank: пропуск COM3: COM3 не найден в EnumDevices. Видно: []
2026-07-10 11:43:15.593 [Error] LightServer.Services.ComLightIsolatedBank: IsolatedBank: COM1 не найден в EnumDevices. Видно: []; COM2 не найден в EnumDevices. Видно: []; COM3 не найден в EnumDevices. Видно: []
2026-07-10 11:43:15.593 [Error] LightServer.Services.ComLightBankService: ComLightBank: инициализация не удалась: COM1 не найден в EnumDevices. Видно: []; COM2 не найден в EnumDevices. Видно: []; COM3 не найден в EnumDevices. Видно: []
2026-07-10 11:43:15.594 [Information] LightServer.Logging.HttpExchangeLoggingMiddleware: HTTP GET /api/com/light => 200
  >> Request: (empty)
  << Response: (empty)
2026-07-10 11:43:20.493 [Information] LightServer.Services.ComLightIsolatedBank: IsolatedBank: EnumDevices count=0, map=[]
2026-07-10 11:43:20.493 [Warning] LightServer.Services.ComLightIsolatedBank: IsolatedBank: пропуск COM1: COM1 не найден в EnumDevices. Видно: []
2026-07-10 11:43:20.493 [Warning] LightServer.Services.ComLightIsolatedBank: IsolatedBank: пропуск COM2: COM2 не найден в EnumDevices. Видно: []
2026-07-10 11:43:20.493 [Warning] LightServer.Services.ComLightIsolatedBank: IsolatedBank: пропуск COM3: COM3 не найден в EnumDevices. Видно: []
2026-07-10 11:43:20.493 [Error] LightServer.Services.ComLightIsolatedBank: IsolatedBank: COM1 не найден в EnumDevices. Видно: []; COM2 не найден в EnumDevices. Видно: []; COM3 не найден в EnumDevices. Видно: []
2026-07-10 11:43:20.493 [Error] LightServer.Services.ComLightBankService: ComLightBank: инициализация не удалась: COM1 не найден в EnumDevices. Видно: []; COM2 не найден в EnumDevices. Видно: []; COM3 не найден в EnumDevices. Видно: []
2026-07-10 11:43:20.494 [Information] LightServer.Logging.HttpExchangeLoggingMiddleware: HTTP GET /api/com/light => 200
  >> Request: (empty)
  << Response: (empty)
2026-07-10 11:43:21.337 [Warning] LightServer.Services.LightControlService: SerialLight:DisableSdkLock=true — SDK/COM без lock (эксперимент, возможны гонки и сбои)
2026-07-10 11:43:25.391 [Information] LightServer.Services.ComLightIsolatedBank: IsolatedBank: EnumDevices count=0, map=[]
2026-07-10 11:43:25.391 [Warning] LightServer.Services.ComLightIsolatedBank: IsolatedBank: пропуск COM1: COM1 не найден в EnumDevices. Видно: []
2026-07-10 11:43:25.391 [Warning] LightServer.Services.ComLightIsolatedBank: IsolatedBank: пропуск COM2: COM2 не найден в EnumDevices. Видно: []
2026-07-10 11:43:25.391 [Warning] LightServer.Services.ComLightIsolatedBank: IsolatedBank: пропуск COM3: COM3 не найден в EnumDevices. Видно: []
2026-07-10 11:43:25.391 [Error] LightServer.Services.ComLightIsolatedBank: IsolatedBank: COM1 не найден в EnumDevices. Видно: []; COM2 не найден в EnumDevices. Видно: []; COM3 не найден в EnumDevices. Видно: []
2026-07-10 11:43:25.392 [Error] LightServer.Services.ComLightBankService: ComLightBank: инициализация не удалась: COM1 не найден в EnumDevices. Видно: []; COM2 не найден в EnumDevices. Видно: []; COM3 не найден в EnumDevices. Видно: []
2026-07-10 11:43:25.392 [Information] LightServer.Logging.HttpExchangeLoggingMiddleware: HTTP GET /api/com/light => 200
  >> Request: (empty)
  << Response: (empty)
2026-07-10 11:43:26.136 [Information] LightServer.Logging.HttpExchangeLoggingMiddleware: HTTP POST /api/camera-flash/pair => 200
  >> Request: {"cameraNumber":1,"leftPower":204,"rightPower":204}
  << Response: {"success":true,"cameraNumber":1,"deviceId":"mv-le-3","route":"network","ipAddress":"169.254.220.1","deviceIndex":2,"channels":[1,2],"brightness":[204,204]}
2026-07-10 11:43:30.947 [Information] LightServer.Services.ComLightIsolatedBank: IsolatedBank: EnumDevices count=0, map=[]
2026-07-10 11:43:30.947 [Warning] LightServer.Services.ComLightIsolatedBank: IsolatedBank: пропуск COM1: COM1 не найден в EnumDevices. Видно: []
2026-07-10 11:43:30.947 [Warning] LightServer.Services.ComLightIsolatedBank: IsolatedBank: пропуск COM2: COM2 не найден в EnumDevices. Видно: []
2026-07-10 11:43:30.947 [Warning] LightServer.Services.ComLightIsolatedBank: IsolatedBank: пропуск COM3: COM3 не найден в EnumDevices. Видно: []
2026-07-10 11:43:30.947 [Error] LightServer.Services.ComLightIsolatedBank: IsolatedBank: COM1 не найден в EnumDevices. Видно: []; COM2 не найден в EnumDevices. Видно: []; COM3 не найден в EnumDevices. Видно: []
2026-07-10 11:43:30.948 [Error] LightServer.Services.ComLightBankService: ComLightBank: инициализация не удалась: COM1 не найден в EnumDevices. Видно: []; COM2 не найден в EnumDevices. Видно: []; COM3 не найден в EnumDevices. Видно: []
2026-07-10 11:43:30.948 [Information] LightServer.Logging.HttpExchangeLoggingMiddleware: HTTP GET /api/com/light => 200
  >> Request: (empty)
  << Response: (empty)
2026-07-10 11:43:31.657 [Information] LightServer.Logging.HttpExchangeLoggingMiddleware: HTTP POST /api/camera-flash/pair => 200
  >> Request: {"cameraNumber":2,"leftPower":204,"rightPower":204}
  << Response: {"success":true,"cameraNumber":2,"deviceId":"mv-le-3","route":"network","ipAddress":"169.254.220.1","deviceIndex":4,"channels":[3,4],"brightness":[204,204]}
2026-07-10 11:43:36.575 [Information] LightServer.Logging.HttpExchangeLoggingMiddleware: HTTP POST /api/camera-flash/pair => 400
  >> Request: {"cameraNumber":3,"leftPower":204,"rightPower":204}
  << Response: {"success":false,"cameraNumber":3,"deviceId":"com2","route":"com","comPort":"COM2","channels":[1,2],"brightness":[204,204],"error":"На COM_Port#COM2 ничего не найдено после SetEnumSerialPorts. Закройте MVS Client и повторите."}
2026-07-10 11:43:36.582 [Information] LightServer.Logging.HttpExchangeLoggingMiddleware: HTTP POST /api/camera-flash/pair => 400
  >> Request: {"cameraNumber":4,"leftPower":204,"rightPower":204}
  << Response: {"success":false,"cameraNumber":4,"deviceId":"com2","route":"com","comPort":"COM2","channels":[3,4],"brightness":[204,204],"error":"На COM_Port#COM2 ничего не найдено после SetEnumSerialPorts. Закройте MVS Client и повторите."}
2026-07-10 11:43:37.313 [Information] LightServer.Logging.HttpExchangeLoggingMiddleware: HTTP POST /api/camera-flash/pair => 200
  >> Request: {"cameraNumber":5,"leftPower":204,"rightPower":204}
  << Response: {"success":true,"cameraNumber":5,"deviceId":"mv-le-1","route":"network","ipAddress":"192.168.1.103","deviceIndex":0,"channels":[1,2],"brightness":[204,204]}
2026-07-10 11:43:38.022 [Information] LightServer.Logging.HttpExchangeLoggingMiddleware: HTTP POST /api/camera-flash/pair => 200
  >> Request: {"cameraNumber":6,"leftPower":204,"rightPower":204}
  << Response: {"success":true,"cameraNumber":6,"deviceId":"mv-le-1","route":"network","ipAddress":"192.168.1.103","deviceIndex":1,"channels":[3,4],"brightness":[204,204]}
2026-07-10 11:43:38.763 [Information] LightServer.Logging.HttpExchangeLoggingMiddleware: HTTP POST /api/camera-flash/pair => 200
  >> Request: {"cameraNumber":7,"leftPower":204,"rightPower":204}
  << Response: {"success":true,"cameraNumber":7,"deviceId":"mv-le-2","route":"network","ipAddress":"192.168.1.9","deviceIndex":0,"channels":[1,2],"brightness":[204,204]}
2026-07-10 11:43:39.499 [Information] LightServer.Logging.HttpExchangeLoggingMiddleware: HTTP POST /api/camera-flash/pair => 200
  >> Request: {"cameraNumber":8,"leftPower":204,"rightPower":204}
  << Response: {"success":true,"cameraNumber":8,"deviceId":"mv-le-2","route":"network","ipAddress":"192.168.1.9","deviceIndex":1,"channels":[3,4],"brightness":[204,204]}
2026-07-10 11:43:39.508 [Information] LightServer.Logging.HttpExchangeLoggingMiddleware: HTTP POST /api/camera-flash/single => 400
  >> Request: {"cameraNumber":9,"power":204}
  << Response: {"success":false,"cameraNumber":9,"deviceId":"com1","route":"com","comPort":"COM1","channels":[1],"brightness":[204],"error":"На COM_Port#COM1 ничего не найдено после SetEnumSerialPorts. Закройте MVS Client и повторите."}
2026-07-10 11:43:39.510 [Information] LightServer.Logging.HttpExchangeLoggingMiddleware: HTTP POST /api/camera-flash/single => 400
  >> Request: {"cameraNumber":10,"power":204}
  << Response: {"success":false,"cameraNumber":10,"deviceId":"com1","route":"com","comPort":"COM1","channels":[2],"brightness":[204],"error":"На COM_Port#COM1 ничего не найдено после SetEnumSerialPorts. Закройте MVS Client и повторите."}
2026-07-10 11:44:09.482 [Information] Microsoft.Hosting.Lifetime: Application is shutting down...
