--- LightServer log started 2026-07-10 00:02:43 ---
2026-07-10 00:02:43.971 [Information] LightServer: Content root: D:\visionGay\defect-detector-v3\LightServer.v3\bin\Release\net10.0\, ComLightDevices: 3, файл лога: D:\visionGay\defect-detector-v3\LightServer.v3\logs\2026-07-10_00-02-43.log
2026-07-10 00:02:44.083 [Information] Microsoft.Hosting.Lifetime: Now listening on: http://127.0.0.1:5080
2026-07-10 00:02:44.083 [Information] Microsoft.Hosting.Lifetime: Application started. Press Ctrl+C to shut down.
2026-07-10 00:02:44.083 [Information] Microsoft.Hosting.Lifetime: Hosting environment: Production
2026-07-10 00:02:44.084 [Information] Microsoft.Hosting.Lifetime: Content root path: D:\visionGay\defect-detector-v3\LightServer.v3\bin\Release\net10.0\
2026-07-10 00:02:49.046 [Information] LightServer.Services.ComLightIsolatedBank: IsolatedBank: EnumDevices count=0, map=[]
2026-07-10 00:02:49.049 [Warning] LightServer.Services.ComLightIsolatedBank: IsolatedBank: пропуск COM1: COM1 не найден в EnumDevices. Видно: []
2026-07-10 00:02:49.049 [Warning] LightServer.Services.ComLightIsolatedBank: IsolatedBank: пропуск COM2: COM2 не найден в EnumDevices. Видно: []
2026-07-10 00:02:49.049 [Warning] LightServer.Services.ComLightIsolatedBank: IsolatedBank: пропуск COM3: COM3 не найден в EnumDevices. Видно: []
2026-07-10 00:02:49.050 [Error] LightServer.Services.ComLightIsolatedBank: IsolatedBank: COM1 не найден в EnumDevices. Видно: []; COM2 не найден в EnumDevices. Видно: []; COM3 не найден в EnumDevices. Видно: []
2026-07-10 00:02:49.051 [Error] LightServer.Services.ComLightBankService: ComLightBank: инициализация не удалась: COM1 не найден в EnumDevices. Видно: []; COM2 не найден в EnumDevices. Видно: []; COM3 не найден в EnumDevices. Видно: []
2026-07-10 00:02:56.764 [Information] LightServer.Services.ComLightIsolatedBank: IsolatedBank: EnumDevices count=0, map=[]
2026-07-10 00:02:56.765 [Warning] LightServer.Services.ComLightIsolatedBank: IsolatedBank: пропуск COM1: COM1 не найден в EnumDevices. Видно: []
2026-07-10 00:02:56.773 [Warning] LightServer.Services.ComLightIsolatedBank: IsolatedBank: пропуск COM2: COM2 не найден в EnumDevices. Видно: []
2026-07-10 00:02:56.774 [Warning] LightServer.Services.ComLightIsolatedBank: IsolatedBank: пропуск COM3: COM3 не найден в EnumDevices. Видно: []
2026-07-10 00:02:56.774 [Error] LightServer.Services.ComLightIsolatedBank: IsolatedBank: COM1 не найден в EnumDevices. Видно: []; COM2 не найден в EnumDevices. Видно: []; COM3 не найден в EnumDevices. Видно: []
2026-07-10 00:02:56.774 [Error] LightServer.Services.ComLightBankService: ComLightBank: инициализация не удалась: COM1 не найден в EnumDevices. Видно: []; COM2 не найден в EnumDevices. Видно: []; COM3 не найден в EnumDevices. Видно: []
2026-07-10 00:02:56.808 [Information] LightServer.Logging.HttpExchangeLoggingMiddleware: HTTP GET /api/com/light => 200
  >> Request: (empty)
  << Response: (empty)
2026-07-10 00:03:01.681 [Information] LightServer.Services.ComLightIsolatedBank: IsolatedBank: EnumDevices count=0, map=[]
2026-07-10 00:03:01.681 [Warning] LightServer.Services.ComLightIsolatedBank: IsolatedBank: пропуск COM1: COM1 не найден в EnumDevices. Видно: []
2026-07-10 00:03:01.681 [Warning] LightServer.Services.ComLightIsolatedBank: IsolatedBank: пропуск COM2: COM2 не найден в EnumDevices. Видно: []
2026-07-10 00:03:01.681 [Warning] LightServer.Services.ComLightIsolatedBank: IsolatedBank: пропуск COM3: COM3 не найден в EnumDevices. Видно: []
2026-07-10 00:03:01.681 [Error] LightServer.Services.ComLightIsolatedBank: IsolatedBank: COM1 не найден в EnumDevices. Видно: []; COM2 не найден в EnumDevices. Видно: []; COM3 не найден в EnumDevices. Видно: []
2026-07-10 00:03:01.682 [Error] LightServer.Services.ComLightBankService: ComLightBank: инициализация не удалась: COM1 не найден в EnumDevices. Видно: []; COM2 не найден в EnumDevices. Видно: []; COM3 не найден в EnumDevices. Видно: []
2026-07-10 00:03:01.683 [Information] LightServer.Logging.HttpExchangeLoggingMiddleware: HTTP GET /api/com/light => 200
  >> Request: (empty)
  << Response: (empty)
2026-07-10 00:03:06.587 [Information] LightServer.Services.ComLightIsolatedBank: IsolatedBank: EnumDevices count=0, map=[]
2026-07-10 00:03:06.588 [Warning] LightServer.Services.ComLightIsolatedBank: IsolatedBank: пропуск COM1: COM1 не найден в EnumDevices. Видно: []
2026-07-10 00:03:06.588 [Warning] LightServer.Services.ComLightIsolatedBank: IsolatedBank: пропуск COM2: COM2 не найден в EnumDevices. Видно: []
2026-07-10 00:03:06.588 [Warning] LightServer.Services.ComLightIsolatedBank: IsolatedBank: пропуск COM3: COM3 не найден в EnumDevices. Видно: []
2026-07-10 00:03:06.588 [Error] LightServer.Services.ComLightIsolatedBank: IsolatedBank: COM1 не найден в EnumDevices. Видно: []; COM2 не найден в EnumDevices. Видно: []; COM3 не найден в EnumDevices. Видно: []
2026-07-10 00:03:06.588 [Error] LightServer.Services.ComLightBankService: ComLightBank: инициализация не удалась: COM1 не найден в EnumDevices. Видно: []; COM2 не найден в EnumDevices. Видно: []; COM3 не найден в EnumDevices. Видно: []
2026-07-10 00:03:06.589 [Information] LightServer.Logging.HttpExchangeLoggingMiddleware: HTTP GET /api/com/light => 200
  >> Request: (empty)
  << Response: (empty)
2026-07-10 00:03:11.488 [Information] LightServer.Services.ComLightIsolatedBank: IsolatedBank: EnumDevices count=0, map=[]
2026-07-10 00:03:11.488 [Warning] LightServer.Services.ComLightIsolatedBank: IsolatedBank: пропуск COM1: COM1 не найден в EnumDevices. Видно: []
2026-07-10 00:03:11.489 [Warning] LightServer.Services.ComLightIsolatedBank: IsolatedBank: пропуск COM2: COM2 не найден в EnumDevices. Видно: []
2026-07-10 00:03:11.489 [Warning] LightServer.Services.ComLightIsolatedBank: IsolatedBank: пропуск COM3: COM3 не найден в EnumDevices. Видно: []
2026-07-10 00:03:11.489 [Error] LightServer.Services.ComLightIsolatedBank: IsolatedBank: COM1 не найден в EnumDevices. Видно: []; COM2 не найден в EnumDevices. Видно: []; COM3 не найден в EnumDevices. Видно: []
2026-07-10 00:03:11.489 [Error] LightServer.Services.ComLightBankService: ComLightBank: инициализация не удалась: COM1 не найден в EnumDevices. Видно: []; COM2 не найден в EnumDevices. Видно: []; COM3 не найден в EnumDevices. Видно: []
2026-07-10 00:03:11.489 [Information] LightServer.Logging.HttpExchangeLoggingMiddleware: HTTP GET /api/com/light => 200
  >> Request: (empty)
  << Response: (empty)
2026-07-10 00:03:12.272 [Warning] LightServer.Services.LightControlService: SerialLight:DisableSdkLock=true — SDK/COM без lock (эксперимент, возможны гонки и сбои)
2026-07-10 00:03:16.379 [Information] LightServer.Services.ComLightIsolatedBank: IsolatedBank: EnumDevices count=0, map=[]
2026-07-10 00:03:16.379 [Warning] LightServer.Services.ComLightIsolatedBank: IsolatedBank: пропуск COM1: COM1 не найден в EnumDevices. Видно: []
2026-07-10 00:03:16.380 [Warning] LightServer.Services.ComLightIsolatedBank: IsolatedBank: пропуск COM2: COM2 не найден в EnumDevices. Видно: []
2026-07-10 00:03:16.380 [Warning] LightServer.Services.ComLightIsolatedBank: IsolatedBank: пропуск COM3: COM3 не найден в EnumDevices. Видно: []
2026-07-10 00:03:16.380 [Error] LightServer.Services.ComLightIsolatedBank: IsolatedBank: COM1 не найден в EnumDevices. Видно: []; COM2 не найден в EnumDevices. Видно: []; COM3 не найден в EnumDevices. Видно: []
2026-07-10 00:03:16.380 [Error] LightServer.Services.ComLightBankService: ComLightBank: инициализация не удалась: COM1 не найден в EnumDevices. Видно: []; COM2 не найден в EnumDevices. Видно: []; COM3 не найден в EnumDevices. Видно: []
2026-07-10 00:03:16.380 [Information] LightServer.Logging.HttpExchangeLoggingMiddleware: HTTP GET /api/com/light => 200
  >> Request: (empty)
  << Response: (empty)
2026-07-10 00:03:17.126 [Information] LightServer.Logging.HttpExchangeLoggingMiddleware: HTTP POST /api/camera-flash/pair => 200
  >> Request: {"cameraNumber":1,"leftPower":204,"rightPower":204}
  << Response: {"success":true,"cameraNumber":1,"deviceId":"mv-le-3","route":"network","ipAddress":"169.254.220.1","deviceIndex":4,"channels":[1,2],"brightness":[204,204]}
2026-07-10 00:03:21.940 [Information] LightServer.Services.ComLightIsolatedBank: IsolatedBank: EnumDevices count=0, map=[]
2026-07-10 00:03:21.940 [Warning] LightServer.Services.ComLightIsolatedBank: IsolatedBank: пропуск COM1: COM1 не найден в EnumDevices. Видно: []
2026-07-10 00:03:21.941 [Warning] LightServer.Services.ComLightIsolatedBank: IsolatedBank: пропуск COM2: COM2 не найден в EnumDevices. Видно: []
2026-07-10 00:03:21.941 [Warning] LightServer.Services.ComLightIsolatedBank: IsolatedBank: пропуск COM3: COM3 не найден в EnumDevices. Видно: []
2026-07-10 00:03:21.941 [Error] LightServer.Services.ComLightIsolatedBank: IsolatedBank: COM1 не найден в EnumDevices. Видно: []; COM2 не найден в EnumDevices. Видно: []; COM3 не найден в EnumDevices. Видно: []
2026-07-10 00:03:21.941 [Error] LightServer.Services.ComLightBankService: ComLightBank: инициализация не удалась: COM1 не найден в EnumDevices. Видно: []; COM2 не найден в EnumDevices. Видно: []; COM3 не найден в EnumDevices. Видно: []
2026-07-10 00:03:21.942 [Information] LightServer.Logging.HttpExchangeLoggingMiddleware: HTTP GET /api/com/light => 200
  >> Request: (empty)
  << Response: (empty)
2026-07-10 00:03:22.652 [Information] LightServer.Logging.HttpExchangeLoggingMiddleware: HTTP POST /api/camera-flash/pair => 200
  >> Request: {"cameraNumber":2,"leftPower":204,"rightPower":204}
  << Response: {"success":true,"cameraNumber":2,"deviceId":"mv-le-3","route":"network","ipAddress":"169.254.220.1","deviceIndex":4,"channels":[3,4],"brightness":[204,204]}
2026-07-10 00:03:27.571 [Information] LightServer.Logging.HttpExchangeLoggingMiddleware: HTTP POST /api/camera-flash/pair => 400
  >> Request: {"cameraNumber":3,"leftPower":204,"rightPower":204}
  << Response: {"success":false,"cameraNumber":3,"deviceId":"com2","route":"com","comPort":"COM2","channels":[1,2],"brightness":[204,204],"error":"На COM_Port#COM2 ничего не найдено после SetEnumSerialPorts. Закройте MVS Client и повторите."}
2026-07-10 00:03:27.579 [Information] LightServer.Logging.HttpExchangeLoggingMiddleware: HTTP POST /api/camera-flash/pair => 400
  >> Request: {"cameraNumber":4,"leftPower":204,"rightPower":204}
  << Response: {"success":false,"cameraNumber":4,"deviceId":"com2","route":"com","comPort":"COM2","channels":[3,4],"brightness":[204,204],"error":"На COM_Port#COM2 ничего не найдено после SetEnumSerialPorts. Закройте MVS Client и повторите."}
2026-07-10 00:03:28.309 [Information] LightServer.Logging.HttpExchangeLoggingMiddleware: HTTP POST /api/camera-flash/pair => 200
  >> Request: {"cameraNumber":5,"leftPower":204,"rightPower":204}
  << Response: {"success":true,"cameraNumber":5,"deviceId":"mv-le-1","route":"network","ipAddress":"192.168.1.103","deviceIndex":0,"channels":[1,2],"brightness":[204,204]}
2026-07-10 00:03:29.031 [Information] LightServer.Logging.HttpExchangeLoggingMiddleware: HTTP POST /api/camera-flash/pair => 200
  >> Request: {"cameraNumber":6,"leftPower":204,"rightPower":204}
  << Response: {"success":true,"cameraNumber":6,"deviceId":"mv-le-1","route":"network","ipAddress":"192.168.1.103","deviceIndex":1,"channels":[3,4],"brightness":[204,204]}
2026-07-10 00:03:29.740 [Information] LightServer.Logging.HttpExchangeLoggingMiddleware: HTTP POST /api/camera-flash/pair => 200
  >> Request: {"cameraNumber":7,"leftPower":204,"rightPower":204}
  << Response: {"success":true,"cameraNumber":7,"deviceId":"mv-le-2","route":"network","ipAddress":"192.168.1.9","deviceIndex":0,"channels":[1,2],"brightness":[204,204]}
2026-07-10 00:03:30.465 [Information] LightServer.Logging.HttpExchangeLoggingMiddleware: HTTP POST /api/camera-flash/pair => 200
  >> Request: {"cameraNumber":8,"leftPower":204,"rightPower":204}
  << Response: {"success":true,"cameraNumber":8,"deviceId":"mv-le-2","route":"network","ipAddress":"192.168.1.9","deviceIndex":1,"channels":[3,4],"brightness":[204,204]}
2026-07-10 00:03:30.475 [Information] LightServer.Logging.HttpExchangeLoggingMiddleware: HTTP POST /api/camera-flash/single => 400
  >> Request: {"cameraNumber":9,"power":204}
  << Response: {"success":false,"cameraNumber":9,"deviceId":"com1","route":"com","comPort":"COM1","channels":[1],"brightness":[204],"error":"На COM_Port#COM1 ничего не найдено после SetEnumSerialPorts. Закройте MVS Client и повторите."}
2026-07-10 00:03:30.477 [Information] LightServer.Logging.HttpExchangeLoggingMiddleware: HTTP POST /api/camera-flash/single => 400
  >> Request: {"cameraNumber":10,"power":204}
  << Response: {"success":false,"cameraNumber":10,"deviceId":"com1","route":"com","comPort":"COM1","channels":[2],"brightness":[204],"error":"На COM_Port#COM1 ничего не найдено после SetEnumSerialPorts. Закройте MVS Client и повторите."}
2026-07-10 00:12:56.237 [Information] Microsoft.Hosting.Lifetime: Application is shutting down...
