--- LightServer log started 2026-07-11 18:04:00 ---
2026-07-11 18:04:01.129 [Information] LightServer: Content root: D:\visionGay\defect-detector-v3\LightServer.v3\bin\Release\net10.0\, ComLightDevices: 1, файл лога: D:\visionGay\defect-detector-v3\LightServer.v3\logs\2026-07-11_18-04-00.log
2026-07-11 18:04:01.245 [Information] Microsoft.Hosting.Lifetime: Now listening on: http://127.0.0.1:5080
2026-07-11 18:04:01.245 [Information] Microsoft.Hosting.Lifetime: Application started. Press Ctrl+C to shut down.
2026-07-11 18:04:01.245 [Information] Microsoft.Hosting.Lifetime: Hosting environment: Production
2026-07-11 18:04:01.245 [Information] Microsoft.Hosting.Lifetime: Content root path: D:\visionGay\defect-detector-v3\LightServer.v3\bin\Release\net10.0\
2026-07-11 18:04:01.593 [Information] LightServer.Services.ComLightIsolatedBank: IsolatedBank: EnumDevices count=0, map=[]
2026-07-11 18:04:01.596 [Warning] LightServer.Services.ComLightIsolatedBank: IsolatedBank: пропуск COM1: COM1 не найден в EnumDevices. Видно: []
2026-07-11 18:04:01.597 [Error] LightServer.Services.ComLightIsolatedBank: IsolatedBank: COM1 не найден в EnumDevices. Видно: []
2026-07-11 18:04:01.597 [Error] LightServer.Services.ComLightBankService: ComLightBank: инициализация не удалась: COM1 не найден в EnumDevices. Видно: []
2026-07-11 18:04:12.575 [Information] LightServer.Services.ComLightIsolatedBank: IsolatedBank: EnumDevices count=0, map=[]
2026-07-11 18:04:12.576 [Warning] LightServer.Services.ComLightIsolatedBank: IsolatedBank: пропуск COM1: COM1 не найден в EnumDevices. Видно: []
2026-07-11 18:04:12.576 [Error] LightServer.Services.ComLightIsolatedBank: IsolatedBank: COM1 не найден в EnumDevices. Видно: []
2026-07-11 18:04:12.577 [Error] LightServer.Services.ComLightBankService: ComLightBank: инициализация не удалась: COM1 не найден в EnumDevices. Видно: []
2026-07-11 18:04:12.612 [Information] LightServer.Logging.HttpExchangeLoggingMiddleware: HTTP GET /api/com/light => 200
  >> Request: (empty)
  << Response: {"initialized":false,"partial":false,"configPath":"D:\\visionGay\\defect-detector-v3\\config\\blocks\\51-light-hardware.yaml","loadedFromYaml":true,"devices":[{"id":"com1","comPort":"COM1","channels":[1,2],"ready":false,"skipped":"COM1 не найден в EnumDevices. Видно: []"}],"readyDevices":[],"skippedPorts":{"COM1":"COM1 не найден в EnumDevices. Видно: []"},"channelOrder":"","configuredChannelOrder":"COM1:1, COM1:2","usage":{"post":"POST /api/com/light","bodyOn":{"state":"on","brightness":"100"},"bodyOff":{"state":"off"},"note":"brightness применяется только к подключённым COM (readyDevices)"}}
2026-07-11 18:04:13.130 [Information] LightServer.Services.ComLightIsolatedBank: IsolatedBank: EnumDevices count=0, map=[]
2026-07-11 18:04:13.130 [Warning] LightServer.Services.ComLightIsolatedBank: IsolatedBank: пропуск COM1: COM1 не найден в EnumDevices. Видно: []
2026-07-11 18:04:13.130 [Error] LightServer.Services.ComLightIsolatedBank: IsolatedBank: COM1 не найден в EnumDevices. Видно: []
2026-07-11 18:04:13.130 [Error] LightServer.Services.ComLightBankService: ComLightBank: инициализация не удалась: COM1 не найден в EnumDevices. Видно: []
2026-07-11 18:04:13.131 [Information] LightServer.Logging.HttpExchangeLoggingMiddleware: HTTP GET /api/com/light => 200
  >> Request: (empty)
  << Response: {"initialized":false,"partial":false,"configPath":"D:\\visionGay\\defect-detector-v3\\config\\blocks\\51-light-hardware.yaml","loadedFromYaml":true,"devices":[{"id":"com1","comPort":"COM1","channels":[1,2],"ready":false,"skipped":"COM1 не найден в EnumDevices. Видно: []"}],"readyDevices":[],"skippedPorts":{"COM1":"COM1 не найден в EnumDevices. Видно: []"},"channelOrder":"","configuredChannelOrder":"COM1:1, COM1:2","usage":{"post":"POST /api/com/light","bodyOn":{"state":"on","brightness":"100"},"bodyOff":{"state":"off"},"note":"brightness применяется только к подключённым COM (readyDevices)"}}
2026-07-11 18:04:13.633 [Information] LightServer.Services.ComLightIsolatedBank: IsolatedBank: EnumDevices count=0, map=[]
2026-07-11 18:04:13.634 [Warning] LightServer.Services.ComLightIsolatedBank: IsolatedBank: пропуск COM1: COM1 не найден в EnumDevices. Видно: []
2026-07-11 18:04:13.634 [Error] LightServer.Services.ComLightIsolatedBank: IsolatedBank: COM1 не найден в EnumDevices. Видно: []
2026-07-11 18:04:13.634 [Error] LightServer.Services.ComLightBankService: ComLightBank: инициализация не удалась: COM1 не найден в EnumDevices. Видно: []
2026-07-11 18:04:13.634 [Information] LightServer.Logging.HttpExchangeLoggingMiddleware: HTTP GET /api/com/light => 200
  >> Request: (empty)
  << Response: {"initialized":false,"partial":false,"configPath":"D:\\visionGay\\defect-detector-v3\\config\\blocks\\51-light-hardware.yaml","loadedFromYaml":true,"devices":[{"id":"com1","comPort":"COM1","channels":[1,2],"ready":false,"skipped":"COM1 не найден в EnumDevices. Видно: []"}],"readyDevices":[],"skippedPorts":{"COM1":"COM1 не найден в EnumDevices. Видно: []"},"channelOrder":"","configuredChannelOrder":"COM1:1, COM1:2","usage":{"post":"POST /api/com/light","bodyOn":{"state":"on","brightness":"100"},"bodyOff":{"state":"off"},"note":"brightness применяется только к подключённым COM (readyDevices)"}}
2026-07-11 18:04:14.134 [Information] LightServer.Services.ComLightIsolatedBank: IsolatedBank: EnumDevices count=0, map=[]
2026-07-11 18:04:14.134 [Warning] LightServer.Services.ComLightIsolatedBank: IsolatedBank: пропуск COM1: COM1 не найден в EnumDevices. Видно: []
2026-07-11 18:04:14.135 [Error] LightServer.Services.ComLightIsolatedBank: IsolatedBank: COM1 не найден в EnumDevices. Видно: []
2026-07-11 18:04:14.135 [Error] LightServer.Services.ComLightBankService: ComLightBank: инициализация не удалась: COM1 не найден в EnumDevices. Видно: []
2026-07-11 18:04:14.135 [Information] LightServer.Logging.HttpExchangeLoggingMiddleware: HTTP GET /api/com/light => 200
  >> Request: (empty)
  << Response: {"initialized":false,"partial":false,"configPath":"D:\\visionGay\\defect-detector-v3\\config\\blocks\\51-light-hardware.yaml","loadedFromYaml":true,"devices":[{"id":"com1","comPort":"COM1","channels":[1,2],"ready":false,"skipped":"COM1 не найден в EnumDevices. Видно: []"}],"readyDevices":[],"skippedPorts":{"COM1":"COM1 не найден в EnumDevices. Видно: []"},"channelOrder":"","configuredChannelOrder":"COM1:1, COM1:2","usage":{"post":"POST /api/com/light","bodyOn":{"state":"on","brightness":"100"},"bodyOff":{"state":"off"},"note":"brightness применяется только к подключённым COM (readyDevices)"}}
2026-07-11 18:04:14.621 [Information] LightServer.Services.ComLightIsolatedBank: IsolatedBank: EnumDevices count=0, map=[]
2026-07-11 18:04:14.621 [Warning] LightServer.Services.ComLightIsolatedBank: IsolatedBank: пропуск COM1: COM1 не найден в EnumDevices. Видно: []
2026-07-11 18:04:14.621 [Error] LightServer.Services.ComLightIsolatedBank: IsolatedBank: COM1 не найден в EnumDevices. Видно: []
2026-07-11 18:04:14.621 [Error] LightServer.Services.ComLightBankService: ComLightBank: инициализация не удалась: COM1 не найден в EnumDevices. Видно: []
2026-07-11 18:04:14.622 [Information] LightServer.Logging.HttpExchangeLoggingMiddleware: HTTP GET /api/com/light => 200
  >> Request: (empty)
  << Response: {"initialized":false,"partial":false,"configPath":"D:\\visionGay\\defect-detector-v3\\config\\blocks\\51-light-hardware.yaml","loadedFromYaml":true,"devices":[{"id":"com1","comPort":"COM1","channels":[1,2],"ready":false,"skipped":"COM1 не найден в EnumDevices. Видно: []"}],"readyDevices":[],"skippedPorts":{"COM1":"COM1 не найден в EnumDevices. Видно: []"},"channelOrder":"","configuredChannelOrder":"COM1:1, COM1:2","usage":{"post":"POST /api/com/light","bodyOn":{"state":"on","brightness":"100"},"bodyOff":{"state":"off"},"note":"brightness применяется только к подключённым COM (readyDevices)"}}
2026-07-11 18:04:15.109 [Information] LightServer.Services.ComLightIsolatedBank: IsolatedBank: EnumDevices count=0, map=[]
2026-07-11 18:04:15.110 [Warning] LightServer.Services.ComLightIsolatedBank: IsolatedBank: пропуск COM1: COM1 не найден в EnumDevices. Видно: []
2026-07-11 18:04:15.110 [Error] LightServer.Services.ComLightIsolatedBank: IsolatedBank: COM1 не найден в EnumDevices. Видно: []
2026-07-11 18:04:15.110 [Error] LightServer.Services.ComLightBankService: ComLightBank: инициализация не удалась: COM1 не найден в EnumDevices. Видно: []
2026-07-11 18:04:15.110 [Information] LightServer.Logging.HttpExchangeLoggingMiddleware: HTTP GET /api/com/light => 200
  >> Request: (empty)
  << Response: {"initialized":false,"partial":false,"configPath":"D:\\visionGay\\defect-detector-v3\\config\\blocks\\51-light-hardware.yaml","loadedFromYaml":true,"devices":[{"id":"com1","comPort":"COM1","channels":[1,2],"ready":false,"skipped":"COM1 не найден в EnumDevices. Видно: []"}],"readyDevices":[],"skippedPorts":{"COM1":"COM1 не найден в EnumDevices. Видно: []"},"channelOrder":"","configuredChannelOrder":"COM1:1, COM1:2","usage":{"post":"POST /api/com/light","bodyOn":{"state":"on","brightness":"100"},"bodyOff":{"state":"off"},"note":"brightness применяется только к подключённым COM (readyDevices)"}}
2026-07-11 18:04:15.596 [Information] LightServer.Services.ComLightIsolatedBank: IsolatedBank: EnumDevices count=0, map=[]
2026-07-11 18:04:15.596 [Warning] LightServer.Services.ComLightIsolatedBank: IsolatedBank: пропуск COM1: COM1 не найден в EnumDevices. Видно: []
2026-07-11 18:04:15.596 [Error] LightServer.Services.ComLightIsolatedBank: IsolatedBank: COM1 не найден в EnumDevices. Видно: []
2026-07-11 18:04:15.597 [Error] LightServer.Services.ComLightBankService: ComLightBank: инициализация не удалась: COM1 не найден в EnumDevices. Видно: []
2026-07-11 18:04:15.597 [Information] LightServer.Logging.HttpExchangeLoggingMiddleware: HTTP GET /api/com/light => 200
  >> Request: (empty)
  << Response: {"initialized":false,"partial":false,"configPath":"D:\\visionGay\\defect-detector-v3\\config\\blocks\\51-light-hardware.yaml","loadedFromYaml":true,"devices":[{"id":"com1","comPort":"COM1","channels":[1,2],"ready":false,"skipped":"COM1 не найден в EnumDevices. Видно: []"}],"readyDevices":[],"skippedPorts":{"COM1":"COM1 не найден в EnumDevices. Видно: []"},"channelOrder":"","configuredChannelOrder":"COM1:1, COM1:2","usage":{"post":"POST /api/com/light","bodyOn":{"state":"on","brightness":"100"},"bodyOff":{"state":"off"},"note":"brightness применяется только к подключённым COM (readyDevices)"}}
2026-07-11 18:04:16.086 [Information] LightServer.Services.ComLightIsolatedBank: IsolatedBank: EnumDevices count=0, map=[]
2026-07-11 18:04:16.086 [Warning] LightServer.Services.ComLightIsolatedBank: IsolatedBank: пропуск COM1: COM1 не найден в EnumDevices. Видно: []
2026-07-11 18:04:16.087 [Error] LightServer.Services.ComLightIsolatedBank: IsolatedBank: COM1 не найден в EnumDevices. Видно: []
2026-07-11 18:04:16.087 [Error] LightServer.Services.ComLightBankService: ComLightBank: инициализация не удалась: COM1 не найден в EnumDevices. Видно: []
2026-07-11 18:04:16.087 [Information] LightServer.Logging.HttpExchangeLoggingMiddleware: HTTP GET /api/com/light => 200
  >> Request: (empty)
  << Response: {"initialized":false,"partial":false,"configPath":"D:\\visionGay\\defect-detector-v3\\config\\blocks\\51-light-hardware.yaml","loadedFromYaml":true,"devices":[{"id":"com1","comPort":"COM1","channels":[1,2],"ready":false,"skipped":"COM1 не найден в EnumDevices. Видно: []"}],"readyDevices":[],"skippedPorts":{"COM1":"COM1 не найден в EnumDevices. Видно: []"},"channelOrder":"","configuredChannelOrder":"COM1:1, COM1:2","usage":{"post":"POST /api/com/light","bodyOn":{"state":"on","brightness":"100"},"bodyOff":{"state":"off"},"note":"brightness применяется только к подключённым COM (readyDevices)"}}
2026-07-11 18:04:16.573 [Information] LightServer.Services.ComLightIsolatedBank: IsolatedBank: EnumDevices count=0, map=[]
2026-07-11 18:04:16.574 [Warning] LightServer.Services.ComLightIsolatedBank: IsolatedBank: пропуск COM1: COM1 не найден в EnumDevices. Видно: []
2026-07-11 18:04:16.574 [Error] LightServer.Services.ComLightIsolatedBank: IsolatedBank: COM1 не найден в EnumDevices. Видно: []
2026-07-11 18:04:16.574 [Error] LightServer.Services.ComLightBankService: ComLightBank: инициализация не удалась: COM1 не найден в EnumDevices. Видно: []
2026-07-11 18:04:16.574 [Information] LightServer.Logging.HttpExchangeLoggingMiddleware: HTTP GET /api/com/light => 200
  >> Request: (empty)
  << Response: {"initialized":false,"partial":false,"configPath":"D:\\visionGay\\defect-detector-v3\\config\\blocks\\51-light-hardware.yaml","loadedFromYaml":true,"devices":[{"id":"com1","comPort":"COM1","channels":[1,2],"ready":false,"skipped":"COM1 не найден в EnumDevices. Видно: []"}],"readyDevices":[],"skippedPorts":{"COM1":"COM1 не найден в EnumDevices. Видно: []"},"channelOrder":"","configuredChannelOrder":"COM1:1, COM1:2","usage":{"post":"POST /api/com/light","bodyOn":{"state":"on","brightness":"100"},"bodyOff":{"state":"off"},"note":"brightness применяется только к подключённым COM (readyDevices)"}}
2026-07-11 18:04:17.059 [Information] LightServer.Services.ComLightIsolatedBank: IsolatedBank: EnumDevices count=0, map=[]
2026-07-11 18:04:17.059 [Warning] LightServer.Services.ComLightIsolatedBank: IsolatedBank: пропуск COM1: COM1 не найден в EnumDevices. Видно: []
2026-07-11 18:04:17.060 [Error] LightServer.Services.ComLightIsolatedBank: IsolatedBank: COM1 не найден в EnumDevices. Видно: []
2026-07-11 18:04:17.060 [Error] LightServer.Services.ComLightBankService: ComLightBank: инициализация не удалась: COM1 не найден в EnumDevices. Видно: []
2026-07-11 18:04:17.060 [Information] LightServer.Logging.HttpExchangeLoggingMiddleware: HTTP GET /api/com/light => 200
  >> Request: (empty)
  << Response: {"initialized":false,"partial":false,"configPath":"D:\\visionGay\\defect-detector-v3\\config\\blocks\\51-light-hardware.yaml","loadedFromYaml":true,"devices":[{"id":"com1","comPort":"COM1","channels":[1,2],"ready":false,"skipped":"COM1 не найден в EnumDevices. Видно: []"}],"readyDevices":[],"skippedPorts":{"COM1":"COM1 не найден в EnumDevices. Видно: []"},"channelOrder":"","configuredChannelOrder":"COM1:1, COM1:2","usage":{"post":"POST /api/com/light","bodyOn":{"state":"on","brightness":"100"},"bodyOff":{"state":"off"},"note":"brightness применяется только к подключённым COM (readyDevices)"}}
2026-07-11 18:04:17.550 [Information] LightServer.Services.ComLightIsolatedBank: IsolatedBank: EnumDevices count=0, map=[]
2026-07-11 18:04:17.550 [Warning] LightServer.Services.ComLightIsolatedBank: IsolatedBank: пропуск COM1: COM1 не найден в EnumDevices. Видно: []
2026-07-11 18:04:17.550 [Error] LightServer.Services.ComLightIsolatedBank: IsolatedBank: COM1 не найден в EnumDevices. Видно: []
2026-07-11 18:04:17.551 [Error] LightServer.Services.ComLightBankService: ComLightBank: инициализация не удалась: COM1 не найден в EnumDevices. Видно: []
2026-07-11 18:04:17.551 [Information] LightServer.Logging.HttpExchangeLoggingMiddleware: HTTP GET /api/com/light => 200
  >> Request: (empty)
  << Response: {"initialized":false,"partial":false,"configPath":"D:\\visionGay\\defect-detector-v3\\config\\blocks\\51-light-hardware.yaml","loadedFromYaml":true,"devices":[{"id":"com1","comPort":"COM1","channels":[1,2],"ready":false,"skipped":"COM1 не найден в EnumDevices. Видно: []"}],"readyDevices":[],"skippedPorts":{"COM1":"COM1 не найден в EnumDevices. Видно: []"},"channelOrder":"","configuredChannelOrder":"COM1:1, COM1:2","usage":{"post":"POST /api/com/light","bodyOn":{"state":"on","brightness":"100"},"bodyOff":{"state":"off"},"note":"brightness применяется только к подключённым COM (readyDevices)"}}
2026-07-11 18:04:18.050 [Information] LightServer.Services.ComLightIsolatedBank: IsolatedBank: EnumDevices count=0, map=[]
2026-07-11 18:04:18.051 [Warning] LightServer.Services.ComLightIsolatedBank: IsolatedBank: пропуск COM1: COM1 не найден в EnumDevices. Видно: []
2026-07-11 18:04:18.051 [Error] LightServer.Services.ComLightIsolatedBank: IsolatedBank: COM1 не найден в EnumDevices. Видно: []
2026-07-11 18:04:18.051 [Error] LightServer.Services.ComLightBankService: ComLightBank: инициализация не удалась: COM1 не найден в EnumDevices. Видно: []
2026-07-11 18:04:18.051 [Information] LightServer.Logging.HttpExchangeLoggingMiddleware: HTTP GET /api/com/light => 200
  >> Request: (empty)
  << Response: {"initialized":false,"partial":false,"configPath":"D:\\visionGay\\defect-detector-v3\\config\\blocks\\51-light-hardware.yaml","loadedFromYaml":true,"devices":[{"id":"com1","comPort":"COM1","channels":[1,2],"ready":false,"skipped":"COM1 не найден в EnumDevices. Видно: []"}],"readyDevices":[],"skippedPorts":{"COM1":"COM1 не найден в EnumDevices. Видно: []"},"channelOrder":"","configuredChannelOrder":"COM1:1, COM1:2","usage":{"post":"POST /api/com/light","bodyOn":{"state":"on","brightness":"100"},"bodyOff":{"state":"off"},"note":"brightness применяется только к подключённым COM (readyDevices)"}}
2026-07-11 18:04:18.537 [Information] LightServer.Services.ComLightIsolatedBank: IsolatedBank: EnumDevices count=0, map=[]
2026-07-11 18:04:18.537 [Warning] LightServer.Services.ComLightIsolatedBank: IsolatedBank: пропуск COM1: COM1 не найден в EnumDevices. Видно: []
2026-07-11 18:04:18.538 [Error] LightServer.Services.ComLightIsolatedBank: IsolatedBank: COM1 не найден в EnumDevices. Видно: []
2026-07-11 18:04:18.538 [Error] LightServer.Services.ComLightBankService: ComLightBank: инициализация не удалась: COM1 не найден в EnumDevices. Видно: []
2026-07-11 18:04:18.538 [Information] LightServer.Logging.HttpExchangeLoggingMiddleware: HTTP GET /api/com/light => 200
  >> Request: (empty)
  << Response: {"initialized":false,"partial":false,"configPath":"D:\\visionGay\\defect-detector-v3\\config\\blocks\\51-light-hardware.yaml","loadedFromYaml":true,"devices":[{"id":"com1","comPort":"COM1","channels":[1,2],"ready":false,"skipped":"COM1 не найден в EnumDevices. Видно: []"}],"readyDevices":[],"skippedPorts":{"COM1":"COM1 не найден в EnumDevices. Видно: []"},"channelOrder":"","configuredChannelOrder":"COM1:1, COM1:2","usage":{"post":"POST /api/com/light","bodyOn":{"state":"on","brightness":"100"},"bodyOff":{"state":"off"},"note":"brightness применяется только к подключённым COM (readyDevices)"}}
2026-07-11 18:04:19.041 [Information] LightServer.Services.ComLightIsolatedBank: IsolatedBank: EnumDevices count=0, map=[]
2026-07-11 18:04:19.041 [Warning] LightServer.Services.ComLightIsolatedBank: IsolatedBank: пропуск COM1: COM1 не найден в EnumDevices. Видно: []
2026-07-11 18:04:19.041 [Error] LightServer.Services.ComLightIsolatedBank: IsolatedBank: COM1 не найден в EnumDevices. Видно: []
2026-07-11 18:04:19.042 [Error] LightServer.Services.ComLightBankService: ComLightBank: инициализация не удалась: COM1 не найден в EnumDevices. Видно: []
2026-07-11 18:04:19.042 [Information] LightServer.Logging.HttpExchangeLoggingMiddleware: HTTP GET /api/com/light => 200
  >> Request: (empty)
  << Response: {"initialized":false,"partial":false,"configPath":"D:\\visionGay\\defect-detector-v3\\config\\blocks\\51-light-hardware.yaml","loadedFromYaml":true,"devices":[{"id":"com1","comPort":"COM1","channels":[1,2],"ready":false,"skipped":"COM1 не найден в EnumDevices. Видно: []"}],"readyDevices":[],"skippedPorts":{"COM1":"COM1 не найден в EnumDevices. Видно: []"},"channelOrder":"","configuredChannelOrder":"COM1:1, COM1:2","usage":{"post":"POST /api/com/light","bodyOn":{"state":"on","brightness":"100"},"bodyOff":{"state":"off"},"note":"brightness применяется только к подключённым COM (readyDevices)"}}
2026-07-11 18:04:19.544 [Information] LightServer.Services.ComLightIsolatedBank: IsolatedBank: EnumDevices count=0, map=[]
2026-07-11 18:04:19.544 [Warning] LightServer.Services.ComLightIsolatedBank: IsolatedBank: пропуск COM1: COM1 не найден в EnumDevices. Видно: []
2026-07-11 18:04:19.544 [Error] LightServer.Services.ComLightIsolatedBank: IsolatedBank: COM1 не найден в EnumDevices. Видно: []
2026-07-11 18:04:19.544 [Error] LightServer.Services.ComLightBankService: ComLightBank: инициализация не удалась: COM1 не найден в EnumDevices. Видно: []
2026-07-11 18:04:19.544 [Information] LightServer.Logging.HttpExchangeLoggingMiddleware: HTTP GET /api/com/light => 200
  >> Request: (empty)
  << Response: {"initialized":false,"partial":false,"configPath":"D:\\visionGay\\defect-detector-v3\\config\\blocks\\51-light-hardware.yaml","loadedFromYaml":true,"devices":[{"id":"com1","comPort":"COM1","channels":[1,2],"ready":false,"skipped":"COM1 не найден в EnumDevices. Видно: []"}],"readyDevices":[],"skippedPorts":{"COM1":"COM1 не найден в EnumDevices. Видно: []"},"channelOrder":"","configuredChannelOrder":"COM1:1, COM1:2","usage":{"post":"POST /api/com/light","bodyOn":{"state":"on","brightness":"100"},"bodyOff":{"state":"off"},"note":"brightness применяется только к подключённым COM (readyDevices)"}}
2026-07-11 18:04:20.032 [Information] LightServer.Services.ComLightIsolatedBank: IsolatedBank: EnumDevices count=0, map=[]
2026-07-11 18:04:20.032 [Warning] LightServer.Services.ComLightIsolatedBank: IsolatedBank: пропуск COM1: COM1 не найден в EnumDevices. Видно: []
2026-07-11 18:04:20.033 [Error] LightServer.Services.ComLightIsolatedBank: IsolatedBank: COM1 не найден в EnumDevices. Видно: []
2026-07-11 18:04:20.033 [Error] LightServer.Services.ComLightBankService: ComLightBank: инициализация не удалась: COM1 не найден в EnumDevices. Видно: []
2026-07-11 18:04:20.033 [Information] LightServer.Logging.HttpExchangeLoggingMiddleware: HTTP GET /api/com/light => 200
  >> Request: (empty)
  << Response: {"initialized":false,"partial":false,"configPath":"D:\\visionGay\\defect-detector-v3\\config\\blocks\\51-light-hardware.yaml","loadedFromYaml":true,"devices":[{"id":"com1","comPort":"COM1","channels":[1,2],"ready":false,"skipped":"COM1 не найден в EnumDevices. Видно: []"}],"readyDevices":[],"skippedPorts":{"COM1":"COM1 не найден в EnumDevices. Видно: []"},"channelOrder":"","configuredChannelOrder":"COM1:1, COM1:2","usage":{"post":"POST /api/com/light","bodyOn":{"state":"on","brightness":"100"},"bodyOff":{"state":"off"},"note":"brightness применяется только к подключённым COM (readyDevices)"}}
2026-07-11 18:04:20.523 [Information] LightServer.Services.ComLightIsolatedBank: IsolatedBank: EnumDevices count=0, map=[]
2026-07-11 18:04:20.523 [Warning] LightServer.Services.ComLightIsolatedBank: IsolatedBank: пропуск COM1: COM1 не найден в EnumDevices. Видно: []
2026-07-11 18:04:20.523 [Error] LightServer.Services.ComLightIsolatedBank: IsolatedBank: COM1 не найден в EnumDevices. Видно: []
2026-07-11 18:04:20.523 [Error] LightServer.Services.ComLightBankService: ComLightBank: инициализация не удалась: COM1 не найден в EnumDevices. Видно: []
2026-07-11 18:04:20.524 [Information] LightServer.Logging.HttpExchangeLoggingMiddleware: HTTP GET /api/com/light => 200
  >> Request: (empty)
  << Response: {"initialized":false,"partial":false,"configPath":"D:\\visionGay\\defect-detector-v3\\config\\blocks\\51-light-hardware.yaml","loadedFromYaml":true,"devices":[{"id":"com1","comPort":"COM1","channels":[1,2],"ready":false,"skipped":"COM1 не найден в EnumDevices. Видно: []"}],"readyDevices":[],"skippedPorts":{"COM1":"COM1 не найден в EnumDevices. Видно: []"},"channelOrder":"","configuredChannelOrder":"COM1:1, COM1:2","usage":{"post":"POST /api/com/light","bodyOn":{"state":"on","brightness":"100"},"bodyOff":{"state":"off"},"note":"brightness применяется только к подключённым COM (readyDevices)"}}
2026-07-11 18:04:21.013 [Information] LightServer.Services.ComLightIsolatedBank: IsolatedBank: EnumDevices count=0, map=[]
2026-07-11 18:04:21.014 [Warning] LightServer.Services.ComLightIsolatedBank: IsolatedBank: пропуск COM1: COM1 не найден в EnumDevices. Видно: []
2026-07-11 18:04:21.014 [Error] LightServer.Services.ComLightIsolatedBank: IsolatedBank: COM1 не найден в EnumDevices. Видно: []
2026-07-11 18:04:21.014 [Error] LightServer.Services.ComLightBankService: ComLightBank: инициализация не удалась: COM1 не найден в EnumDevices. Видно: []
2026-07-11 18:04:21.014 [Information] LightServer.Logging.HttpExchangeLoggingMiddleware: HTTP GET /api/com/light => 200
  >> Request: (empty)
  << Response: {"initialized":false,"partial":false,"configPath":"D:\\visionGay\\defect-detector-v3\\config\\blocks\\51-light-hardware.yaml","loadedFromYaml":true,"devices":[{"id":"com1","comPort":"COM1","channels":[1,2],"ready":false,"skipped":"COM1 не найден в EnumDevices. Видно: []"}],"readyDevices":[],"skippedPorts":{"COM1":"COM1 не найден в EnumDevices. Видно: []"},"channelOrder":"","configuredChannelOrder":"COM1:1, COM1:2","usage":{"post":"POST /api/com/light","bodyOn":{"state":"on","brightness":"100"},"bodyOff":{"state":"off"},"note":"brightness применяется только к подключённым COM (readyDevices)"}}
2026-07-11 18:04:21.503 [Information] LightServer.Services.ComLightIsolatedBank: IsolatedBank: EnumDevices count=0, map=[]
2026-07-11 18:04:21.504 [Warning] LightServer.Services.ComLightIsolatedBank: IsolatedBank: пропуск COM1: COM1 не найден в EnumDevices. Видно: []
2026-07-11 18:04:21.504 [Error] LightServer.Services.ComLightIsolatedBank: IsolatedBank: COM1 не найден в EnumDevices. Видно: []
2026-07-11 18:04:21.504 [Error] LightServer.Services.ComLightBankService: ComLightBank: инициализация не удалась: COM1 не найден в EnumDevices. Видно: []
2026-07-11 18:04:21.504 [Information] LightServer.Logging.HttpExchangeLoggingMiddleware: HTTP GET /api/com/light => 200
  >> Request: (empty)
  << Response: {"initialized":false,"partial":false,"configPath":"D:\\visionGay\\defect-detector-v3\\config\\blocks\\51-light-hardware.yaml","loadedFromYaml":true,"devices":[{"id":"com1","comPort":"COM1","channels":[1,2],"ready":false,"skipped":"COM1 не найден в EnumDevices. Видно: []"}],"readyDevices":[],"skippedPorts":{"COM1":"COM1 не найден в EnumDevices. Видно: []"},"channelOrder":"","configuredChannelOrder":"COM1:1, COM1:2","usage":{"post":"POST /api/com/light","bodyOn":{"state":"on","brightness":"100"},"bodyOff":{"state":"off"},"note":"brightness применяется только к подключённым COM (readyDevices)"}}
2026-07-11 18:04:21.992 [Information] LightServer.Services.ComLightIsolatedBank: IsolatedBank: EnumDevices count=0, map=[]
2026-07-11 18:04:21.992 [Warning] LightServer.Services.ComLightIsolatedBank: IsolatedBank: пропуск COM1: COM1 не найден в EnumDevices. Видно: []
2026-07-11 18:04:21.992 [Error] LightServer.Services.ComLightIsolatedBank: IsolatedBank: COM1 не найден в EnumDevices. Видно: []
2026-07-11 18:04:21.992 [Error] LightServer.Services.ComLightBankService: ComLightBank: инициализация не удалась: COM1 не найден в EnumDevices. Видно: []
2026-07-11 18:04:21.993 [Information] LightServer.Logging.HttpExchangeLoggingMiddleware: HTTP GET /api/com/light => 200
  >> Request: (empty)
  << Response: {"initialized":false,"partial":false,"configPath":"D:\\visionGay\\defect-detector-v3\\config\\blocks\\51-light-hardware.yaml","loadedFromYaml":true,"devices":[{"id":"com1","comPort":"COM1","channels":[1,2],"ready":false,"skipped":"COM1 не найден в EnumDevices. Видно: []"}],"readyDevices":[],"skippedPorts":{"COM1":"COM1 не найден в EnumDevices. Видно: []"},"channelOrder":"","configuredChannelOrder":"COM1:1, COM1:2","usage":{"post":"POST /api/com/light","bodyOn":{"state":"on","brightness":"100"},"bodyOff":{"state":"off"},"note":"brightness применяется только к подключённым COM (readyDevices)"}}
2026-07-11 18:04:22.482 [Information] LightServer.Services.ComLightIsolatedBank: IsolatedBank: EnumDevices count=0, map=[]
2026-07-11 18:04:22.482 [Warning] LightServer.Services.ComLightIsolatedBank: IsolatedBank: пропуск COM1: COM1 не найден в EnumDevices. Видно: []
2026-07-11 18:04:22.482 [Error] LightServer.Services.ComLightIsolatedBank: IsolatedBank: COM1 не найден в EnumDevices. Видно: []
2026-07-11 18:04:22.482 [Error] LightServer.Services.ComLightBankService: ComLightBank: инициализация не удалась: COM1 не найден в EnumDevices. Видно: []
2026-07-11 18:04:22.482 [Information] LightServer.Logging.HttpExchangeLoggingMiddleware: HTTP GET /api/com/light => 200
  >> Request: (empty)
  << Response: {"initialized":false,"partial":false,"configPath":"D:\\visionGay\\defect-detector-v3\\config\\blocks\\51-light-hardware.yaml","loadedFromYaml":true,"devices":[{"id":"com1","comPort":"COM1","channels":[1,2],"ready":false,"skipped":"COM1 не найден в EnumDevices. Видно: []"}],"readyDevices":[],"skippedPorts":{"COM1":"COM1 не найден в EnumDevices. Видно: []"},"channelOrder":"","configuredChannelOrder":"COM1:1, COM1:2","usage":{"post":"POST /api/com/light","bodyOn":{"state":"on","brightness":"100"},"bodyOff":{"state":"off"},"note":"brightness применяется только к подключённым COM (readyDevices)"}}
2026-07-11 18:04:22.973 [Information] LightServer.Services.ComLightIsolatedBank: IsolatedBank: EnumDevices count=0, map=[]
2026-07-11 18:04:22.974 [Warning] LightServer.Services.ComLightIsolatedBank: IsolatedBank: пропуск COM1: COM1 не найден в EnumDevices. Видно: []
2026-07-11 18:04:22.974 [Error] LightServer.Services.ComLightIsolatedBank: IsolatedBank: COM1 не найден в EnumDevices. Видно: []
2026-07-11 18:04:22.974 [Error] LightServer.Services.ComLightBankService: ComLightBank: инициализация не удалась: COM1 не найден в EnumDevices. Видно: []
2026-07-11 18:04:22.974 [Information] LightServer.Logging.HttpExchangeLoggingMiddleware: HTTP GET /api/com/light => 200
  >> Request: (empty)
  << Response: {"initialized":false,"partial":false,"configPath":"D:\\visionGay\\defect-detector-v3\\config\\blocks\\51-light-hardware.yaml","loadedFromYaml":true,"devices":[{"id":"com1","comPort":"COM1","channels":[1,2],"ready":false,"skipped":"COM1 не найден в EnumDevices. Видно: []"}],"readyDevices":[],"skippedPorts":{"COM1":"COM1 не найден в EnumDevices. Видно: []"},"channelOrder":"","configuredChannelOrder":"COM1:1, COM1:2","usage":{"post":"POST /api/com/light","bodyOn":{"state":"on","brightness":"100"},"bodyOff":{"state":"off"},"note":"brightness применяется только к подключённым COM (readyDevices)"}}
2026-07-11 18:04:23.461 [Information] LightServer.Services.ComLightIsolatedBank: IsolatedBank: EnumDevices count=0, map=[]
2026-07-11 18:04:23.461 [Warning] LightServer.Services.ComLightIsolatedBank: IsolatedBank: пропуск COM1: COM1 не найден в EnumDevices. Видно: []
2026-07-11 18:04:23.461 [Error] LightServer.Services.ComLightIsolatedBank: IsolatedBank: COM1 не найден в EnumDevices. Видно: []
2026-07-11 18:04:23.461 [Error] LightServer.Services.ComLightBankService: ComLightBank: инициализация не удалась: COM1 не найден в EnumDevices. Видно: []
2026-07-11 18:04:23.462 [Information] LightServer.Logging.HttpExchangeLoggingMiddleware: HTTP GET /api/com/light => 200
  >> Request: (empty)
  << Response: {"initialized":false,"partial":false,"configPath":"D:\\visionGay\\defect-detector-v3\\config\\blocks\\51-light-hardware.yaml","loadedFromYaml":true,"devices":[{"id":"com1","comPort":"COM1","channels":[1,2],"ready":false,"skipped":"COM1 не найден в EnumDevices. Видно: []"}],"readyDevices":[],"skippedPorts":{"COM1":"COM1 не найден в EnumDevices. Видно: []"},"channelOrder":"","configuredChannelOrder":"COM1:1, COM1:2","usage":{"post":"POST /api/com/light","bodyOn":{"state":"on","brightness":"100"},"bodyOff":{"state":"off"},"note":"brightness применяется только к подключённым COM (readyDevices)"}}
2026-07-11 18:04:23.951 [Information] LightServer.Services.ComLightIsolatedBank: IsolatedBank: EnumDevices count=0, map=[]
2026-07-11 18:04:23.951 [Warning] LightServer.Services.ComLightIsolatedBank: IsolatedBank: пропуск COM1: COM1 не найден в EnumDevices. Видно: []
2026-07-11 18:04:23.951 [Error] LightServer.Services.ComLightIsolatedBank: IsolatedBank: COM1 не найден в EnumDevices. Видно: []
2026-07-11 18:04:23.951 [Error] LightServer.Services.ComLightBankService: ComLightBank: инициализация не удалась: COM1 не найден в EnumDevices. Видно: []
2026-07-11 18:04:23.951 [Information] LightServer.Logging.HttpExchangeLoggingMiddleware: HTTP GET /api/com/light => 200
  >> Request: (empty)
  << Response: {"initialized":false,"partial":false,"configPath":"D:\\visionGay\\defect-detector-v3\\config\\blocks\\51-light-hardware.yaml","loadedFromYaml":true,"devices":[{"id":"com1","comPort":"COM1","channels":[1,2],"ready":false,"skipped":"COM1 не найден в EnumDevices. Видно: []"}],"readyDevices":[],"skippedPorts":{"COM1":"COM1 не найден в EnumDevices. Видно: []"},"channelOrder":"","configuredChannelOrder":"COM1:1, COM1:2","usage":{"post":"POST /api/com/light","bodyOn":{"state":"on","brightness":"100"},"bodyOff":{"state":"off"},"note":"brightness применяется только к подключённым COM (readyDevices)"}}
2026-07-11 18:04:24.440 [Information] LightServer.Services.ComLightIsolatedBank: IsolatedBank: EnumDevices count=0, map=[]
2026-07-11 18:04:24.441 [Warning] LightServer.Services.ComLightIsolatedBank: IsolatedBank: пропуск COM1: COM1 не найден в EnumDevices. Видно: []
2026-07-11 18:04:24.441 [Error] LightServer.Services.ComLightIsolatedBank: IsolatedBank: COM1 не найден в EnumDevices. Видно: []
2026-07-11 18:04:24.441 [Error] LightServer.Services.ComLightBankService: ComLightBank: инициализация не удалась: COM1 не найден в EnumDevices. Видно: []
2026-07-11 18:04:24.441 [Information] LightServer.Logging.HttpExchangeLoggingMiddleware: HTTP GET /api/com/light => 200
  >> Request: (empty)
  << Response: {"initialized":false,"partial":false,"configPath":"D:\\visionGay\\defect-detector-v3\\config\\blocks\\51-light-hardware.yaml","loadedFromYaml":true,"devices":[{"id":"com1","comPort":"COM1","channels":[1,2],"ready":false,"skipped":"COM1 не найден в EnumDevices. Видно: []"}],"readyDevices":[],"skippedPorts":{"COM1":"COM1 не найден в EnumDevices. Видно: []"},"channelOrder":"","configuredChannelOrder":"COM1:1, COM1:2","usage":{"post":"POST /api/com/light","bodyOn":{"state":"on","brightness":"100"},"bodyOff":{"state":"off"},"note":"brightness применяется только к подключённым COM (readyDevices)"}}
2026-07-11 18:04:24.928 [Information] LightServer.Services.ComLightIsolatedBank: IsolatedBank: EnumDevices count=0, map=[]
2026-07-11 18:04:24.928 [Warning] LightServer.Services.ComLightIsolatedBank: IsolatedBank: пропуск COM1: COM1 не найден в EnumDevices. Видно: []
2026-07-11 18:04:24.929 [Error] LightServer.Services.ComLightIsolatedBank: IsolatedBank: COM1 не найден в EnumDevices. Видно: []
2026-07-11 18:04:24.929 [Error] LightServer.Services.ComLightBankService: ComLightBank: инициализация не удалась: COM1 не найден в EnumDevices. Видно: []
2026-07-11 18:04:24.929 [Information] LightServer.Logging.HttpExchangeLoggingMiddleware: HTTP GET /api/com/light => 200
  >> Request: (empty)
  << Response: {"initialized":false,"partial":false,"configPath":"D:\\visionGay\\defect-detector-v3\\config\\blocks\\51-light-hardware.yaml","loadedFromYaml":true,"devices":[{"id":"com1","comPort":"COM1","channels":[1,2],"ready":false,"skipped":"COM1 не найден в EnumDevices. Видно: []"}],"readyDevices":[],"skippedPorts":{"COM1":"COM1 не найден в EnumDevices. Видно: []"},"channelOrder":"","configuredChannelOrder":"COM1:1, COM1:2","usage":{"post":"POST /api/com/light","bodyOn":{"state":"on","brightness":"100"},"bodyOff":{"state":"off"},"note":"brightness применяется только к подключённым COM (readyDevices)"}}
2026-07-11 18:04:25.420 [Information] LightServer.Services.ComLightIsolatedBank: IsolatedBank: EnumDevices count=0, map=[]
2026-07-11 18:04:25.420 [Warning] LightServer.Services.ComLightIsolatedBank: IsolatedBank: пропуск COM1: COM1 не найден в EnumDevices. Видно: []
2026-07-11 18:04:25.420 [Error] LightServer.Services.ComLightIsolatedBank: IsolatedBank: COM1 не найден в EnumDevices. Видно: []
2026-07-11 18:04:25.420 [Error] LightServer.Services.ComLightBankService: ComLightBank: инициализация не удалась: COM1 не найден в EnumDevices. Видно: []
2026-07-11 18:04:25.420 [Information] LightServer.Logging.HttpExchangeLoggingMiddleware: HTTP GET /api/com/light => 200
  >> Request: (empty)
  << Response: {"initialized":false,"partial":false,"configPath":"D:\\visionGay\\defect-detector-v3\\config\\blocks\\51-light-hardware.yaml","loadedFromYaml":true,"devices":[{"id":"com1","comPort":"COM1","channels":[1,2],"ready":false,"skipped":"COM1 не найден в EnumDevices. Видно: []"}],"readyDevices":[],"skippedPorts":{"COM1":"COM1 не найден в EnumDevices. Видно: []"},"channelOrder":"","configuredChannelOrder":"COM1:1, COM1:2","usage":{"post":"POST /api/com/light","bodyOn":{"state":"on","brightness":"100"},"bodyOff":{"state":"off"},"note":"brightness применяется только к подключённым COM (readyDevices)"}}
2026-07-11 18:04:25.923 [Information] LightServer.Services.ComLightIsolatedBank: IsolatedBank: EnumDevices count=0, map=[]
2026-07-11 18:04:25.927 [Warning] LightServer.Services.ComLightIsolatedBank: IsolatedBank: пропуск COM1: COM1 не найден в EnumDevices. Видно: []
2026-07-11 18:04:25.928 [Error] LightServer.Services.ComLightIsolatedBank: IsolatedBank: COM1 не найден в EnumDevices. Видно: []
2026-07-11 18:04:25.928 [Error] LightServer.Services.ComLightBankService: ComLightBank: инициализация не удалась: COM1 не найден в EnumDevices. Видно: []
2026-07-11 18:04:25.928 [Information] LightServer.Logging.HttpExchangeLoggingMiddleware: HTTP GET /api/com/light => 200
  >> Request: (empty)
  << Response: {"initialized":false,"partial":false,"configPath":"D:\\visionGay\\defect-detector-v3\\config\\blocks\\51-light-hardware.yaml","loadedFromYaml":true,"devices":[{"id":"com1","comPort":"COM1","channels":[1,2],"ready":false,"skipped":"COM1 не найден в EnumDevices. Видно: []"}],"readyDevices":[],"skippedPorts":{"COM1":"COM1 не найден в EnumDevices. Видно: []"},"channelOrder":"","configuredChannelOrder":"COM1:1, COM1:2","usage":{"post":"POST /api/com/light","bodyOn":{"state":"on","brightness":"100"},"bodyOff":{"state":"off"},"note":"brightness применяется только к подключённым COM (readyDevices)"}}
2026-07-11 18:04:26.413 [Information] LightServer.Services.ComLightIsolatedBank: IsolatedBank: EnumDevices count=0, map=[]
2026-07-11 18:04:26.413 [Warning] LightServer.Services.ComLightIsolatedBank: IsolatedBank: пропуск COM1: COM1 не найден в EnumDevices. Видно: []
2026-07-11 18:04:26.413 [Error] LightServer.Services.ComLightIsolatedBank: IsolatedBank: COM1 не найден в EnumDevices. Видно: []
2026-07-11 18:04:26.413 [Error] LightServer.Services.ComLightBankService: ComLightBank: инициализация не удалась: COM1 не найден в EnumDevices. Видно: []
2026-07-11 18:04:26.414 [Information] LightServer.Logging.HttpExchangeLoggingMiddleware: HTTP GET /api/com/light => 200
  >> Request: (empty)
  << Response: {"initialized":false,"partial":false,"configPath":"D:\\visionGay\\defect-detector-v3\\config\\blocks\\51-light-hardware.yaml","loadedFromYaml":true,"devices":[{"id":"com1","comPort":"COM1","channels":[1,2],"ready":false,"skipped":"COM1 не найден в EnumDevices. Видно: []"}],"readyDevices":[],"skippedPorts":{"COM1":"COM1 не найден в EnumDevices. Видно: []"},"channelOrder":"","configuredChannelOrder":"COM1:1, COM1:2","usage":{"post":"POST /api/com/light","bodyOn":{"state":"on","brightness":"100"},"bodyOff":{"state":"off"},"note":"brightness применяется только к подключённым COM (readyDevices)"}}
2026-07-11 18:04:26.903 [Information] LightServer.Services.ComLightIsolatedBank: IsolatedBank: EnumDevices count=0, map=[]
2026-07-11 18:04:26.903 [Warning] LightServer.Services.ComLightIsolatedBank: IsolatedBank: пропуск COM1: COM1 не найден в EnumDevices. Видно: []
2026-07-11 18:04:26.903 [Error] LightServer.Services.ComLightIsolatedBank: IsolatedBank: COM1 не найден в EnumDevices. Видно: []
2026-07-11 18:04:26.903 [Error] LightServer.Services.ComLightBankService: ComLightBank: инициализация не удалась: COM1 не найден в EnumDevices. Видно: []
2026-07-11 18:04:26.904 [Information] LightServer.Logging.HttpExchangeLoggingMiddleware: HTTP GET /api/com/light => 200
  >> Request: (empty)
  << Response: {"initialized":false,"partial":false,"configPath":"D:\\visionGay\\defect-detector-v3\\config\\blocks\\51-light-hardware.yaml","loadedFromYaml":true,"devices":[{"id":"com1","comPort":"COM1","channels":[1,2],"ready":false,"skipped":"COM1 не найден в EnumDevices. Видно: []"}],"readyDevices":[],"skippedPorts":{"COM1":"COM1 не найден в EnumDevices. Видно: []"},"channelOrder":"","configuredChannelOrder":"COM1:1, COM1:2","usage":{"post":"POST /api/com/light","bodyOn":{"state":"on","brightness":"100"},"bodyOff":{"state":"off"},"note":"brightness применяется только к подключённым COM (readyDevices)"}}
2026-07-11 18:04:27.392 [Information] LightServer.Services.ComLightIsolatedBank: IsolatedBank: EnumDevices count=0, map=[]
2026-07-11 18:04:27.392 [Warning] LightServer.Services.ComLightIsolatedBank: IsolatedBank: пропуск COM1: COM1 не найден в EnumDevices. Видно: []
2026-07-11 18:04:27.392 [Error] LightServer.Services.ComLightIsolatedBank: IsolatedBank: COM1 не найден в EnumDevices. Видно: []
2026-07-11 18:04:27.392 [Error] LightServer.Services.ComLightBankService: ComLightBank: инициализация не удалась: COM1 не найден в EnumDevices. Видно: []
2026-07-11 18:04:27.392 [Information] LightServer.Logging.HttpExchangeLoggingMiddleware: HTTP GET /api/com/light => 200
  >> Request: (empty)
  << Response: {"initialized":false,"partial":false,"configPath":"D:\\visionGay\\defect-detector-v3\\config\\blocks\\51-light-hardware.yaml","loadedFromYaml":true,"devices":[{"id":"com1","comPort":"COM1","channels":[1,2],"ready":false,"skipped":"COM1 не найден в EnumDevices. Видно: []"}],"readyDevices":[],"skippedPorts":{"COM1":"COM1 не найден в EnumDevices. Видно: []"},"channelOrder":"","configuredChannelOrder":"COM1:1, COM1:2","usage":{"post":"POST /api/com/light","bodyOn":{"state":"on","brightness":"100"},"bodyOff":{"state":"off"},"note":"brightness применяется только к подключённым COM (readyDevices)"}}
2026-07-11 18:04:27.892 [Information] LightServer.Services.ComLightIsolatedBank: IsolatedBank: EnumDevices count=0, map=[]
2026-07-11 18:04:27.892 [Warning] LightServer.Services.ComLightIsolatedBank: IsolatedBank: пропуск COM1: COM1 не найден в EnumDevices. Видно: []
2026-07-11 18:04:27.893 [Error] LightServer.Services.ComLightIsolatedBank: IsolatedBank: COM1 не найден в EnumDevices. Видно: []
2026-07-11 18:04:27.893 [Error] LightServer.Services.ComLightBankService: ComLightBank: инициализация не удалась: COM1 не найден в EnumDevices. Видно: []
2026-07-11 18:04:27.893 [Information] LightServer.Logging.HttpExchangeLoggingMiddleware: HTTP GET /api/com/light => 200
  >> Request: (empty)
  << Response: {"initialized":false,"partial":false,"configPath":"D:\\visionGay\\defect-detector-v3\\config\\blocks\\51-light-hardware.yaml","loadedFromYaml":true,"devices":[{"id":"com1","comPort":"COM1","channels":[1,2],"ready":false,"skipped":"COM1 не найден в EnumDevices. Видно: []"}],"readyDevices":[],"skippedPorts":{"COM1":"COM1 не найден в EnumDevices. Видно: []"},"channelOrder":"","configuredChannelOrder":"COM1:1, COM1:2","usage":{"post":"POST /api/com/light","bodyOn":{"state":"on","brightness":"100"},"bodyOff":{"state":"off"},"note":"brightness применяется только к подключённым COM (readyDevices)"}}
2026-07-11 18:04:28.385 [Information] LightServer.Services.ComLightIsolatedBank: IsolatedBank: EnumDevices count=0, map=[]
2026-07-11 18:04:28.385 [Warning] LightServer.Services.ComLightIsolatedBank: IsolatedBank: пропуск COM1: COM1 не найден в EnumDevices. Видно: []
2026-07-11 18:04:28.385 [Error] LightServer.Services.ComLightIsolatedBank: IsolatedBank: COM1 не найден в EnumDevices. Видно: []
2026-07-11 18:04:28.385 [Error] LightServer.Services.ComLightBankService: ComLightBank: инициализация не удалась: COM1 не найден в EnumDevices. Видно: []
2026-07-11 18:04:28.385 [Information] LightServer.Logging.HttpExchangeLoggingMiddleware: HTTP GET /api/com/light => 200
  >> Request: (empty)
  << Response: {"initialized":false,"partial":false,"configPath":"D:\\visionGay\\defect-detector-v3\\config\\blocks\\51-light-hardware.yaml","loadedFromYaml":true,"devices":[{"id":"com1","comPort":"COM1","channels":[1,2],"ready":false,"skipped":"COM1 не найден в EnumDevices. Видно: []"}],"readyDevices":[],"skippedPorts":{"COM1":"COM1 не найден в EnumDevices. Видно: []"},"channelOrder":"","configuredChannelOrder":"COM1:1, COM1:2","usage":{"post":"POST /api/com/light","bodyOn":{"state":"on","brightness":"100"},"bodyOff":{"state":"off"},"note":"brightness применяется только к подключённым COM (readyDevices)"}}
2026-07-11 18:04:28.877 [Information] LightServer.Services.ComLightIsolatedBank: IsolatedBank: EnumDevices count=0, map=[]
2026-07-11 18:04:28.877 [Warning] LightServer.Services.ComLightIsolatedBank: IsolatedBank: пропуск COM1: COM1 не найден в EnumDevices. Видно: []
2026-07-11 18:04:28.877 [Error] LightServer.Services.ComLightIsolatedBank: IsolatedBank: COM1 не найден в EnumDevices. Видно: []
2026-07-11 18:04:28.877 [Error] LightServer.Services.ComLightBankService: ComLightBank: инициализация не удалась: COM1 не найден в EnumDevices. Видно: []
2026-07-11 18:04:28.877 [Information] LightServer.Logging.HttpExchangeLoggingMiddleware: HTTP GET /api/com/light => 200
  >> Request: (empty)
  << Response: {"initialized":false,"partial":false,"configPath":"D:\\visionGay\\defect-detector-v3\\config\\blocks\\51-light-hardware.yaml","loadedFromYaml":true,"devices":[{"id":"com1","comPort":"COM1","channels":[1,2],"ready":false,"skipped":"COM1 не найден в EnumDevices. Видно: []"}],"readyDevices":[],"skippedPorts":{"COM1":"COM1 не найден в EnumDevices. Видно: []"},"channelOrder":"","configuredChannelOrder":"COM1:1, COM1:2","usage":{"post":"POST /api/com/light","bodyOn":{"state":"on","brightness":"100"},"bodyOff":{"state":"off"},"note":"brightness применяется только к подключённым COM (readyDevices)"}}
2026-07-11 18:04:29.368 [Information] LightServer.Services.ComLightIsolatedBank: IsolatedBank: EnumDevices count=0, map=[]
2026-07-11 18:04:29.368 [Warning] LightServer.Services.ComLightIsolatedBank: IsolatedBank: пропуск COM1: COM1 не найден в EnumDevices. Видно: []
2026-07-11 18:04:29.369 [Error] LightServer.Services.ComLightIsolatedBank: IsolatedBank: COM1 не найден в EnumDevices. Видно: []
2026-07-11 18:04:29.369 [Error] LightServer.Services.ComLightBankService: ComLightBank: инициализация не удалась: COM1 не найден в EnumDevices. Видно: []
2026-07-11 18:04:29.369 [Information] LightServer.Logging.HttpExchangeLoggingMiddleware: HTTP GET /api/com/light => 200
  >> Request: (empty)
  << Response: {"initialized":false,"partial":false,"configPath":"D:\\visionGay\\defect-detector-v3\\config\\blocks\\51-light-hardware.yaml","loadedFromYaml":true,"devices":[{"id":"com1","comPort":"COM1","channels":[1,2],"ready":false,"skipped":"COM1 не найден в EnumDevices. Видно: []"}],"readyDevices":[],"skippedPorts":{"COM1":"COM1 не найден в EnumDevices. Видно: []"},"channelOrder":"","configuredChannelOrder":"COM1:1, COM1:2","usage":{"post":"POST /api/com/light","bodyOn":{"state":"on","brightness":"100"},"bodyOff":{"state":"off"},"note":"brightness применяется только к подключённым COM (readyDevices)"}}
2026-07-11 18:04:29.860 [Information] LightServer.Services.ComLightIsolatedBank: IsolatedBank: EnumDevices count=0, map=[]
2026-07-11 18:04:29.860 [Warning] LightServer.Services.ComLightIsolatedBank: IsolatedBank: пропуск COM1: COM1 не найден в EnumDevices. Видно: []
2026-07-11 18:04:29.860 [Error] LightServer.Services.ComLightIsolatedBank: IsolatedBank: COM1 не найден в EnumDevices. Видно: []
2026-07-11 18:04:29.860 [Error] LightServer.Services.ComLightBankService: ComLightBank: инициализация не удалась: COM1 не найден в EnumDevices. Видно: []
2026-07-11 18:04:29.860 [Information] LightServer.Logging.HttpExchangeLoggingMiddleware: HTTP GET /api/com/light => 200
  >> Request: (empty)
  << Response: {"initialized":false,"partial":false,"configPath":"D:\\visionGay\\defect-detector-v3\\config\\blocks\\51-light-hardware.yaml","loadedFromYaml":true,"devices":[{"id":"com1","comPort":"COM1","channels":[1,2],"ready":false,"skipped":"COM1 не найден в EnumDevices. Видно: []"}],"readyDevices":[],"skippedPorts":{"COM1":"COM1 не найден в EnumDevices. Видно: []"},"channelOrder":"","configuredChannelOrder":"COM1:1, COM1:2","usage":{"post":"POST /api/com/light","bodyOn":{"state":"on","brightness":"100"},"bodyOff":{"state":"off"},"note":"brightness применяется только к подключённым COM (readyDevices)"}}
2026-07-11 18:04:30.351 [Information] LightServer.Services.ComLightIsolatedBank: IsolatedBank: EnumDevices count=0, map=[]
2026-07-11 18:04:30.351 [Warning] LightServer.Services.ComLightIsolatedBank: IsolatedBank: пропуск COM1: COM1 не найден в EnumDevices. Видно: []
2026-07-11 18:04:30.351 [Error] LightServer.Services.ComLightIsolatedBank: IsolatedBank: COM1 не найден в EnumDevices. Видно: []
2026-07-11 18:04:30.351 [Error] LightServer.Services.ComLightBankService: ComLightBank: инициализация не удалась: COM1 не найден в EnumDevices. Видно: []
2026-07-11 18:04:30.351 [Information] LightServer.Logging.HttpExchangeLoggingMiddleware: HTTP GET /api/com/light => 200
  >> Request: (empty)
  << Response: {"initialized":false,"partial":false,"configPath":"D:\\visionGay\\defect-detector-v3\\config\\blocks\\51-light-hardware.yaml","loadedFromYaml":true,"devices":[{"id":"com1","comPort":"COM1","channels":[1,2],"ready":false,"skipped":"COM1 не найден в EnumDevices. Видно: []"}],"readyDevices":[],"skippedPorts":{"COM1":"COM1 не найден в EnumDevices. Видно: []"},"channelOrder":"","configuredChannelOrder":"COM1:1, COM1:2","usage":{"post":"POST /api/com/light","bodyOn":{"state":"on","brightness":"100"},"bodyOff":{"state":"off"},"note":"brightness применяется только к подключённым COM (readyDevices)"}}
2026-07-11 18:04:30.843 [Information] LightServer.Services.ComLightIsolatedBank: IsolatedBank: EnumDevices count=0, map=[]
2026-07-11 18:04:30.843 [Warning] LightServer.Services.ComLightIsolatedBank: IsolatedBank: пропуск COM1: COM1 не найден в EnumDevices. Видно: []
2026-07-11 18:04:30.844 [Error] LightServer.Services.ComLightIsolatedBank: IsolatedBank: COM1 не найден в EnumDevices. Видно: []
2026-07-11 18:04:30.844 [Error] LightServer.Services.ComLightBankService: ComLightBank: инициализация не удалась: COM1 не найден в EnumDevices. Видно: []
2026-07-11 18:04:30.844 [Information] LightServer.Logging.HttpExchangeLoggingMiddleware: HTTP GET /api/com/light => 200
  >> Request: (empty)
  << Response: {"initialized":false,"partial":false,"configPath":"D:\\visionGay\\defect-detector-v3\\config\\blocks\\51-light-hardware.yaml","loadedFromYaml":true,"devices":[{"id":"com1","comPort":"COM1","channels":[1,2],"ready":false,"skipped":"COM1 не найден в EnumDevices. Видно: []"}],"readyDevices":[],"skippedPorts":{"COM1":"COM1 не найден в EnumDevices. Видно: []"},"channelOrder":"","configuredChannelOrder":"COM1:1, COM1:2","usage":{"post":"POST /api/com/light","bodyOn":{"state":"on","brightness":"100"},"bodyOff":{"state":"off"},"note":"brightness применяется только к подключённым COM (readyDevices)"}}
2026-07-11 18:04:31.334 [Information] LightServer.Services.ComLightIsolatedBank: IsolatedBank: EnumDevices count=0, map=[]
2026-07-11 18:04:31.334 [Warning] LightServer.Services.ComLightIsolatedBank: IsolatedBank: пропуск COM1: COM1 не найден в EnumDevices. Видно: []
2026-07-11 18:04:31.334 [Error] LightServer.Services.ComLightIsolatedBank: IsolatedBank: COM1 не найден в EnumDevices. Видно: []
2026-07-11 18:04:31.334 [Error] LightServer.Services.ComLightBankService: ComLightBank: инициализация не удалась: COM1 не найден в EnumDevices. Видно: []
2026-07-11 18:04:31.334 [Information] LightServer.Logging.HttpExchangeLoggingMiddleware: HTTP GET /api/com/light => 200
  >> Request: (empty)
  << Response: {"initialized":false,"partial":false,"configPath":"D:\\visionGay\\defect-detector-v3\\config\\blocks\\51-light-hardware.yaml","loadedFromYaml":true,"devices":[{"id":"com1","comPort":"COM1","channels":[1,2],"ready":false,"skipped":"COM1 не найден в EnumDevices. Видно: []"}],"readyDevices":[],"skippedPorts":{"COM1":"COM1 не найден в EnumDevices. Видно: []"},"channelOrder":"","configuredChannelOrder":"COM1:1, COM1:2","usage":{"post":"POST /api/com/light","bodyOn":{"state":"on","brightness":"100"},"bodyOff":{"state":"off"},"note":"brightness применяется только к подключённым COM (readyDevices)"}}
2026-07-11 18:04:31.824 [Information] LightServer.Services.ComLightIsolatedBank: IsolatedBank: EnumDevices count=0, map=[]
2026-07-11 18:04:31.824 [Warning] LightServer.Services.ComLightIsolatedBank: IsolatedBank: пропуск COM1: COM1 не найден в EnumDevices. Видно: []
2026-07-11 18:04:31.824 [Error] LightServer.Services.ComLightIsolatedBank: IsolatedBank: COM1 не найден в EnumDevices. Видно: []
2026-07-11 18:04:31.824 [Error] LightServer.Services.ComLightBankService: ComLightBank: инициализация не удалась: COM1 не найден в EnumDevices. Видно: []
2026-07-11 18:04:31.824 [Information] LightServer.Logging.HttpExchangeLoggingMiddleware: HTTP GET /api/com/light => 200
  >> Request: (empty)
  << Response: {"initialized":false,"partial":false,"configPath":"D:\\visionGay\\defect-detector-v3\\config\\blocks\\51-light-hardware.yaml","loadedFromYaml":true,"devices":[{"id":"com1","comPort":"COM1","channels":[1,2],"ready":false,"skipped":"COM1 не найден в EnumDevices. Видно: []"}],"readyDevices":[],"skippedPorts":{"COM1":"COM1 не найден в EnumDevices. Видно: []"},"channelOrder":"","configuredChannelOrder":"COM1:1, COM1:2","usage":{"post":"POST /api/com/light","bodyOn":{"state":"on","brightness":"100"},"bodyOff":{"state":"off"},"note":"brightness применяется только к подключённым COM (readyDevices)"}}
2026-07-11 18:04:32.314 [Information] LightServer.Services.ComLightIsolatedBank: IsolatedBank: EnumDevices count=0, map=[]
2026-07-11 18:04:32.314 [Warning] LightServer.Services.ComLightIsolatedBank: IsolatedBank: пропуск COM1: COM1 не найден в EnumDevices. Видно: []
2026-07-11 18:04:32.315 [Error] LightServer.Services.ComLightIsolatedBank: IsolatedBank: COM1 не найден в EnumDevices. Видно: []
2026-07-11 18:04:32.315 [Error] LightServer.Services.ComLightBankService: ComLightBank: инициализация не удалась: COM1 не найден в EnumDevices. Видно: []
2026-07-11 18:04:32.315 [Information] LightServer.Logging.HttpExchangeLoggingMiddleware: HTTP GET /api/com/light => 200
  >> Request: (empty)
  << Response: {"initialized":false,"partial":false,"configPath":"D:\\visionGay\\defect-detector-v3\\config\\blocks\\51-light-hardware.yaml","loadedFromYaml":true,"devices":[{"id":"com1","comPort":"COM1","channels":[1,2],"ready":false,"skipped":"COM1 не найден в EnumDevices. Видно: []"}],"readyDevices":[],"skippedPorts":{"COM1":"COM1 не найден в EnumDevices. Видно: []"},"channelOrder":"","configuredChannelOrder":"COM1:1, COM1:2","usage":{"post":"POST /api/com/light","bodyOn":{"state":"on","brightness":"100"},"bodyOff":{"state":"off"},"note":"brightness применяется только к подключённым COM (readyDevices)"}}
2026-07-11 18:04:32.740 [Warning] LightServer.Services.LightControlService: SerialLight:DisableSdkLock=true — SDK/COM без lock (эксперимент, возможны гонки и сбои)
2026-07-11 18:04:33.429 [Information] LightServer.Logging.HttpExchangeLoggingMiddleware: HTTP POST /api/camera-flash/pair => 400
  >> Request: {"cameraNumber":1,"leftPower":204,"rightPower":204}
  << Response: {"success":false,"cameraNumber":1,"deviceId":"mv-le-1","route":"network","ipAddress":"192.168.1.103","channels":[1,2],"brightness":[204,204],"error":"Устройство не найдено по ipAddress='192.168.1.103'."}
2026-07-11 18:04:34.102 [Information] LightServer.Logging.HttpExchangeLoggingMiddleware: HTTP POST /api/camera-flash/pair => 400
  >> Request: {"cameraNumber":2,"leftPower":204,"rightPower":204}
  << Response: {"success":false,"cameraNumber":2,"deviceId":"mv-le-1","route":"network","ipAddress":"192.168.1.103","channels":[3,4],"brightness":[204,204],"error":"Устройство не найдено по ipAddress='192.168.1.103'."}
2026-07-11 18:04:34.769 [Information] LightServer.Logging.HttpExchangeLoggingMiddleware: HTTP POST /api/camera-flash/pair => 400
  >> Request: {"cameraNumber":3,"leftPower":204,"rightPower":204}
  << Response: {"success":false,"cameraNumber":3,"deviceId":"mv-le-2","route":"network","ipAddress":"192.168.1.9","channels":[1,2],"brightness":[204,204],"error":"Устройство не найдено по ipAddress='192.168.1.9'."}
2026-07-11 18:04:35.438 [Information] LightServer.Logging.HttpExchangeLoggingMiddleware: HTTP POST /api/camera-flash/pair => 400
  >> Request: {"cameraNumber":4,"leftPower":204,"rightPower":204}
  << Response: {"success":false,"cameraNumber":4,"deviceId":"mv-le-2","route":"network","ipAddress":"192.168.1.9","channels":[3,4],"brightness":[204,204],"error":"Устройство не найдено по ipAddress='192.168.1.9'."}
2026-07-11 18:04:36.101 [Information] LightServer.Logging.HttpExchangeLoggingMiddleware: HTTP POST /api/camera-flash/pair => 400
  >> Request: {"cameraNumber":5,"leftPower":204,"rightPower":204}
  << Response: {"success":false,"cameraNumber":5,"deviceId":"mv-le-3","route":"network","ipAddress":"192.168.1.100","channels":[1,2],"brightness":[204,204],"error":"Устройство не найдено по ipAddress='192.168.1.100'."}
2026-07-11 18:04:36.768 [Information] LightServer.Logging.HttpExchangeLoggingMiddleware: HTTP POST /api/camera-flash/pair => 400
  >> Request: {"cameraNumber":6,"leftPower":204,"rightPower":204}
  << Response: {"success":false,"cameraNumber":6,"deviceId":"mv-le-3","route":"network","ipAddress":"192.168.1.100","channels":[3,4],"brightness":[204,204],"error":"Устройство не найдено по ipAddress='192.168.1.100'."}
2026-07-11 18:04:37.515 [Information] LightServer.Logging.HttpExchangeLoggingMiddleware: HTTP POST /api/camera-flash/pair => 200
  >> Request: {"cameraNumber":7,"leftPower":204,"rightPower":204}
  << Response: {"success":true,"cameraNumber":7,"deviceId":"mv-le-4","route":"network","ipAddress":"169.254.220.1","deviceIndex":3,"channels":[1,2],"brightness":[204,204]}
2026-07-11 18:04:38.238 [Information] LightServer.Logging.HttpExchangeLoggingMiddleware: HTTP POST /api/camera-flash/pair => 200
  >> Request: {"cameraNumber":8,"leftPower":204,"rightPower":204}
  << Response: {"success":true,"cameraNumber":8,"deviceId":"mv-le-4","route":"network","ipAddress":"169.254.220.1","deviceIndex":5,"channels":[3,4],"brightness":[204,204]}
2026-07-11 18:04:38.333 [Information] LightServer.Logging.HttpExchangeLoggingMiddleware: HTTP POST /api/camera-flash/single => 400
  >> Request: {"cameraNumber":9,"power":204}
  << Response: {"success":false,"cameraNumber":9,"deviceId":"com1","route":"com","comPort":"COM1","channels":[1],"brightness":[204],"error":"На COM_Port#COM1 ничего не найдено после SetEnumSerialPorts. Закройте MVS Client и повторите."}
2026-07-11 18:04:38.335 [Information] LightServer.Logging.HttpExchangeLoggingMiddleware: HTTP POST /api/camera-flash/single => 400
  >> Request: {"cameraNumber":10,"power":204}
  << Response: {"success":false,"cameraNumber":10,"deviceId":"com1","route":"com","comPort":"COM1","channels":[2],"brightness":[204],"error":"На COM_Port#COM1 ничего не найдено после SetEnumSerialPorts. Закройте MVS Client и повторите."}
2026-07-11 18:05:35.585 [Information] Microsoft.Hosting.Lifetime: Application is shutting down...
