--- LightServer log started 2026-06-26 14:07:49 ---
2026-06-26 14:07:49.655 [Information] LightServer: Content root: D:\visionGay\defect-detector-v3\LightServer.v3\bin\Release\net10.0\, ComLightDevices: 3, файл лога: D:\visionGay\defect-detector-v3\LightServer.v3\logs\2026-06-26_14-07-49.log
2026-06-26 14:07:49.761 [Information] Microsoft.Hosting.Lifetime: Now listening on: http://127.0.0.1:5080
2026-06-26 14:07:49.761 [Information] Microsoft.Hosting.Lifetime: Application started. Press Ctrl+C to shut down.
2026-06-26 14:07:49.761 [Information] Microsoft.Hosting.Lifetime: Hosting environment: Production
2026-06-26 14:07:49.762 [Information] Microsoft.Hosting.Lifetime: Content root path: D:\visionGay\defect-detector-v3\LightServer.v3\bin\Release\net10.0\
2026-06-26 14:07:57.611 [Information] LightServer.Logging.HttpExchangeLoggingMiddleware: HTTP GET /api/com/light => 200
  >> Request: (empty)
  << Response: {"initialized":false,"devices":[{"comPort":"COM1","channels":[1,2]},{"comPort":"COM2","channels":[1,2,3,4]},{"comPort":"COM3","channels":[1,2,3,4]}],"usage":{"post":"POST /api/com/light","bodyOn":{"state":"on","brightness":"100"},"bodyOff":{"state":"off"}}}
2026-06-26 14:07:58.028 [Information] LightServer.Logging.HttpExchangeLoggingMiddleware: HTTP GET /api/com/light => 200
  >> Request: (empty)
  << Response: {"initialized":false,"devices":[{"comPort":"COM1","channels":[1,2]},{"comPort":"COM2","channels":[1,2,3,4]},{"comPort":"COM3","channels":[1,2,3,4]}],"usage":{"post":"POST /api/com/light","bodyOn":{"state":"on","brightness":"100"},"bodyOff":{"state":"off"}}}
2026-06-26 14:07:58.283 [Information] LightServer.Services.ComLightIsolatedBank: IsolatedBank: EnumDevices count=2, map=[COM2:0, COM3:1]
2026-06-26 14:07:58.286 [Error] LightServer.Services.ComLightIsolatedBank: IsolatedBank: COM1 не найден в EnumDevices. Видно: [MV-LE200-48W24-2D @ COM2 (DA8782414); MV-VC3704H-128G60 @ COM3 (DA8813549)]
2026-06-26 14:07:58.286 [Error] LightServer.Services.ComLightBankService: ComLightBank: инициализация не удалась: COM1 не найден в EnumDevices. Видно: [MV-LE200-48W24-2D @ COM2 (DA8782414); MV-VC3704H-128G60 @ COM3 (DA8813549)]
2026-06-26 14:07:58.439 [Information] LightServer.Logging.HttpExchangeLoggingMiddleware: HTTP GET /api/com/light => 200
  >> Request: (empty)
  << Response: {"initialized":false,"devices":[{"comPort":"COM1","channels":[1,2]},{"comPort":"COM2","channels":[1,2,3,4]},{"comPort":"COM3","channels":[1,2,3,4]}],"usage":{"post":"POST /api/com/light","bodyOn":{"state":"on","brightness":"100"},"bodyOff":{"state":"off"}}}
2026-06-26 14:07:58.848 [Information] LightServer.Logging.HttpExchangeLoggingMiddleware: HTTP GET /api/com/light => 200
  >> Request: (empty)
  << Response: {"initialized":false,"devices":[{"comPort":"COM1","channels":[1,2]},{"comPort":"COM2","channels":[1,2,3,4]},{"comPort":"COM3","channels":[1,2,3,4]}],"usage":{"post":"POST /api/com/light","bodyOn":{"state":"on","brightness":"100"},"bodyOff":{"state":"off"}}}
2026-06-26 14:07:59.260 [Information] LightServer.Logging.HttpExchangeLoggingMiddleware: HTTP GET /api/com/light => 200
  >> Request: (empty)
  << Response: {"initialized":false,"devices":[{"comPort":"COM1","channels":[1,2]},{"comPort":"COM2","channels":[1,2,3,4]},{"comPort":"COM3","channels":[1,2,3,4]}],"usage":{"post":"POST /api/com/light","bodyOn":{"state":"on","brightness":"100"},"bodyOff":{"state":"off"}}}
2026-06-26 14:07:59.673 [Information] LightServer.Logging.HttpExchangeLoggingMiddleware: HTTP GET /api/com/light => 200
  >> Request: (empty)
  << Response: {"initialized":false,"devices":[{"comPort":"COM1","channels":[1,2]},{"comPort":"COM2","channels":[1,2,3,4]},{"comPort":"COM3","channels":[1,2,3,4]}],"usage":{"post":"POST /api/com/light","bodyOn":{"state":"on","brightness":"100"},"bodyOff":{"state":"off"}}}
2026-06-26 14:08:00.084 [Information] LightServer.Logging.HttpExchangeLoggingMiddleware: HTTP GET /api/com/light => 200
  >> Request: (empty)
  << Response: {"initialized":false,"devices":[{"comPort":"COM1","channels":[1,2]},{"comPort":"COM2","channels":[1,2,3,4]},{"comPort":"COM3","channels":[1,2,3,4]}],"usage":{"post":"POST /api/com/light","bodyOn":{"state":"on","brightness":"100"},"bodyOff":{"state":"off"}}}
2026-06-26 14:08:00.494 [Information] LightServer.Logging.HttpExchangeLoggingMiddleware: HTTP GET /api/com/light => 200
  >> Request: (empty)
  << Response: {"initialized":false,"devices":[{"comPort":"COM1","channels":[1,2]},{"comPort":"COM2","channels":[1,2,3,4]},{"comPort":"COM3","channels":[1,2,3,4]}],"usage":{"post":"POST /api/com/light","bodyOn":{"state":"on","brightness":"100"},"bodyOff":{"state":"off"}}}
2026-06-26 14:08:00.905 [Information] LightServer.Logging.HttpExchangeLoggingMiddleware: HTTP GET /api/com/light => 200
  >> Request: (empty)
  << Response: {"initialized":false,"devices":[{"comPort":"COM1","channels":[1,2]},{"comPort":"COM2","channels":[1,2,3,4]},{"comPort":"COM3","channels":[1,2,3,4]}],"usage":{"post":"POST /api/com/light","bodyOn":{"state":"on","brightness":"100"},"bodyOff":{"state":"off"}}}
2026-06-26 14:08:01.317 [Information] LightServer.Logging.HttpExchangeLoggingMiddleware: HTTP GET /api/com/light => 200
  >> Request: (empty)
  << Response: {"initialized":false,"devices":[{"comPort":"COM1","channels":[1,2]},{"comPort":"COM2","channels":[1,2,3,4]},{"comPort":"COM3","channels":[1,2,3,4]}],"usage":{"post":"POST /api/com/light","bodyOn":{"state":"on","brightness":"100"},"bodyOff":{"state":"off"}}}
2026-06-26 14:08:01.728 [Information] LightServer.Logging.HttpExchangeLoggingMiddleware: HTTP GET /api/com/light => 200
  >> Request: (empty)
  << Response: {"initialized":false,"devices":[{"comPort":"COM1","channels":[1,2]},{"comPort":"COM2","channels":[1,2,3,4]},{"comPort":"COM3","channels":[1,2,3,4]}],"usage":{"post":"POST /api/com/light","bodyOn":{"state":"on","brightness":"100"},"bodyOff":{"state":"off"}}}
2026-06-26 14:08:02.140 [Information] LightServer.Logging.HttpExchangeLoggingMiddleware: HTTP GET /api/com/light => 200
  >> Request: (empty)
  << Response: {"initialized":false,"devices":[{"comPort":"COM1","channels":[1,2]},{"comPort":"COM2","channels":[1,2,3,4]},{"comPort":"COM3","channels":[1,2,3,4]}],"usage":{"post":"POST /api/com/light","bodyOn":{"state":"on","brightness":"100"},"bodyOff":{"state":"off"}}}
2026-06-26 14:08:02.550 [Information] LightServer.Logging.HttpExchangeLoggingMiddleware: HTTP GET /api/com/light => 200
  >> Request: (empty)
  << Response: {"initialized":false,"devices":[{"comPort":"COM1","channels":[1,2]},{"comPort":"COM2","channels":[1,2,3,4]},{"comPort":"COM3","channels":[1,2,3,4]}],"usage":{"post":"POST /api/com/light","bodyOn":{"state":"on","brightness":"100"},"bodyOff":{"state":"off"}}}
2026-06-26 14:08:02.961 [Information] LightServer.Logging.HttpExchangeLoggingMiddleware: HTTP GET /api/com/light => 200
  >> Request: (empty)
  << Response: {"initialized":false,"devices":[{"comPort":"COM1","channels":[1,2]},{"comPort":"COM2","channels":[1,2,3,4]},{"comPort":"COM3","channels":[1,2,3,4]}],"usage":{"post":"POST /api/com/light","bodyOn":{"state":"on","brightness":"100"},"bodyOff":{"state":"off"}}}
2026-06-26 14:08:03.374 [Information] LightServer.Logging.HttpExchangeLoggingMiddleware: HTTP GET /api/com/light => 200
  >> Request: (empty)
  << Response: {"initialized":false,"devices":[{"comPort":"COM1","channels":[1,2]},{"comPort":"COM2","channels":[1,2,3,4]},{"comPort":"COM3","channels":[1,2,3,4]}],"usage":{"post":"POST /api/com/light","bodyOn":{"state":"on","brightness":"100"},"bodyOff":{"state":"off"}}}
2026-06-26 14:08:03.783 [Information] LightServer.Logging.HttpExchangeLoggingMiddleware: HTTP GET /api/com/light => 200
  >> Request: (empty)
  << Response: {"initialized":false,"devices":[{"comPort":"COM1","channels":[1,2]},{"comPort":"COM2","channels":[1,2,3,4]},{"comPort":"COM3","channels":[1,2,3,4]}],"usage":{"post":"POST /api/com/light","bodyOn":{"state":"on","brightness":"100"},"bodyOff":{"state":"off"}}}
2026-06-26 14:08:04.198 [Information] LightServer.Logging.HttpExchangeLoggingMiddleware: HTTP GET /api/com/light => 200
  >> Request: (empty)
  << Response: {"initialized":false,"devices":[{"comPort":"COM1","channels":[1,2]},{"comPort":"COM2","channels":[1,2,3,4]},{"comPort":"COM3","channels":[1,2,3,4]}],"usage":{"post":"POST /api/com/light","bodyOn":{"state":"on","brightness":"100"},"bodyOff":{"state":"off"}}}
2026-06-26 14:08:04.611 [Information] LightServer.Logging.HttpExchangeLoggingMiddleware: HTTP GET /api/com/light => 200
  >> Request: (empty)
  << Response: {"initialized":false,"devices":[{"comPort":"COM1","channels":[1,2]},{"comPort":"COM2","channels":[1,2,3,4]},{"comPort":"COM3","channels":[1,2,3,4]}],"usage":{"post":"POST /api/com/light","bodyOn":{"state":"on","brightness":"100"},"bodyOff":{"state":"off"}}}
2026-06-26 14:08:05.014 [Information] LightServer.Logging.HttpExchangeLoggingMiddleware: HTTP GET /api/com/light => 200
  >> Request: (empty)
  << Response: {"initialized":false,"devices":[{"comPort":"COM1","channels":[1,2]},{"comPort":"COM2","channels":[1,2,3,4]},{"comPort":"COM3","channels":[1,2,3,4]}],"usage":{"post":"POST /api/com/light","bodyOn":{"state":"on","brightness":"100"},"bodyOff":{"state":"off"}}}
2026-06-26 14:08:05.425 [Information] LightServer.Logging.HttpExchangeLoggingMiddleware: HTTP GET /api/com/light => 200
  >> Request: (empty)
  << Response: {"initialized":false,"devices":[{"comPort":"COM1","channels":[1,2]},{"comPort":"COM2","channels":[1,2,3,4]},{"comPort":"COM3","channels":[1,2,3,4]}],"usage":{"post":"POST /api/com/light","bodyOn":{"state":"on","brightness":"100"},"bodyOff":{"state":"off"}}}
2026-06-26 14:08:05.834 [Information] LightServer.Logging.HttpExchangeLoggingMiddleware: HTTP GET /api/com/light => 200
  >> Request: (empty)
  << Response: {"initialized":false,"devices":[{"comPort":"COM1","channels":[1,2]},{"comPort":"COM2","channels":[1,2,3,4]},{"comPort":"COM3","channels":[1,2,3,4]}],"usage":{"post":"POST /api/com/light","bodyOn":{"state":"on","brightness":"100"},"bodyOff":{"state":"off"}}}
2026-06-26 14:08:06.244 [Information] LightServer.Logging.HttpExchangeLoggingMiddleware: HTTP GET /api/com/light => 200
  >> Request: (empty)
  << Response: {"initialized":false,"devices":[{"comPort":"COM1","channels":[1,2]},{"comPort":"COM2","channels":[1,2,3,4]},{"comPort":"COM3","channels":[1,2,3,4]}],"usage":{"post":"POST /api/com/light","bodyOn":{"state":"on","brightness":"100"},"bodyOff":{"state":"off"}}}
2026-06-26 14:08:06.658 [Information] LightServer.Logging.HttpExchangeLoggingMiddleware: HTTP GET /api/com/light => 200
  >> Request: (empty)
  << Response: {"initialized":false,"devices":[{"comPort":"COM1","channels":[1,2]},{"comPort":"COM2","channels":[1,2,3,4]},{"comPort":"COM3","channels":[1,2,3,4]}],"usage":{"post":"POST /api/com/light","bodyOn":{"state":"on","brightness":"100"},"bodyOff":{"state":"off"}}}
2026-06-26 14:08:07.069 [Information] LightServer.Logging.HttpExchangeLoggingMiddleware: HTTP GET /api/com/light => 200
  >> Request: (empty)
  << Response: {"initialized":false,"devices":[{"comPort":"COM1","channels":[1,2]},{"comPort":"COM2","channels":[1,2,3,4]},{"comPort":"COM3","channels":[1,2,3,4]}],"usage":{"post":"POST /api/com/light","bodyOn":{"state":"on","brightness":"100"},"bodyOff":{"state":"off"}}}
2026-06-26 14:08:07.482 [Information] LightServer.Logging.HttpExchangeLoggingMiddleware: HTTP GET /api/com/light => 200
  >> Request: (empty)
  << Response: {"initialized":false,"devices":[{"comPort":"COM1","channels":[1,2]},{"comPort":"COM2","channels":[1,2,3,4]},{"comPort":"COM3","channels":[1,2,3,4]}],"usage":{"post":"POST /api/com/light","bodyOn":{"state":"on","brightness":"100"},"bodyOff":{"state":"off"}}}
2026-06-26 14:08:07.891 [Information] LightServer.Logging.HttpExchangeLoggingMiddleware: HTTP GET /api/com/light => 200
  >> Request: (empty)
  << Response: {"initialized":false,"devices":[{"comPort":"COM1","channels":[1,2]},{"comPort":"COM2","channels":[1,2,3,4]},{"comPort":"COM3","channels":[1,2,3,4]}],"usage":{"post":"POST /api/com/light","bodyOn":{"state":"on","brightness":"100"},"bodyOff":{"state":"off"}}}
2026-06-26 14:08:08.303 [Information] LightServer.Logging.HttpExchangeLoggingMiddleware: HTTP GET /api/com/light => 200
  >> Request: (empty)
  << Response: {"initialized":false,"devices":[{"comPort":"COM1","channels":[1,2]},{"comPort":"COM2","channels":[1,2,3,4]},{"comPort":"COM3","channels":[1,2,3,4]}],"usage":{"post":"POST /api/com/light","bodyOn":{"state":"on","brightness":"100"},"bodyOff":{"state":"off"}}}
2026-06-26 14:08:08.714 [Information] LightServer.Logging.HttpExchangeLoggingMiddleware: HTTP GET /api/com/light => 200
  >> Request: (empty)
  << Response: {"initialized":false,"devices":[{"comPort":"COM1","channels":[1,2]},{"comPort":"COM2","channels":[1,2,3,4]},{"comPort":"COM3","channels":[1,2,3,4]}],"usage":{"post":"POST /api/com/light","bodyOn":{"state":"on","brightness":"100"},"bodyOff":{"state":"off"}}}
2026-06-26 14:08:09.127 [Information] LightServer.Logging.HttpExchangeLoggingMiddleware: HTTP GET /api/com/light => 200
  >> Request: (empty)
  << Response: {"initialized":false,"devices":[{"comPort":"COM1","channels":[1,2]},{"comPort":"COM2","channels":[1,2,3,4]},{"comPort":"COM3","channels":[1,2,3,4]}],"usage":{"post":"POST /api/com/light","bodyOn":{"state":"on","brightness":"100"},"bodyOff":{"state":"off"}}}
2026-06-26 14:08:09.540 [Information] LightServer.Logging.HttpExchangeLoggingMiddleware: HTTP GET /api/com/light => 200
  >> Request: (empty)
  << Response: {"initialized":false,"devices":[{"comPort":"COM1","channels":[1,2]},{"comPort":"COM2","channels":[1,2,3,4]},{"comPort":"COM3","channels":[1,2,3,4]}],"usage":{"post":"POST /api/com/light","bodyOn":{"state":"on","brightness":"100"},"bodyOff":{"state":"off"}}}
2026-06-26 14:08:09.951 [Information] LightServer.Logging.HttpExchangeLoggingMiddleware: HTTP GET /api/com/light => 200
  >> Request: (empty)
  << Response: {"initialized":false,"devices":[{"comPort":"COM1","channels":[1,2]},{"comPort":"COM2","channels":[1,2,3,4]},{"comPort":"COM3","channels":[1,2,3,4]}],"usage":{"post":"POST /api/com/light","bodyOn":{"state":"on","brightness":"100"},"bodyOff":{"state":"off"}}}
2026-06-26 14:08:10.363 [Information] LightServer.Logging.HttpExchangeLoggingMiddleware: HTTP GET /api/com/light => 200
  >> Request: (empty)
  << Response: {"initialized":false,"devices":[{"comPort":"COM1","channels":[1,2]},{"comPort":"COM2","channels":[1,2,3,4]},{"comPort":"COM3","channels":[1,2,3,4]}],"usage":{"post":"POST /api/com/light","bodyOn":{"state":"on","brightness":"100"},"bodyOff":{"state":"off"}}}
2026-06-26 14:08:10.774 [Information] LightServer.Logging.HttpExchangeLoggingMiddleware: HTTP GET /api/com/light => 200
  >> Request: (empty)
  << Response: {"initialized":false,"devices":[{"comPort":"COM1","channels":[1,2]},{"comPort":"COM2","channels":[1,2,3,4]},{"comPort":"COM3","channels":[1,2,3,4]}],"usage":{"post":"POST /api/com/light","bodyOn":{"state":"on","brightness":"100"},"bodyOff":{"state":"off"}}}
2026-06-26 14:08:11.188 [Information] LightServer.Logging.HttpExchangeLoggingMiddleware: HTTP GET /api/com/light => 200
  >> Request: (empty)
  << Response: {"initialized":false,"devices":[{"comPort":"COM1","channels":[1,2]},{"comPort":"COM2","channels":[1,2,3,4]},{"comPort":"COM3","channels":[1,2,3,4]}],"usage":{"post":"POST /api/com/light","bodyOn":{"state":"on","brightness":"100"},"bodyOff":{"state":"off"}}}
2026-06-26 14:08:11.601 [Information] LightServer.Logging.HttpExchangeLoggingMiddleware: HTTP GET /api/com/light => 200
  >> Request: (empty)
  << Response: {"initialized":false,"devices":[{"comPort":"COM1","channels":[1,2]},{"comPort":"COM2","channels":[1,2,3,4]},{"comPort":"COM3","channels":[1,2,3,4]}],"usage":{"post":"POST /api/com/light","bodyOn":{"state":"on","brightness":"100"},"bodyOff":{"state":"off"}}}
2026-06-26 14:08:12.012 [Information] LightServer.Logging.HttpExchangeLoggingMiddleware: HTTP GET /api/com/light => 200
  >> Request: (empty)
  << Response: {"initialized":false,"devices":[{"comPort":"COM1","channels":[1,2]},{"comPort":"COM2","channels":[1,2,3,4]},{"comPort":"COM3","channels":[1,2,3,4]}],"usage":{"post":"POST /api/com/light","bodyOn":{"state":"on","brightness":"100"},"bodyOff":{"state":"off"}}}
2026-06-26 14:08:12.422 [Information] LightServer.Logging.HttpExchangeLoggingMiddleware: HTTP GET /api/com/light => 200
  >> Request: (empty)
  << Response: {"initialized":false,"devices":[{"comPort":"COM1","channels":[1,2]},{"comPort":"COM2","channels":[1,2,3,4]},{"comPort":"COM3","channels":[1,2,3,4]}],"usage":{"post":"POST /api/com/light","bodyOn":{"state":"on","brightness":"100"},"bodyOff":{"state":"off"}}}
2026-06-26 14:08:12.836 [Information] LightServer.Logging.HttpExchangeLoggingMiddleware: HTTP GET /api/com/light => 200
  >> Request: (empty)
  << Response: {"initialized":false,"devices":[{"comPort":"COM1","channels":[1,2]},{"comPort":"COM2","channels":[1,2,3,4]},{"comPort":"COM3","channels":[1,2,3,4]}],"usage":{"post":"POST /api/com/light","bodyOn":{"state":"on","brightness":"100"},"bodyOff":{"state":"off"}}}
2026-06-26 14:08:13.244 [Information] LightServer.Logging.HttpExchangeLoggingMiddleware: HTTP GET /api/com/light => 200
  >> Request: (empty)
  << Response: {"initialized":false,"devices":[{"comPort":"COM1","channels":[1,2]},{"comPort":"COM2","channels":[1,2,3,4]},{"comPort":"COM3","channels":[1,2,3,4]}],"usage":{"post":"POST /api/com/light","bodyOn":{"state":"on","brightness":"100"},"bodyOff":{"state":"off"}}}
2026-06-26 14:08:13.657 [Information] LightServer.Logging.HttpExchangeLoggingMiddleware: HTTP GET /api/com/light => 200
  >> Request: (empty)
  << Response: {"initialized":false,"devices":[{"comPort":"COM1","channels":[1,2]},{"comPort":"COM2","channels":[1,2,3,4]},{"comPort":"COM3","channels":[1,2,3,4]}],"usage":{"post":"POST /api/com/light","bodyOn":{"state":"on","brightness":"100"},"bodyOff":{"state":"off"}}}
2026-06-26 14:08:14.064 [Information] LightServer.Logging.HttpExchangeLoggingMiddleware: HTTP GET /api/com/light => 200
  >> Request: (empty)
  << Response: {"initialized":false,"devices":[{"comPort":"COM1","channels":[1,2]},{"comPort":"COM2","channels":[1,2,3,4]},{"comPort":"COM3","channels":[1,2,3,4]}],"usage":{"post":"POST /api/com/light","bodyOn":{"state":"on","brightness":"100"},"bodyOff":{"state":"off"}}}
2026-06-26 14:08:14.476 [Information] LightServer.Logging.HttpExchangeLoggingMiddleware: HTTP GET /api/com/light => 200
  >> Request: (empty)
  << Response: {"initialized":false,"devices":[{"comPort":"COM1","channels":[1,2]},{"comPort":"COM2","channels":[1,2,3,4]},{"comPort":"COM3","channels":[1,2,3,4]}],"usage":{"post":"POST /api/com/light","bodyOn":{"state":"on","brightness":"100"},"bodyOff":{"state":"off"}}}
2026-06-26 14:08:14.885 [Information] LightServer.Logging.HttpExchangeLoggingMiddleware: HTTP GET /api/com/light => 200
  >> Request: (empty)
  << Response: {"initialized":false,"devices":[{"comPort":"COM1","channels":[1,2]},{"comPort":"COM2","channels":[1,2,3,4]},{"comPort":"COM3","channels":[1,2,3,4]}],"usage":{"post":"POST /api/com/light","bodyOn":{"state":"on","brightness":"100"},"bodyOff":{"state":"off"}}}
2026-06-26 14:08:15.295 [Information] LightServer.Logging.HttpExchangeLoggingMiddleware: HTTP GET /api/com/light => 200
  >> Request: (empty)
  << Response: {"initialized":false,"devices":[{"comPort":"COM1","channels":[1,2]},{"comPort":"COM2","channels":[1,2,3,4]},{"comPort":"COM3","channels":[1,2,3,4]}],"usage":{"post":"POST /api/com/light","bodyOn":{"state":"on","brightness":"100"},"bodyOff":{"state":"off"}}}
2026-06-26 14:08:15.707 [Information] LightServer.Logging.HttpExchangeLoggingMiddleware: HTTP GET /api/com/light => 200
  >> Request: (empty)
  << Response: {"initialized":false,"devices":[{"comPort":"COM1","channels":[1,2]},{"comPort":"COM2","channels":[1,2,3,4]},{"comPort":"COM3","channels":[1,2,3,4]}],"usage":{"post":"POST /api/com/light","bodyOn":{"state":"on","brightness":"100"},"bodyOff":{"state":"off"}}}
2026-06-26 14:08:16.115 [Information] LightServer.Logging.HttpExchangeLoggingMiddleware: HTTP GET /api/com/light => 200
  >> Request: (empty)
  << Response: {"initialized":false,"devices":[{"comPort":"COM1","channels":[1,2]},{"comPort":"COM2","channels":[1,2,3,4]},{"comPort":"COM3","channels":[1,2,3,4]}],"usage":{"post":"POST /api/com/light","bodyOn":{"state":"on","brightness":"100"},"bodyOff":{"state":"off"}}}
2026-06-26 14:08:16.524 [Information] LightServer.Logging.HttpExchangeLoggingMiddleware: HTTP GET /api/com/light => 200
  >> Request: (empty)
  << Response: {"initialized":false,"devices":[{"comPort":"COM1","channels":[1,2]},{"comPort":"COM2","channels":[1,2,3,4]},{"comPort":"COM3","channels":[1,2,3,4]}],"usage":{"post":"POST /api/com/light","bodyOn":{"state":"on","brightness":"100"},"bodyOff":{"state":"off"}}}
2026-06-26 14:08:16.939 [Information] LightServer.Logging.HttpExchangeLoggingMiddleware: HTTP GET /api/com/light => 200
  >> Request: (empty)
  << Response: {"initialized":false,"devices":[{"comPort":"COM1","channels":[1,2]},{"comPort":"COM2","channels":[1,2,3,4]},{"comPort":"COM3","channels":[1,2,3,4]}],"usage":{"post":"POST /api/com/light","bodyOn":{"state":"on","brightness":"100"},"bodyOff":{"state":"off"}}}
2026-06-26 14:08:17.350 [Information] LightServer.Logging.HttpExchangeLoggingMiddleware: HTTP GET /api/com/light => 200
  >> Request: (empty)
  << Response: {"initialized":false,"devices":[{"comPort":"COM1","channels":[1,2]},{"comPort":"COM2","channels":[1,2,3,4]},{"comPort":"COM3","channels":[1,2,3,4]}],"usage":{"post":"POST /api/com/light","bodyOn":{"state":"on","brightness":"100"},"bodyOff":{"state":"off"}}}
2026-06-26 14:08:24.591 [Information] LightServer.Services.ComLightIsolatedBank: IsolatedBank: EnumDevices count=2, map=[COM2:0, COM3:1]
2026-06-26 14:08:24.593 [Error] LightServer.Services.ComLightIsolatedBank: IsolatedBank: COM1 не найден в EnumDevices. Видно: [MV-LE200-48W24-2D @ COM2 (DA8782414); MV-VC3704H-128G60 @ COM3 (DA8813549)]
2026-06-26 14:08:24.593 [Error] LightServer.Services.ComLightBankService: ComLightBank: инициализация не удалась: COM1 не найден в EnumDevices. Видно: [MV-LE200-48W24-2D @ COM2 (DA8782414); MV-VC3704H-128G60 @ COM3 (DA8813549)]
2026-06-26 14:08:24.595 [Information] LightServer.Logging.HttpExchangeLoggingMiddleware: HTTP POST /api/com/light => 400
  >> Request: {"state":"Off"}
  << Response: {"success":false,"message":null,"error":"COM1 не найден в EnumDevices. Видно: [MV-LE200-48W24-2D @ COM2 (DA8782414); MV-VC3704H-128G60 @ COM3 (DA8813549)]","state":"off","brightness":null,"results":[]}
2026-06-26 14:08:31.657 [Information] LightServer.Services.ComLightIsolatedBank: IsolatedBank: EnumDevices count=2, map=[COM2:0, COM3:1]
2026-06-26 14:08:31.657 [Error] LightServer.Services.ComLightIsolatedBank: IsolatedBank: COM1 не найден в EnumDevices. Видно: [MV-LE200-48W24-2D @ COM2 (DA8782414); MV-VC3704H-128G60 @ COM3 (DA8813549)]
2026-06-26 14:08:31.657 [Error] LightServer.Services.ComLightBankService: ComLightBank: инициализация не удалась: COM1 не найден в EnumDevices. Видно: [MV-LE200-48W24-2D @ COM2 (DA8782414); MV-VC3704H-128G60 @ COM3 (DA8813549)]
2026-06-26 14:08:31.657 [Information] LightServer.Logging.HttpExchangeLoggingMiddleware: HTTP POST /api/com/light => 400
  >> Request: {"state":"Off"}
  << Response: {"success":false,"message":null,"error":"COM1 не найден в EnumDevices. Видно: [MV-LE200-48W24-2D @ COM2 (DA8782414); MV-VC3704H-128G60 @ COM3 (DA8813549)]","state":"off","brightness":null,"results":[]}
